[ 0 3.483658 Chocolate 720p ]
[ 0 3.483658 Chocolate 720p ][ 3 0.955509 James Bond 12 - For Your Eyes Only [1981] ]
