[ 2 5.141403 Dragon Wars   720p ]
[ 0 1.049320 Batman Begins   1080p ][ 2 5.141403 Dragon Wars   720p ]
[ 1 3.865267 Gone In 60 Seconds    1080p ][ 2 5.141403 Dragon Wars   720p ][ 3 8.639098 Elite Squad 1080p ][ 10 1.342860 Hancock    1080p ]
[ 1 3.865267 Gone In 60 Seconds    1080p ][ 2 5.141403 Dragon Wars   720p ][ 3 8.639098 Elite Squad 1080p ][ 5 5.879125 Infernal Affair 1-3   1080p ][ 7 1.479387 American Psycho   720p ][ 12 4.090200 Pirates of Caribbean 1-2-3 Collection   1080p ]
