[ 8 3.545609 1408.2007.720p.BluRay.x264-SiNNERS ]
[ 8 3.545609 1408.2007.720p.BluRay.x264-SiNNERS ][ 9 6.559621 Kingdom of Heaven [2005] [720p] ]
[ 8 3.545609 1408.2007.720p.BluRay.x264-SiNNERS ][ 9 6.559621 Kingdom of Heaven [2005] [720p] ][ 10 4.556199 This Is It [2009] [720p] ][ 13 0.247650 Orphan (2009)    1080p ]
[ 1 8.419049 13.Going.on.30.2004.720p.BluRay.x264-METiS_tehPARADOX.COM ][ 9 6.559621 Kingdom of Heaven [2005] [720p] ][ 10 4.556199 This Is It [2009] [720p] ][ 11 5.307836 Disaster Movie 2008   720p ][ 13 0.247650 Orphan (2009)    1080p ][ 14 9.359769 Burn E [720p] ]
[ 0 5.096969 Die Hard 4   1080p ][ 1 8.419049 13.Going.on.30.2004.720p.BluRay.x264-METiS_tehPARADOX.COM ][ 2 8.960071 Terminator Salvation Director's cut  ( 2009)    1080p ][ 9 6.559621 Kingdom of Heaven [2005] [720p] ][ 10 4.556199 This Is It [2009] [720p] ][ 13 0.247650 Orphan (2009)    1080p ][ 14 9.359769 Burn E [720p] ][ 18 0.752585 The Mummy Tomb Of The Dragon Emperor   720p ][ 21 3.314330 Street Kings   720p ]
