[ 9 6.761053 James Bond 18 - Tommorow Never Dies [1997] [720p] ]
[ 4 4.845748 Oceans.Eleven.2001.720p.HDDVD.x264-SiNNERS ][ 20 1.753484 Terminator 3 Rise Of The Machine [2003]   720p ]
[ 4 4.845748 Oceans.Eleven.2001.720p.HDDVD.x264-SiNNERS ][ 6 5.199637 La Lingerie [BluRay] [720p] [DTS] ][ 20 1.753484 Terminator 3 Rise Of The Machine [2003]   720p ][ 21 6.328435 Apocalypto   720p ]
[ 0 2.892372 Bugs.A.Rainforest.Adventure.3D.HD.DVD.REMUX.1080p.VC-1-SEBUL ][ 3 0.400278 contents.txt ][ 6 5.199637 La Lingerie [BluRay] [720p] [DTS] ][ 20 1.753484 Terminator 3 Rise Of The Machine [2003]   720p ][ 21 6.328435 Apocalypto   720p ][ 24 1.502154 contents.txt ]
[ 0 2.892372 Bugs.A.Rainforest.Adventure.3D.HD.DVD.REMUX.1080p.VC-1-SEBUL ][ 3 0.400278 contents.txt ][ 6 5.199637 La Lingerie [BluRay] [720p] [DTS] ][ 10 1.464709 Land Of the Lost   720p ][ 20 1.753484 Terminator 3 Rise Of The Machine [2003]   720p ][ 21 6.328435 Apocalypto   720p ][ 23 4.718281 Saving Private Ryan 720p ][ 24 1.502154 contents.txt ][ 25 7.639679 iRobot  720p ]
[ 0 2.892372 Bugs.A.Rainforest.Adventure.3D.HD.DVD.REMUX.1080p.VC-1-SEBUL ][ 1 3.205447 The.Escape.2009.1080p.BluRay.x264-BestHD ][ 3 0.400278 contents.txt ][ 6 5.199637 La Lingerie [BluRay] [720p] [DTS] ][ 10 1.464709 Land Of the Lost   720p ][ 19 4.147032 007 The Man With the Golden Gun [1974] [BluRay] [720p] [DTS] ][ 20 1.753484 Terminator 3 Rise Of The Machine [2003]   720p ][ 21 6.328435 Apocalypto   720p ][ 24 1.502154 contents.txt ][ 25 7.639679 iRobot  720p ][ 27 6.353611 The.Shawshank.Redemption.1994.1080p.BluRay.x264-CiNEFiLE ][ 31 2.318892 Night Train   720p ]
[ 0 2.892372 Bugs.A.Rainforest.Adventure.3D.HD.DVD.REMUX.1080p.VC-1-SEBUL ][ 1 3.205447 The.Escape.2009.1080p.BluRay.x264-BestHD ][ 6 5.199637 La Lingerie [BluRay] [720p] [DTS] ][ 10 1.464709 Land Of the Lost   720p ][ 14 5.433850 Terminator Salvation Director's cut  ( 2009)    1080p ][ 19 4.147032 007 The Man With the Golden Gun [1974] [BluRay] [720p] [DTS] ][ 21 6.328435 Apocalypto   720p ][ 24 1.502154 contents.txt ][ 25 7.639679 iRobot  720p ][ 27 6.353611 The.Shawshank.Redemption.1994.1080p.BluRay.x264-CiNEFiLE ][ 29 5.518231 Resident Evil Series    1080p ][ 31 2.318892 Night Train   720p ][ 32 0.442143 Battle for Terra [2007] [1080p] ][ 33 6.961686 The Bank Job [720p] ][ 34 2.222172 Lion King, The 720p ][ 43 6.022127 Harry Potter Collection    720p ]
[ 0 2.892372 Bugs.A.Rainforest.Adventure.3D.HD.DVD.REMUX.1080p.VC-1-SEBUL ][ 1 3.205447 The.Escape.2009.1080p.BluRay.x264-BestHD ][ 10 1.464709 Land Of the Lost   720p ][ 13 7.373203 Monster Inc [2001] [720p] ][ 14 5.433850 Terminator Salvation Director's cut  ( 2009)    1080p ][ 15 0.353136 The.X.Files.Fight.The.Future.1998.720p.BluRay.x264-SiNNERS ][ 19 4.147032 007 The Man With the Golden Gun [1974] [BluRay] [720p] [DTS] ][ 21 6.328435 Apocalypto   720p ][ 24 1.502154 contents.txt ][ 27 6.353611 The.Shawshank.Redemption.1994.1080p.BluRay.x264-CiNEFiLE ][ 28 9.921403 Home Alone 1 & 2   720p ][ 29 5.518231 Resident Evil Series    1080p ][ 31 2.318892 Night Train   720p ][ 32 0.442143 Battle for Terra [2007] [1080p] ][ 33 6.961686 The Bank Job [720p] ][ 34 2.222172 Lion King, The 720p ][ 38 6.068813 In The Electrical Mist   720p ][ 39 0.365378 Around The World In 80 Days [2004] [720p] ][ 41 5.271872 Wanted   1080p ][ 43 6.022127 Harry Potter Collection    720p ]
