[ 18 1.475254 Bugs.A.Rainforest.Adventure.3D.HD.DVD.REMUX.1080p.VC-1-SEBUL ]
[ 7 8.643580 Pinocchio [1940] [720p] ][ 18 1.475254 Bugs.A.Rainforest.Adventure.3D.HD.DVD.REMUX.1080p.VC-1-SEBUL ]
[ 0 4.264240 The Matrix [1999] [1080p] ][ 7 8.643580 Pinocchio [1940] [720p] ][ 18 1.475254 Bugs.A.Rainforest.Adventure.3D.HD.DVD.REMUX.1080p.VC-1-SEBUL ][ 20 7.399000 James Bond 12 - For Your Eyes Only [1981] ]
[ 7 8.643580 Pinocchio [1940] [720p] ][ 13 5.836945 The Chronicle of Riddick 720p ][ 17 8.305952 Danny the Dog   1080p ][ 19 2.110111 Toy.Story.2.HD.720p.Hebrew.Dubbed.Also.English.x264-ALiS_20 ][ 20 7.399000 James Bond 12 - For Your Eyes Only [1981] ][ 30 7.460994 Juno 2007 720p ]
[ 2 3.238601 Chocolate 720p ][ 6 7.438647 Pursuit_Of_Happyness[2006]   720p ][ 13 5.836945 The Chronicle of Riddick 720p ][ 17 8.305952 Danny the Dog   1080p ][ 19 2.110111 Toy.Story.2.HD.720p.Hebrew.Dubbed.Also.English.x264-ALiS_20 ][ 20 7.399000 James Bond 12 - For Your Eyes Only [1981] ][ 23 1.543418 Crossing Over 720P ][ 25 4.409041 A.Beautiful.Mind.2001.720p.HDTV.x264-S26 ][ 32 1.037735 Fight.Club.1999.720p.BluRay.DTS-ES.x264-DON ]
[ 2 3.238601 Chocolate 720p ][ 6 7.438647 Pursuit_Of_Happyness[2006]   720p ][ 8 9.838966 Basic Instinct 720p ][ 13 5.836945 The Chronicle of Riddick 720p ][ 16 0.180553 Dante's Peak   1080p ][ 17 8.305952 Danny the Dog   1080p ][ 19 2.110111 Toy.Story.2.HD.720p.Hebrew.Dubbed.Also.English.x264-ALiS_20 ][ 20 7.399000 James Bond 12 - For Your Eyes Only [1981] ][ 21 7.653940 Moulin Rouge   720p ][ 23 1.543418 Crossing Over 720P ][ 25 4.409041 A.Beautiful.Mind.2001.720p.HDTV.x264-S26 ][ 32 1.037735 Fight.Club.1999.720p.BluRay.DTS-ES.x264-DON ]
[ 6 7.438647 Pursuit_Of_Happyness[2006]   720p ][ 8 9.838966 Basic Instinct 720p ][ 12 0.017533 Diary.Of.A.Sex.Addict.2008.720p.BluRay.x264-FLHD ][ 13 5.836945 The Chronicle of Riddick 720p ][ 16 0.180553 Dante's Peak   1080p ][ 17 8.305952 Danny the Dog   1080p ][ 19 2.110111 Toy.Story.2.HD.720p.Hebrew.Dubbed.Also.English.x264-ALiS_20 ][ 20 7.399000 James Bond 12 - For Your Eyes Only [1981] ][ 21 7.653940 Moulin Rouge   720p ][ 22 2.580645 Fantastic Four   1080p ][ 23 1.543418 Crossing Over 720P ][ 26 0.228980 Shark Tale [2004] [1080p] ][ 32 1.037735 Fight.Club.1999.720p.BluRay.DTS-ES.x264-DON ][ 33 4.690767 The Matrix Revolution   1080p ][ 41 3.074539 Die Hard 4   1080p ][ 43 5.028300 Beauty And The Beast    720p ]
[ 6 7.438647 Pursuit_Of_Happyness[2006]   720p ][ 8 9.838966 Basic Instinct 720p ][ 12 0.017533 Diary.Of.A.Sex.Addict.2008.720p.BluRay.x264-FLHD ][ 15 1.174994 A Bug's Life [720p] ][ 16 0.180553 Dante's Peak   1080p ][ 17 8.305952 Danny the Dog   1080p ][ 19 2.110111 Toy.Story.2.HD.720p.Hebrew.Dubbed.Also.English.x264-ALiS_20 ][ 20 7.399000 James Bond 12 - For Your Eyes Only [1981] ][ 21 7.653940 Moulin Rouge   720p ][ 22 2.580645 Fantastic Four   1080p ][ 23 1.543418 Crossing Over 720P ][ 27 6.214685 Se7en [720p] ][ 31 9.512360 Invisible.Target.720p.Bluray.x264-SEPTiC ][ 33 4.690767 The Matrix Revolution   1080p ][ 36 5.191903 Die Hard 3   720p ][ 37 1.525550 Stargate.Continuum.2008.1080p.Bluray.DTS.x264-eVIAN ][ 41 3.074539 Die Hard 4   1080p ][ 43 5.028300 Beauty And The Beast    720p ][ 51 6.179252 The.Shawshank.Redemption.1994.1080p.BluRay.x264-CiNEFiLE ][ 53 5.459075 Batman The Dark Knight   720p ]
[ 1 0.320515 Madagascar 2 Escape 2 Africa [2008] [720p] ][ 4 1.435899 Tomb Raider Collection (1-2)    720p ][ 8 9.838966 Basic Instinct 720p ][ 12 0.017533 Diary.Of.A.Sex.Addict.2008.720p.BluRay.x264-FLHD ][ 16 0.180553 Dante's Peak   1080p ][ 17 8.305952 Danny the Dog   1080p ][ 19 2.110111 Toy.Story.2.HD.720p.Hebrew.Dubbed.Also.English.x264-ALiS_20 ][ 20 7.399000 James Bond 12 - For Your Eyes Only [1981] ][ 21 7.653940 Moulin Rouge   720p ][ 22 2.580645 Fantastic Four   1080p ][ 23 1.543418 Crossing Over 720P ][ 31 9.512360 Invisible.Target.720p.Bluray.x264-SEPTiC ][ 33 4.690767 The Matrix Revolution   1080p ][ 36 5.191903 Die Hard 3   720p ][ 37 1.525550 Stargate.Continuum.2008.1080p.Bluray.DTS.x264-eVIAN ][ 38 9.648286 How To Lose Friends & Alienate People   1080p ][ 40 9.409960 Big Buck Bunny [1080p] ][ 41 3.074539 Die Hard 4   1080p ][ 43 5.028300 Beauty And The Beast    720p ][ 45 1.106910 X-Men 2   1080p ][ 51 6.179252 The.Shawshank.Redemption.1994.1080p.BluRay.x264-CiNEFiLE ][ 53 5.459075 Batman The Dark Knight   720p ][ 57 7.480154 Ice Age 2 The Meltdown [2006] [720p] ][ 58 4.539233 Die Hard 3   720p ][ 63 7.115159 Dragonball Evolution [2009] [720p] ]
