[ 24 9.473281 Deep Sea ]
[ 1 7.342722 Pinocchio [1940] [720p] ][ 24 9.473281 Deep Sea ]
[ 18 6.377669 Aladdin [1992] [720p] ][ 22 8.676745 Defiance.1080p ][ 24 9.473281 Deep Sea ][ 25 3.028933 The Italian Job [2003] [720p] ]
[ 4 3.082419 Blood.Diamond.2006.1080p.HDDVD.x264-DEFiNiTE ][ 16 6.430769 Angels & Demons [2009] [1080p] ][ 18 6.377669 Aladdin [1992] [720p] ][ 22 8.676745 Defiance.1080p ][ 24 9.473281 Deep Sea ][ 25 3.028933 The Italian Job [2003] [720p] ]
[ 2 3.679421 Die Hard 4   1080p ][ 4 3.082419 Blood.Diamond.2006.1080p.HDDVD.x264-DEFiNiTE ][ 15 2.196193 Kung Fu Panda Secrets of the Furious Five    720p ][ 18 6.377669 Aladdin [1992] [720p] ][ 22 8.676745 Defiance.1080p ][ 24 9.473281 Deep Sea ][ 25 3.028933 The Italian Job [2003] [720p] ][ 33 3.430290 Breach 1080p ][ 37 2.126083 Burn E [720p] ]
[ 0 9.037816 Constantine 720p ][ 2 3.679421 Die Hard 4   1080p ][ 4 3.082419 Blood.Diamond.2006.1080p.HDDVD.x264-DEFiNiTE ][ 11 3.371664 007.Die Another Day.avi ][ 18 6.377669 Aladdin [1992] [720p] ][ 22 8.676745 Defiance.1080p ][ 23 1.232252 Species   720p ][ 24 9.473281 Deep Sea ][ 25 3.028933 The Italian Job [2003] [720p] ][ 26 1.867013 Bedtime.Stories.720p.BluRay.x264-REFiNED ][ 31 1.300333 Final Destination 3   1080p ][ 33 3.430290 Breach 1080p ]
[ 0 9.037816 Constantine 720p ][ 2 3.679421 Die Hard 4   1080p ][ 4 3.082419 Blood.Diamond.2006.1080p.HDDVD.x264-DEFiNiTE ][ 8 7.344405 Fearless - 720p ][ 11 3.371664 007.Die Another Day.avi ][ 14 1.612918 James Bond 01 - Dr. No [1962] [720p] ][ 18 6.377669 Aladdin [1992] [720p] ][ 20 6.582959 Big Nothing   720p ][ 22 8.676745 Defiance.1080p ][ 23 1.232252 Species   720p ][ 24 9.473281 Deep Sea ][ 25 3.028933 The Italian Job [2003] [720p] ][ 26 1.867013 Bedtime.Stories.720p.BluRay.x264-REFiNED ][ 31 1.300333 Final Destination 3   1080p ][ 32 3.589165 Chocolate 720p ][ 33 3.430290 Breach 1080p ]
[ 0 9.037816 Constantine 720p ][ 2 3.679421 Die Hard 4   1080p ][ 6 5.873466 Chicken Little 1080p ][ 8 7.344405 Fearless - 720p ][ 11 3.371664 007.Die Another Day.avi ][ 17 6.141213 The X Files - I Want To Believe    720p ][ 18 6.377669 Aladdin [1992] [720p] ][ 22 8.676745 Defiance.1080p ][ 23 1.232252 Species   720p ][ 24 9.473281 Deep Sea ][ 25 3.028933 The Italian Job [2003] [720p] ][ 26 1.867013 Bedtime.Stories.720p.BluRay.x264-REFiNED ][ 27 5.809228 Diary.Of.A.Sex.Addict.2008.720p.BluRay.x264-FLHD ][ 31 1.300333 Final Destination 3   1080p ][ 32 3.589165 Chocolate 720p ][ 33 3.430290 Breach 1080p ][ 34 6.475535 Final Destination 4   1080p ][ 48 8.108989 Fifty Dead Men Walking   1080p ][ 57 0.538085 Public Enemies [720p] ][ 59 9.546947 The.Godfather.Part.III.1990.720p.BluRay.x264-SiNNERS_tehPARADOX.COM ]
[ 0 9.037816 Constantine 720p ][ 2 3.679421 Die Hard 4   1080p ][ 6 5.873466 Chicken Little 1080p ][ 8 7.344405 Fearless - 720p ][ 11 3.371664 007.Die Another Day.avi ][ 12 6.600208 contents.txt ][ 17 6.141213 The X Files - I Want To Believe    720p ][ 22 8.676745 Defiance.1080p ][ 23 1.232252 Species   720p ][ 24 9.473281 Deep Sea ][ 25 3.028933 The Italian Job [2003] [720p] ][ 27 5.809228 Diary.Of.A.Sex.Addict.2008.720p.BluRay.x264-FLHD ][ 29 6.340899 Kill Shot   720p ][ 31 1.300333 Final Destination 3   1080p ][ 32 3.589165 Chocolate 720p ][ 33 3.430290 Breach 1080p ][ 34 6.475535 Final Destination 4   1080p ][ 38 9.448016 The Haunting In Connecticut [2009] [720p] ][ 42 4.872623 Twilight [2008]   720p ][ 48 8.108989 Fifty Dead Men Walking   1080p ][ 51 1.591246 Horseman    720p ][ 52 5.122663 Erin Brockovich 2000.720p ][ 54 1.305092 Back to the Future Part I [1985] [BluRay] [720p] [AC3] [EN] ][ 57 0.538085 Public Enemies [720p] ][ 59 9.546947 The.Godfather.Part.III.1990.720p.BluRay.x264-SiNNERS_tehPARADOX.COM ]
