[ 24 0.602742 The X Files - I Want To Believe    720p ]
[ 7 9.538014 Lord Of The Ring  - Return Of The King   720p ][ 21 3.424967 Drag Me To Hell [720p] ]
[ 7 9.538014 Lord Of The Ring  - Return Of The King   720p ][ 8 2.189830 Deep Sea ][ 12 0.710526 SAW I   720p ][ 21 3.424967 Drag Me To Hell [720p] ]
[ 7 9.538014 Lord Of The Ring  - Return Of The King   720p ][ 12 0.710526 SAW I   720p ][ 21 3.424967 Drag Me To Hell [720p] ][ 23 3.217133 Ice Age 1 [2002] [720p] ][ 29 5.033756 Stardust   720p ][ 30 5.053188 The.Shawshank.Redemption.1994.1080p.BluRay.x264-CiNEFiLE ]
[ 7 9.538014 Lord Of The Ring  - Return Of The King   720p ][ 12 0.710526 SAW I   720p ][ 20 6.022834 Bugs.A.Rainforest.Adventure.3D.HD.DVD.REMUX.1080p.VC-1-SEBUL ][ 21 3.424967 Drag Me To Hell [720p] ][ 22 0.005440 Danny the Dog   1080p ][ 23 3.217133 Ice Age 1 [2002] [720p] ][ 26 2.685497 WALL-E.720p.BluRay.x264-iNFAMOUS ][ 29 5.033756 Stardust   720p ][ 30 5.053188 The.Shawshank.Redemption.1994.1080p.BluRay.x264-CiNEFiLE ]
[ 7 9.538014 Lord Of The Ring  - Return Of The King   720p ][ 11 8.208236 Starship Troopers 2  720p ][ 12 0.710526 SAW I   720p ][ 18 0.076079 The Orphan [720] ][ 19 0.835365 The Orphan [720] ][ 20 6.022834 Bugs.A.Rainforest.Adventure.3D.HD.DVD.REMUX.1080p.VC-1-SEBUL ][ 21 3.424967 Drag Me To Hell [720p] ][ 22 0.005440 Danny the Dog   1080p ][ 23 3.217133 Ice Age 1 [2002] [720p] ][ 26 2.685497 WALL-E.720p.BluRay.x264-iNFAMOUS ][ 30 5.053188 The.Shawshank.Redemption.1994.1080p.BluRay.x264-CiNEFiLE ][ 39 4.536402 Pursuit_Of_Happyness[2006]   720p ]
[ 1 7.845460 911 Mysteries Demolition    720p ][ 2 0.968407 Angels & Demons [2009] [1080p] ][ 4 3.399181 X-Men 3   1080p ][ 11 8.208236 Starship Troopers 2  720p ][ 12 0.710526 SAW I   720p ][ 18 0.076079 The Orphan [720] ][ 19 0.835365 The Orphan [720] ][ 20 6.022834 Bugs.A.Rainforest.Adventure.3D.HD.DVD.REMUX.1080p.VC-1-SEBUL ][ 21 3.424967 Drag Me To Hell [720p] ][ 22 0.005440 Danny the Dog   1080p ][ 23 3.217133 Ice Age 1 [2002] [720p] ][ 26 2.685497 WALL-E.720p.BluRay.x264-iNFAMOUS ][ 30 5.053188 The.Shawshank.Redemption.1994.1080p.BluRay.x264-CiNEFiLE ][ 36 8.232703 Madagascar 2 Escape 2 Africa [2008] [720p] ][ 39 4.536402 Pursuit_Of_Happyness[2006]   720p ][ 47 2.736238 Ice Age 1 [2002] [720p] ]
[ 1 7.845460 911 Mysteries Demolition    720p ][ 2 0.968407 Angels & Demons [2009] [1080p] ][ 4 3.399181 X-Men 3   1080p ][ 5 3.606615 Kill Shot   720p ][ 9 0.366572 XxX.2002.BDRiP.720p.AC3.5.1.READnfo.x264-DEFiNiTiON ][ 11 8.208236 Starship Troopers 2  720p ][ 12 0.710526 SAW I   720p ][ 14 9.657084 SAW V ][ 18 0.076079 The Orphan [720] ][ 19 0.835365 The Orphan [720] ][ 20 6.022834 Bugs.A.Rainforest.Adventure.3D.HD.DVD.REMUX.1080p.VC-1-SEBUL ][ 21 3.424967 Drag Me To Hell [720p] ][ 26 2.685497 WALL-E.720p.BluRay.x264-iNFAMOUS ][ 33 5.245987 Banlieue 13 - Ultimatum [720p] ][ 36 8.232703 Madagascar 2 Escape 2 Africa [2008] [720p] ][ 37 3.865847 A Knight's Tale [2001] [720p] ][ 39 4.536402 Pursuit_Of_Happyness[2006]   720p ][ 44 8.210330 Shark Tale [2004] [1080p] ][ 47 2.736238 Ice Age 1 [2002] [720p] ][ 50 8.326659 Incredibles, The 1080p ]
[ 1 7.845460 911 Mysteries Demolition    720p ][ 2 0.968407 Angels & Demons [2009] [1080p] ][ 5 3.606615 Kill Shot   720p ][ 9 0.366572 XxX.2002.BDRiP.720p.AC3.5.1.READnfo.x264-DEFiNiTiON ][ 12 0.710526 SAW I   720p ][ 13 7.933499 Bugs.A.Rainforest.Adventure.3D.HD.DVD.REMUX.1080p.VC-1-SEBUL ][ 14 9.657084 SAW V ][ 18 0.076079 The Orphan [720] ][ 19 0.835365 The Orphan [720] ][ 20 6.022834 Bugs.A.Rainforest.Adventure.3D.HD.DVD.REMUX.1080p.VC-1-SEBUL ][ 21 3.424967 Drag Me To Hell [720p] ][ 26 2.685497 WALL-E.720p.BluRay.x264-iNFAMOUS ][ 28 2.841911 Invisible.Target.720p.Bluray.x264-SEPTiC ][ 31 4.897693 Incredibles, The 1080p ][ 33 5.245987 Banlieue 13 - Ultimatum [720p] ][ 36 8.232703 Madagascar 2 Escape 2 Africa [2008] [720p] ][ 37 3.865847 A Knight's Tale [2001] [720p] ][ 39 4.536402 Pursuit_Of_Happyness[2006]   720p ][ 44 8.210330 Shark Tale [2004] [1080p] ][ 47 2.736238 Ice Age 1 [2002] [720p] ][ 50 8.326659 Incredibles, The 1080p ][ 52 9.351746 Batman The Dark Knight   720p ][ 59 0.322636 Seven Pounds    720p ][ 62 8.286349 Death Race   720p ][ 64 2.791038 Elite Squad 1080p ]
