[ 13 7.031321 Dolphin    720p ]
[ 10 9.631098 Ratatouille [2007] ][ 13 7.031321 Dolphin    720p ]
[ 10 9.631098 Ratatouille [2007] ][ 13 7.031321 Dolphin    720p ][ 14 6.549114 Hitman    720p ][ 28 5.236125 The Butterfly Effect [2004] [720p] ]
[ 13 7.031321 Dolphin    720p ][ 14 6.549114 Hitman    720p ][ 20 9.209619 Once.Upon.a.Time.in.China.1991.720p.BluRay.x264-BestHD ][ 27 0.180357 The Mist   720p ][ 28 5.236125 The Butterfly Effect [2004] [720p] ][ 33 4.388742 Saving Private Ryan 720p ]
[ 5 9.940699 Die Hard 1   720p ][ 9 5.308644 The Butterfly Effect 3 Revelations 720p ][ 14 6.549114 Hitman    720p ][ 20 9.209619 Once.Upon.a.Time.in.China.1991.720p.BluRay.x264-BestHD ][ 24 0.842364 Butterfly on a Wheel.2007   720p ][ 27 0.180357 The Mist   720p ][ 28 5.236125 The Butterfly Effect [2004] [720p] ][ 37 6.536831 Horton Hears a Who! [2008] [720p] ][ 39 4.362417 New York I Love You 720p   720p ]
[ 0 8.105081 James Bond 19 - The World is not Enough [1999] [720p] ][ 4 5.022144 The Mummy Tomb Of The Dragon Emperor   720p ][ 5 9.940699 Die Hard 1   720p ][ 9 5.308644 The Butterfly Effect 3 Revelations 720p ][ 14 6.549114 Hitman    720p ][ 20 9.209619 Once.Upon.a.Time.in.China.1991.720p.BluRay.x264-BestHD ][ 22 4.301261 SWAT    720p ][ 23 4.854158 Assassination of a High School President 720p ][ 24 0.842364 Butterfly on a Wheel.2007   720p ][ 27 0.180357 The Mist   720p ][ 28 5.236125 The Butterfly Effect [2004] [720p] ][ 37 6.536831 Horton Hears a Who! [2008] [720p] ]
[ 0 8.105081 James Bond 19 - The World is not Enough [1999] [720p] ][ 4 5.022144 The Mummy Tomb Of The Dragon Emperor   720p ][ 5 9.940699 Die Hard 1   720p ][ 7 0.606391 Terminator Salvation Director's cut  ( 2009)    1080p ][ 9 5.308644 The Butterfly Effect 3 Revelations 720p ][ 12 4.219298 All About Steve 720P ][ 14 6.549114 Hitman    720p ][ 18 7.545825 James Bond 08 - Live and Let Die [1973] ][ 20 9.209619 Once.Upon.a.Time.in.China.1991.720p.BluRay.x264-BestHD ][ 22 4.301261 SWAT    720p ][ 23 4.854158 Assassination of a High School President 720p ][ 24 0.842364 Butterfly on a Wheel.2007   720p ][ 25 2.906829 X-Men 1 - 1080p ][ 28 5.236125 The Butterfly Effect [2004] [720p] ][ 42 4.790488 Ice Age 2 The Meltdown [2006] [720p] ][ 45 7.889412 Dark.knight, The.2008.720p.bluray.x264-sinners ]
[ 0 8.105081 James Bond 19 - The World is not Enough [1999] [720p] ][ 1 8.725827 James Bond 19 - The World is not Enough [1999] [720p] ][ 3 5.052039 Madagascar 2 Escape 2 Africa [2008] [720p] ][ 4 5.022144 The Mummy Tomb Of The Dragon Emperor   720p ][ 5 9.940699 Die Hard 1   720p ][ 7 0.606391 Terminator Salvation Director's cut  ( 2009)    1080p ][ 9 5.308644 The Butterfly Effect 3 Revelations 720p ][ 12 4.219298 All About Steve 720P ][ 16 9.958798 Oceans.Eleven.2001.720p.HDDVD.x264-SiNNERS ][ 20 9.209619 Once.Upon.a.Time.in.China.1991.720p.BluRay.x264-BestHD ][ 22 4.301261 SWAT    720p ][ 23 4.854158 Assassination of a High School President 720p ][ 24 0.842364 Butterfly on a Wheel.2007   720p ][ 28 5.236125 The Butterfly Effect [2004] [720p] ][ 30 6.144557 Before The Devil Knows, You're Dead   1080p ][ 42 4.790488 Ice Age 2 The Meltdown [2006] [720p] ][ 45 7.889412 Dark.knight, The.2008.720p.bluray.x264-sinners ][ 49 9.128257 Yes Man   720p ][ 52 7.118390 Bourne Identity   720p ][ 58 8.617486 Pixar.Shorts.2009.720p.BluRay.AC3.x264-UNiT3D ]
[ 0 8.105081 James Bond 19 - The World is not Enough [1999] [720p] ][ 1 8.725827 James Bond 19 - The World is not Enough [1999] [720p] ][ 4 5.022144 The Mummy Tomb Of The Dragon Emperor   720p ][ 5 9.940699 Die Hard 1   720p ][ 7 0.606391 Terminator Salvation Director's cut  ( 2009)    1080p ][ 9 5.308644 The Butterfly Effect 3 Revelations 720p ][ 12 4.219298 All About Steve 720P ][ 16 9.958798 Oceans.Eleven.2001.720p.HDDVD.x264-SiNNERS ][ 20 9.209619 Once.Upon.a.Time.in.China.1991.720p.BluRay.x264-BestHD ][ 21 2.109689 Blood River 720P ][ 22 4.301261 SWAT    720p ][ 23 4.854158 Assassination of a High School President 720p ][ 24 0.842364 Butterfly on a Wheel.2007   720p ][ 28 5.236125 The Butterfly Effect [2004] [720p] ][ 29 8.147960 007.1983.Octopussy.720p.hdtv.x264 ][ 30 6.144557 Before The Devil Knows, You're Dead   1080p ][ 34 9.989685 Inkheart [2008] [720p] ][ 45 7.889412 Dark.knight, The.2008.720p.bluray.x264-sinners ][ 49 9.128257 Yes Man   720p ][ 52 7.118390 Bourne Identity   720p ][ 53 2.669527 Horton Hears a Who! [2008] [720p] ][ 54 7.798219 Lord Of The Ring  - The Fellowship Of The Ring   720p ][ 58 8.617486 Pixar.Shorts.2009.720p.BluRay.AC3.x264-UNiT3D ][ 61 8.267419 The Mist   720p ][ 66 6.356047 Ong.Bak.2.2008.BluRay.x264-BestHD   720p ]
[ 0 8.105081 James Bond 19 - The World is not Enough [1999] [720p] ][ 2 0.167212 Lion King, The 720p ][ 4 5.022144 The Mummy Tomb Of The Dragon Emperor   720p ][ 5 9.940699 Die Hard 1   720p ][ 7 0.606391 Terminator Salvation Director's cut  ( 2009)    1080p ][ 9 5.308644 The Butterfly Effect 3 Revelations 720p ][ 12 4.219298 All About Steve 720P ][ 16 9.958798 Oceans.Eleven.2001.720p.HDDVD.x264-SiNNERS ][ 20 9.209619 Once.Upon.a.Time.in.China.1991.720p.BluRay.x264-BestHD ][ 21 2.109689 Blood River 720P ][ 22 4.301261 SWAT    720p ][ 24 0.842364 Butterfly on a Wheel.2007   720p ][ 26 6.919353 Next 720P ][ 28 5.236125 The Butterfly Effect [2004] [720p] ][ 29 8.147960 007.1983.Octopussy.720p.hdtv.x264 ][ 30 6.144557 Before The Devil Knows, You're Dead   1080p ][ 32 9.850750 Species   720p ][ 45 7.889412 Dark.knight, The.2008.720p.bluray.x264-sinners ][ 47 9.479325 The Proposal [2009] [720p] ][ 49 9.128257 Yes Man   720p ][ 51 1.564732 The.Escape.2009.1080p.BluRay.x264-BestHD ][ 53 2.669527 Horton Hears a Who! [2008] [720p] ][ 58 8.617486 Pixar.Shorts.2009.720p.BluRay.AC3.x264-UNiT3D ][ 61 8.267419 The Mist   720p ][ 66 6.356047 Ong.Bak.2.2008.BluRay.x264-BestHD   720p ][ 67 7.772171 The.Escape.2009.1080p.BluRay.x264-BestHD ][ 70 1.189371 Minority Report [720p] ][ 71 3.181815 Ice Age 1 [2002] [720p] ][ 76 7.828785 Ghost Rider [2007] [720p] ][ 78 8.360172 Horseman    720p ]
