[ 7 5.390656 The Matrix   1080p ]
[ 7 5.390656 The Matrix   1080p ][ 38 0.740913 X-Men 1 - 1080p ]
[ 7 5.390656 The Matrix   1080p ][ 20 7.017877 Bourne Identity   720p ][ 21 2.147573 Kingdom of Heaven [2005] [720p] ][ 42 1.267029 Core   720p ]
[ 7 5.390656 The Matrix   1080p ][ 21 2.147573 Kingdom of Heaven [2005] [720p] ][ 26 7.863319 Monsters vs Aliens - Mutant Pumpkins from Outer Space [2009] [720p] ][ 28 4.663409 Shark Tale [2004] [1080p] ][ 42 1.267029 Core   720p ][ 47 2.631031 Mission Impossible Trilogy   720p ]
[ 0 3.524694 Shoot.Em.Up.720p.Bluray.x264-SEPTiC ][ 7 5.390656 The Matrix   1080p ][ 11 3.382296 The Matrix Reloaded   1080p ][ 15 7.119533 Gladiator 1080p ][ 16 5.017128 Up [1080p] ][ 21 2.147573 Kingdom of Heaven [2005] [720p] ][ 26 7.863319 Monsters vs Aliens - Mutant Pumpkins from Outer Space [2009] [720p] ][ 42 1.267029 Core   720p ][ 47 2.631031 Mission Impossible Trilogy   720p ]
[ 0 3.524694 Shoot.Em.Up.720p.Bluray.x264-SEPTiC ][ 5 3.501340 Bride Wars   720p ][ 7 5.390656 The Matrix   1080p ][ 11 3.382296 The Matrix Reloaded   1080p ][ 15 7.119533 Gladiator 1080p ][ 16 5.017128 Up [1080p] ][ 21 2.147573 Kingdom of Heaven [2005] [720p] ][ 33 6.186802 American Gangster    720p ][ 39 9.481517 Die Hard 1   720p ][ 42 1.267029 Core   720p ][ 46 0.934351 Doomsday 720p ][ 47 2.631031 Mission Impossible Trilogy   720p ]
[ 0 3.524694 Shoot.Em.Up.720p.Bluray.x264-SEPTiC ][ 4 6.034891 The.X.Files.Fight.The.Future.1998.720p.BluRay.x264-SiNNERS ][ 5 3.501340 Bride Wars   720p ][ 7 5.390656 The Matrix   1080p ][ 11 3.382296 The Matrix Reloaded   1080p ][ 15 7.119533 Gladiator 1080p ][ 16 5.017128 Up [1080p] ][ 21 2.147573 Kingdom of Heaven [2005] [720p] ][ 22 2.785908 Babel.720p ][ 24 1.954475 Yes Man   720p ][ 33 6.186802 American Gangster    720p ][ 39 9.481517 Die Hard 1   720p ][ 42 1.267029 Core   720p ][ 46 0.934351 Doomsday 720p ][ 47 2.631031 Mission Impossible Trilogy   720p ][ 51 6.628451 The Last Samurai [2004] [720p] ]
[ 0 3.524694 Shoot.Em.Up.720p.Bluray.x264-SEPTiC ][ 4 6.034891 The.X.Files.Fight.The.Future.1998.720p.BluRay.x264-SiNNERS ][ 5 3.501340 Bride Wars   720p ][ 7 5.390656 The Matrix   1080p ][ 11 3.382296 The Matrix Reloaded   1080p ][ 15 7.119533 Gladiator 1080p ][ 16 5.017128 Up [1080p] ][ 21 2.147573 Kingdom of Heaven [2005] [720p] ][ 22 2.785908 Babel.720p ][ 24 1.954475 Yes Man   720p ][ 29 9.215926 Seven Swords    1080p ][ 30 3.372732 Oceans.Eleven.2001.720p.HDDVD.x264-SiNNERS ][ 42 1.267029 Core   720p ][ 43 5.901403 The Notebook [2004] [1080p] ][ 46 0.934351 Doomsday 720p ][ 47 2.631031 Mission Impossible Trilogy   720p ][ 51 6.628451 The Last Samurai [2004] [720p] ][ 64 7.125724 Juno 2007 720p ][ 66 8.238115 La Lingerie [BluRay] [720p] [DTS] ][ 67 7.797909 Die Hard 2   720p ]
[ 0 3.524694 Shoot.Em.Up.720p.Bluray.x264-SEPTiC ][ 4 6.034891 The.X.Files.Fight.The.Future.1998.720p.BluRay.x264-SiNNERS ][ 5 3.501340 Bride Wars   720p ][ 7 5.390656 The Matrix   1080p ][ 9 3.143814 Death Race   720p ][ 11 3.382296 The Matrix Reloaded   1080p ][ 13 7.886786 The Messenger [720p] ][ 15 7.119533 Gladiator 1080p ][ 16 5.017128 Up [1080p] ][ 21 2.147573 Kingdom of Heaven [2005] [720p] ][ 24 1.954475 Yes Man   720p ][ 25 8.665787 Land Of the Lost   720p ][ 29 9.215926 Seven Swords    1080p ][ 30 3.372732 Oceans.Eleven.2001.720p.HDDVD.x264-SiNNERS ][ 34 6.132637 Robots.WS.AC3.x264.BluRay-PTM   720p ][ 42 1.267029 Core   720p ][ 43 5.901403 The Notebook [2004] [1080p] ][ 47 2.631031 Mission Impossible Trilogy   720p ][ 48 7.311171 007 Thunderball [1965]  [BluRay] [720p] [DTS] ][ 54 5.739755 Back.to.the.Future.Part.II.1989.720p.HDTV.x264 ][ 63 5.092627 Braveheart 720p ][ 66 8.238115 La Lingerie [BluRay] [720p] [DTS] ][ 67 7.797909 Die Hard 2   720p ][ 70 1.376559 The.Escape.2009.1080p.BluRay.x264-BestHD ][ 76 2.834223 Big Buck Bunny [1080p] ]
[ 0 3.524694 Shoot.Em.Up.720p.Bluray.x264-SEPTiC ][ 2 2.989869 Banlieue 13 - Ultimatum [720p] ][ 4 6.034891 The.X.Files.Fight.The.Future.1998.720p.BluRay.x264-SiNNERS ][ 5 3.501340 Bride Wars   720p ][ 7 5.390656 The Matrix   1080p ][ 9 3.143814 Death Race   720p ][ 11 3.382296 The Matrix Reloaded   1080p ][ 13 7.886786 The Messenger [720p] ][ 15 7.119533 Gladiator 1080p ][ 16 5.017128 Up [1080p] ][ 21 2.147573 Kingdom of Heaven [2005] [720p] ][ 24 1.954475 Yes Man   720p ][ 27 5.161767 Alien vs Predator 1-2  720p ][ 29 9.215926 Seven Swords    1080p ][ 34 6.132637 Robots.WS.AC3.x264.BluRay-PTM   720p ][ 42 1.267029 Core   720p ][ 43 5.901403 The Notebook [2004] [1080p] ][ 47 2.631031 Mission Impossible Trilogy   720p ][ 54 5.739755 Back.to.the.Future.Part.II.1989.720p.HDTV.x264 ][ 57 6.120345 SAW I   720p ][ 61 1.925442 The Godfather [1972] [720p] ][ 66 8.238115 La Lingerie [BluRay] [720p] [DTS] ][ 67 7.797909 Die Hard 2   720p ][ 70 1.376559 The.Escape.2009.1080p.BluRay.x264-BestHD ][ 74 8.274904 Pirates of Caribbean 1-2-3 Collection   1080p ][ 76 2.834223 Big Buck Bunny [1080p] ][ 81 0.169189 Die Hard 2   720p ][ 83 4.281458 CJ7   720p ][ 84 9.369704 Eurotrip    720p ][ 91 5.828667 Ong.Bak.2.2008.BluRay.x264-BestHD   720p ]
[ 0 3.524694 Shoot.Em.Up.720p.Bluray.x264-SEPTiC ][ 2 2.989869 Banlieue 13 - Ultimatum [720p] ][ 4 6.034891 The.X.Files.Fight.The.Future.1998.720p.BluRay.x264-SiNNERS ][ 5 3.501340 Bride Wars   720p ][ 7 5.390656 The Matrix   1080p ][ 9 3.143814 Death Race   720p ][ 11 3.382296 The Matrix Reloaded   1080p ][ 13 7.886786 The Messenger [720p] ][ 15 7.119533 Gladiator 1080p ][ 16 5.017128 Up [1080p] ][ 19 4.907904 Death Sentence   1080p ][ 21 2.147573 Kingdom of Heaven [2005] [720p] ][ 23 6.354638 Gran Torino [2008] [720p] ][ 24 1.954475 Yes Man   720p ][ 27 5.161767 Alien vs Predator 1-2  720p ][ 29 9.215926 Seven Swords    1080p ][ 34 6.132637 Robots.WS.AC3.x264.BluRay-PTM   720p ][ 36 6.336966 Swordfish    720p ][ 42 1.267029 Core   720p ][ 43 5.901403 The Notebook [2004] [1080p] ][ 45 6.663928 Robots.WS.AC3.x264.BluRay-PTM   720p ][ 47 2.631031 Mission Impossible Trilogy   720p ][ 54 5.739755 Back.to.the.Future.Part.II.1989.720p.HDTV.x264 ][ 57 6.120345 SAW I   720p ][ 61 1.925442 The Godfather [1972] [720p] ][ 65 2.226397 Casablana.1942.1080p.BluRay.x264.Codres ][ 66 8.238115 La Lingerie [BluRay] [720p] [DTS] ][ 67 7.797909 Die Hard 2   720p ][ 70 1.376559 The.Escape.2009.1080p.BluRay.x264-BestHD ][ 73 2.539974 Alien vs Predator 1-2  720p ][ 76 2.834223 Big Buck Bunny [1080p] ][ 81 0.169189 Die Hard 2   720p ][ 84 9.369704 Eurotrip    720p ][ 91 5.828667 Ong.Bak.2.2008.BluRay.x264-BestHD   720p ][ 92 4.653110 Inkheart [2008] [720p] ][ 93 1.929847 Con Air   720p ]
[ 0 3.524694 Shoot.Em.Up.720p.Bluray.x264-SEPTiC ][ 2 2.989869 Banlieue 13 - Ultimatum [720p] ][ 4 6.034891 The.X.Files.Fight.The.Future.1998.720p.BluRay.x264-SiNNERS ][ 5 3.501340 Bride Wars   720p ][ 9 3.143814 Death Race   720p ][ 11 3.382296 The Matrix Reloaded   1080p ][ 13 7.886786 The Messenger [720p] ][ 15 7.119533 Gladiator 1080p ][ 16 5.017128 Up [1080p] ][ 19 4.907904 Death Sentence   1080p ][ 23 6.354638 Gran Torino [2008] [720p] ][ 24 1.954475 Yes Man   720p ][ 27 5.161767 Alien vs Predator 1-2  720p ][ 29 9.215926 Seven Swords    1080p ][ 34 6.132637 Robots.WS.AC3.x264.BluRay-PTM   720p ][ 35 2.892460 contents.txt ][ 36 6.336966 Swordfish    720p ][ 37 1.423994 SAW I   720p ][ 42 1.267029 Core   720p ][ 43 5.901403 The Notebook [2004] [1080p] ][ 45 6.663928 Robots.WS.AC3.x264.BluRay-PTM   720p ][ 47 2.631031 Mission Impossible Trilogy   720p ][ 54 5.739755 Back.to.the.Future.Part.II.1989.720p.HDTV.x264 ][ 57 6.120345 SAW I   720p ][ 61 1.925442 The Godfather [1972] [720p] ][ 65 2.226397 Casablana.1942.1080p.BluRay.x264.Codres ][ 66 8.238115 La Lingerie [BluRay] [720p] [DTS] ][ 67 7.797909 Die Hard 2   720p ][ 69 8.928866 Cloverfield   1080p ][ 70 1.376559 The.Escape.2009.1080p.BluRay.x264-BestHD ][ 73 2.539974 Alien vs Predator 1-2  720p ][ 76 2.834223 Big Buck Bunny [1080p] ][ 81 0.169189 Die Hard 2   720p ][ 82 1.315275 National Geographic - The Koran [720p] [Documenter] ][ 84 9.369704 Eurotrip    720p ][ 85 4.168801 Blood River 720P ][ 88 2.844366 3_10 to Yuma   720p ][ 92 4.653110 Inkheart [2008] [720p] ][ 95 6.565982 Gone In 60 Seconds    1080p ][ 99 1.100734 Darko 720P ][ 106 9.902546 Fearless - 720p ][ 108 4.062322 Dark.knight, The.2008.720p.bluray.x264-sinners ]
