[ 3 2.988470 Basic Instinct 720p ]
[ 3 2.988470 Basic Instinct 720p ][ 4 6.096495 Full.Metal.Jacket.REMASTERED.1987.720p.HDDVD.x264-SEPTiC ]
[ 0 6.216898 007 The Man With the Golden Gun [1974] [BluRay] [720p] [DTS] ][ 3 2.988470 Basic Instinct 720p ][ 4 6.096495 Full.Metal.Jacket.REMASTERED.1987.720p.HDDVD.x264-SEPTiC ][ 14 6.392917 Blood River 720P ]
[ 0 6.216898 007 The Man With the Golden Gun [1974] [BluRay] [720p] [DTS] ][ 3 2.988470 Basic Instinct 720p ][ 4 6.096495 Full.Metal.Jacket.REMASTERED.1987.720p.HDDVD.x264-SEPTiC ][ 14 6.392917 Blood River 720P ][ 32 1.879655 Blade 2   720p ][ 36 1.030676 Pursuit_Of_Happyness[2006]   720p ]
[ 0 6.216898 007 The Man With the Golden Gun [1974] [BluRay] [720p] [DTS] ][ 2 5.955858 Hancock    1080p ][ 3 2.988470 Basic Instinct 720p ][ 4 6.096495 Full.Metal.Jacket.REMASTERED.1987.720p.HDDVD.x264-SEPTiC ][ 14 6.392917 Blood River 720P ][ 26 5.966941 Elite Squad 1080p ][ 32 1.879655 Blade 2   720p ][ 36 1.030676 Pursuit_Of_Happyness[2006]   720p ][ 47 1.412558 Stargate-The Ark of Truth 720p ]
[ 2 5.955858 Hancock    1080p ][ 3 2.988470 Basic Instinct 720p ][ 4 6.096495 Full.Metal.Jacket.REMASTERED.1987.720p.HDDVD.x264-SEPTiC ][ 12 5.559937 Connected   720p ][ 14 6.392917 Blood River 720P ][ 26 5.966941 Elite Squad 1080p ][ 36 1.030676 Pursuit_Of_Happyness[2006]   720p ][ 46 1.135494 Rocky 3 [1982] [BluRay] [720p] [AC3] ][ 47 1.412558 Stargate-The Ark of Truth 720p ][ 48 5.298127 X-Men 3    720p ][ 52 5.258948 Crash    1080p ][ 58 7.807691 Fast and the Furious 1 - 1080p ]
[ 2 5.955858 Hancock    1080p ][ 3 2.988470 Basic Instinct 720p ][ 4 6.096495 Full.Metal.Jacket.REMASTERED.1987.720p.HDDVD.x264-SEPTiC ][ 6 1.928617 Minority Report [720p] ][ 11 4.479115 X-Men 1    720p ][ 12 5.559937 Connected   720p ][ 14 6.392917 Blood River 720P ][ 26 5.966941 Elite Squad 1080p ][ 31 1.814512 Hitman    720p ][ 33 6.628069 The.Warlords.2007.720p.BluRay.DTS.x264-ESiR ][ 46 1.135494 Rocky 3 [1982] [BluRay] [720p] [AC3] ][ 47 1.412558 Stargate-The Ark of Truth 720p ][ 48 5.298127 X-Men 3    720p ][ 52 5.258948 Crash    1080p ][ 58 7.807691 Fast and the Furious 1 - 1080p ][ 65 6.894192 James Bond 12 - For Your Eyes Only [1981] ]
[ 2 5.955858 Hancock    1080p ][ 3 2.988470 Basic Instinct 720p ][ 4 6.096495 Full.Metal.Jacket.REMASTERED.1987.720p.HDDVD.x264-SEPTiC ][ 11 4.479115 X-Men 1    720p ][ 12 5.559937 Connected   720p ][ 14 6.392917 Blood River 720P ][ 15 9.549769 Pursuit_Of_Happyness[2006]   720p ][ 26 5.966941 Elite Squad 1080p ][ 33 6.628069 The.Warlords.2007.720p.BluRay.DTS.x264-ESiR ][ 42 9.555306 The Secret of Moonarce [720p] ][ 45 0.147915 SAW II   720p ][ 46 1.135494 Rocky 3 [1982] [BluRay] [720p] [AC3] ][ 48 5.298127 X-Men 3    720p ][ 52 5.258948 Crash    1080p ][ 58 7.807691 Fast and the Furious 1 - 1080p ][ 60 8.774373 Apollo 13   1080p ][ 62 4.644306 3_10 to Yuma   720p ][ 65 6.894192 James Bond 12 - For Your Eyes Only [1981] ][ 67 2.589482 Alvin And The Chipmunks [720p] ][ 70 8.776040 Final Fantasy The Spirits Within    720p ]
[ 2 5.955858 Hancock    1080p ][ 3 2.988470 Basic Instinct 720p ][ 11 4.479115 X-Men 1    720p ][ 12 5.559937 Connected   720p ][ 14 6.392917 Blood River 720P ][ 15 9.549769 Pursuit_Of_Happyness[2006]   720p ][ 23 7.382940 James Bond 17 - Golden Eye [1995] ][ 33 6.628069 The.Warlords.2007.720p.BluRay.DTS.x264-ESiR ][ 42 9.555306 The Secret of Moonarce [720p] ][ 44 0.140376 Home    1080p ][ 45 0.147915 SAW II   720p ][ 46 1.135494 Rocky 3 [1982] [BluRay] [720p] [AC3] ][ 48 5.298127 X-Men 3    720p ][ 51 1.485627 Kung Fu Panda Secrets of the Furious Five    720p ][ 52 5.258948 Crash    1080p ][ 53 2.400935 Finding Nemo [2003] [720p] ][ 58 7.807691 Fast and the Furious 1 - 1080p ][ 60 8.774373 Apollo 13   1080p ][ 62 4.644306 3_10 to Yuma   720p ][ 65 6.894192 James Bond 12 - For Your Eyes Only [1981] ][ 67 2.589482 Alvin And The Chipmunks [720p] ][ 68 9.530507 Disturbia    720p ][ 71 5.903459 X-Men Origin - Wolverine [2009] [1080p] ][ 77 5.391743 Red Cliff    1080p ][ 78 1.748962 Fast and the Furious 2 - 1080p ]
[ 2 5.955858 Hancock    1080p ][ 3 2.988470 Basic Instinct 720p ][ 11 4.479115 X-Men 1    720p ][ 12 5.559937 Connected   720p ][ 15 9.549769 Pursuit_Of_Happyness[2006]   720p ][ 21 3.593027 Defiance.1080p ][ 23 7.382940 James Bond 17 - Golden Eye [1995] ][ 33 6.628069 The.Warlords.2007.720p.BluRay.DTS.x264-ESiR ][ 35 4.908208 Orphan (2009)    1080p ][ 41 2.318450 Pixar.Short.Films.Collection.Volume.1.2007.m-HD.x264-TlN50p ][ 42 9.555306 The Secret of Moonarce [720p] ][ 45 0.147915 SAW II   720p ][ 46 1.135494 Rocky 3 [1982] [BluRay] [720p] [AC3] ][ 48 5.298127 X-Men 3    720p ][ 50 6.673878 Breach 1080p ][ 51 1.485627 Kung Fu Panda Secrets of the Furious Five    720p ][ 52 5.258948 Crash    1080p ][ 53 2.400935 Finding Nemo [2003] [720p] ][ 54 5.593976 Behind Enemy Line 2001   720p ][ 56 9.233027 Oceans.Twelve.2004.720p.HDDVD.x264-CDDHD ][ 59 7.372526 Kingdom of Heaven [2005] [720p] ][ 60 8.774373 Apollo 13   1080p ][ 62 4.644306 3_10 to Yuma   720p ][ 65 6.894192 James Bond 12 - For Your Eyes Only [1981] ][ 67 2.589482 Alvin And The Chipmunks [720p] ][ 71 5.903459 X-Men Origin - Wolverine [2009] [1080p] ][ 77 5.391743 Red Cliff    1080p ][ 82 8.423432 Green Lantern First Flight   720p ][ 85 0.584869 Kung Fu Panda Secrets of the Furious Five    720p ][ 89 4.807683 Hellboy 1    1080p ]
[ 2 5.955858 Hancock    1080p ][ 3 2.988470 Basic Instinct 720p ][ 11 4.479115 X-Men 1    720p ][ 12 5.559937 Connected   720p ][ 15 9.549769 Pursuit_Of_Happyness[2006]   720p ][ 21 3.593027 Defiance.1080p ][ 23 7.382940 James Bond 17 - Golden Eye [1995] ][ 33 6.628069 The.Warlords.2007.720p.BluRay.DTS.x264-ESiR ][ 35 4.908208 Orphan (2009)    1080p ][ 37 8.050939 Darko 720P ][ 42 9.555306 The Secret of Moonarce [720p] ][ 45 0.147915 SAW II   720p ][ 46 1.135494 Rocky 3 [1982] [BluRay] [720p] [AC3] ][ 48 5.298127 X-Men 3    720p ][ 50 6.673878 Breach 1080p ][ 51 1.485627 Kung Fu Panda Secrets of the Furious Five    720p ][ 52 5.258948 Crash    1080p ][ 53 2.400935 Finding Nemo [2003] [720p] ][ 54 5.593976 Behind Enemy Line 2001   720p ][ 56 9.233027 Oceans.Twelve.2004.720p.HDDVD.x264-CDDHD ][ 57 1.935369 Face.Off.1997.720p ][ 59 7.372526 Kingdom of Heaven [2005] [720p] ][ 60 8.774373 Apollo 13   1080p ][ 62 4.644306 3_10 to Yuma   720p ][ 64 1.827436 I Am Legend    720p ][ 65 6.894192 James Bond 12 - For Your Eyes Only [1981] ][ 71 5.903459 X-Men Origin - Wolverine [2009] [1080p] ][ 73 0.781529 Gladiator 1080p ][ 82 8.423432 Green Lantern First Flight   720p ][ 83 2.891269 Armageddon [1998] [720p] ][ 84 7.031197 Public Enemies [720p] ][ 85 0.584869 Kung Fu Panda Secrets of the Furious Five    720p ][ 88 3.300553 New York I Love You 720p   720p ][ 89 4.807683 Hellboy 1    1080p ][ 92 7.082095 The Matrix Reloaded   1080p ][ 101 9.016673 Bugs.A.Rainforest.Adventure.3D.HD.DVD.REMUX.1080p.VC-1-SEBUL ]
[ 2 5.955858 Hancock    1080p ][ 12 5.559937 Connected   720p ][ 15 9.549769 Pursuit_Of_Happyness[2006]   720p ][ 21 3.593027 Defiance.1080p ][ 23 7.382940 James Bond 17 - Golden Eye [1995] ][ 28 2.529464 Bride Wars   720p ][ 33 6.628069 The.Warlords.2007.720p.BluRay.DTS.x264-ESiR ][ 35 4.908208 Orphan (2009)    1080p ][ 37 8.050939 Darko 720P ][ 42 9.555306 The Secret of Moonarce [720p] ][ 45 0.147915 SAW II   720p ][ 46 1.135494 Rocky 3 [1982] [BluRay] [720p] [AC3] ][ 48 5.298127 X-Men 3    720p ][ 50 6.673878 Breach 1080p ][ 51 1.485627 Kung Fu Panda Secrets of the Furious Five    720p ][ 52 5.258948 Crash    1080p ][ 53 2.400935 Finding Nemo [2003] [720p] ][ 54 5.593976 Behind Enemy Line 2001   720p ][ 56 9.233027 Oceans.Twelve.2004.720p.HDDVD.x264-CDDHD ][ 57 1.935369 Face.Off.1997.720p ][ 59 7.372526 Kingdom of Heaven [2005] [720p] ][ 60 8.774373 Apollo 13   1080p ][ 62 4.644306 3_10 to Yuma   720p ][ 64 1.827436 I Am Legend    720p ][ 65 6.894192 James Bond 12 - For Your Eyes Only [1981] ][ 71 5.903459 X-Men Origin - Wolverine [2009] [1080p] ][ 72 4.877273 Hero    1080p ][ 73 0.781529 Gladiator 1080p ][ 74 6.730348 Red Dragon    1080p ][ 80 4.827346 James Bond 20 - Die Another Day [2002] [720p] ][ 83 2.891269 Armageddon [1998] [720p] ][ 88 3.300553 New York I Love You 720p   720p ][ 89 4.807683 Hellboy 1    1080p ][ 92 7.082095 The Matrix Reloaded   1080p ][ 97 3.057022 The Mummy Tomb Of The Dragon Emperor   720p ][ 100 9.400373 Swordfish    720p ][ 101 9.016673 Bugs.A.Rainforest.Adventure.3D.HD.DVD.REMUX.1080p.VC-1-SEBUL ][ 102 6.285936 Fantastic Four   1080p ][ 104 7.788449 Scooby.Doo.The.Mystery.Begins.2009   720p ][ 105 8.374442 James Bond 01 - Dr. No [1962] [720p] ][ 108 8.044182 Chicken Run [2000] [720p] ][ 113 8.562154 Around The World In 80 Days [2004] [720p] ]
