[ 30 1.530423 Mr. & Mrs. Smith   720p ]
[ 30 1.530423 Mr. & Mrs. Smith   720p ][ 40 1.606426 Baby on Board (2009)    720p ]
[ 17 9.346551 Final Destination ][ 30 1.530423 Mr. & Mrs. Smith   720p ][ 40 1.606426 Baby on Board (2009)    720p ][ 44 3.217073 The Last Samurai [2004] [720p] ]
[ 2 4.486866 New York I Love You 720p   720p ][ 4 0.010690 Eurotrip 720p ][ 17 9.346551 Final Destination ][ 30 1.530423 Mr. & Mrs. Smith   720p ][ 44 3.217073 The Last Samurai [2004] [720p] ][ 51 6.987177 Alien vs Predator 1-2  720p ]
[ 1 3.009002 Madagascar 2 Escape 2 Africa [2008] [720p] ][ 2 4.486866 New York I Love You 720p   720p ][ 4 0.010690 Eurotrip 720p ][ 14 2.031386 Basic Instinct 720p ][ 16 6.609784 Liar Liar    720p ][ 19 4.504538 Memento    1080p ][ 31 0.084415 Die Hard 1   720p ][ 44 3.217073 The Last Samurai [2004] [720p] ][ 51 6.987177 Alien vs Predator 1-2  720p ]
[ 1 3.009002 Madagascar 2 Escape 2 Africa [2008] [720p] ][ 2 4.486866 New York I Love You 720p   720p ][ 4 0.010690 Eurotrip 720p ][ 7 5.049597 Fast and the Furious 2 - 1080p ][ 14 2.031386 Basic Instinct 720p ][ 18 3.511779 Minority Report [720p] ][ 19 4.504538 Memento    1080p ][ 26 6.303452 Dragon Wars   720p ][ 31 0.084415 Die Hard 1   720p ][ 44 3.217073 The Last Samurai [2004] [720p] ][ 51 6.987177 Alien vs Predator 1-2  720p ][ 57 8.692130 The.X.Files.Fight.The.Future.1998.720p.BluRay.x264-SiNNERS ]
[ 1 3.009002 Madagascar 2 Escape 2 Africa [2008] [720p] ][ 2 4.486866 New York I Love You 720p   720p ][ 4 0.010690 Eurotrip 720p ][ 7 5.049597 Fast and the Furious 2 - 1080p ][ 8 1.057554 5_Centimeters_Per_Second_(2007)_[720p,BluRay,x264]_-_THORA ][ 14 2.031386 Basic Instinct 720p ][ 18 3.511779 Minority Report [720p] ][ 19 4.504538 Memento    1080p ][ 26 6.303452 Dragon Wars   720p ][ 35 5.586206 Stardust   720p ][ 39 0.712379 Disturbia    720p ][ 42 6.260757 American Virgin 720P ][ 44 3.217073 The Last Samurai [2004] [720p] ][ 47 2.834310 The Matrix   1080p ][ 52 4.634384 Dumb and Dumber   720p ][ 57 8.692130 The.X.Files.Fight.The.Future.1998.720p.BluRay.x264-SiNNERS ]
[ 1 3.009002 Madagascar 2 Escape 2 Africa [2008] [720p] ][ 2 4.486866 New York I Love You 720p   720p ][ 4 0.010690 Eurotrip 720p ][ 7 5.049597 Fast and the Furious 2 - 1080p ][ 8 1.057554 5_Centimeters_Per_Second_(2007)_[720p,BluRay,x264]_-_THORA ][ 14 2.031386 Basic Instinct 720p ][ 18 3.511779 Minority Report [720p] ][ 19 4.504538 Memento    1080p ][ 26 6.303452 Dragon Wars   720p ][ 27 2.535609 James Bond 09 - The Man with the Golden Gun [1974] ][ 36 2.580189 Lord Of The Ring  - The Fellowship Of The Ring   720p ][ 39 0.712379 Disturbia    720p ][ 44 3.217073 The Last Samurai [2004] [720p] ][ 47 2.834310 The Matrix   1080p ][ 49 0.436011 Bourne Identity   720p ][ 52 4.634384 Dumb and Dumber   720p ][ 60 0.460640 Starship Troopers 1  1080p ][ 63 9.439127 Rambo 4 [2008] [720p] ][ 64 3.791929 Interview with the Vampire   720p ][ 65 7.848050 Defiance.1080p ]
[ 1 3.009002 Madagascar 2 Escape 2 Africa [2008] [720p] ][ 2 4.486866 New York I Love You 720p   720p ][ 4 0.010690 Eurotrip 720p ][ 5 8.120162 Golden Compass   720p ][ 7 5.049597 Fast and the Furious 2 - 1080p ][ 8 1.057554 5_Centimeters_Per_Second_(2007)_[720p,BluRay,x264]_-_THORA ][ 18 3.511779 Minority Report [720p] ][ 26 6.303452 Dragon Wars   720p ][ 28 8.790510 X-Men 3    720p ][ 36 2.580189 Lord Of The Ring  - The Fellowship Of The Ring   720p ][ 39 0.712379 Disturbia    720p ][ 41 3.884711 Charlie and the Chocolate Factory   720p ][ 44 3.217073 The Last Samurai [2004] [720p] ][ 45 7.553526 Madagascar 2 Escape 2 Africa [2008] [720p] ][ 46 8.319987 Bangkok Dangerous 720p ][ 47 2.834310 The Matrix   1080p ][ 48 5.577089 Blood River 720P ][ 49 0.436011 Bourne Identity   720p ][ 53 5.181329 Beauty.And.The.Beast.1991.720p.HDTV.x264-hV ][ 60 0.460640 Starship Troopers 1  1080p ][ 63 9.439127 Rambo 4 [2008] [720p] ][ 64 3.791929 Interview with the Vampire   720p ][ 65 7.848050 Defiance.1080p ][ 72 1.584721 Breach 1080p ][ 81 4.912665 This Is It [2009] [720p] ]
[ 1 3.009002 Madagascar 2 Escape 2 Africa [2008] [720p] ][ 2 4.486866 New York I Love You 720p   720p ][ 4 0.010690 Eurotrip 720p ][ 5 8.120162 Golden Compass   720p ][ 6 5.807004 Get Smart (2008) 1080p ][ 7 5.049597 Fast and the Furious 2 - 1080p ][ 8 1.057554 5_Centimeters_Per_Second_(2007)_[720p,BluRay,x264]_-_THORA ][ 18 3.511779 Minority Report [720p] ][ 25 1.432016 Body of Lies   720p ][ 26 6.303452 Dragon Wars   720p ][ 34 3.986528 Apocalypto   720p ][ 36 2.580189 Lord Of The Ring  - The Fellowship Of The Ring   720p ][ 38 4.480898 PBS ][ 39 0.712379 Disturbia    720p ][ 41 3.884711 Charlie and the Chocolate Factory   720p ][ 44 3.217073 The Last Samurai [2004] [720p] ][ 45 7.553526 Madagascar 2 Escape 2 Africa [2008] [720p] ][ 46 8.319987 Bangkok Dangerous 720p ][ 48 5.577089 Blood River 720P ][ 50 4.335438 The Bank Job [720p] ][ 53 5.181329 Beauty.And.The.Beast.1991.720p.HDTV.x264-hV ][ 63 9.439127 Rambo 4 [2008] [720p] ][ 64 3.791929 Interview with the Vampire   720p ][ 65 7.848050 Defiance.1080p ][ 68 5.022465 This Is It [2009] [720p] ][ 71 8.664445 Fast and the Furious 2 - 1080p ][ 72 1.584721 Breach 1080p ][ 76 3.910018 Street Fighter The Legend Of Chun Li 720P ][ 81 4.912665 This Is It [2009] [720p] ][ 86 0.529272 In The Electrical Mist   720p ]
[ 1 3.009002 Madagascar 2 Escape 2 Africa [2008] [720p] ][ 2 4.486866 New York I Love You 720p   720p ][ 4 0.010690 Eurotrip 720p ][ 5 8.120162 Golden Compass   720p ][ 6 5.807004 Get Smart (2008) 1080p ][ 7 5.049597 Fast and the Furious 2 - 1080p ][ 8 1.057554 5_Centimeters_Per_Second_(2007)_[720p,BluRay,x264]_-_THORA ][ 12 6.853198 Blade 3   720p ][ 18 3.511779 Minority Report [720p] ][ 21 1.967920 Daredevil - 720p ][ 25 1.432016 Body of Lies   720p ][ 26 6.303452 Dragon Wars   720p ][ 32 8.775754 Blade 3   720p ][ 34 3.986528 Apocalypto   720p ][ 36 2.580189 Lord Of The Ring  - The Fellowship Of The Ring   720p ][ 38 4.480898 PBS ][ 39 0.712379 Disturbia    720p ][ 41 3.884711 Charlie and the Chocolate Factory   720p ][ 44 3.217073 The Last Samurai [2004] [720p] ][ 45 7.553526 Madagascar 2 Escape 2 Africa [2008] [720p] ][ 46 8.319987 Bangkok Dangerous 720p ][ 50 4.335438 The Bank Job [720p] ][ 53 5.181329 Beauty.And.The.Beast.1991.720p.HDTV.x264-hV ][ 61 5.626262 Orphanage 720p ][ 63 9.439127 Rambo 4 [2008] [720p] ][ 64 3.791929 Interview with the Vampire   720p ][ 65 7.848050 Defiance.1080p ][ 66 5.385415 Dr Dolite 3    720p ][ 68 5.022465 This Is It [2009] [720p] ][ 71 8.664445 Fast and the Furious 2 - 1080p ][ 72 1.584721 Breach 1080p ][ 73 6.142190 Lord Of The Ring  - The Two Tower   720p ][ 76 3.910018 Street Fighter The Legend Of Chun Li 720P ][ 81 4.912665 This Is It [2009] [720p] ][ 84 8.427439 Around The World In 80 Days [2004] [720p] ][ 86 0.529272 In The Electrical Mist   720p ]
[ 1 3.009002 Madagascar 2 Escape 2 Africa [2008] [720p] ][ 2 4.486866 New York I Love You 720p   720p ][ 4 0.010690 Eurotrip 720p ][ 5 8.120162 Golden Compass   720p ][ 6 5.807004 Get Smart (2008) 1080p ][ 7 5.049597 Fast and the Furious 2 - 1080p ][ 8 1.057554 5_Centimeters_Per_Second_(2007)_[720p,BluRay,x264]_-_THORA ][ 9 6.296493 Fearless - 720p ][ 12 6.853198 Blade 3   720p ][ 13 4.885982 Ratatouille [2007] ][ 18 3.511779 Minority Report [720p] ][ 20 4.426291 Final Destination 3   1080p ][ 21 1.967920 Daredevil - 720p ][ 25 1.432016 Body of Lies   720p ][ 26 6.303452 Dragon Wars   720p ][ 34 3.986528 Apocalypto   720p ][ 36 2.580189 Lord Of The Ring  - The Fellowship Of The Ring   720p ][ 38 4.480898 PBS ][ 39 0.712379 Disturbia    720p ][ 41 3.884711 Charlie and the Chocolate Factory   720p ][ 44 3.217073 The Last Samurai [2004] [720p] ][ 45 7.553526 Madagascar 2 Escape 2 Africa [2008] [720p] ][ 46 8.319987 Bangkok Dangerous 720p ][ 50 4.335438 The Bank Job [720p] ][ 53 5.181329 Beauty.And.The.Beast.1991.720p.HDTV.x264-hV ][ 55 1.000527 Oceans.Thirteen.2007.720p.HDDVD.x264-SiNNERS ][ 56 5.516837 Wanted   1080p ][ 63 9.439127 Rambo 4 [2008] [720p] ][ 64 3.791929 Interview with the Vampire   720p ][ 65 7.848050 Defiance.1080p ][ 66 5.385415 Dr Dolite 3    720p ][ 68 5.022465 This Is It [2009] [720p] ][ 71 8.664445 Fast and the Furious 2 - 1080p ][ 72 1.584721 Breach 1080p ][ 73 6.142190 Lord Of The Ring  - The Two Tower   720p ][ 77 4.508201 Dr Dolite 3    720p ][ 78 5.006600 G Force    720p ][ 81 4.912665 This Is It [2009] [720p] ][ 84 8.427439 Around The World In 80 Days [2004] [720p] ][ 102 4.340631 Bridge To Terabithia 720P ][ 110 4.189096 Pitch Black [720p] ][ 112 0.106334 American Pie Book Of Love   720p ]
