[ 4 1.019829 Battle for Terra [2007] [1080p] ]
[ 1 4.538350 Shoot.Em.Up.720p.Bluray.x264-SEPTiC ][ 4 1.019829 Battle for Terra [2007] [1080p] ]
[ 1 4.538350 Shoot.Em.Up.720p.Bluray.x264-SEPTiC ][ 21 4.854016 High school musical 2006    720p ][ 32 1.955491 Blade 1   720p ][ 40 9.826899 Robots.WS.AC3.x264.BluRay-PTM   720p ]
[ 1 4.538350 Shoot.Em.Up.720p.Bluray.x264-SEPTiC ][ 12 9.975061 High school musical 2006    720p ][ 21 4.854016 High school musical 2006    720p ][ 27 1.032175 Bride Wars   720p ][ 32 1.955491 Blade 1   720p ][ 40 9.826899 Robots.WS.AC3.x264.BluRay-PTM   720p ]
[ 1 4.538350 Shoot.Em.Up.720p.Bluray.x264-SEPTiC ][ 7 5.316481 Terminator.1984.720p.BluRay.x264-ESiR ][ 9 3.118694 Kill Shot   720p ][ 12 9.975061 High school musical 2006    720p ][ 19 5.367680 Mission Impossible Trilogy   720p ][ 21 4.854016 High school musical 2006    720p ][ 36 8.260447 Hellboy 1    1080p ][ 40 9.826899 Robots.WS.AC3.x264.BluRay-PTM   720p ][ 45 8.391770 Shark Tale [2004] [1080p] ]
[ 1 4.538350 Shoot.Em.Up.720p.Bluray.x264-SEPTiC ][ 3 5.964769 Bolt [2008] [1080p] ][ 7 5.316481 Terminator.1984.720p.BluRay.x264-ESiR ][ 9 3.118694 Kill Shot   720p ][ 19 5.367680 Mission Impossible Trilogy   720p ][ 21 4.854016 High school musical 2006    720p ][ 30 0.589414 Eastern.Promises.2007.720p ][ 31 3.895870 Meet The Fockers    720p ][ 36 8.260447 Hellboy 1    1080p ][ 37 1.272687 SAW IV ][ 44 2.740964 Paris.Je.T.Aime.2006.720p.BluRay.x264-CiNEFiLE ][ 45 8.391770 Shark Tale [2004] [1080p] ]
[ 1 4.538350 Shoot.Em.Up.720p.Bluray.x264-SEPTiC ][ 3 5.964769 Bolt [2008] [1080p] ][ 7 5.316481 Terminator.1984.720p.BluRay.x264-ESiR ][ 9 3.118694 Kill Shot   720p ][ 19 5.367680 Mission Impossible Trilogy   720p ][ 20 0.233403 Cellular.2004.HDTV.720p.AC3.x264-BTT ][ 21 4.854016 High school musical 2006    720p ][ 30 0.589414 Eastern.Promises.2007.720p ][ 31 3.895870 Meet The Fockers    720p ][ 36 8.260447 Hellboy 1    1080p ][ 44 2.740964 Paris.Je.T.Aime.2006.720p.BluRay.x264-CiNEFiLE ][ 45 8.391770 Shark Tale [2004] [1080p] ][ 46 2.018515 The.Godfather.Part.I.1972.720p.BluRay.x264-ESiR ][ 62 0.615525 300 [2006] ][ 63 9.584897 G.I.Joe The Rise of Cobra [2009] [720p] ][ 67 6.923587 Rocky 3 [1982] [BluRay] [720p] [AC3] ]
[ 1 4.538350 Shoot.Em.Up.720p.Bluray.x264-SEPTiC ][ 2 1.990900 Eragon 720p ][ 3 5.964769 Bolt [2008] [1080p] ][ 9 3.118694 Kill Shot   720p ][ 18 2.157501 James Bond 16 - Licence to Kill [1989] ][ 20 0.233403 Cellular.2004.HDTV.720p.AC3.x264-BTT ][ 21 4.854016 High school musical 2006    720p ][ 28 8.335675 Beauty.And.The.Beast.1991.720p.HDTV.x264-hV ][ 30 0.589414 Eastern.Promises.2007.720p ][ 36 8.260447 Hellboy 1    1080p ][ 38 7.997828 The Day After Tomorrow 1080p ][ 41 2.411090 Shrek The Third [2007] [720p] ][ 44 2.740964 Paris.Je.T.Aime.2006.720p.BluRay.x264-CiNEFiLE ][ 45 8.391770 Shark Tale [2004] [1080p] ][ 46 2.018515 The.Godfather.Part.I.1972.720p.BluRay.x264-ESiR ][ 59 5.300373 WALL-E.720p.BluRay.x264-iNFAMOUS ][ 62 0.615525 300 [2006] ][ 63 9.584897 G.I.Joe The Rise of Cobra [2009] [720p] ][ 67 6.923587 Rocky 3 [1982] [BluRay] [720p] [AC3] ][ 72 2.267329 The Notebook [2004] [1080p] ]
[ 1 4.538350 Shoot.Em.Up.720p.Bluray.x264-SEPTiC ][ 2 1.990900 Eragon 720p ][ 9 3.118694 Kill Shot   720p ][ 18 2.157501 James Bond 16 - Licence to Kill [1989] ][ 20 0.233403 Cellular.2004.HDTV.720p.AC3.x264-BTT ][ 21 4.854016 High school musical 2006    720p ][ 22 1.845347 Lord of war   720p ][ 25 4.432990 The Brave One 720P ][ 30 0.589414 Eastern.Promises.2007.720p ][ 36 8.260447 Hellboy 1    1080p ][ 38 7.997828 The Day After Tomorrow 1080p ][ 44 2.740964 Paris.Je.T.Aime.2006.720p.BluRay.x264-CiNEFiLE ][ 45 8.391770 Shark Tale [2004] [1080p] ][ 46 2.018515 The.Godfather.Part.I.1972.720p.BluRay.x264-ESiR ][ 47 5.772788 Superman Returns   720p ][ 52 8.861214 Orphan (2009)    1080p ][ 56 5.309156 contents.txt ][ 59 5.300373 WALL-E.720p.BluRay.x264-iNFAMOUS ][ 62 0.615525 300 [2006] ][ 63 9.584897 G.I.Joe The Rise of Cobra [2009] [720p] ][ 65 5.344133 Fast and the Furious 2 - 1080p ][ 67 6.923587 Rocky 3 [1982] [BluRay] [720p] [AC3] ][ 71 8.735117 12 Rounds 720p ][ 72 2.267329 The Notebook [2004] [1080p] ][ 77 4.706225 Crash    1080p ]
[ 1 4.538350 Shoot.Em.Up.720p.Bluray.x264-SEPTiC ][ 2 1.990900 Eragon 720p ][ 6 5.552467 007 Series ][ 9 3.118694 Kill Shot   720p ][ 20 0.233403 Cellular.2004.HDTV.720p.AC3.x264-BTT ][ 21 4.854016 High school musical 2006    720p ][ 22 1.845347 Lord of war   720p ][ 25 4.432990 The Brave One 720P ][ 30 0.589414 Eastern.Promises.2007.720p ][ 36 8.260447 Hellboy 1    1080p ][ 38 7.997828 The Day After Tomorrow 1080p ][ 44 2.740964 Paris.Je.T.Aime.2006.720p.BluRay.x264-CiNEFiLE ][ 45 8.391770 Shark Tale [2004] [1080p] ][ 47 5.772788 Superman Returns   720p ][ 49 8.054504 James Bond 15 - The Living Daylights [1987] [720p] ][ 56 5.309156 contents.txt ][ 57 6.069700 Erin Brockovich 2000.720p ][ 59 5.300373 WALL-E.720p.BluRay.x264-iNFAMOUS ][ 60 2.905716 X-Men Origin - Wolverine [2009] [1080p] ][ 62 0.615525 300 [2006] ][ 63 9.584897 G.I.Joe The Rise of Cobra [2009] [720p] ][ 66 6.632249 Inkheart [2008] [720p] ][ 67 6.923587 Rocky 3 [1982] [BluRay] [720p] [AC3] ][ 71 8.735117 12 Rounds 720p ][ 72 2.267329 The Notebook [2004] [1080p] ][ 75 2.969652 Crossing Over 720P ][ 77 4.706225 Crash    1080p ][ 81 9.024757 Race To Witch Mountain [1080p] ][ 92 5.964354 Lord Of The Ring  - Return Of The King   720p ][ 94 7.841559 Elite Squad 1080p ]
[ 1 4.538350 Shoot.Em.Up.720p.Bluray.x264-SEPTiC ][ 2 1.990900 Eragon 720p ][ 5 0.068397 Night At The Museum 2 [720p] ][ 6 5.552467 007 Series ][ 9 3.118694 Kill Shot   720p ][ 20 0.233403 Cellular.2004.HDTV.720p.AC3.x264-BTT ][ 21 4.854016 High school musical 2006    720p ][ 25 4.432990 The Brave One 720P ][ 30 0.589414 Eastern.Promises.2007.720p ][ 34 0.515868 Harold & Kumar   720p ][ 38 7.997828 The Day After Tomorrow 1080p ][ 44 2.740964 Paris.Je.T.Aime.2006.720p.BluRay.x264-CiNEFiLE ][ 45 8.391770 Shark Tale [2004] [1080p] ][ 47 5.772788 Superman Returns   720p ][ 49 8.054504 James Bond 15 - The Living Daylights [1987] [720p] ][ 56 5.309156 contents.txt ][ 57 6.069700 Erin Brockovich 2000.720p ][ 59 5.300373 WALL-E.720p.BluRay.x264-iNFAMOUS ][ 62 0.615525 300 [2006] ][ 63 9.584897 G.I.Joe The Rise of Cobra [2009] [720p] ][ 64 7.257122 Terminator.1984.720p.BluRay.x264-ESiR ][ 66 6.632249 Inkheart [2008] [720p] ][ 67 6.923587 Rocky 3 [1982] [BluRay] [720p] [AC3] ][ 71 8.735117 12 Rounds 720p ][ 72 2.267329 The Notebook [2004] [1080p] ][ 75 2.969652 Crossing Over 720P ][ 76 0.680592 Red Cliff    1080p ][ 77 4.706225 Crash    1080p ][ 81 9.024757 Race To Witch Mountain [1080p] ][ 83 1.598779 The Final Destination 4 [2009] [720p] ][ 87 3.873603 Star Wars Saga  Collection 720p ][ 88 8.822993 The Tale Of Despereaux [720p] ][ 92 5.964354 Lord Of The Ring  - Return Of The King   720p ][ 93 1.075066 Blood River 720P ][ 94 7.841559 Elite Squad 1080p ][ 96 2.972061 Final Destination 4   1080p ]
[ 1 4.538350 Shoot.Em.Up.720p.Bluray.x264-SEPTiC ][ 2 1.990900 Eragon 720p ][ 5 0.068397 Night At The Museum 2 [720p] ][ 6 5.552467 007 Series ][ 8 3.094336 Eastern.Promises.2007.720p ][ 20 0.233403 Cellular.2004.HDTV.720p.AC3.x264-BTT ][ 21 4.854016 High school musical 2006    720p ][ 25 4.432990 The Brave One 720P ][ 30 0.589414 Eastern.Promises.2007.720p ][ 38 7.997828 The Day After Tomorrow 1080p ][ 42 4.822727 Fantastic Four   1080p ][ 44 2.740964 Paris.Je.T.Aime.2006.720p.BluRay.x264-CiNEFiLE ][ 45 8.391770 Shark Tale [2004] [1080p] ][ 47 5.772788 Superman Returns   720p ][ 49 8.054504 James Bond 15 - The Living Daylights [1987] [720p] ][ 56 5.309156 contents.txt ][ 57 6.069700 Erin Brockovich 2000.720p ][ 62 0.615525 300 [2006] ][ 63 9.584897 G.I.Joe The Rise of Cobra [2009] [720p] ][ 64 7.257122 Terminator.1984.720p.BluRay.x264-ESiR ][ 66 6.632249 Inkheart [2008] [720p] ][ 67 6.923587 Rocky 3 [1982] [BluRay] [720p] [AC3] ][ 70 4.591420 The Brave One 720P ][ 71 8.735117 12 Rounds 720p ][ 72 2.267329 The Notebook [2004] [1080p] ][ 73 3.412676 Ongbak 2003 720p ][ 75 2.969652 Crossing Over 720P ][ 76 0.680592 Red Cliff    1080p ][ 77 4.706225 Crash    1080p ][ 78 7.061405 Street Fighter The Legend Of Chun Li 720P ][ 81 9.024757 Race To Witch Mountain [1080p] ][ 83 1.598779 The Final Destination 4 [2009] [720p] ][ 87 3.873603 Star Wars Saga  Collection 720p ][ 90 3.725647 Disturbia    720p ][ 92 5.964354 Lord Of The Ring  - Return Of The King   720p ][ 93 1.075066 Blood River 720P ][ 94 7.841559 Elite Squad 1080p ][ 96 2.972061 Final Destination 4   1080p ][ 98 8.658000 James Bond 03 - GoldFinger [1964] ][ 105 6.597045 A Knight's Tale [2001] [720p] ][ 107 0.512666 Big Nothing   720p ][ 112 9.323279 Baby on Board (2009)    720p ]
[ 2 1.990900 Eragon 720p ][ 6 5.552467 007 Series ][ 8 3.094336 Eastern.Promises.2007.720p ][ 13 4.860274 Ong.Bak.2.2008.BluRay.x264-BestHD   720p ][ 20 0.233403 Cellular.2004.HDTV.720p.AC3.x264-BTT ][ 21 4.854016 High school musical 2006    720p ][ 24 9.909741 Shutter   720p ][ 25 4.432990 The Brave One 720P ][ 30 0.589414 Eastern.Promises.2007.720p ][ 38 7.997828 The Day After Tomorrow 1080p ][ 42 4.822727 Fantastic Four   1080p ][ 44 2.740964 Paris.Je.T.Aime.2006.720p.BluRay.x264-CiNEFiLE ][ 45 8.391770 Shark Tale [2004] [1080p] ][ 47 5.772788 Superman Returns   720p ][ 49 8.054504 James Bond 15 - The Living Daylights [1987] [720p] ][ 51 0.929372 Lord Of The Ring  - The Fellowship Of The Ring   720p ][ 54 1.309539 Rocky 1 [1976]  [BluRay] [720p] [AC3] ][ 56 5.309156 contents.txt ][ 57 6.069700 Erin Brockovich 2000.720p ][ 62 0.615525 300 [2006] ][ 63 9.584897 G.I.Joe The Rise of Cobra [2009] [720p] ][ 64 7.257122 Terminator.1984.720p.BluRay.x264-ESiR ][ 66 6.632249 Inkheart [2008] [720p] ][ 67 6.923587 Rocky 3 [1982] [BluRay] [720p] [AC3] ][ 69 8.585886 Batman Cartoon - Gotham Knight   720p ][ 70 4.591420 The Brave One 720P ][ 71 8.735117 12 Rounds 720p ][ 73 3.412676 Ongbak 2003 720p ][ 75 2.969652 Crossing Over 720P ][ 76 0.680592 Red Cliff    1080p ][ 77 4.706225 Crash    1080p ][ 81 9.024757 Race To Witch Mountain [1080p] ][ 83 1.598779 The Final Destination 4 [2009] [720p] ][ 84 7.727290 Inkheart [2008] [720p] ][ 87 3.873603 Star Wars Saga  Collection 720p ][ 90 3.725647 Disturbia    720p ][ 92 5.964354 Lord Of The Ring  - Return Of The King   720p ][ 93 1.075066 Blood River 720P ][ 94 7.841559 Elite Squad 1080p ][ 95 1.641497 The Mummy 1-2   1080p ][ 96 2.972061 Final Destination 4   1080p ][ 98 8.658000 James Bond 03 - GoldFinger [1964] ][ 103 0.654734 Fast and the Furious 4 - 1080p ][ 105 6.597045 A Knight's Tale [2001] [720p] ][ 106 7.664104 Cars [2006] [720p] ][ 107 0.512666 Big Nothing   720p ][ 112 9.323279 Baby on Board (2009)    720p ][ 122 4.143069 Night Train   720p ][ 123 9.091357 Casablana.1942.1080p.BluRay.x264.Codres ]
