[ 17 6.311757 007.1967.You.Only.Live.Twice.720p.hdtv.x264-nbs ]
[ 17 6.311757 007.1967.You.Only.Live.Twice.720p.hdtv.x264-nbs ][ 22 0.264779 Indiana.Jones.and.the.Kingdom.of.the.Crystal.Skull    1080p ]
[ 2 8.005718 Resident Evil Series    1080p ][ 12 8.985420 Star Trek [2009] [1080p] ][ 22 0.264779 Indiana.Jones.and.the.Kingdom.of.the.Crystal.Skull    1080p ][ 37 5.164849 Kill Bill Vol 2 [2004]   720p ]
[ 1 5.831204 High school musical 2006    720p ][ 4 2.465489 Daredevil - 720p ][ 9 4.511787 Night At The Museum 2 [720p] ][ 12 8.985420 Star Trek [2009] [1080p] ][ 33 6.339749 Moulin Rouge   720p ][ 37 5.164849 Kill Bill Vol 2 [2004]   720p ]
[ 1 5.831204 High school musical 2006    720p ][ 4 2.465489 Daredevil - 720p ][ 9 4.511787 Night At The Museum 2 [720p] ][ 12 8.985420 Star Trek [2009] [1080p] ][ 14 8.955331 Pursuit_Of_Happyness[2006]   720p ][ 21 3.906966 Orphan (2009)    1080p ][ 24 2.177479 Final Destination 2 ][ 33 6.339749 Moulin Rouge   720p ][ 39 6.383121 A Bug's Life [720p] ]
[ 4 2.465489 Daredevil - 720p ][ 6 0.001435 Iron Man    1080p ][ 8 2.178239 Surrogates [2009] [720p] ][ 9 4.511787 Night At The Museum 2 [720p] ][ 12 8.985420 Star Trek [2009] [1080p] ][ 14 8.955331 Pursuit_Of_Happyness[2006]   720p ][ 21 3.906966 Orphan (2009)    1080p ][ 29 9.979039 The.Godfather.Part.II.1974.720p.BluRay.x264-ESiR_tehPARADOX.COM ][ 33 6.339749 Moulin Rouge   720p ][ 39 6.383121 A Bug's Life [720p] ][ 50 8.371603 James Bond 15 - The Living Daylights [1987] [720p] ][ 58 1.905551 James Bond 05 - You Only Live Twice [1967] ]
[ 6 0.001435 Iron Man    1080p ][ 8 2.178239 Surrogates [2009] [720p] ][ 9 4.511787 Night At The Museum 2 [720p] ][ 12 8.985420 Star Trek [2009] [1080p] ][ 14 8.955331 Pursuit_Of_Happyness[2006]   720p ][ 21 3.906966 Orphan (2009)    1080p ][ 25 4.828672 Die Hard 2   720p ][ 29 9.979039 The.Godfather.Part.II.1974.720p.BluRay.x264-ESiR_tehPARADOX.COM ][ 33 6.339749 Moulin Rouge   720p ][ 38 7.188964 Die Hard 4   1080p ][ 39 6.383121 A Bug's Life [720p] ][ 42 9.125894 Fast and the Furious 1 - 1080p ][ 43 7.747022 WALL-E.720p.BluRay.x264-iNFAMOUS ][ 44 1.235258 contents.txt ][ 58 1.905551 James Bond 05 - You Only Live Twice [1967] ][ 64 5.977297 Big Stan   1080p ]
[ 0 2.419153 Ju-on__The_Grudge_(2003)   720p ][ 6 0.001435 Iron Man    1080p ][ 7 6.267379 5_Centimeters_Per_Second_(2007)_[720p,BluRay,x264]_-_THORA ][ 9 4.511787 Night At The Museum 2 [720p] ][ 14 8.955331 Pursuit_Of_Happyness[2006]   720p ][ 21 3.906966 Orphan (2009)    1080p ][ 23 3.510136 Ice Age 2 The Meltdown [2006] [720p] ][ 28 5.944283 Cloverfield   1080p ][ 29 9.979039 The.Godfather.Part.II.1974.720p.BluRay.x264-ESiR_tehPARADOX.COM ][ 33 6.339749 Moulin Rouge   720p ][ 38 7.188964 Die Hard 4   1080p ][ 39 6.383121 A Bug's Life [720p] ][ 42 9.125894 Fast and the Furious 1 - 1080p ][ 43 7.747022 WALL-E.720p.BluRay.x264-iNFAMOUS ][ 44 1.235258 contents.txt ][ 47 4.235915 The Matrix [1999] [1080p] ][ 58 1.905551 James Bond 05 - You Only Live Twice [1967] ][ 60 5.010554 PBS ][ 64 5.977297 Big Stan   1080p ][ 65 5.138371 Die Hard 1   720p ]
[ 0 2.419153 Ju-on__The_Grudge_(2003)   720p ][ 5 2.274808 Direct Contact    720p ][ 7 6.267379 5_Centimeters_Per_Second_(2007)_[720p,BluRay,x264]_-_THORA ][ 9 4.511787 Night At The Museum 2 [720p] ][ 13 0.701472 The.Godfather.Part.III.1990.720p.BluRay.x264-SiNNERS_tehPARADOX.COM ][ 14 8.955331 Pursuit_Of_Happyness[2006]   720p ][ 19 7.980061 Leon_The Professional.HD   720p ][ 21 3.906966 Orphan (2009)    1080p ][ 23 3.510136 Ice Age 2 The Meltdown [2006] [720p] ][ 28 5.944283 Cloverfield   1080p ][ 29 9.979039 The.Godfather.Part.II.1974.720p.BluRay.x264-ESiR_tehPARADOX.COM ][ 32 2.744495 The Extreme Movie 720P ][ 36 2.393116 X-Men 4 - Origins Wolverine (2009)  1080p ][ 38 7.188964 Die Hard 4   1080p ][ 40 2.132660 Fast and the Furious 2 - 1080p ][ 42 9.125894 Fast and the Furious 1 - 1080p ][ 43 7.747022 WALL-E.720p.BluRay.x264-iNFAMOUS ][ 47 4.235915 The Matrix [1999] [1080p] ][ 54 7.913439 Star Trek [2009] [1080p] ][ 58 1.905551 James Bond 05 - You Only Live Twice [1967] ][ 60 5.010554 PBS ][ 64 5.977297 Big Stan   1080p ][ 65 5.138371 Die Hard 1   720p ][ 77 4.436125 Epic Movie UNRATED (2007) 720p ][ 81 4.443471 Apollo 13   1080p ]
[ 0 2.419153 Ju-on__The_Grudge_(2003)   720p ][ 5 2.274808 Direct Contact    720p ][ 7 6.267379 5_Centimeters_Per_Second_(2007)_[720p,BluRay,x264]_-_THORA ][ 9 4.511787 Night At The Museum 2 [720p] ][ 13 0.701472 The.Godfather.Part.III.1990.720p.BluRay.x264-SiNNERS_tehPARADOX.COM ][ 14 8.955331 Pursuit_Of_Happyness[2006]   720p ][ 19 7.980061 Leon_The Professional.HD   720p ][ 20 5.562499 G.I.Joe The Rise of Cobra [2009] [720p] ][ 23 3.510136 Ice Age 2 The Meltdown [2006] [720p] ][ 28 5.944283 Cloverfield   1080p ][ 29 9.979039 The.Godfather.Part.II.1974.720p.BluRay.x264-ESiR_tehPARADOX.COM ][ 32 2.744495 The Extreme Movie 720P ][ 36 2.393116 X-Men 4 - Origins Wolverine (2009)  1080p ][ 38 7.188964 Die Hard 4   1080p ][ 40 2.132660 Fast and the Furious 2 - 1080p ][ 43 7.747022 WALL-E.720p.BluRay.x264-iNFAMOUS ][ 53 3.813359 Fast and the Furious 4 - 1080p ][ 54 7.913439 Star Trek [2009] [1080p] ][ 58 1.905551 James Bond 05 - You Only Live Twice [1967] ][ 60 5.010554 PBS ][ 65 5.138371 Die Hard 1   720p ][ 67 3.923851 Die Hard 1   720p ][ 68 5.173576 American Psycho   720p ][ 73 2.383650 SAW III   720p ][ 77 4.436125 Epic Movie UNRATED (2007) 720p ][ 81 4.443471 Apollo 13   1080p ][ 83 5.601741 Spiderman 2   1080p ][ 87 9.755434 007.1983.Never.Say.Never.Again.1080p.BluRay.x264-CiNEFiLE ][ 88 8.522984 Charlie and the Chocolate Factory   720p ][ 89 3.261631 Coyote Ugly 1080p ]
[ 0 2.419153 Ju-on__The_Grudge_(2003)   720p ][ 5 2.274808 Direct Contact    720p ][ 7 6.267379 5_Centimeters_Per_Second_(2007)_[720p,BluRay,x264]_-_THORA ][ 9 4.511787 Night At The Museum 2 [720p] ][ 13 0.701472 The.Godfather.Part.III.1990.720p.BluRay.x264-SiNNERS_tehPARADOX.COM ][ 14 8.955331 Pursuit_Of_Happyness[2006]   720p ][ 16 0.534959 Eurotrip 720p ][ 19 7.980061 Leon_The Professional.HD   720p ][ 20 5.562499 G.I.Joe The Rise of Cobra [2009] [720p] ][ 23 3.510136 Ice Age 2 The Meltdown [2006] [720p] ][ 28 5.944283 Cloverfield   1080p ][ 29 9.979039 The.Godfather.Part.II.1974.720p.BluRay.x264-ESiR_tehPARADOX.COM ][ 32 2.744495 The Extreme Movie 720P ][ 36 2.393116 X-Men 4 - Origins Wolverine (2009)  1080p ][ 38 7.188964 Die Hard 4   1080p ][ 40 2.132660 Fast and the Furious 2 - 1080p ][ 43 7.747022 WALL-E.720p.BluRay.x264-iNFAMOUS ][ 51 8.020019 Alone in the dark   720p ][ 53 3.813359 Fast and the Furious 4 - 1080p ][ 54 7.913439 Star Trek [2009] [1080p] ][ 57 5.933093 Blade 2   720p ][ 58 1.905551 James Bond 05 - You Only Live Twice [1967] ][ 59 5.652624 Bride Wars   720p ][ 60 5.010554 PBS ][ 63 7.597597 Cloverfield   1080p ][ 67 3.923851 Die Hard 1   720p ][ 68 5.173576 American Psycho   720p ][ 79 3.249007 Fight.Club.1999.720p.BluRay.DTS-ES.x264-DON ][ 83 5.601741 Spiderman 2   1080p ][ 87 9.755434 007.1983.Never.Say.Never.Again.1080p.BluRay.x264-CiNEFiLE ][ 88 8.522984 Charlie and the Chocolate Factory   720p ][ 89 3.261631 Coyote Ugly 1080p ][ 93 5.538967 Exiled   720p ][ 102 9.286873 X-Men Origin - Wolverine [2009] [1080p] ][ 103 0.923987 Miss March [720p] ][ 106 9.564327 The Extreme Movie 720P ]
[ 0 2.419153 Ju-on__The_Grudge_(2003)   720p ][ 5 2.274808 Direct Contact    720p ][ 7 6.267379 5_Centimeters_Per_Second_(2007)_[720p,BluRay,x264]_-_THORA ][ 9 4.511787 Night At The Museum 2 [720p] ][ 10 4.442978 The Godfather [1972] [720p] ][ 13 0.701472 The.Godfather.Part.III.1990.720p.BluRay.x264-SiNNERS_tehPARADOX.COM ][ 14 8.955331 Pursuit_Of_Happyness[2006]   720p ][ 16 0.534959 Eurotrip 720p ][ 20 5.562499 G.I.Joe The Rise of Cobra [2009] [720p] ][ 23 3.510136 Ice Age 2 The Meltdown [2006] [720p] ][ 28 5.944283 Cloverfield   1080p ][ 29 9.979039 The.Godfather.Part.II.1974.720p.BluRay.x264-ESiR_tehPARADOX.COM ][ 32 2.744495 The Extreme Movie 720P ][ 38 7.188964 Die Hard 4   1080p ][ 40 2.132660 Fast and the Furious 2 - 1080p ][ 43 7.747022 WALL-E.720p.BluRay.x264-iNFAMOUS ][ 51 8.020019 Alone in the dark   720p ][ 53 3.813359 Fast and the Furious 4 - 1080p ][ 54 7.913439 Star Trek [2009] [1080p] ][ 57 5.933093 Blade 2   720p ][ 59 5.652624 Bride Wars   720p ][ 62 5.772104 Leaving Las Vegas  720p ][ 63 7.597597 Cloverfield   1080p ][ 68 5.173576 American Psycho   720p ][ 71 7.822499 The Mummy 1-2   1080p ][ 79 3.249007 Fight.Club.1999.720p.BluRay.DTS-ES.x264-DON ][ 83 5.601741 Spiderman 2   1080p ][ 87 9.755434 007.1983.Never.Say.Never.Again.1080p.BluRay.x264-CiNEFiLE ][ 88 8.522984 Charlie and the Chocolate Factory   720p ][ 89 3.261631 Coyote Ugly 1080p ][ 90 1.233890 Disturbia    720p ][ 91 0.680605 X-Men 1 - 1080p ][ 92 7.720898 The Final Destination 4 [2009] [720p] ][ 93 5.538967 Exiled   720p ][ 95 3.194070 X-Men Origin - Wolverine [2009] [1080p] ][ 97 8.242706 Sky.Captain.And.The.World.Of.Tomorrow[www.x1949x.com]    720p ][ 101 4.396856 Epic Movie UNRATED (2007) 720p ][ 102 9.286873 X-Men Origin - Wolverine [2009] [1080p] ][ 103 0.923987 Miss March [720p] ][ 106 9.564327 The Extreme Movie 720P ][ 108 7.134065 Scooby.Doo.The.Mystery.Begins.2009   720p ][ 113 1.506734 Lucky.Number.Slevin.2006.720p.HDDVD.x264-ESiR ]
[ 0 2.419153 Ju-on__The_Grudge_(2003)   720p ][ 5 2.274808 Direct Contact    720p ][ 7 6.267379 5_Centimeters_Per_Second_(2007)_[720p,BluRay,x264]_-_THORA ][ 9 4.511787 Night At The Museum 2 [720p] ][ 11 8.478702 Jeniffer's Body ( 2009)    1080p ][ 13 0.701472 The.Godfather.Part.III.1990.720p.BluRay.x264-SiNNERS_tehPARADOX.COM ][ 14 8.955331 Pursuit_Of_Happyness[2006]   720p ][ 16 0.534959 Eurotrip 720p ][ 18 7.441213 CJ7   720p ][ 20 5.562499 G.I.Joe The Rise of Cobra [2009] [720p] ][ 28 5.944283 Cloverfield   1080p ][ 29 9.979039 The.Godfather.Part.II.1974.720p.BluRay.x264-ESiR_tehPARADOX.COM ][ 31 9.389993 The Matrix Revolution   1080p ][ 32 2.744495 The Extreme Movie 720P ][ 38 7.188964 Die Hard 4   1080p ][ 40 2.132660 Fast and the Furious 2 - 1080p ][ 43 7.747022 WALL-E.720p.BluRay.x264-iNFAMOUS ][ 51 8.020019 Alone in the dark   720p ][ 57 5.933093 Blade 2   720p ][ 59 5.652624 Bride Wars   720p ][ 62 5.772104 Leaving Las Vegas  720p ][ 63 7.597597 Cloverfield   1080p ][ 68 5.173576 American Psycho   720p ][ 71 7.822499 The Mummy 1-2   1080p ][ 72 0.979837 WALL-E.720p.BluRay.x264-iNFAMOUS ][ 79 3.249007 Fight.Club.1999.720p.BluRay.DTS-ES.x264-DON ][ 83 5.601741 Spiderman 2   1080p ][ 84 6.953433 Kung Fu Hustle   720p ][ 87 9.755434 007.1983.Never.Say.Never.Again.1080p.BluRay.x264-CiNEFiLE ][ 88 8.522984 Charlie and the Chocolate Factory   720p ][ 89 3.261631 Coyote Ugly 1080p ][ 90 1.233890 Disturbia    720p ][ 91 0.680605 X-Men 1 - 1080p ][ 92 7.720898 The Final Destination 4 [2009] [720p] ][ 95 3.194070 X-Men Origin - Wolverine [2009] [1080p] ][ 97 8.242706 Sky.Captain.And.The.World.Of.Tomorrow[www.x1949x.com]    720p ][ 100 1.394423 Shinjuku Incident ][ 101 4.396856 Epic Movie UNRATED (2007) 720p ][ 102 9.286873 X-Men Origin - Wolverine [2009] [1080p] ][ 103 0.923987 Miss March [720p] ][ 106 9.564327 The Extreme Movie 720P ][ 108 7.134065 Scooby.Doo.The.Mystery.Begins.2009   720p ][ 113 1.506734 Lucky.Number.Slevin.2006.720p.HDDVD.x264-ESiR ][ 116 1.253700 Dumb and Dumber   720p ][ 119 1.156593 Terminator 3 Rise Of The Machine [2003]   720p ][ 120 8.970545 Cleanwest 720p ][ 121 8.631616 Fast and the Furious 3 -  Tokyo Drift - 1080p ][ 123 2.299857 Poseidon   1080p ][ 126 5.252904 Rocky Balboa    720p ]
