[ 32 0.701286 Dragon Wars   720p ]
[ 15 3.570854 James Bond 11 - MoonRaker [1979] ][ 33 1.895006 Star Trek [2009] [1080p] ]
[ 11 0.245685 Madagascar 2 Escape 2 Africa [2008] [720p] ][ 14 7.053906 Die Hard 3   720p ][ 15 3.570854 James Bond 11 - MoonRaker [1979] ][ 33 1.895006 Star Trek [2009] [1080p] ]
[ 12 5.427464 Equilibrium 720p ][ 14 7.053906 Die Hard 3   720p ][ 15 3.570854 James Bond 11 - MoonRaker [1979] ][ 33 1.895006 Star Trek [2009] [1080p] ][ 38 2.609277 Finding Nemo [2003] [720p] ][ 52 1.900196 Lord Of The Ring 1 - Fellowship of the Ring (ExtEd) [1080p] ]
[ 5 9.728215 Body of Lies   720p ][ 12 5.427464 Equilibrium 720p ][ 15 3.570854 James Bond 11 - MoonRaker [1979] ][ 25 3.909678 Knowing 2009 720p ][ 33 1.895006 Star Trek [2009] [1080p] ][ 34 0.925188 Rambo 4 [2008] [720p] ][ 38 2.609277 Finding Nemo [2003] [720p] ][ 52 1.900196 Lord Of The Ring 1 - Fellowship of the Ring (ExtEd) [1080p] ][ 54 8.624808 Connected   720p ]
[ 5 9.728215 Body of Lies   720p ][ 13 2.818495 Doomsday 720p ][ 19 1.551491 Bad Boy I [1995] [720p] ][ 25 3.909678 Knowing 2009 720p ][ 28 1.679300 Ice Age 3 Dawn of the Dinosaurs [2009] [720p] ][ 33 1.895006 Star Trek [2009] [1080p] ][ 35 7.705054 Ice Age 1 [2002] [720p] ][ 38 2.609277 Finding Nemo [2003] [720p] ][ 44 7.472310 Duplicity 2009   720p ][ 52 1.900196 Lord Of The Ring 1 - Fellowship of the Ring (ExtEd) [1080p] ][ 54 8.624808 Connected   720p ][ 58 2.094819 21   1080p ]
[ 3 3.531948 Horton Hears a Who! [2008] [720p] ][ 5 9.728215 Body of Lies   720p ][ 8 5.011611 Pixar.Shorts.2009.720p.BluRay.AC3.x264-UNiT3D ][ 13 2.818495 Doomsday 720p ][ 19 1.551491 Bad Boy I [1995] [720p] ][ 24 5.036194 Lord Of The Ring 2 - The Two Towers (ExtEd) [1080p] ][ 25 3.909678 Knowing 2009 720p ][ 28 1.679300 Ice Age 3 Dawn of the Dinosaurs [2009] [720p] ][ 33 1.895006 Star Trek [2009] [1080p] ][ 35 7.705054 Ice Age 1 [2002] [720p] ][ 41 3.812025 Chicken Run [2000] [720p] ][ 44 7.472310 Duplicity 2009   720p ][ 48 2.112130 WALL-E.720p.BluRay.x264-iNFAMOUS ][ 52 1.900196 Lord Of The Ring 1 - Fellowship of the Ring (ExtEd) [1080p] ][ 54 8.624808 Connected   720p ][ 69 5.218473 Terminator 2 Judgement Day Directors Cut [1991]   1080p ]
[ 3 3.531948 Horton Hears a Who! [2008] [720p] ][ 5 9.728215 Body of Lies   720p ][ 8 5.011611 Pixar.Shorts.2009.720p.BluRay.AC3.x264-UNiT3D ][ 13 2.818495 Doomsday 720p ][ 16 3.041106 iRobot  720p ][ 21 5.124632 Monsters vs Aliens [2009] [720p] ][ 24 5.036194 Lord Of The Ring 2 - The Two Towers (ExtEd) [1080p] ][ 28 1.679300 Ice Age 3 Dawn of the Dinosaurs [2009] [720p] ][ 29 6.672017 Star Trek Collection 1-9    720p ][ 30 3.660891 James Bond 03 - GoldFinger [1964] ][ 33 1.895006 Star Trek [2009] [1080p] ][ 41 3.812025 Chicken Run [2000] [720p] ][ 44 7.472310 Duplicity 2009   720p ][ 47 0.322202 Chicken Little 1080p ][ 49 4.041338 Dragonball Evolution [2009] [720p] ][ 52 1.900196 Lord Of The Ring 1 - Fellowship of the Ring (ExtEd) [1080p] ][ 54 8.624808 Connected   720p ][ 59 7.119242 Jurassic Park 1-3  1080p ][ 69 5.218473 Terminator 2 Judgement Day Directors Cut [1991]   1080p ][ 78 8.245003 007 Licence to Kill [1989] [BluRay] [720p] [DTS] ]
[ 3 3.531948 Horton Hears a Who! [2008] [720p] ][ 5 9.728215 Body of Lies   720p ][ 8 5.011611 Pixar.Shorts.2009.720p.BluRay.AC3.x264-UNiT3D ][ 13 2.818495 Doomsday 720p ][ 21 5.124632 Monsters vs Aliens [2009] [720p] ][ 24 5.036194 Lord Of The Ring 2 - The Two Towers (ExtEd) [1080p] ][ 28 1.679300 Ice Age 3 Dawn of the Dinosaurs [2009] [720p] ][ 29 6.672017 Star Trek Collection 1-9    720p ][ 30 3.660891 James Bond 03 - GoldFinger [1964] ][ 31 5.085944 Big Nothing   720p ][ 33 1.895006 Star Trek [2009] [1080p] ][ 41 3.812025 Chicken Run [2000] [720p] ][ 42 1.063909 007 Series ][ 44 7.472310 Duplicity 2009   720p ][ 47 0.322202 Chicken Little 1080p ][ 49 4.041338 Dragonball Evolution [2009] [720p] ][ 52 1.900196 Lord Of The Ring 1 - Fellowship of the Ring (ExtEd) [1080p] ][ 54 8.624808 Connected   720p ][ 59 7.119242 Jurassic Park 1-3  1080p ][ 60 5.062544 The Matrix   1080p ][ 69 5.218473 Terminator 2 Judgement Day Directors Cut [1991]   1080p ][ 71 0.744343 The Usual Suspect    720p ][ 78 8.245003 007 Licence to Kill [1989] [BluRay] [720p] [DTS] ][ 80 8.351246 007.1967.You.Only.Live.Twice.720p.hdtv.x264-nbs ][ 85 5.971929 The Chronicle of Riddick 720p ]
[ 3 3.531948 Horton Hears a Who! [2008] [720p] ][ 5 9.728215 Body of Lies   720p ][ 7 9.025733 X-Men Origin - Wolverine [2009] [1080p] ][ 8 5.011611 Pixar.Shorts.2009.720p.BluRay.AC3.x264-UNiT3D ][ 13 2.818495 Doomsday 720p ][ 20 6.324520 Underworld Series ][ 21 5.124632 Monsters vs Aliens [2009] [720p] ][ 23 4.299087 Rocky 3 [1982] [BluRay] [720p] [AC3] ][ 28 1.679300 Ice Age 3 Dawn of the Dinosaurs [2009] [720p] ][ 29 6.672017 Star Trek Collection 1-9    720p ][ 30 3.660891 James Bond 03 - GoldFinger [1964] ][ 31 5.085944 Big Nothing   720p ][ 33 1.895006 Star Trek [2009] [1080p] ][ 41 3.812025 Chicken Run [2000] [720p] ][ 42 1.063909 007 Series ][ 44 7.472310 Duplicity 2009   720p ][ 47 0.322202 Chicken Little 1080p ][ 49 4.041338 Dragonball Evolution [2009] [720p] ][ 54 8.624808 Connected   720p ][ 56 5.219541 Etenal Sunshine of the Spotless Mind [2004] [Bluray] [1080p] [DTS] [EN] ][ 57 6.903327 Burn E [720p] ][ 59 7.119242 Jurassic Park 1-3  1080p ][ 60 5.062544 The Matrix   1080p ][ 70 2.588273 Battle for Terra [2007] [1080p] ][ 71 0.744343 The Usual Suspect    720p ][ 75 8.039718 Big Nothing   720p ][ 78 8.245003 007 Licence to Kill [1989] [BluRay] [720p] [DTS] ][ 80 8.351246 007.1967.You.Only.Live.Twice.720p.hdtv.x264-nbs ][ 85 5.971929 The Chronicle of Riddick 720p ][ 94 4.089340 Night At The Museum 2 [720p] ]
[ 3 3.531948 Horton Hears a Who! [2008] [720p] ][ 5 9.728215 Body of Lies   720p ][ 8 5.011611 Pixar.Shorts.2009.720p.BluRay.AC3.x264-UNiT3D ][ 20 6.324520 Underworld Series ][ 21 5.124632 Monsters vs Aliens [2009] [720p] ][ 23 4.299087 Rocky 3 [1982] [BluRay] [720p] [AC3] ][ 29 6.672017 Star Trek Collection 1-9    720p ][ 30 3.660891 James Bond 03 - GoldFinger [1964] ][ 31 5.085944 Big Nothing   720p ][ 33 1.895006 Star Trek [2009] [1080p] ][ 41 3.812025 Chicken Run [2000] [720p] ][ 42 1.063909 007 Series ][ 44 7.472310 Duplicity 2009   720p ][ 46 1.234344 Die Hard 3   720p ][ 47 0.322202 Chicken Little 1080p ][ 49 4.041338 Dragonball Evolution [2009] [720p] ][ 53 8.721944 A Bug's Life [720p] ][ 54 8.624808 Connected   720p ][ 56 5.219541 Etenal Sunshine of the Spotless Mind [2004] [Bluray] [1080p] [DTS] [EN] ][ 59 7.119242 Jurassic Park 1-3  1080p ][ 60 5.062544 The Matrix   1080p ][ 70 2.588273 Battle for Terra [2007] [1080p] ][ 71 0.744343 The Usual Suspect    720p ][ 75 8.039718 Big Nothing   720p ][ 78 8.245003 007 Licence to Kill [1989] [BluRay] [720p] [DTS] ][ 80 8.351246 007.1967.You.Only.Live.Twice.720p.hdtv.x264-nbs ][ 81 2.780032 City of Embers    720p ][ 82 5.081608 Bridge To Terabithia 720P ][ 84 6.959754 Terminator 3 Rise Of The Machine [2003]   720p ][ 85 5.971929 The Chronicle of Riddick 720p ][ 91 2.122059 American Psycho   720p ][ 92 0.945333 Sixth Sense   720p ][ 93 5.511501 Hellboy 2     1080p ][ 94 4.089340 Night At The Museum 2 [720p] ][ 103 5.516839 Hulk 2 - The Incredible Hulk - 720p ][ 110 4.048022 The Matrix Revolution   1080p ]
[ 2 9.730302 007 Thunderball [1965]  [BluRay] [720p] [DTS] ][ 3 3.531948 Horton Hears a Who! [2008] [720p] ][ 5 9.728215 Body of Lies   720p ][ 8 5.011611 Pixar.Shorts.2009.720p.BluRay.AC3.x264-UNiT3D ][ 20 6.324520 Underworld Series ][ 21 5.124632 Monsters vs Aliens [2009] [720p] ][ 23 4.299087 Rocky 3 [1982] [BluRay] [720p] [AC3] ][ 27 2.160895 Orphan (2009)    1080p ][ 29 6.672017 Star Trek Collection 1-9    720p ][ 31 5.085944 Big Nothing   720p ][ 33 1.895006 Star Trek [2009] [1080p] ][ 41 3.812025 Chicken Run [2000] [720p] ][ 42 1.063909 007 Series ][ 44 7.472310 Duplicity 2009   720p ][ 46 1.234344 Die Hard 3   720p ][ 47 0.322202 Chicken Little 1080p ][ 49 4.041338 Dragonball Evolution [2009] [720p] ][ 53 8.721944 A Bug's Life [720p] ][ 54 8.624808 Connected   720p ][ 56 5.219541 Etenal Sunshine of the Spotless Mind [2004] [Bluray] [1080p] [DTS] [EN] ][ 59 7.119242 Jurassic Park 1-3  1080p ][ 60 5.062544 The Matrix   1080p ][ 63 1.817112 Aeon Flux   720p ][ 64 2.923004 Hulk 2 - The Incredible Hulk - 720p ][ 70 2.588273 Battle for Terra [2007] [1080p] ][ 71 0.744343 The Usual Suspect    720p ][ 75 8.039718 Big Nothing   720p ][ 76 3.351120 The Day After Tomorrow 1080p ][ 80 8.351246 007.1967.You.Only.Live.Twice.720p.hdtv.x264-nbs ][ 81 2.780032 City of Embers    720p ][ 82 5.081608 Bridge To Terabithia 720P ][ 84 6.959754 Terminator 3 Rise Of The Machine [2003]   720p ][ 85 5.971929 The Chronicle of Riddick 720p ][ 88 4.953958 Jeniffer's Body ( 2009)    1080p ][ 91 2.122059 American Psycho   720p ][ 92 0.945333 Sixth Sense   720p ][ 93 5.511501 Hellboy 2     1080p ][ 94 4.089340 Night At The Museum 2 [720p] ][ 96 9.052782 Final Fantasy The Spirits Within    720p ][ 103 5.516839 Hulk 2 - The Incredible Hulk - 720p ][ 104 0.841493 Taken 1080p ][ 110 4.048022 The Matrix Revolution   1080p ]
[ 2 9.730302 007 Thunderball [1965]  [BluRay] [720p] [DTS] ][ 3 3.531948 Horton Hears a Who! [2008] [720p] ][ 5 9.728215 Body of Lies   720p ][ 8 5.011611 Pixar.Shorts.2009.720p.BluRay.AC3.x264-UNiT3D ][ 20 6.324520 Underworld Series ][ 21 5.124632 Monsters vs Aliens [2009] [720p] ][ 22 4.446526 X-Men 3   1080p ][ 23 4.299087 Rocky 3 [1982] [BluRay] [720p] [AC3] ][ 27 2.160895 Orphan (2009)    1080p ][ 41 3.812025 Chicken Run [2000] [720p] ][ 42 1.063909 007 Series ][ 44 7.472310 Duplicity 2009   720p ][ 46 1.234344 Die Hard 3   720p ][ 47 0.322202 Chicken Little 1080p ][ 49 4.041338 Dragonball Evolution [2009] [720p] ][ 50 8.118501 Indiana.Jones.and.the.Kingdom.of.the.Crystal.Skull    1080p ][ 51 4.549279 Lion King, The 720p ][ 53 8.721944 A Bug's Life [720p] ][ 59 7.119242 Jurassic Park 1-3  1080p ][ 60 5.062544 The Matrix   1080p ][ 61 1.298710 Eragon [2006] [720p] ][ 63 1.817112 Aeon Flux   720p ][ 64 2.923004 Hulk 2 - The Incredible Hulk - 720p ][ 67 8.151021 IMAX Ring of Fire [720p] [Documenter] ][ 70 2.588273 Battle for Terra [2007] [1080p] ][ 71 0.744343 The Usual Suspect    720p ][ 75 8.039718 Big Nothing   720p ][ 76 3.351120 The Day After Tomorrow 1080p ][ 80 8.351246 007.1967.You.Only.Live.Twice.720p.hdtv.x264-nbs ][ 81 2.780032 City of Embers    720p ][ 82 5.081608 Bridge To Terabithia 720P ][ 84 6.959754 Terminator 3 Rise Of The Machine [2003]   720p ][ 85 5.971929 The Chronicle of Riddick 720p ][ 86 4.615148 Kung Fu Panda (BluRay 720p) ][ 88 4.953958 Jeniffer's Body ( 2009)    1080p ][ 92 0.945333 Sixth Sense   720p ][ 93 5.511501 Hellboy 2     1080p ][ 94 4.089340 Night At The Museum 2 [720p] ][ 95 9.559426 Sky.Captain.And.The.World.Of.Tomorrow[www.x1949x.com]    720p ][ 96 9.052782 Final Fantasy The Spirits Within    720p ][ 98 3.501873 Madagascar 1 [2005] [1080p] ][ 99 7.994218 Toy.Story.1995.720p.HDTV.x264-CtrlHD ][ 103 5.516839 Hulk 2 - The Incredible Hulk - 720p ][ 104 0.841493 Taken 1080p ][ 110 4.048022 The Matrix Revolution   1080p ][ 112 7.376703 Rocky 5 [1990] [BluRay] [720p] [AC3] ][ 117 4.067580 James Bond 08 - Live and Let Die [1973] ][ 121 0.971639 Eragon 720p ][ 124 6.319414 Iron Man    1080p ]
