[ 13 4.396584 Assassination of a High School President 720p ]
[ 21 5.070408 007 Goldfinger [1964] [BluRay] [720p] [DTS] ][ 50 0.810797 Blood River 720P ]
[ 1 0.773411 Stargate-The Ark of Truth 720p ][ 20 6.718305 Bronson.LIMITED.720p.BluRay.x264-iNFAMOUS ][ 21 5.070408 007 Goldfinger [1964] [BluRay] [720p] [DTS] ][ 50 0.810797 Blood River 720P ]
[ 1 0.773411 Stargate-The Ark of Truth 720p ][ 9 8.702495 Spiderman 3   1080p ][ 20 6.718305 Bronson.LIMITED.720p.BluRay.x264-iNFAMOUS ][ 40 2.029920 Hulk 2 - The Incredible Hulk - 720p ][ 46 7.397625 Die Hard 4   1080p ][ 50 0.810797 Blood River 720P ]
[ 1 0.773411 Stargate-The Ark of Truth 720p ][ 9 8.702495 Spiderman 3   1080p ][ 31 6.227451 The.Godfather.Part.I.1972.720p.BluRay.x264-ESiR ][ 35 7.290227 Scooby.Doo.The.Mystery.Begins.2009   720p ][ 39 1.234791 The Brave One 720P ][ 40 2.029920 Hulk 2 - The Incredible Hulk - 720p ][ 41 5.175064 Robots.WS.AC3.x264.BluRay-PTM   720p ][ 46 7.397625 Die Hard 4   1080p ][ 50 0.810797 Blood River 720P ]
[ 1 0.773411 Stargate-The Ark of Truth 720p ][ 2 7.597812 Dolphin    720p ][ 5 6.054702 Horseman    720p ][ 9 8.702495 Spiderman 3   1080p ][ 27 6.874840 Firewall 720p ][ 28 7.498223 Romeo And Juliet   720p ][ 31 6.227451 The.Godfather.Part.I.1972.720p.BluRay.x264-ESiR ][ 35 7.290227 Scooby.Doo.The.Mystery.Begins.2009   720p ][ 39 1.234791 The Brave One 720P ][ 40 2.029920 Hulk 2 - The Incredible Hulk - 720p ][ 46 7.397625 Die Hard 4   1080p ][ 60 9.531191 Drag Me To Hell [720p] ]
[ 1 0.773411 Stargate-The Ark of Truth 720p ][ 2 7.597812 Dolphin    720p ][ 3 9.975537 Oceans.Eleven.2001.720p.HDDVD.x264-SiNNERS ][ 7 2.022839 X-Men Origin - Wolverine [2009] [1080p] ][ 9 8.702495 Spiderman 3   1080p ][ 12 1.072862 Batman Cartoon - Gotham Knight   720p ][ 19 5.958785 Eurotrip    720p ][ 27 6.874840 Firewall 720p ][ 28 7.498223 Romeo And Juliet   720p ][ 31 6.227451 The.Godfather.Part.I.1972.720p.BluRay.x264-ESiR ][ 35 7.290227 Scooby.Doo.The.Mystery.Begins.2009   720p ][ 38 4.523917 The Lion King [1994] [720p] ][ 39 1.234791 The Brave One 720P ][ 40 2.029920 Hulk 2 - The Incredible Hulk - 720p ][ 54 9.232851 Con Air   720p ][ 60 9.531191 Drag Me To Hell [720p] ]
[ 1 0.773411 Stargate-The Ark of Truth 720p ][ 2 7.597812 Dolphin    720p ][ 3 9.975537 Oceans.Eleven.2001.720p.HDDVD.x264-SiNNERS ][ 4 2.638189 enemy at the gates    1080p ][ 7 2.022839 X-Men Origin - Wolverine [2009] [1080p] ][ 10 6.844069 Crash    1080p ][ 12 1.072862 Batman Cartoon - Gotham Knight   720p ][ 18 1.933603 Facing The Giants 720p ][ 19 5.958785 Eurotrip    720p ][ 27 6.874840 Firewall 720p ][ 28 7.498223 Romeo And Juliet   720p ][ 30 6.731759 Juno 2007 720p ][ 31 6.227451 The.Godfather.Part.I.1972.720p.BluRay.x264-ESiR ][ 35 7.290227 Scooby.Doo.The.Mystery.Begins.2009   720p ][ 38 4.523917 The Lion King [1994] [720p] ][ 39 1.234791 The Brave One 720P ][ 54 9.232851 Con Air   720p ][ 56 5.239891 Stargate-The Ark of Truth 720p ][ 60 9.531191 Drag Me To Hell [720p] ][ 76 1.010990 Terminator.1984.720p.BluRay.x264-ESiR ]
[ 1 0.773411 Stargate-The Ark of Truth 720p ][ 2 7.597812 Dolphin    720p ][ 3 9.975537 Oceans.Eleven.2001.720p.HDDVD.x264-SiNNERS ][ 4 2.638189 enemy at the gates    1080p ][ 7 2.022839 X-Men Origin - Wolverine [2009] [1080p] ][ 10 6.844069 Crash    1080p ][ 12 1.072862 Batman Cartoon - Gotham Knight   720p ][ 18 1.933603 Facing The Giants 720p ][ 19 5.958785 Eurotrip    720p ][ 27 6.874840 Firewall 720p ][ 28 7.498223 Romeo And Juliet   720p ][ 30 6.731759 Juno 2007 720p ][ 31 6.227451 The.Godfather.Part.I.1972.720p.BluRay.x264-ESiR ][ 35 7.290227 Scooby.Doo.The.Mystery.Begins.2009   720p ][ 38 4.523917 The Lion King [1994] [720p] ][ 44 0.000518 Ghost Rider [2007] [720p] ][ 47 6.025115 Toy.Story.2.HD.720p.Hebrew.Dubbed.Also.English.x264-ALiS_20 ][ 49 1.966562 Lucky.Number.Slevin.2006.720p.HDDVD.x264-ESiR ][ 54 9.232851 Con Air   720p ][ 56 5.239891 Stargate-The Ark of Truth 720p ][ 60 9.531191 Drag Me To Hell [720p] ][ 66 5.759800 Jumper    1080p ][ 75 9.454583 E.T   720p ][ 76 1.010990 Terminator.1984.720p.BluRay.x264-ESiR ][ 94 0.054333 One Missed Call   720p ]
[ 2 7.597812 Dolphin    720p ][ 3 9.975537 Oceans.Eleven.2001.720p.HDDVD.x264-SiNNERS ][ 4 2.638189 enemy at the gates    1080p ][ 7 2.022839 X-Men Origin - Wolverine [2009] [1080p] ][ 12 1.072862 Batman Cartoon - Gotham Knight   720p ][ 18 1.933603 Facing The Giants 720p ][ 19 5.958785 Eurotrip    720p ][ 28 7.498223 Romeo And Juliet   720p ][ 30 6.731759 Juno 2007 720p ][ 31 6.227451 The.Godfather.Part.I.1972.720p.BluRay.x264-ESiR ][ 32 6.128344 James Bond 17 - Golden Eye [1995] ][ 35 7.290227 Scooby.Doo.The.Mystery.Begins.2009   720p ][ 38 4.523917 The Lion King [1994] [720p] ][ 44 0.000518 Ghost Rider [2007] [720p] ][ 48 6.816887 Fearless - 720p ][ 49 1.966562 Lucky.Number.Slevin.2006.720p.HDDVD.x264-ESiR ][ 54 9.232851 Con Air   720p ][ 55 8.043650 Erin Brockovich 2000.720p ][ 56 5.239891 Stargate-The Ark of Truth 720p ][ 57 6.004073 Leaving Las Vegas  720p ][ 60 9.531191 Drag Me To Hell [720p] ][ 66 5.759800 Jumper    1080p ][ 75 9.454583 E.T   720p ][ 76 1.010990 Terminator.1984.720p.BluRay.x264-ESiR ][ 77 7.685619 1408.2007.720p.BluRay.x264-SiNNERS ][ 82 8.131417 Charlie and the Chocolate Factory   720p ][ 86 4.789126 Hitman    720p ][ 87 2.088651 007 Thunderball [1965]  [BluRay] [720p] [DTS] ][ 93 7.309793 Pirates of Caribbean 1-2-3 Collection   1080p ][ 94 0.054333 One Missed Call   720p ]
[ 2 7.597812 Dolphin    720p ][ 3 9.975537 Oceans.Eleven.2001.720p.HDDVD.x264-SiNNERS ][ 4 2.638189 enemy at the gates    1080p ][ 7 2.022839 X-Men Origin - Wolverine [2009] [1080p] ][ 12 1.072862 Batman Cartoon - Gotham Knight   720p ][ 14 2.737409 SAW V ][ 18 1.933603 Facing The Giants 720p ][ 19 5.958785 Eurotrip    720p ][ 22 4.442938 This Is It [2009] [720p] ][ 28 7.498223 Romeo And Juliet   720p ][ 30 6.731759 Juno 2007 720p ][ 32 6.128344 James Bond 17 - Golden Eye [1995] ][ 35 7.290227 Scooby.Doo.The.Mystery.Begins.2009   720p ][ 44 0.000518 Ghost Rider [2007] [720p] ][ 48 6.816887 Fearless - 720p ][ 49 1.966562 Lucky.Number.Slevin.2006.720p.HDDVD.x264-ESiR ][ 54 9.232851 Con Air   720p ][ 55 8.043650 Erin Brockovich 2000.720p ][ 56 5.239891 Stargate-The Ark of Truth 720p ][ 57 6.004073 Leaving Las Vegas  720p ][ 62 1.311995 G.I.Joe The Rise of Cobra [2009] [720p] ][ 66 5.759800 Jumper    1080p ][ 75 9.454583 E.T   720p ][ 76 1.010990 Terminator.1984.720p.BluRay.x264-ESiR ][ 77 7.685619 1408.2007.720p.BluRay.x264-SiNNERS ][ 82 8.131417 Charlie and the Chocolate Factory   720p ][ 86 4.789126 Hitman    720p ][ 87 2.088651 007 Thunderball [1965]  [BluRay] [720p] [DTS] ][ 88 7.326222 Fight.Club.1999.720p.BluRay.DTS-ES.x264-DON ][ 93 7.309793 Pirates of Caribbean 1-2-3 Collection   1080p ][ 94 0.054333 One Missed Call   720p ][ 95 6.731524 Into The Blue 720P ][ 98 2.822043 Fight.Club.1999.720p.BluRay.DTS-ES.x264-DON ][ 101 6.703355 The Secret of Moonarce [720p] ][ 107 3.750715 The Notebook [2004] [1080p] ][ 108 9.545302 Fantastic Four, Rise Of The Silver Surfer    1080p ]
[ 2 7.597812 Dolphin    720p ][ 3 9.975537 Oceans.Eleven.2001.720p.HDDVD.x264-SiNNERS ][ 4 2.638189 enemy at the gates    1080p ][ 7 2.022839 X-Men Origin - Wolverine [2009] [1080p] ][ 12 1.072862 Batman Cartoon - Gotham Knight   720p ][ 14 2.737409 SAW V ][ 18 1.933603 Facing The Giants 720p ][ 19 5.958785 Eurotrip    720p ][ 22 4.442938 This Is It [2009] [720p] ][ 24 2.418339 Eragon 720p ][ 28 7.498223 Romeo And Juliet   720p ][ 30 6.731759 Juno 2007 720p ][ 32 6.128344 James Bond 17 - Golden Eye [1995] ][ 35 7.290227 Scooby.Doo.The.Mystery.Begins.2009   720p ][ 44 0.000518 Ghost Rider [2007] [720p] ][ 48 6.816887 Fearless - 720p ][ 49 1.966562 Lucky.Number.Slevin.2006.720p.HDDVD.x264-ESiR ][ 54 9.232851 Con Air   720p ][ 55 8.043650 Erin Brockovich 2000.720p ][ 56 5.239891 Stargate-The Ark of Truth 720p ][ 57 6.004073 Leaving Las Vegas  720p ][ 58 4.944464 Incredibles, The 1080p ][ 62 1.311995 G.I.Joe The Rise of Cobra [2009] [720p] ][ 65 1.848927 Punisher 2   720p ][ 66 5.759800 Jumper    1080p ][ 70 4.510654 Doomsday 720p ][ 82 8.131417 Charlie and the Chocolate Factory   720p ][ 83 7.210427 National Geographic - The Koran [720p] [Documenter] ][ 85 8.317092 12 Rounds 720p ][ 86 4.789126 Hitman    720p ][ 87 2.088651 007 Thunderball [1965]  [BluRay] [720p] [DTS] ][ 88 7.326222 Fight.Club.1999.720p.BluRay.DTS-ES.x264-DON ][ 93 7.309793 Pirates of Caribbean 1-2-3 Collection   1080p ][ 95 6.731524 Into The Blue 720P ][ 98 2.822043 Fight.Club.1999.720p.BluRay.DTS-ES.x264-DON ][ 100 2.894432 Liar Liar    720p ][ 101 6.703355 The Secret of Moonarce [720p] ][ 104 6.991941 Core   720p ][ 107 3.750715 The Notebook [2004] [1080p] ][ 108 9.545302 Fantastic Four, Rise Of The Silver Surfer    1080p ][ 120 4.504557 Hancock    1080p ][ 123 6.170543 Babel.720p ]
[ 2 7.597812 Dolphin    720p ][ 3 9.975537 Oceans.Eleven.2001.720p.HDDVD.x264-SiNNERS ][ 4 2.638189 enemy at the gates    1080p ][ 7 2.022839 X-Men Origin - Wolverine [2009] [1080p] ][ 12 1.072862 Batman Cartoon - Gotham Knight   720p ][ 14 2.737409 SAW V ][ 18 1.933603 Facing The Giants 720p ][ 19 5.958785 Eurotrip    720p ][ 22 4.442938 This Is It [2009] [720p] ][ 28 7.498223 Romeo And Juliet   720p ][ 30 6.731759 Juno 2007 720p ][ 32 6.128344 James Bond 17 - Golden Eye [1995] ][ 35 7.290227 Scooby.Doo.The.Mystery.Begins.2009   720p ][ 36 3.873967 Crossing Over 720P ][ 44 0.000518 Ghost Rider [2007] [720p] ][ 48 6.816887 Fearless - 720p ][ 54 9.232851 Con Air   720p ][ 55 8.043650 Erin Brockovich 2000.720p ][ 56 5.239891 Stargate-The Ark of Truth 720p ][ 57 6.004073 Leaving Las Vegas  720p ][ 58 4.944464 Incredibles, The 1080p ][ 62 1.311995 G.I.Joe The Rise of Cobra [2009] [720p] ][ 64 6.100061 The.Warlords.2007.720p.BluRay.DTS.x264-ESiR ][ 65 1.848927 Punisher 2   720p ][ 66 5.759800 Jumper    1080p ][ 69 7.068126 Before The Devil Knows, You're Dead   1080p ][ 70 4.510654 Doomsday 720p ][ 72 6.411729 SAW III   720p ][ 79 1.444821 The Matrix   1080p ][ 81 7.386294 Kung Fu Panda [2008]   720p ][ 82 8.131417 Charlie and the Chocolate Factory   720p ][ 83 7.210427 National Geographic - The Koran [720p] [Documenter] ][ 84 6.077602 21   1080p ][ 85 8.317092 12 Rounds 720p ][ 86 4.789126 Hitman    720p ][ 88 7.326222 Fight.Club.1999.720p.BluRay.DTS-ES.x264-DON ][ 91 9.302142 Bangkok Dangerous 720p ][ 93 7.309793 Pirates of Caribbean 1-2-3 Collection   1080p ][ 95 6.731524 Into The Blue 720P ][ 100 2.894432 Liar Liar    720p ][ 101 6.703355 The Secret of Moonarce [720p] ][ 104 6.991941 Core   720p ][ 107 3.750715 The Notebook [2004] [1080p] ][ 114 3.753160 Terminator 2 Judgement Day Directors Cut [1991]   1080p ][ 118 7.655537 Alvin And The Chipmunks [720p] ][ 120 4.504557 Hancock    1080p ][ 123 6.170543 Babel.720p ][ 124 0.016130 X-Men 4 - Origins Wolverine (2009)  1080p ][ 126 0.553977 Die Hard 3   720p ]
[ 2 7.597812 Dolphin    720p ][ 3 9.975537 Oceans.Eleven.2001.720p.HDDVD.x264-SiNNERS ][ 4 2.638189 enemy at the gates    1080p ][ 7 2.022839 X-Men Origin - Wolverine [2009] [1080p] ][ 14 2.737409 SAW V ][ 18 1.933603 Facing The Giants 720p ][ 19 5.958785 Eurotrip    720p ][ 22 4.442938 This Is It [2009] [720p] ][ 23 4.753598 Eagle Eye    1080p ][ 29 0.386847 The.Shawshank.Redemption.1994.1080p.BluRay.x264-CiNEFiLE ][ 30 6.731759 Juno 2007 720p ][ 32 6.128344 James Bond 17 - Golden Eye [1995] ][ 35 7.290227 Scooby.Doo.The.Mystery.Begins.2009   720p ][ 36 3.873967 Crossing Over 720P ][ 42 1.352024 Epic Movie UNRATED (2007) 720p ][ 44 0.000518 Ghost Rider [2007] [720p] ][ 45 6.753766 Black.Mask.Blu-ray.720p.x264.DTS-HDC.AfterFX@SiLUHD ][ 48 6.816887 Fearless - 720p ][ 54 9.232851 Con Air   720p ][ 55 8.043650 Erin Brockovich 2000.720p ][ 56 5.239891 Stargate-The Ark of Truth 720p ][ 57 6.004073 Leaving Las Vegas  720p ][ 58 4.944464 Incredibles, The 1080p ][ 62 1.311995 G.I.Joe The Rise of Cobra [2009] [720p] ][ 64 6.100061 The.Warlords.2007.720p.BluRay.DTS.x264-ESiR ][ 65 1.848927 Punisher 2   720p ][ 66 5.759800 Jumper    1080p ][ 70 4.510654 Doomsday 720p ][ 72 6.411729 SAW III   720p ][ 79 1.444821 The Matrix   1080p ][ 81 7.386294 Kung Fu Panda [2008]   720p ][ 82 8.131417 Charlie and the Chocolate Factory   720p ][ 83 7.210427 National Geographic - The Koran [720p] [Documenter] ][ 84 6.077602 21   1080p ][ 85 8.317092 12 Rounds 720p ][ 86 4.789126 Hitman    720p ][ 88 7.326222 Fight.Club.1999.720p.BluRay.DTS-ES.x264-DON ][ 91 9.302142 Bangkok Dangerous 720p ][ 93 7.309793 Pirates of Caribbean 1-2-3 Collection   1080p ][ 95 6.731524 Into The Blue 720P ][ 99 0.480487 One Missed Call   720p ][ 100 2.894432 Liar Liar    720p ][ 101 6.703355 The Secret of Moonarce [720p] ][ 104 6.991941 Core   720p ][ 105 2.985910 Counterfeiters.LIMITED.720p.Bluray.x264-SEPTiC ][ 107 3.750715 The Notebook [2004] [1080p] ][ 111 3.670414 007.1967.You.Only.Live.Twice.720p.hdtv.x264-nbs ][ 114 3.753160 Terminator 2 Judgement Day Directors Cut [1991]   1080p ][ 118 7.655537 Alvin And The Chipmunks [720p] ][ 120 4.504557 Hancock    1080p ][ 123 6.170543 Babel.720p ][ 124 0.016130 X-Men 4 - Origins Wolverine (2009)  1080p ][ 125 3.012549 catch me if u can - 720p ][ 138 4.200550 Crank 2, High Voltage   1080p ][ 140 8.993602 The Proposal [2009] [720p] ][ 141 5.388408 Dr Dolite 3    720p ]
