[ 24 2.305493 Paris.Je.T.Aime.2006.720p.BluRay.x264-CiNEFiLE ]
[ 3 4.013167 Kung Fu Panda [2008]   720p ][ 24 2.305493 Paris.Je.T.Aime.2006.720p.BluRay.x264-CiNEFiLE ]
[ 3 4.013167 Kung Fu Panda [2008]   720p ][ 35 6.386430 Jurassic Park 1-3  1080p ][ 37 6.121091 contents.txt ][ 60 2.316747 1408.2007.720p.BluRay.x264-SiNNERS ]
[ 2 0.674407 A Knight's Tale [2001] [720p] ][ 3 4.013167 Kung Fu Panda [2008]   720p ][ 35 6.386430 Jurassic Park 1-3  1080p ][ 40 8.018639 Lucky.Number.Slevin.2006.720p.HDDVD.x264-ESiR ][ 60 2.316747 1408.2007.720p.BluRay.x264-SiNNERS ][ 65 2.128104 Pitch Black [720p] ]
[ 0 2.825506 Dolphin    720p ][ 2 0.674407 A Knight's Tale [2001] [720p] ][ 3 4.013167 Kung Fu Panda [2008]   720p ][ 32 6.161933 Bourne Identity   720p ][ 35 6.386430 Jurassic Park 1-3  1080p ][ 50 8.780898 Scooby.Doo.The.Mystery.Begins.2009   720p ][ 56 5.349396 Resident Evil Series    1080p ][ 65 2.128104 Pitch Black [720p] ][ 67 7.857154 The Matrix Reloaded   1080p ]
[ 0 2.825506 Dolphin    720p ][ 2 0.674407 A Knight's Tale [2001] [720p] ][ 3 4.013167 Kung Fu Panda [2008]   720p ][ 20 8.479701 Star Wars Saga  Collection 720p ][ 21 9.461658 Spiderman 3   1080p ][ 32 6.161933 Bourne Identity   720p ][ 35 6.386430 Jurassic Park 1-3  1080p ][ 56 5.349396 Resident Evil Series    1080p ][ 58 8.275714 James Bond 08 - Live and Let Die [1973] ][ 65 2.128104 Pitch Black [720p] ][ 66 4.365608 Hellboy 1    1080p ][ 67 7.857154 The Matrix Reloaded   1080p ]
[ 0 2.825506 Dolphin    720p ][ 2 0.674407 A Knight's Tale [2001] [720p] ][ 3 4.013167 Kung Fu Panda [2008]   720p ][ 11 3.677354 James Bond 19 - The World is not Enough [1999] [720p] ][ 20 8.479701 Star Wars Saga  Collection 720p ][ 21 9.461658 Spiderman 3   1080p ][ 32 6.161933 Bourne Identity   720p ][ 35 6.386430 Jurassic Park 1-3  1080p ][ 49 6.852420 Se7en [720p] ][ 56 5.349396 Resident Evil Series    1080p ][ 58 8.275714 James Bond 08 - Live and Let Die [1973] ][ 65 2.128104 Pitch Black [720p] ][ 66 4.365608 Hellboy 1    1080p ][ 67 7.857154 The Matrix Reloaded   1080p ][ 72 2.537361 Scooby.Doo.The.Mystery.Begins.2009   720p ][ 76 9.086224 Bolt [2008] [1080p] ]
[ 0 2.825506 Dolphin    720p ][ 2 0.674407 A Knight's Tale [2001] [720p] ][ 3 4.013167 Kung Fu Panda [2008]   720p ][ 11 3.677354 James Bond 19 - The World is not Enough [1999] [720p] ][ 20 8.479701 Star Wars Saga  Collection 720p ][ 21 9.461658 Spiderman 3   1080p ][ 32 6.161933 Bourne Identity   720p ][ 33 8.476683 Lion King, The 720p ][ 35 6.386430 Jurassic Park 1-3  1080p ][ 38 5.833346 Blade 2   720p ][ 42 0.669989 Harold & Kumar   720p ][ 49 6.852420 Se7en [720p] ][ 56 5.349396 Resident Evil Series    1080p ][ 58 8.275714 James Bond 08 - Live and Let Die [1973] ][ 63 4.874802 The.Warlords.2007.720p.BluRay.DTS.x264-ESiR ][ 66 4.365608 Hellboy 1    1080p ][ 67 7.857154 The Matrix Reloaded   1080p ][ 69 5.933183 Ong.Bak.2.2008.BluRay.x264-BestHD   720p ][ 72 2.537361 Scooby.Doo.The.Mystery.Begins.2009   720p ][ 90 1.776358 E.T   720p ]
[ 0 2.825506 Dolphin    720p ][ 2 0.674407 A Knight's Tale [2001] [720p] ][ 3 4.013167 Kung Fu Panda [2008]   720p ][ 4 7.333919 Spiderman 3   1080p ][ 7 7.427924 Afro samurai uncut 720p ][ 11 3.677354 James Bond 19 - The World is not Enough [1999] [720p] ][ 21 9.461658 Spiderman 3   1080p ][ 32 6.161933 Bourne Identity   720p ][ 33 8.476683 Lion King, The 720p ][ 35 6.386430 Jurassic Park 1-3  1080p ][ 38 5.833346 Blade 2   720p ][ 42 0.669989 Harold & Kumar   720p ][ 49 6.852420 Se7en [720p] ][ 53 8.782912 Terminator 2 Judgement Day Directors Cut [1991]   1080p ][ 54 5.255552 Shutter   720p ][ 56 5.349396 Resident Evil Series    1080p ][ 58 8.275714 James Bond 08 - Live and Let Die [1973] ][ 61 8.199392 Beauty And The Beast    720p ][ 63 4.874802 The.Warlords.2007.720p.BluRay.DTS.x264-ESiR ][ 66 4.365608 Hellboy 1    1080p ][ 67 7.857154 The Matrix Reloaded   1080p ][ 69 5.933183 Ong.Bak.2.2008.BluRay.x264-BestHD   720p ][ 72 2.537361 Scooby.Doo.The.Mystery.Begins.2009   720p ][ 90 1.776358 E.T   720p ][ 92 1.348836 Bee Movie   720p ]
[ 0 2.825506 Dolphin    720p ][ 2 0.674407 A Knight's Tale [2001] [720p] ][ 3 4.013167 Kung Fu Panda [2008]   720p ][ 4 7.333919 Spiderman 3   1080p ][ 7 7.427924 Afro samurai uncut 720p ][ 8 0.232252 Big Nothing   720p ][ 11 3.677354 James Bond 19 - The World is not Enough [1999] [720p] ][ 14 4.883824 E.T   720p ][ 19 8.315400 XxX.2002.BDRiP.720p.AC3.5.1.READnfo.x264-DEFiNiTiON ][ 31 9.578690 Click   1080p ][ 32 6.161933 Bourne Identity   720p ][ 33 8.476683 Lion King, The 720p ][ 35 6.386430 Jurassic Park 1-3  1080p ][ 36 5.584371 The X Files - I Want To Believe    720p ][ 38 5.833346 Blade 2   720p ][ 42 0.669989 Harold & Kumar   720p ][ 53 8.782912 Terminator 2 Judgement Day Directors Cut [1991]   1080p ][ 54 5.255552 Shutter   720p ][ 56 5.349396 Resident Evil Series    1080p ][ 57 1.719755 Babylon A.D    720p ][ 58 8.275714 James Bond 08 - Live and Let Die [1973] ][ 61 8.199392 Beauty And The Beast    720p ][ 66 4.365608 Hellboy 1    1080p ][ 67 7.857154 The Matrix Reloaded   1080p ][ 69 5.933183 Ong.Bak.2.2008.BluRay.x264-BestHD   720p ][ 72 2.537361 Scooby.Doo.The.Mystery.Begins.2009   720p ][ 75 8.219204 Shoot.Em.Up.720p.Bluray.x264-SEPTiC ][ 90 1.776358 E.T   720p ][ 92 1.348836 Bee Movie   720p ][ 97 4.951472 Van.Helsing  1080p ]
[ 0 2.825506 Dolphin    720p ][ 2 0.674407 A Knight's Tale [2001] [720p] ][ 3 4.013167 Kung Fu Panda [2008]   720p ][ 4 7.333919 Spiderman 3   1080p ][ 7 7.427924 Afro samurai uncut 720p ][ 8 0.232252 Big Nothing   720p ][ 10 7.084944 Bugs.A.Rainforest.Adventure.3D.HD.DVD.REMUX.1080p.VC-1-SEBUL ][ 11 3.677354 James Bond 19 - The World is not Enough [1999] [720p] ][ 14 4.883824 E.T   720p ][ 17 4.495078 Labor Pain   720p ][ 18 8.756031 WALL-E.720p.BluRay.x264-iNFAMOUS ][ 19 8.315400 XxX.2002.BDRiP.720p.AC3.5.1.READnfo.x264-DEFiNiTiON ][ 31 9.578690 Click   1080p ][ 32 6.161933 Bourne Identity   720p ][ 33 8.476683 Lion King, The 720p ][ 36 5.584371 The X Files - I Want To Believe    720p ][ 38 5.833346 Blade 2   720p ][ 42 0.669989 Harold & Kumar   720p ][ 54 5.255552 Shutter   720p ][ 56 5.349396 Resident Evil Series    1080p ][ 57 1.719755 Babylon A.D    720p ][ 58 8.275714 James Bond 08 - Live and Let Die [1973] ][ 61 8.199392 Beauty And The Beast    720p ][ 66 4.365608 Hellboy 1    1080p ][ 67 7.857154 The Matrix Reloaded   1080p ][ 69 5.933183 Ong.Bak.2.2008.BluRay.x264-BestHD   720p ][ 72 2.537361 Scooby.Doo.The.Mystery.Begins.2009   720p ][ 75 8.219204 Shoot.Em.Up.720p.Bluray.x264-SEPTiC ][ 87 4.485256 Mission Impossible Trilogy   720p ][ 89 4.124198 Bad Boy I [1995] [720p] ][ 90 1.776358 E.T   720p ][ 92 1.348836 Bee Movie   720p ][ 97 4.951472 Van.Helsing  1080p ][ 100 1.261558 Batman Begins   1080p ][ 109 1.495896 Click   1080p ][ 110 3.084376 Twilight [2008]   720p ]
[ 0 2.825506 Dolphin    720p ][ 2 0.674407 A Knight's Tale [2001] [720p] ][ 3 4.013167 Kung Fu Panda [2008]   720p ][ 4 7.333919 Spiderman 3   1080p ][ 7 7.427924 Afro samurai uncut 720p ][ 8 0.232252 Big Nothing   720p ][ 10 7.084944 Bugs.A.Rainforest.Adventure.3D.HD.DVD.REMUX.1080p.VC-1-SEBUL ][ 11 3.677354 James Bond 19 - The World is not Enough [1999] [720p] ][ 12 8.079588 James Bond 15 - The Living Daylights [1987] [720p] ][ 19 8.315400 XxX.2002.BDRiP.720p.AC3.5.1.READnfo.x264-DEFiNiTiON ][ 31 9.578690 Click   1080p ][ 32 6.161933 Bourne Identity   720p ][ 33 8.476683 Lion King, The 720p ][ 34 0.309003 Infernal Affair 1-3   1080p ][ 36 5.584371 The X Files - I Want To Believe    720p ][ 38 5.833346 Blade 2   720p ][ 42 0.669989 Harold & Kumar   720p ][ 44 6.492247 Alien vs Predator 1-2  720p ][ 54 5.255552 Shutter   720p ][ 56 5.349396 Resident Evil Series    1080p ][ 57 1.719755 Babylon A.D    720p ][ 61 8.199392 Beauty And The Beast    720p ][ 62 1.089873 SAW V ][ 66 4.365608 Hellboy 1    1080p ][ 67 7.857154 The Matrix Reloaded   1080p ][ 69 5.933183 Ong.Bak.2.2008.BluRay.x264-BestHD   720p ][ 72 2.537361 Scooby.Doo.The.Mystery.Begins.2009   720p ][ 87 4.485256 Mission Impossible Trilogy   720p ][ 89 4.124198 Bad Boy I [1995] [720p] ][ 90 1.776358 E.T   720p ][ 97 4.951472 Van.Helsing  1080p ][ 100 1.261558 Batman Begins   1080p ][ 102 2.926321 Oceans.Eleven.2001.720p.HDDVD.x264-SiNNERS ][ 109 1.495896 Click   1080p ][ 110 3.084376 Twilight [2008]   720p ][ 111 2.205877 Minority Report [720p] ][ 113 4.826210 Meet The Fockers    720p ][ 117 2.394979 Batman Cartoon - Gotham Knight   720p ][ 118 1.940973 The.Godfather.Part.II.1974.720p.BluRay.x264-ESiR_tehPARADOX.COM ][ 121 8.631564 Hush   720p ][ 124 2.294686 Paris.Je.T.Aime.2006.720p.BluRay.x264-CiNEFiLE ][ 126 0.682993 Bridge To Terabithia 720P ]
[ 0 2.825506 Dolphin    720p ][ 2 0.674407 A Knight's Tale [2001] [720p] ][ 3 4.013167 Kung Fu Panda [2008]   720p ][ 4 7.333919 Spiderman 3   1080p ][ 7 7.427924 Afro samurai uncut 720p ][ 8 0.232252 Big Nothing   720p ][ 10 7.084944 Bugs.A.Rainforest.Adventure.3D.HD.DVD.REMUX.1080p.VC-1-SEBUL ][ 11 3.677354 James Bond 19 - The World is not Enough [1999] [720p] ][ 12 8.079588 James Bond 15 - The Living Daylights [1987] [720p] ][ 19 8.315400 XxX.2002.BDRiP.720p.AC3.5.1.READnfo.x264-DEFiNiTiON ][ 31 9.578690 Click   1080p ][ 32 6.161933 Bourne Identity   720p ][ 33 8.476683 Lion King, The 720p ][ 34 0.309003 Infernal Affair 1-3   1080p ][ 36 5.584371 The X Files - I Want To Believe    720p ][ 38 5.833346 Blade 2   720p ][ 42 0.669989 Harold & Kumar   720p ][ 44 6.492247 Alien vs Predator 1-2  720p ][ 48 5.552741 Aeon Flux   720p ][ 56 5.349396 Resident Evil Series    1080p ][ 57 1.719755 Babylon A.D    720p ][ 61 8.199392 Beauty And The Beast    720p ][ 62 1.089873 SAW V ][ 66 4.365608 Hellboy 1    1080p ][ 67 7.857154 The Matrix Reloaded   1080p ][ 69 5.933183 Ong.Bak.2.2008.BluRay.x264-BestHD   720p ][ 70 9.976870 Big Buck Bunny [1080p] ][ 72 2.537361 Scooby.Doo.The.Mystery.Begins.2009   720p ][ 81 2.013939 Jeniffer's Body ( 2009)    1080p ][ 84 3.502695 Shrek The Third [2007] [720p] ][ 87 4.485256 Mission Impossible Trilogy   720p ][ 89 4.124198 Bad Boy I [1995] [720p] ][ 90 1.776358 E.T   720p ][ 91 9.856692 Bugs.A.Rainforest.Adventure.3D.HD.DVD.REMUX.1080p.VC-1-SEBUL ][ 97 4.951472 Van.Helsing  1080p ][ 100 1.261558 Batman Begins   1080p ][ 102 2.926321 Oceans.Eleven.2001.720p.HDDVD.x264-SiNNERS ][ 109 1.495896 Click   1080p ][ 110 3.084376 Twilight [2008]   720p ][ 111 2.205877 Minority Report [720p] ][ 113 4.826210 Meet The Fockers    720p ][ 114 3.559927 Fight.Club.1999.720p.BluRay.DTS-ES.x264-DON ][ 115 4.280144 Oceans.Eleven.2001.720p.HDDVD.x264-SiNNERS ][ 117 2.394979 Batman Cartoon - Gotham Knight   720p ][ 118 1.940973 The.Godfather.Part.II.1974.720p.BluRay.x264-ESiR_tehPARADOX.COM ][ 121 8.631564 Hush   720p ][ 124 2.294686 Paris.Je.T.Aime.2006.720p.BluRay.x264-CiNEFiLE ][ 132 3.687424 Counterfeiters.LIMITED.720p.Bluray.x264-SEPTiC ][ 138 2.124424 Crossing Over 720P ]
[ 0 2.825506 Dolphin    720p ][ 2 0.674407 A Knight's Tale [2001] [720p] ][ 3 4.013167 Kung Fu Panda [2008]   720p ][ 4 7.333919 Spiderman 3   1080p ][ 7 7.427924 Afro samurai uncut 720p ][ 8 0.232252 Big Nothing   720p ][ 10 7.084944 Bugs.A.Rainforest.Adventure.3D.HD.DVD.REMUX.1080p.VC-1-SEBUL ][ 11 3.677354 James Bond 19 - The World is not Enough [1999] [720p] ][ 31 9.578690 Click   1080p ][ 32 6.161933 Bourne Identity   720p ][ 33 8.476683 Lion King, The 720p ][ 36 5.584371 The X Files - I Want To Believe    720p ][ 38 5.833346 Blade 2   720p ][ 42 0.669989 Harold & Kumar   720p ][ 44 6.492247 Alien vs Predator 1-2  720p ][ 48 5.552741 Aeon Flux   720p ][ 57 1.719755 Babylon A.D    720p ][ 61 8.199392 Beauty And The Beast    720p ][ 62 1.089873 SAW V ][ 66 4.365608 Hellboy 1    1080p ][ 67 7.857154 The Matrix Reloaded   1080p ][ 69 5.933183 Ong.Bak.2.2008.BluRay.x264-BestHD   720p ][ 70 9.976870 Big Buck Bunny [1080p] ][ 72 2.537361 Scooby.Doo.The.Mystery.Begins.2009   720p ][ 81 2.013939 Jeniffer's Body ( 2009)    1080p ][ 83 7.635860 E.T   720p ][ 84 3.502695 Shrek The Third [2007] [720p] ][ 85 7.932261 Body of Lies   720p ][ 87 4.485256 Mission Impossible Trilogy   720p ][ 89 4.124198 Bad Boy I [1995] [720p] ][ 90 1.776358 E.T   720p ][ 91 9.856692 Bugs.A.Rainforest.Adventure.3D.HD.DVD.REMUX.1080p.VC-1-SEBUL ][ 95 5.535979 WALL-E.720p.BluRay.x264-iNFAMOUS ][ 97 4.951472 Van.Helsing  1080p ][ 100 1.261558 Batman Begins   1080p ][ 101 3.240048 Spiderman 3   1080p ][ 102 2.926321 Oceans.Eleven.2001.720p.HDDVD.x264-SiNNERS ][ 111 2.205877 Minority Report [720p] ][ 113 4.826210 Meet The Fockers    720p ][ 114 3.559927 Fight.Club.1999.720p.BluRay.DTS-ES.x264-DON ][ 115 4.280144 Oceans.Eleven.2001.720p.HDDVD.x264-SiNNERS ][ 117 2.394979 Batman Cartoon - Gotham Knight   720p ][ 118 1.940973 The.Godfather.Part.II.1974.720p.BluRay.x264-ESiR_tehPARADOX.COM ][ 119 9.346610 James Bond 02 - From Russia With Love [1963] ][ 121 8.631564 Hush   720p ][ 122 7.396146 SAW V ][ 124 2.294686 Paris.Je.T.Aime.2006.720p.BluRay.x264-CiNEFiLE ][ 130 6.669750 Harold & Kumar   720p ][ 132 3.687424 Counterfeiters.LIMITED.720p.Bluray.x264-SEPTiC ][ 134 7.818169 Beauty.And.The.Beast.1991.720p.HDTV.x264-hV ][ 136 2.771879 Back to the Future Part I [1985] [BluRay] [720p] [AC3] [EN] ][ 138 2.124424 Crossing Over 720P ][ 139 5.088997 Spiderman 2   1080p ][ 145 8.870252 National Geographic - The Koran [720p] [Documenter] ][ 147 4.553194 Blood - The Last Vampire [2009] [720p] ][ 151 7.965534 Swordfish    720p ]
[ 0 2.825506 Dolphin    720p ][ 2 0.674407 A Knight's Tale [2001] [720p] ][ 3 4.013167 Kung Fu Panda [2008]   720p ][ 4 7.333919 Spiderman 3   1080p ][ 7 7.427924 Afro samurai uncut 720p ][ 8 0.232252 Big Nothing   720p ][ 9 9.854383 Oceans.Eleven.2001.720p.HDDVD.x264-SiNNERS ][ 10 7.084944 Bugs.A.Rainforest.Adventure.3D.HD.DVD.REMUX.1080p.VC-1-SEBUL ][ 31 9.578690 Click   1080p ][ 32 6.161933 Bourne Identity   720p ][ 33 8.476683 Lion King, The 720p ][ 38 5.833346 Blade 2   720p ][ 42 0.669989 Harold & Kumar   720p ][ 44 6.492247 Alien vs Predator 1-2  720p ][ 48 5.552741 Aeon Flux   720p ][ 55 1.552761 Ratatouille [2007] ][ 57 1.719755 Babylon A.D    720p ][ 61 8.199392 Beauty And The Beast    720p ][ 66 4.365608 Hellboy 1    1080p ][ 67 7.857154 The Matrix Reloaded   1080p ][ 70 9.976870 Big Buck Bunny [1080p] ][ 72 2.537361 Scooby.Doo.The.Mystery.Begins.2009   720p ][ 81 2.013939 Jeniffer's Body ( 2009)    1080p ][ 84 3.502695 Shrek The Third [2007] [720p] ][ 85 7.932261 Body of Lies   720p ][ 87 4.485256 Mission Impossible Trilogy   720p ][ 89 4.124198 Bad Boy I [1995] [720p] ][ 90 1.776358 E.T   720p ][ 91 9.856692 Bugs.A.Rainforest.Adventure.3D.HD.DVD.REMUX.1080p.VC-1-SEBUL ][ 95 5.535979 WALL-E.720p.BluRay.x264-iNFAMOUS ][ 96 8.327876 9 [720p] ][ 97 4.951472 Van.Helsing  1080p ][ 100 1.261558 Batman Begins   1080p ][ 101 3.240048 Spiderman 3   1080p ][ 102 2.926321 Oceans.Eleven.2001.720p.HDDVD.x264-SiNNERS ][ 104 8.762265 Rocky 3 [1982] [BluRay] [720p] [AC3] ][ 105 5.012799 8 Mile [2002] [720p] ][ 106 6.823125 Apollo 13   1080p ][ 111 2.205877 Minority Report [720p] ][ 112 5.995626 Shutter   720p ][ 113 4.826210 Meet The Fockers    720p ][ 114 3.559927 Fight.Club.1999.720p.BluRay.DTS-ES.x264-DON ][ 115 4.280144 Oceans.Eleven.2001.720p.HDDVD.x264-SiNNERS ][ 117 2.394979 Batman Cartoon - Gotham Knight   720p ][ 118 1.940973 The.Godfather.Part.II.1974.720p.BluRay.x264-ESiR_tehPARADOX.COM ][ 119 9.346610 James Bond 02 - From Russia With Love [1963] ][ 120 7.085938 CJ7   720p ][ 121 8.631564 Hush   720p ][ 122 7.396146 SAW V ][ 124 2.294686 Paris.Je.T.Aime.2006.720p.BluRay.x264-CiNEFiLE ][ 125 9.254889 Rocky Balboa    720p ][ 130 6.669750 Harold & Kumar   720p ][ 132 3.687424 Counterfeiters.LIMITED.720p.Bluray.x264-SEPTiC ][ 133 9.458136 Alone in the dark   720p ][ 134 7.818169 Beauty.And.The.Beast.1991.720p.HDTV.x264-hV ][ 136 2.771879 Back to the Future Part I [1985] [BluRay] [720p] [AC3] [EN] ][ 137 1.995780 Ice Age 1 [2002] [720p] ][ 138 2.124424 Crossing Over 720P ][ 139 5.088997 Spiderman 2   1080p ][ 140 9.770353 Pinocchio [1940] [720p] ][ 145 8.870252 National Geographic - The Koran [720p] [Documenter] ][ 151 7.965534 Swordfish    720p ][ 156 2.903376 Ratatouille [2007] ][ 163 4.582142 Fast and the Furious 1 - 1080p ]
