[ 54 7.499412 Danny the Dog   1080p ]
[ 42 1.261975 Shrek The Third [2007] [720p] ][ 54 7.499412 Danny the Dog   1080p ]
[ 5 7.146870 Angels & Demons [2009] [1080p] ][ 8 8.821848 Apocalypto   720p ][ 32 2.760389 James Bond 01 - Dr. No [1962] [720p] ][ 42 1.261975 Shrek The Third [2007] [720p] ]
[ 5 7.146870 Angels & Demons [2009] [1080p] ][ 8 8.821848 Apocalypto   720p ][ 24 6.624428 Toy.Story.2.HD.720p.Hebrew.Dubbed.Also.English.x264-ALiS_20 ][ 32 2.760389 James Bond 01 - Dr. No [1962] [720p] ][ 42 1.261975 Shrek The Third [2007] [720p] ][ 65 4.982641 Punisher 2   720p ]
[ 5 7.146870 Angels & Demons [2009] [1080p] ][ 7 9.094225 Spiderman 3   1080p ][ 8 8.821848 Apocalypto   720p ][ 24 6.624428 Toy.Story.2.HD.720p.Hebrew.Dubbed.Also.English.x264-ALiS_20 ][ 32 2.760389 James Bond 01 - Dr. No [1962] [720p] ][ 42 1.261975 Shrek The Third [2007] [720p] ][ 49 5.895408 Fifty Dead Men Walking   1080p ][ 58 6.592421 Indiana.Jones.and.the.Kingdom.of.the.Crystal.Skull    1080p ][ 65 4.982641 Punisher 2   720p ]
[ 5 7.146870 Angels & Demons [2009] [1080p] ][ 7 9.094225 Spiderman 3   1080p ][ 8 8.821848 Apocalypto   720p ][ 9 0.582176 Blade 1   720p ][ 24 6.624428 Toy.Story.2.HD.720p.Hebrew.Dubbed.Also.English.x264-ALiS_20 ][ 25 1.423028 Danny the Dog   1080p ][ 32 2.760389 James Bond 01 - Dr. No [1962] [720p] ][ 42 1.261975 Shrek The Third [2007] [720p] ][ 49 5.895408 Fifty Dead Men Walking   1080p ][ 64 8.242423 Black Hawk Down   1080p ][ 67 2.466464 Jumper    1080p ][ 72 6.531129 Up [1080p] ]
[ 5 7.146870 Angels & Demons [2009] [1080p] ][ 7 9.094225 Spiderman 3   1080p ][ 8 8.821848 Apocalypto   720p ][ 9 0.582176 Blade 1   720p ][ 10 6.477307 Blood - The Last Vampire [2009] [720p] ][ 24 6.624428 Toy.Story.2.HD.720p.Hebrew.Dubbed.Also.English.x264-ALiS_20 ][ 25 1.423028 Danny the Dog   1080p ][ 32 2.760389 James Bond 01 - Dr. No [1962] [720p] ][ 42 1.261975 Shrek The Third [2007] [720p] ][ 43 5.928304 X-Men 3    720p ][ 53 3.331414 Stargate.Continuum.2008.1080p.Bluray.DTS.x264-eVIAN ][ 64 8.242423 Black Hawk Down   1080p ][ 67 2.466464 Jumper    1080p ][ 68 8.547283 Jumanji [720p] ][ 72 6.531129 Up [1080p] ][ 79 4.038848 007 Licence to Kill [1989] [BluRay] [720p] [DTS] ]
[ 0 1.432328 Blade 3   720p ][ 5 7.146870 Angels & Demons [2009] [1080p] ][ 7 9.094225 Spiderman 3   1080p ][ 8 8.821848 Apocalypto   720p ][ 15 3.241262 Batman Cartoon - Gotham Knight   720p ][ 24 6.624428 Toy.Story.2.HD.720p.Hebrew.Dubbed.Also.English.x264-ALiS_20 ][ 25 1.423028 Danny the Dog   1080p ][ 32 2.760389 James Bond 01 - Dr. No [1962] [720p] ][ 35 2.399756 Van.Helsing  1080p ][ 42 1.261975 Shrek The Third [2007] [720p] ][ 43 5.928304 X-Men 3    720p ][ 64 8.242423 Black Hawk Down   1080p ][ 66 4.913718 American Pie Book Of Love   720p ][ 67 2.466464 Jumper    1080p ][ 68 8.547283 Jumanji [720p] ][ 69 1.729084 National Geographic - The Koran [720p] [Documenter] ][ 72 6.531129 Up [1080p] ][ 74 0.586566 James Bond 11 - MoonRaker [1979] ][ 79 4.038848 007 Licence to Kill [1989] [BluRay] [720p] [DTS] ][ 85 0.654774 Top.Gun.1986.720p.HDDVD.x264-SEPTiC ]
[ 0 1.432328 Blade 3   720p ][ 1 0.572623 Infernal Affair 1-3   1080p ][ 7 9.094225 Spiderman 3   1080p ][ 8 8.821848 Apocalypto   720p ][ 12 4.348988 Species   720p ][ 15 3.241262 Batman Cartoon - Gotham Knight   720p ][ 24 6.624428 Toy.Story.2.HD.720p.Hebrew.Dubbed.Also.English.x264-ALiS_20 ][ 30 3.121587 Counterfeiters.LIMITED.720p.Bluray.x264-SEPTiC ][ 32 2.760389 James Bond 01 - Dr. No [1962] [720p] ][ 35 2.399756 Van.Helsing  1080p ][ 37 6.643079 Bourne Identity   720p ][ 41 5.244416 Blade 1   720p ][ 42 1.261975 Shrek The Third [2007] [720p] ][ 43 5.928304 X-Men 3    720p ][ 64 8.242423 Black Hawk Down   1080p ][ 66 4.913718 American Pie Book Of Love   720p ][ 67 2.466464 Jumper    1080p ][ 68 8.547283 Jumanji [720p] ][ 69 1.729084 National Geographic - The Koran [720p] [Documenter] ][ 72 6.531129 Up [1080p] ][ 74 0.586566 James Bond 11 - MoonRaker [1979] ][ 79 4.038848 007 Licence to Kill [1989] [BluRay] [720p] [DTS] ][ 85 0.654774 Top.Gun.1986.720p.HDDVD.x264-SEPTiC ][ 96 3.780687 Labor Pain   720p ][ 102 0.238561 Transformer 1 & 2 Collection   1080p ]
[ 0 1.432328 Blade 3   720p ][ 1 0.572623 Infernal Affair 1-3   1080p ][ 7 9.094225 Spiderman 3   1080p ][ 8 8.821848 Apocalypto   720p ][ 12 4.348988 Species   720p ][ 13 7.213445 Tomb Raider Collection (1-2)    720p ][ 15 3.241262 Batman Cartoon - Gotham Knight   720p ][ 24 6.624428 Toy.Story.2.HD.720p.Hebrew.Dubbed.Also.English.x264-ALiS_20 ][ 30 3.121587 Counterfeiters.LIMITED.720p.Bluray.x264-SEPTiC ][ 32 2.760389 James Bond 01 - Dr. No [1962] [720p] ][ 34 2.602903 Max Payne    720p ][ 35 2.399756 Van.Helsing  1080p ][ 41 5.244416 Blade 1   720p ][ 42 1.261975 Shrek The Third [2007] [720p] ][ 43 5.928304 X-Men 3    720p ][ 57 4.354249 Species - The Awakening   720p ][ 64 8.242423 Black Hawk Down   1080p ][ 67 2.466464 Jumper    1080p ][ 68 8.547283 Jumanji [720p] ][ 69 1.729084 National Geographic - The Koran [720p] [Documenter] ][ 73 1.239148 Epic Movie UNRATED (2007) 720p ][ 74 0.586566 James Bond 11 - MoonRaker [1979] ][ 79 4.038848 007 Licence to Kill [1989] [BluRay] [720p] [DTS] ][ 81 4.651500 La Vita e Bella    720p ][ 85 0.654774 Top.Gun.1986.720p.HDDVD.x264-SEPTiC ][ 93 3.117630 SAW III   720p ][ 96 3.780687 Labor Pain   720p ][ 97 5.507458 Shinjuku Incident ][ 99 4.557445 Jurassic Park 1-3  1080p ][ 102 0.238561 Transformer 1 & 2 Collection   1080p ]
[ 0 1.432328 Blade 3   720p ][ 1 0.572623 Infernal Affair 1-3   1080p ][ 8 8.821848 Apocalypto   720p ][ 11 9.272595 X-Men 1 - 1080p ][ 12 4.348988 Species   720p ][ 15 3.241262 Batman Cartoon - Gotham Knight   720p ][ 16 2.011540 Taken 1080p ][ 24 6.624428 Toy.Story.2.HD.720p.Hebrew.Dubbed.Also.English.x264-ALiS_20 ][ 29 6.267493 Godzilla 720p ][ 30 3.121587 Counterfeiters.LIMITED.720p.Bluray.x264-SEPTiC ][ 32 2.760389 James Bond 01 - Dr. No [1962] [720p] ][ 34 2.602903 Max Payne    720p ][ 35 2.399756 Van.Helsing  1080p ][ 40 2.063097 James Bond 09 - The Man with the Golden Gun [1974] ][ 41 5.244416 Blade 1   720p ][ 42 1.261975 Shrek The Third [2007] [720p] ][ 43 5.928304 X-Men 3    720p ][ 57 4.354249 Species - The Awakening   720p ][ 64 8.242423 Black Hawk Down   1080p ][ 67 2.466464 Jumper    1080p ][ 68 8.547283 Jumanji [720p] ][ 69 1.729084 National Geographic - The Koran [720p] [Documenter] ][ 73 1.239148 Epic Movie UNRATED (2007) 720p ][ 74 0.586566 James Bond 11 - MoonRaker [1979] ][ 79 4.038848 007 Licence to Kill [1989] [BluRay] [720p] [DTS] ][ 81 4.651500 La Vita e Bella    720p ][ 83 9.070526 Hellboy 1    1080p ][ 85 0.654774 Top.Gun.1986.720p.HDDVD.x264-SEPTiC ][ 89 9.522353 Memento    1080p ][ 93 3.117630 SAW III   720p ][ 96 3.780687 Labor Pain   720p ][ 97 5.507458 Shinjuku Incident ][ 99 4.557445 Jurassic Park 1-3  1080p ][ 108 9.825895 James Bond 09 - The Man with the Golden Gun [1974] ][ 109 6.520933 Eagle Eye    1080p ][ 112 2.141264 Ghost Rider [2007] [720p] ]
[ 0 1.432328 Blade 3   720p ][ 2 8.403637 Demo (Sony, Sharp, THX and more) ][ 8 8.821848 Apocalypto   720p ][ 11 9.272595 X-Men 1 - 1080p ][ 12 4.348988 Species   720p ][ 16 2.011540 Taken 1080p ][ 19 7.827970 The Haunting In Connecticut [2009] [720p] ][ 24 6.624428 Toy.Story.2.HD.720p.Hebrew.Dubbed.Also.English.x264-ALiS_20 ][ 29 6.267493 Godzilla 720p ][ 30 3.121587 Counterfeiters.LIMITED.720p.Bluray.x264-SEPTiC ][ 31 4.807151 Meet The Parents    720p ][ 32 2.760389 James Bond 01 - Dr. No [1962] [720p] ][ 34 2.602903 Max Payne    720p ][ 35 2.399756 Van.Helsing  1080p ][ 40 2.063097 James Bond 09 - The Man with the Golden Gun [1974] ][ 41 5.244416 Blade 1   720p ][ 42 1.261975 Shrek The Third [2007] [720p] ][ 43 5.928304 X-Men 3    720p ][ 60 0.437724 Seven Pounds    720p ][ 67 2.466464 Jumper    1080p ][ 68 8.547283 Jumanji [720p] ][ 69 1.729084 National Geographic - The Koran [720p] [Documenter] ][ 74 0.586566 James Bond 11 - MoonRaker [1979] ][ 79 4.038848 007 Licence to Kill [1989] [BluRay] [720p] [DTS] ][ 81 4.651500 La Vita e Bella    720p ][ 83 9.070526 Hellboy 1    1080p ][ 85 0.654774 Top.Gun.1986.720p.HDDVD.x264-SEPTiC ][ 89 9.522353 Memento    1080p ][ 91 6.207501 Daredevil - 720p ][ 93 3.117630 SAW III   720p ][ 96 3.780687 Labor Pain   720p ][ 97 5.507458 Shinjuku Incident ][ 99 4.557445 Jurassic Park 1-3  1080p ][ 106 6.132483 Back.to.the.Future.Part.III ][ 107 4.851205 Meet The Fockers    720p ][ 108 9.825895 James Bond 09 - The Man with the Golden Gun [1974] ][ 109 6.520933 Eagle Eye    1080p ][ 110 2.677128 Robocop Collection   720p ][ 112 2.141264 Ghost Rider [2007] [720p] ][ 114 7.574680 The Notebook [2004] [1080p] ][ 115 1.631794 Species   720p ][ 121 6.122317 The Proposal [2009] [720p] ]
[ 0 1.432328 Blade 3   720p ][ 8 8.821848 Apocalypto   720p ][ 11 9.272595 X-Men 1 - 1080p ][ 12 4.348988 Species   720p ][ 16 2.011540 Taken 1080p ][ 19 7.827970 The Haunting In Connecticut [2009] [720p] ][ 22 8.142433 The Tale Of Despereaux [720p] ][ 24 6.624428 Toy.Story.2.HD.720p.Hebrew.Dubbed.Also.English.x264-ALiS_20 ][ 26 5.068053 The.Godfather.Part.III.1990.720p.BluRay.x264-SiNNERS_tehPARADOX.COM ][ 29 6.267493 Godzilla 720p ][ 30 3.121587 Counterfeiters.LIMITED.720p.Bluray.x264-SEPTiC ][ 31 4.807151 Meet The Parents    720p ][ 32 2.760389 James Bond 01 - Dr. No [1962] [720p] ][ 34 2.602903 Max Payne    720p ][ 35 2.399756 Van.Helsing  1080p ][ 40 2.063097 James Bond 09 - The Man with the Golden Gun [1974] ][ 42 1.261975 Shrek The Third [2007] [720p] ][ 43 5.928304 X-Men 3    720p ][ 51 2.434320 Full.Metal.Jacket.REMASTERED.1987.720p.HDDVD.x264-SEPTiC ][ 60 0.437724 Seven Pounds    720p ][ 67 2.466464 Jumper    1080p ][ 68 8.547283 Jumanji [720p] ][ 69 1.729084 National Geographic - The Koran [720p] [Documenter] ][ 74 0.586566 James Bond 11 - MoonRaker [1979] ][ 77 0.561946 James Bond 17 - Golden Eye [1995] ][ 79 4.038848 007 Licence to Kill [1989] [BluRay] [720p] [DTS] ][ 81 4.651500 La Vita e Bella    720p ][ 83 9.070526 Hellboy 1    1080p ][ 85 0.654774 Top.Gun.1986.720p.HDDVD.x264-SEPTiC ][ 89 9.522353 Memento    1080p ][ 91 6.207501 Daredevil - 720p ][ 93 3.117630 SAW III   720p ][ 96 3.780687 Labor Pain   720p ][ 97 5.507458 Shinjuku Incident ][ 106 6.132483 Back.to.the.Future.Part.III ][ 107 4.851205 Meet The Fockers    720p ][ 108 9.825895 James Bond 09 - The Man with the Golden Gun [1974] ][ 111 4.574494 Night Train   720p ][ 112 2.141264 Ghost Rider [2007] [720p] ][ 114 7.574680 The Notebook [2004] [1080p] ][ 119 3.070690 contents.txt ][ 120 6.978567 Darko 720P ][ 121 6.122317 The Proposal [2009] [720p] ][ 122 4.752949 Hulk 1    1080p ][ 124 6.388806 SAW IV ][ 135 9.137642 Rocky 3 [1982] [BluRay] [720p] [AC3] ][ 137 7.877636 Ip Man [2009]    720p ][ 139 0.498991 Seven Swords    1080p ][ 146 5.171102 Cars [2006] [720p] ]
[ 0 1.432328 Blade 3   720p ][ 6 3.093778 Shoot.Em.Up.720p.Bluray.x264-SEPTiC ][ 8 8.821848 Apocalypto   720p ][ 11 9.272595 X-Men 1 - 1080p ][ 16 2.011540 Taken 1080p ][ 19 7.827970 The Haunting In Connecticut [2009] [720p] ][ 22 8.142433 The Tale Of Despereaux [720p] ][ 24 6.624428 Toy.Story.2.HD.720p.Hebrew.Dubbed.Also.English.x264-ALiS_20 ][ 26 5.068053 The.Godfather.Part.III.1990.720p.BluRay.x264-SiNNERS_tehPARADOX.COM ][ 27 1.160863 Ice Age 3 Dawn of the Dinosaurs [2009] [720p] ][ 29 6.267493 Godzilla 720p ][ 31 4.807151 Meet The Parents    720p ][ 32 2.760389 James Bond 01 - Dr. No [1962] [720p] ][ 33 9.389312 War [720p] ][ 35 2.399756 Van.Helsing  1080p ][ 40 2.063097 James Bond 09 - The Man with the Golden Gun [1974] ][ 42 1.261975 Shrek The Third [2007] [720p] ][ 43 5.928304 X-Men 3    720p ][ 51 2.434320 Full.Metal.Jacket.REMASTERED.1987.720p.HDDVD.x264-SEPTiC ][ 56 5.094852 enemy at the gates    1080p ][ 60 0.437724 Seven Pounds    720p ][ 68 8.547283 Jumanji [720p] ][ 69 1.729084 National Geographic - The Koran [720p] [Documenter] ][ 74 0.586566 James Bond 11 - MoonRaker [1979] ][ 77 0.561946 James Bond 17 - Golden Eye [1995] ][ 79 4.038848 007 Licence to Kill [1989] [BluRay] [720p] [DTS] ][ 81 4.651500 La Vita e Bella    720p ][ 83 9.070526 Hellboy 1    1080p ][ 85 0.654774 Top.Gun.1986.720p.HDDVD.x264-SEPTiC ][ 89 9.522353 Memento    1080p ][ 91 6.207501 Daredevil - 720p ][ 93 3.117630 SAW III   720p ][ 96 3.780687 Labor Pain   720p ][ 97 5.507458 Shinjuku Incident ][ 104 4.566534 My Bloody Valentine 3D [720p] ][ 106 6.132483 Back.to.the.Future.Part.III ][ 107 4.851205 Meet The Fockers    720p ][ 108 9.825895 James Bond 09 - The Man with the Golden Gun [1974] ][ 111 4.574494 Night Train   720p ][ 112 2.141264 Ghost Rider [2007] [720p] ][ 113 1.948950 Black.Mask.Blu-ray.720p.x264.DTS-HDC.AfterFX@SiLUHD ][ 114 7.574680 The Notebook [2004] [1080p] ][ 117 8.645991 Bad Boy II [720p] ][ 119 3.070690 contents.txt ][ 121 6.122317 The Proposal [2009] [720p] ][ 122 4.752949 Hulk 1    1080p ][ 124 6.388806 SAW IV ][ 137 7.877636 Ip Man [2009]    720p ][ 139 0.498991 Seven Swords    1080p ][ 140 9.406891 Horseman    720p ][ 141 3.528378 Se7en [720p] ][ 145 9.811990 The X Files - I Want To Believe    720p ][ 146 5.171102 Cars [2006] [720p] ][ 149 5.657086 Into The Blue 720P ][ 150 1.417143 Swordfish    720p ][ 157 6.728661 My Bloody Valentine 3D    1080p ]
[ 0 1.432328 Blade 3   720p ][ 6 3.093778 Shoot.Em.Up.720p.Bluray.x264-SEPTiC ][ 8 8.821848 Apocalypto   720p ][ 11 9.272595 X-Men 1 - 1080p ][ 16 2.011540 Taken 1080p ][ 18 2.180374 The Proposal [2009] [720p] ][ 19 7.827970 The Haunting In Connecticut [2009] [720p] ][ 22 8.142433 The Tale Of Despereaux [720p] ][ 24 6.624428 Toy.Story.2.HD.720p.Hebrew.Dubbed.Also.English.x264-ALiS_20 ][ 26 5.068053 The.Godfather.Part.III.1990.720p.BluRay.x264-SiNNERS_tehPARADOX.COM ][ 27 1.160863 Ice Age 3 Dawn of the Dinosaurs [2009] [720p] ][ 29 6.267493 Godzilla 720p ][ 31 4.807151 Meet The Parents    720p ][ 32 2.760389 James Bond 01 - Dr. No [1962] [720p] ][ 33 9.389312 War [720p] ][ 35 2.399756 Van.Helsing  1080p ][ 40 2.063097 James Bond 09 - The Man with the Golden Gun [1974] ][ 42 1.261975 Shrek The Third [2007] [720p] ][ 43 5.928304 X-Men 3    720p ][ 45 0.972707 007 The Man With the Golden Gun [1974] [BluRay] [720p] [DTS] ][ 51 2.434320 Full.Metal.Jacket.REMASTERED.1987.720p.HDDVD.x264-SEPTiC ][ 56 5.094852 enemy at the gates    1080p ][ 60 0.437724 Seven Pounds    720p ][ 68 8.547283 Jumanji [720p] ][ 70 4.049784 The Matrix Reloaded   1080p ][ 74 0.586566 James Bond 11 - MoonRaker [1979] ][ 77 0.561946 James Bond 17 - Golden Eye [1995] ][ 78 9.484282 Superhero Movie   1080p ][ 79 4.038848 007 Licence to Kill [1989] [BluRay] [720p] [DTS] ][ 81 4.651500 La Vita e Bella    720p ][ 83 9.070526 Hellboy 1    1080p ][ 85 0.654774 Top.Gun.1986.720p.HDDVD.x264-SEPTiC ][ 86 7.427948 Superman Batman Public Enemies 2009 720p ][ 89 9.522353 Memento    1080p ][ 91 6.207501 Daredevil - 720p ][ 93 3.117630 SAW III   720p ][ 97 5.507458 Shinjuku Incident ][ 104 4.566534 My Bloody Valentine 3D [720p] ][ 106 6.132483 Back.to.the.Future.Part.III ][ 107 4.851205 Meet The Fockers    720p ][ 108 9.825895 James Bond 09 - The Man with the Golden Gun [1974] ][ 112 2.141264 Ghost Rider [2007] [720p] ][ 113 1.948950 Black.Mask.Blu-ray.720p.x264.DTS-HDC.AfterFX@SiLUHD ][ 114 7.574680 The Notebook [2004] [1080p] ][ 117 8.645991 Bad Boy II [720p] ][ 118 2.550310 James Bond 01 - Dr. No [1962] [720p] ][ 119 3.070690 contents.txt ][ 121 6.122317 The Proposal [2009] [720p] ][ 122 4.752949 Hulk 1    1080p ][ 123 5.757107 Land Of the Lost   720p ][ 124 6.388806 SAW IV ][ 127 4.381942 Star Trek Collection 1-9    720p ][ 131 6.610264 Lion King, The 720p ][ 134 9.610187 Constantine HDDVD 1080p DTS x264 ][ 139 0.498991 Seven Swords    1080p ][ 140 9.406891 Horseman    720p ][ 141 3.528378 Se7en [720p] ][ 145 9.811990 The X Files - I Want To Believe    720p ][ 146 5.171102 Cars [2006] [720p] ][ 150 1.417143 Swordfish    720p ][ 155 1.892049 Red Cliff    1080p ][ 157 6.728661 My Bloody Valentine 3D    1080p ][ 164 5.305361 Bridge To Terabithia 720P ][ 167 6.188550 How To Lose Friends & Alienate People   1080p ]
