[ 34 7.013805 Chocolate 720p ]
[ 1 1.410995 Sky.Captain.And.The.World.Of.Tomorrow[www.x1949x.com]    720p ][ 24 5.251699 Black Hawk Down   1080p ]
[ 1 1.410995 Sky.Captain.And.The.World.Of.Tomorrow[www.x1949x.com]    720p ][ 24 5.251699 Black Hawk Down   1080p ][ 36 4.231801 Chicken Run [2000] [720p] ][ 50 9.254623 Pinocchio [1940] [720p] ]
[ 1 1.410995 Sky.Captain.And.The.World.Of.Tomorrow[www.x1949x.com]    720p ][ 31 4.218238 G.I.Joe The Rise of Cobra [2009] [720p] ][ 32 7.449063 X-Men 1    720p ][ 50 9.254623 Pinocchio [1940] [720p] ][ 54 2.396817 Leaving Las Vegas  720p ][ 61 2.533506 007.Die Another Day.avi ]
[ 1 1.410995 Sky.Captain.And.The.World.Of.Tomorrow[www.x1949x.com]    720p ][ 9 9.210819 Kill Bill Vol 1 [2003]    720p ][ 32 7.449063 X-Men 1    720p ][ 35 3.203816 How To Lose Friends & Alienate People   1080p ][ 37 8.710281 Watchmen [720p] ][ 46 6.457326 The.Godfather.Part.I.1972.720p.BluRay.x264-ESiR ][ 50 9.254623 Pinocchio [1940] [720p] ][ 54 2.396817 Leaving Las Vegas  720p ][ 61 2.533506 007.Die Another Day.avi ]
[ 9 9.210819 Kill Bill Vol 1 [2003]    720p ][ 11 0.203573 Punisher 2   720p ][ 15 7.566993 Seven Pounds    720p ][ 27 1.362838 Blood.Diamond.2006.1080p.HDDVD.x264-DEFiNiTE ][ 30 0.815981 Big Nothing   720p ][ 32 7.449063 X-Men 1    720p ][ 35 3.203816 How To Lose Friends & Alienate People   1080p ][ 37 8.710281 Watchmen [720p] ][ 43 5.993897 Rambo 4 [2008] [720p] ][ 50 9.254623 Pinocchio [1940] [720p] ][ 51 8.155884 Eurotrip    720p ][ 61 2.533506 007.Die Another Day.avi ]
[ 6 8.595641 Four Christmases 720P ][ 9 9.210819 Kill Bill Vol 1 [2003]    720p ][ 11 0.203573 Punisher 2   720p ][ 15 7.566993 Seven Pounds    720p ][ 27 1.362838 Blood.Diamond.2006.1080p.HDDVD.x264-DEFiNiTE ][ 30 0.815981 Big Nothing   720p ][ 32 7.449063 X-Men 1    720p ][ 35 3.203816 How To Lose Friends & Alienate People   1080p ][ 37 8.710281 Watchmen [720p] ][ 43 5.993897 Rambo 4 [2008] [720p] ][ 45 3.486951 The.Godfather.Part.II.1974.720p.BluRay.x264-ESiR_tehPARADOX.COM ][ 50 9.254623 Pinocchio [1940] [720p] ][ 51 8.155884 Eurotrip    720p ][ 52 6.930229 District 9 [2009] [720p] ][ 76 7.297127 Hellboy 1    1080p ][ 87 1.213465 Aeon Flux   720p ]
[ 6 8.595641 Four Christmases 720P ][ 7 9.887379 Meet The Fockers    720p ][ 9 9.210819 Kill Bill Vol 1 [2003]    720p ][ 11 0.203573 Punisher 2   720p ][ 12 5.325707 District 9 [2009] [720p] ][ 15 7.566993 Seven Pounds    720p ][ 16 8.659463 The Matrix Reloaded   1080p ][ 19 8.648471 Miami Vice 720p ][ 27 1.362838 Blood.Diamond.2006.1080p.HDDVD.x264-DEFiNiTE ][ 29 9.853550 Once.Upon.a.Time.in.China.1991.720p.BluRay.x264-BestHD ][ 30 0.815981 Big Nothing   720p ][ 37 8.710281 Watchmen [720p] ][ 45 3.486951 The.Godfather.Part.II.1974.720p.BluRay.x264-ESiR_tehPARADOX.COM ][ 50 9.254623 Pinocchio [1940] [720p] ][ 51 8.155884 Eurotrip    720p ][ 52 6.930229 District 9 [2009] [720p] ][ 75 5.926651 X-Men 1 - 1080p ][ 76 7.297127 Hellboy 1    1080p ][ 77 3.259462 Danny the Dog   1080p ][ 78 8.671146 Coyote Ugly 1080p ]
[ 7 9.887379 Meet The Fockers    720p ][ 9 9.210819 Kill Bill Vol 1 [2003]    720p ][ 11 0.203573 Punisher 2   720p ][ 12 5.325707 District 9 [2009] [720p] ][ 16 8.659463 The Matrix Reloaded   1080p ][ 19 8.648471 Miami Vice 720p ][ 27 1.362838 Blood.Diamond.2006.1080p.HDDVD.x264-DEFiNiTE ][ 29 9.853550 Once.Upon.a.Time.in.China.1991.720p.BluRay.x264-BestHD ][ 37 8.710281 Watchmen [720p] ][ 40 0.867903 X-Men 4 - Origins Wolverine (2009)  1080p ][ 49 1.330307 Afro samurai uncut 720p ][ 50 9.254623 Pinocchio [1940] [720p] ][ 51 8.155884 Eurotrip    720p ][ 52 6.930229 District 9 [2009] [720p] ][ 55 8.507007 Final Fantasy VII Advent Children [2005] [1080p] ][ 58 5.700495 Banlieue 13 - Ultimatum [720p] ][ 72 0.648270 James Bond 03 - GoldFinger [1964] ][ 75 5.926651 X-Men 1 - 1080p ][ 76 7.297127 Hellboy 1    1080p ][ 77 3.259462 Danny the Dog   1080p ][ 78 8.671146 Coyote Ugly 1080p ][ 82 5.798163 The.Da.Vinci.Code.2006.720p.BluRay.x264-BestHD ][ 88 3.105333 Hulk 2 - The Incredible Hulk - 720p ][ 94 0.481792 Fifty Dead Men Walking   1080p ][ 99 7.998645 IMAX Ring of Fire [720p] [Documenter] ]
[ 7 9.887379 Meet The Fockers    720p ][ 8 8.045328 Sixth Sense   720p ][ 9 9.210819 Kill Bill Vol 1 [2003]    720p ][ 11 0.203573 Punisher 2   720p ][ 16 8.659463 The Matrix Reloaded   1080p ][ 17 0.279494 La Vita e Bella    720p ][ 19 8.648471 Miami Vice 720p ][ 27 1.362838 Blood.Diamond.2006.1080p.HDDVD.x264-DEFiNiTE ][ 29 9.853550 Once.Upon.a.Time.in.China.1991.720p.BluRay.x264-BestHD ][ 37 8.710281 Watchmen [720p] ][ 38 4.576809 Fight.Club.1999.720p.BluRay.DTS-ES.x264-DON ][ 40 0.867903 X-Men 4 - Origins Wolverine (2009)  1080p ][ 41 6.694134 Red Dragon    1080p ][ 44 9.877824 Ongbak 2003 720p ][ 50 9.254623 Pinocchio [1940] [720p] ][ 51 8.155884 Eurotrip    720p ][ 52 6.930229 District 9 [2009] [720p] ][ 58 5.700495 Banlieue 13 - Ultimatum [720p] ][ 63 1.618860 Charlie and the Chocolate Factory   720p ][ 64 5.577877 Dead Race 720p ][ 72 0.648270 James Bond 03 - GoldFinger [1964] ][ 75 5.926651 X-Men 1 - 1080p ][ 76 7.297127 Hellboy 1    1080p ][ 77 3.259462 Danny the Dog   1080p ][ 78 8.671146 Coyote Ugly 1080p ][ 82 5.798163 The.Da.Vinci.Code.2006.720p.BluRay.x264-BestHD ][ 88 3.105333 Hulk 2 - The Incredible Hulk - 720p ][ 93 6.994931 Twilight [2008]   720p ][ 94 0.481792 Fifty Dead Men Walking   1080p ][ 99 7.998645 IMAX Ring of Fire [720p] [Documenter] ]
[ 7 9.887379 Meet The Fockers    720p ][ 8 8.045328 Sixth Sense   720p ][ 9 9.210819 Kill Bill Vol 1 [2003]    720p ][ 11 0.203573 Punisher 2   720p ][ 16 8.659463 The Matrix Reloaded   1080p ][ 17 0.279494 La Vita e Bella    720p ][ 19 8.648471 Miami Vice 720p ][ 21 5.671129 Superhero Movie   1080p ][ 27 1.362838 Blood.Diamond.2006.1080p.HDDVD.x264-DEFiNiTE ][ 29 9.853550 Once.Upon.a.Time.in.China.1991.720p.BluRay.x264-BestHD ][ 37 8.710281 Watchmen [720p] ][ 39 8.138705 Terminator Salvation Director's cut  ( 2009)    1080p ][ 41 6.694134 Red Dragon    1080p ][ 44 9.877824 Ongbak 2003 720p ][ 50 9.254623 Pinocchio [1940] [720p] ][ 51 8.155884 Eurotrip    720p ][ 52 6.930229 District 9 [2009] [720p] ][ 58 5.700495 Banlieue 13 - Ultimatum [720p] ][ 62 9.575014 contents.txt ][ 63 1.618860 Charlie and the Chocolate Factory   720p ][ 64 5.577877 Dead Race 720p ][ 65 5.372275 Madagascar 1 [2005] [1080p] ][ 72 0.648270 James Bond 03 - GoldFinger [1964] ][ 75 5.926651 X-Men 1 - 1080p ][ 77 3.259462 Danny the Dog   1080p ][ 78 8.671146 Coyote Ugly 1080p ][ 82 5.798163 The.Da.Vinci.Code.2006.720p.BluRay.x264-BestHD ][ 90 3.374738 The.Escape.2009.1080p.BluRay.x264-BestHD ][ 94 0.481792 Fifty Dead Men Walking   1080p ][ 99 7.998645 IMAX Ring of Fire [720p] [Documenter] ][ 103 8.671568 Bridge To Terabithia 720P ][ 104 4.807463 Bad Boy II [720p] ][ 108 1.904836 Jeniffer's Body ( 2009)    1080p ][ 113 5.151738 Big Buck Bunny [1080p] ][ 114 4.815706 Lord Of The Ring  - Return Of The King   720p ][ 122 9.608716 X-Men Origin - Wolverine [2009] [1080p] ]
[ 7 9.887379 Meet The Fockers    720p ][ 9 9.210819 Kill Bill Vol 1 [2003]    720p ][ 11 0.203573 Punisher 2   720p ][ 14 7.392805 Final Destination 2 ][ 16 8.659463 The Matrix Reloaded   1080p ][ 17 0.279494 La Vita e Bella    720p ][ 21 5.671129 Superhero Movie   1080p ][ 23 1.591717 Batman Cartoon - Gotham Knight   720p ][ 27 1.362838 Blood.Diamond.2006.1080p.HDDVD.x264-DEFiNiTE ][ 29 9.853550 Once.Upon.a.Time.in.China.1991.720p.BluRay.x264-BestHD ][ 39 8.138705 Terminator Salvation Director's cut  ( 2009)    1080p ][ 44 9.877824 Ongbak 2003 720p ][ 50 9.254623 Pinocchio [1940] [720p] ][ 51 8.155884 Eurotrip    720p ][ 52 6.930229 District 9 [2009] [720p] ][ 58 5.700495 Banlieue 13 - Ultimatum [720p] ][ 62 9.575014 contents.txt ][ 63 1.618860 Charlie and the Chocolate Factory   720p ][ 64 5.577877 Dead Race 720p ][ 65 5.372275 Madagascar 1 [2005] [1080p] ][ 66 6.664678 Oceans.Thirteen.2007.720p.HDDVD.x264-SiNNERS ][ 72 0.648270 James Bond 03 - GoldFinger [1964] ][ 74 5.569422 James Bond 11 - MoonRaker [1979] ][ 75 5.926651 X-Men 1 - 1080p ][ 77 3.259462 Danny the Dog   1080p ][ 78 8.671146 Coyote Ugly 1080p ][ 82 5.798163 The.Da.Vinci.Code.2006.720p.BluRay.x264-BestHD ][ 86 9.947305 Batman Cartoon - Gotham Knight   720p ][ 90 3.374738 The.Escape.2009.1080p.BluRay.x264-BestHD ][ 94 0.481792 Fifty Dead Men Walking   1080p ][ 99 7.998645 IMAX Ring of Fire [720p] [Documenter] ][ 103 8.671568 Bridge To Terabithia 720P ][ 104 4.807463 Bad Boy II [720p] ][ 105 5.723932 Flash Point    720p ][ 108 1.904836 Jeniffer's Body ( 2009)    1080p ][ 109 1.838298 007 Series ][ 111 1.566645 The.X.Files.Fight.The.Future.1998.720p.BluRay.x264-SiNNERS ][ 113 5.151738 Big Buck Bunny [1080p] ][ 114 4.815706 Lord Of The Ring  - Return Of The King   720p ][ 115 4.455158 Starship Troopers 2  720p ][ 122 9.608716 X-Men Origin - Wolverine [2009] [1080p] ][ 135 1.875008 8 Mile [2002] [720p] ]
[ 7 9.887379 Meet The Fockers    720p ][ 9 9.210819 Kill Bill Vol 1 [2003]    720p ][ 11 0.203573 Punisher 2   720p ][ 14 7.392805 Final Destination 2 ][ 16 8.659463 The Matrix Reloaded   1080p ][ 18 7.287355 Apollo 13   1080p ][ 20 9.778714 Burn E [720p] ][ 21 5.671129 Superhero Movie   1080p ][ 23 1.591717 Batman Cartoon - Gotham Knight   720p ][ 29 9.853550 Once.Upon.a.Time.in.China.1991.720p.BluRay.x264-BestHD ][ 39 8.138705 Terminator Salvation Director's cut  ( 2009)    1080p ][ 44 9.877824 Ongbak 2003 720p ][ 50 9.254623 Pinocchio [1940] [720p] ][ 51 8.155884 Eurotrip    720p ][ 52 6.930229 District 9 [2009] [720p] ][ 58 5.700495 Banlieue 13 - Ultimatum [720p] ][ 62 9.575014 contents.txt ][ 64 5.577877 Dead Race 720p ][ 65 5.372275 Madagascar 1 [2005] [1080p] ][ 66 6.664678 Oceans.Thirteen.2007.720p.HDDVD.x264-SiNNERS ][ 72 0.648270 James Bond 03 - GoldFinger [1964] ][ 74 5.569422 James Bond 11 - MoonRaker [1979] ][ 75 5.926651 X-Men 1 - 1080p ][ 77 3.259462 Danny the Dog   1080p ][ 78 8.671146 Coyote Ugly 1080p ][ 86 9.947305 Batman Cartoon - Gotham Knight   720p ][ 90 3.374738 The.Escape.2009.1080p.BluRay.x264-BestHD ][ 92 2.940252 The Mummy Tomb Of The Dragon Emperor   720p ][ 94 0.481792 Fifty Dead Men Walking   1080p ][ 99 7.998645 IMAX Ring of Fire [720p] [Documenter] ][ 103 8.671568 Bridge To Terabithia 720P ][ 105 5.723932 Flash Point    720p ][ 108 1.904836 Jeniffer's Body ( 2009)    1080p ][ 109 1.838298 007 Series ][ 111 1.566645 The.X.Files.Fight.The.Future.1998.720p.BluRay.x264-SiNNERS ][ 113 5.151738 Big Buck Bunny [1080p] ][ 114 4.815706 Lord Of The Ring  - Return Of The King   720p ][ 115 4.455158 Starship Troopers 2  720p ][ 117 2.589341 Superhero Movie   1080p ][ 118 0.758300 The Final Destination 4 [2009] [720p] ][ 121 4.014052 Race To Witch Mountain [1080p] ][ 122 9.608716 X-Men Origin - Wolverine [2009] [1080p] ][ 125 8.972841 Terminator Salvation Director's cut  ( 2009)    1080p ][ 126 1.658975 PIXAR Movie ][ 129 7.427909 Afro samurai uncut 720p ][ 131 1.834682 Blood - The Last Vampire [2009] [720p] ][ 133 9.344888 Species - The Awakening   720p ][ 134 0.551389 In The Electrical Mist   720p ][ 135 1.875008 8 Mile [2002] [720p] ]
[ 7 9.887379 Meet The Fockers    720p ][ 9 9.210819 Kill Bill Vol 1 [2003]    720p ][ 11 0.203573 Punisher 2   720p ][ 14 7.392805 Final Destination 2 ][ 18 7.287355 Apollo 13   1080p ][ 20 9.778714 Burn E [720p] ][ 21 5.671129 Superhero Movie   1080p ][ 23 1.591717 Batman Cartoon - Gotham Knight   720p ][ 29 9.853550 Once.Upon.a.Time.in.China.1991.720p.BluRay.x264-BestHD ][ 44 9.877824 Ongbak 2003 720p ][ 48 4.177963 Pursuit_Of_Happyness[2006]   720p ][ 50 9.254623 Pinocchio [1940] [720p] ][ 51 8.155884 Eurotrip    720p ][ 52 6.930229 District 9 [2009] [720p] ][ 60 6.284062 James Bond 01 - Dr. No [1962] [720p] ][ 62 9.575014 contents.txt ][ 64 5.577877 Dead Race 720p ][ 65 5.372275 Madagascar 1 [2005] [1080p] ][ 71 1.862386 Before The Devil Knows, You're Dead   1080p ][ 73 1.280602 The Matrix   1080p ][ 74 5.569422 James Bond 11 - MoonRaker [1979] ][ 77 3.259462 Danny the Dog   1080p ][ 78 8.671146 Coyote Ugly 1080p ][ 86 9.947305 Batman Cartoon - Gotham Knight   720p ][ 90 3.374738 The.Escape.2009.1080p.BluRay.x264-BestHD ][ 92 2.940252 The Mummy Tomb Of The Dragon Emperor   720p ][ 94 0.481792 Fifty Dead Men Walking   1080p ][ 95 2.300280 1408.2007.720p.BluRay.x264-SiNNERS ][ 96 2.077624 High school musical 2006    720p ][ 99 7.998645 IMAX Ring of Fire [720p] [Documenter] ][ 103 8.671568 Bridge To Terabithia 720P ][ 105 5.723932 Flash Point    720p ][ 108 1.904836 Jeniffer's Body ( 2009)    1080p ][ 109 1.838298 007 Series ][ 111 1.566645 The.X.Files.Fight.The.Future.1998.720p.BluRay.x264-SiNNERS ][ 113 5.151738 Big Buck Bunny [1080p] ][ 114 4.815706 Lord Of The Ring  - Return Of The King   720p ][ 115 4.455158 Starship Troopers 2  720p ][ 117 2.589341 Superhero Movie   1080p ][ 118 0.758300 The Final Destination 4 [2009] [720p] ][ 121 4.014052 Race To Witch Mountain [1080p] ][ 122 9.608716 X-Men Origin - Wolverine [2009] [1080p] ][ 124 3.166614 Direct Contact    720p ][ 125 8.972841 Terminator Salvation Director's cut  ( 2009)    1080p ][ 126 1.658975 PIXAR Movie ][ 129 7.427909 Afro samurai uncut 720p ][ 131 1.834682 Blood - The Last Vampire [2009] [720p] ][ 133 9.344888 Species - The Awakening   720p ][ 134 0.551389 In The Electrical Mist   720p ][ 135 1.875008 8 Mile [2002] [720p] ][ 140 3.223679 Swordfish    720p ][ 143 2.642408 Star Wars Saga  Collection 720p ][ 144 2.134529 Good Night And Good Luck   720p ][ 148 4.946006 Alien vs Predator 1-2  720p ][ 152 1.181029 The X Files - I Want To Believe    720p ][ 159 8.669971 Green Lantern First Flight   720p ]
[ 2 1.978247 The Matrix [1999] [1080p] ][ 4 3.063224 Butterfly on a Wheel.2007   720p ][ 7 9.887379 Meet The Fockers    720p ][ 9 9.210819 Kill Bill Vol 1 [2003]    720p ][ 11 0.203573 Punisher 2   720p ][ 13 1.904608 The Secret of Moonarce [720p] ][ 14 7.392805 Final Destination 2 ][ 18 7.287355 Apollo 13   1080p ][ 20 9.778714 Burn E [720p] ][ 21 5.671129 Superhero Movie   1080p ][ 29 9.853550 Once.Upon.a.Time.in.China.1991.720p.BluRay.x264-BestHD ][ 44 9.877824 Ongbak 2003 720p ][ 47 4.068158 Ongbak 2003 720p ][ 48 4.177963 Pursuit_Of_Happyness[2006]   720p ][ 50 9.254623 Pinocchio [1940] [720p] ][ 51 8.155884 Eurotrip    720p ][ 52 6.930229 District 9 [2009] [720p] ][ 59 6.057144 Apollo 13   1080p ][ 60 6.284062 James Bond 01 - Dr. No [1962] [720p] ][ 62 9.575014 contents.txt ][ 65 5.372275 Madagascar 1 [2005] [1080p] ][ 71 1.862386 Before The Devil Knows, You're Dead   1080p ][ 73 1.280602 The Matrix   1080p ][ 74 5.569422 James Bond 11 - MoonRaker [1979] ][ 77 3.259462 Danny the Dog   1080p ][ 78 8.671146 Coyote Ugly 1080p ][ 84 1.944196 Corpse Bride   720p ][ 86 9.947305 Batman Cartoon - Gotham Knight   720p ][ 89 1.115225 My Bloody Valentine 3D    1080p ][ 90 3.374738 The.Escape.2009.1080p.BluRay.x264-BestHD ][ 92 2.940252 The Mummy Tomb Of The Dragon Emperor   720p ][ 94 0.481792 Fifty Dead Men Walking   1080p ][ 95 2.300280 1408.2007.720p.BluRay.x264-SiNNERS ][ 96 2.077624 High school musical 2006    720p ][ 98 9.184936 The Bank Job [720p] ][ 99 7.998645 IMAX Ring of Fire [720p] [Documenter] ][ 103 8.671568 Bridge To Terabithia 720P ][ 108 1.904836 Jeniffer's Body ( 2009)    1080p ][ 109 1.838298 007 Series ][ 111 1.566645 The.X.Files.Fight.The.Future.1998.720p.BluRay.x264-SiNNERS ][ 113 5.151738 Big Buck Bunny [1080p] ][ 114 4.815706 Lord Of The Ring  - Return Of The King   720p ][ 115 4.455158 Starship Troopers 2  720p ][ 117 2.589341 Superhero Movie   1080p ][ 121 4.014052 Race To Witch Mountain [1080p] ][ 124 3.166614 Direct Contact    720p ][ 125 8.972841 Terminator Salvation Director's cut  ( 2009)    1080p ][ 126 1.658975 PIXAR Movie ][ 129 7.427909 Afro samurai uncut 720p ][ 131 1.834682 Blood - The Last Vampire [2009] [720p] ][ 133 9.344888 Species - The Awakening   720p ][ 134 0.551389 In The Electrical Mist   720p ][ 135 1.875008 8 Mile [2002] [720p] ][ 140 3.223679 Swordfish    720p ][ 141 0.599989 Bronson.LIMITED.720p.BluRay.x264-iNFAMOUS ][ 143 2.642408 Star Wars Saga  Collection 720p ][ 144 2.134529 Good Night And Good Luck   720p ][ 145 2.219217 Final Destination 3   1080p ][ 148 4.946006 Alien vs Predator 1-2  720p ][ 150 2.410054 Big Nothing   720p ][ 152 1.181029 The X Files - I Want To Believe    720p ][ 156 7.870018 Shutter   720p ][ 159 8.669971 Green Lantern First Flight   720p ][ 168 1.527510 Hitman    720p ]
