[ 35 2.667740 Butterfly on a Wheel.2007   720p ]
[ 34 9.621030 James Bond 05 - You Only Live Twice [1967] ][ 35 2.667740 Butterfly on a Wheel.2007   720p ]
[ 4 4.435619 Bride Wars   720p ][ 7 5.414444 La Lingerie [BluRay] [720p] [DTS] ][ 34 9.621030 James Bond 05 - You Only Live Twice [1967] ][ 35 2.667740 Butterfly on a Wheel.2007   720p ]
[ 4 4.435619 Bride Wars   720p ][ 34 9.621030 James Bond 05 - You Only Live Twice [1967] ][ 35 2.667740 Butterfly on a Wheel.2007   720p ][ 36 6.509718 007.1967.You.Only.Live.Twice.720p.hdtv.x264-nbs ][ 45 4.573367 catch me if u can - 720p ][ 49 3.396795 Miss March [720p] ]
[ 4 4.435619 Bride Wars   720p ][ 5 3.141994 Kung Fu Panda Secrets of the Furious Five    720p ][ 6 7.968957 Jumanji [720p] ][ 34 9.621030 James Bond 05 - You Only Live Twice [1967] ][ 35 2.667740 Butterfly on a Wheel.2007   720p ][ 36 6.509718 007.1967.You.Only.Live.Twice.720p.hdtv.x264-nbs ][ 38 0.229865 Shinjuku Incident ][ 49 3.396795 Miss March [720p] ][ 62 0.919147 Surrogates [2009] [720p] ]
[ 4 4.435619 Bride Wars   720p ][ 5 3.141994 Kung Fu Panda Secrets of the Furious Five    720p ][ 8 4.217069 Incredibles, The 1080p ][ 11 0.657490 District 9 [2009] [720p] ][ 27 8.005890 Finding Nemo [2003] [720p] ][ 34 9.621030 James Bond 05 - You Only Live Twice [1967] ][ 35 2.667740 Butterfly on a Wheel.2007   720p ][ 38 0.229865 Shinjuku Incident ][ 47 9.105373 PIXAR Movie ][ 49 3.396795 Miss March [720p] ][ 62 0.919147 Surrogates [2009] [720p] ][ 75 5.522857 Apollo 13   1080p ]
[ 4 4.435619 Bride Wars   720p ][ 5 3.141994 Kung Fu Panda Secrets of the Furious Five    720p ][ 11 0.657490 District 9 [2009] [720p] ][ 16 1.086566 Watchmen [720p] ][ 27 8.005890 Finding Nemo [2003] [720p] ][ 31 0.107595 Click   1080p ][ 34 9.621030 James Bond 05 - You Only Live Twice [1967] ][ 35 2.667740 Butterfly on a Wheel.2007   720p ][ 38 0.229865 Shinjuku Incident ][ 47 9.105373 PIXAR Movie ][ 49 3.396795 Miss March [720p] ][ 50 1.732509 Cloverfield   1080p ][ 62 0.919147 Surrogates [2009] [720p] ][ 67 6.398224 American Psycho   720p ][ 75 5.522857 Apollo 13   1080p ][ 83 8.029873 Lord of war   720p ]
[ 4 4.435619 Bride Wars   720p ][ 5 3.141994 Kung Fu Panda Secrets of the Furious Five    720p ][ 11 0.657490 District 9 [2009] [720p] ][ 13 6.058532 007.1983.Octopussy.720p.hdtv.x264 ][ 16 1.086566 Watchmen [720p] ][ 27 8.005890 Finding Nemo [2003] [720p] ][ 28 8.549820 Van.Helsing  1080p ][ 31 0.107595 Click   1080p ][ 33 3.010539 Bugs.A.Rainforest.Adventure.3D.HD.DVD.REMUX.1080p.VC-1-SEBUL ][ 34 9.621030 James Bond 05 - You Only Live Twice [1967] ][ 38 0.229865 Shinjuku Incident ][ 39 1.595621 Spiderman 1   1080p ][ 50 1.732509 Cloverfield   1080p ][ 56 2.308981 Hellboy 1    1080p ][ 59 1.531880 Poseidon   1080p ][ 62 0.919147 Surrogates [2009] [720p] ][ 67 6.398224 American Psycho   720p ][ 75 5.522857 Apollo 13   1080p ][ 83 8.029873 Lord of war   720p ][ 86 8.852988 Beauty And The Beast    720p ]
[ 4 4.435619 Bride Wars   720p ][ 5 3.141994 Kung Fu Panda Secrets of the Furious Five    720p ][ 9 8.682039 Lord Of The Ring  - The Two Tower   720p ][ 11 0.657490 District 9 [2009] [720p] ][ 12 7.422127 WALL-E.720p.BluRay.x264-iNFAMOUS ][ 13 6.058532 007.1983.Octopussy.720p.hdtv.x264 ][ 16 1.086566 Watchmen [720p] ][ 24 6.716611 James Bond 18 - Tommorow Never Dies [1997] [720p] ][ 27 8.005890 Finding Nemo [2003] [720p] ][ 31 0.107595 Click   1080p ][ 34 9.621030 James Bond 05 - You Only Live Twice [1967] ][ 38 0.229865 Shinjuku Incident ][ 39 1.595621 Spiderman 1   1080p ][ 56 2.308981 Hellboy 1    1080p ][ 57 9.132495 Con Air   720p ][ 59 1.531880 Poseidon   1080p ][ 63 8.085624 Gone In 60 Seconds    1080p ][ 67 6.398224 American Psycho   720p ][ 75 5.522857 Apollo 13   1080p ][ 77 7.872728 Toy.Story.1995.720p.HDTV.x264-CtrlHD ][ 83 8.029873 Lord of war   720p ][ 86 8.852988 Beauty And The Beast    720p ][ 89 3.025610 X-Men 1    720p ][ 90 8.286174 Armageddon [1998] [720p] ][ 94 7.743565 Jeniffer's Body ( 2009)    1080p ]
[ 4 4.435619 Bride Wars   720p ][ 9 8.682039 Lord Of The Ring  - The Two Tower   720p ][ 10 6.461680 Ice Age 2 The Meltdown [2006] [720p] ][ 11 0.657490 District 9 [2009] [720p] ][ 12 7.422127 WALL-E.720p.BluRay.x264-iNFAMOUS ][ 13 6.058532 007.1983.Octopussy.720p.hdtv.x264 ][ 16 1.086566 Watchmen [720p] ][ 24 6.716611 James Bond 18 - Tommorow Never Dies [1997] [720p] ][ 27 8.005890 Finding Nemo [2003] [720p] ][ 31 0.107595 Click   1080p ][ 34 9.621030 James Bond 05 - You Only Live Twice [1967] ][ 37 6.759244 Erin Brockovich 2000.720p ][ 38 0.229865 Shinjuku Incident ][ 39 1.595621 Spiderman 1   1080p ][ 48 1.647311 contents.txt ][ 51 2.422542 Final Destination ][ 52 2.115735 Bee Movie   720p ][ 54 3.469934 Night At The Museum 2 [720p] ][ 56 2.308981 Hellboy 1    1080p ][ 57 9.132495 Con Air   720p ][ 59 1.531880 Poseidon   1080p ][ 63 8.085624 Gone In 60 Seconds    1080p ][ 67 6.398224 American Psycho   720p ][ 72 4.997138 Iron Man    1080p ][ 74 2.674136 All About Steve 720P ][ 75 5.522857 Apollo 13   1080p ][ 77 7.872728 Toy.Story.1995.720p.HDTV.x264-CtrlHD ][ 83 8.029873 Lord of war   720p ][ 94 7.743565 Jeniffer's Body ( 2009)    1080p ][ 96 8.761239 Elite Squad 1080p ]
[ 4 4.435619 Bride Wars   720p ][ 9 8.682039 Lord Of The Ring  - The Two Tower   720p ][ 10 6.461680 Ice Age 2 The Meltdown [2006] [720p] ][ 11 0.657490 District 9 [2009] [720p] ][ 12 7.422127 WALL-E.720p.BluRay.x264-iNFAMOUS ][ 16 1.086566 Watchmen [720p] ][ 19 9.847323 Robocop Collection   720p ][ 24 6.716611 James Bond 18 - Tommorow Never Dies [1997] [720p] ][ 27 8.005890 Finding Nemo [2003] [720p] ][ 31 0.107595 Click   1080p ][ 34 9.621030 James Bond 05 - You Only Live Twice [1967] ][ 37 6.759244 Erin Brockovich 2000.720p ][ 39 1.595621 Spiderman 1   1080p ][ 42 3.832363 Etenal Sunshine of the Spotless Mind [2004] [Bluray] [1080p] [DTS] [EN] ][ 48 1.647311 contents.txt ][ 51 2.422542 Final Destination ][ 57 9.132495 Con Air   720p ][ 59 1.531880 Poseidon   1080p ][ 63 8.085624 Gone In 60 Seconds    1080p ][ 64 7.978053 Oceans.Eleven.2001.720p.HDDVD.x264-SiNNERS ][ 65 3.083252 300   720p ][ 67 6.398224 American Psycho   720p ][ 72 4.997138 Iron Man    1080p ][ 74 2.674136 All About Steve 720P ][ 75 5.522857 Apollo 13   1080p ][ 77 7.872728 Toy.Story.1995.720p.HDTV.x264-CtrlHD ][ 80 3.406531 Pinocchio [1940] [720p] ][ 83 8.029873 Lord of war   720p ][ 94 7.743565 Jeniffer's Body ( 2009)    1080p ][ 95 1.285675 Harold & Kumar   720p ][ 96 8.761239 Elite Squad 1080p ][ 98 7.231980 Direct Contact    720p ][ 100 6.995941 Toy.Story.1995.720p.HDTV.x264-CtrlHD ][ 106 9.369156 The.Shawshank.Redemption.1994.1080p.BluRay.x264-CiNEFiLE ][ 112 4.090403 WALL-E.720p.BluRay.x264-iNFAMOUS ][ 118 2.758996 Elite Squad 1080p ]
[ 4 4.435619 Bride Wars   720p ][ 9 8.682039 Lord Of The Ring  - The Two Tower   720p ][ 10 6.461680 Ice Age 2 The Meltdown [2006] [720p] ][ 11 0.657490 District 9 [2009] [720p] ][ 16 1.086566 Watchmen [720p] ][ 19 9.847323 Robocop Collection   720p ][ 22 2.840793 Sex drive   720p ][ 26 6.706576 The Dark Knight [2008]   1080p ][ 27 8.005890 Finding Nemo [2003] [720p] ][ 31 0.107595 Click   1080p ][ 34 9.621030 James Bond 05 - You Only Live Twice [1967] ][ 37 6.759244 Erin Brockovich 2000.720p ][ 39 1.595621 Spiderman 1   1080p ][ 42 3.832363 Etenal Sunshine of the Spotless Mind [2004] [Bluray] [1080p] [DTS] [EN] ][ 48 1.647311 contents.txt ][ 51 2.422542 Final Destination ][ 53 6.304341 G.I.Joe The Rise of Cobra [2009] [720p] ][ 59 1.531880 Poseidon   1080p ][ 63 8.085624 Gone In 60 Seconds    1080p ][ 64 7.978053 Oceans.Eleven.2001.720p.HDDVD.x264-SiNNERS ][ 65 3.083252 300   720p ][ 67 6.398224 American Psycho   720p ][ 72 4.997138 Iron Man    1080p ][ 73 5.733015 Spiderman 3   1080p ][ 74 2.674136 All About Steve 720P ][ 75 5.522857 Apollo 13   1080p ][ 77 7.872728 Toy.Story.1995.720p.HDTV.x264-CtrlHD ][ 78 4.749121 Sky.Captain.And.The.World.Of.Tomorrow[www.x1949x.com]    720p ][ 80 3.406531 Pinocchio [1940] [720p] ][ 83 8.029873 Lord of war   720p ][ 95 1.285675 Harold & Kumar   720p ][ 96 8.761239 Elite Squad 1080p ][ 98 7.231980 Direct Contact    720p ][ 100 6.995941 Toy.Story.1995.720p.HDTV.x264-CtrlHD ][ 106 9.369156 The.Shawshank.Redemption.1994.1080p.BluRay.x264-CiNEFiLE ][ 112 4.090403 WALL-E.720p.BluRay.x264-iNFAMOUS ][ 113 6.454141 Romeo And Juliet   720p ][ 116 4.174704 Night At The Museum 2 [720p] ][ 118 2.758996 Elite Squad 1080p ][ 125 6.501030 Back.to.the.Future.Part.II.1989.720p.HDTV.x264 ][ 129 7.851270 Counterfeiters.LIMITED.720p.Bluray.x264-SEPTiC ][ 130 4.067507 James Bond 21 - Casino Royale [2006] ]
[ 4 4.435619 Bride Wars   720p ][ 9 8.682039 Lord Of The Ring  - The Two Tower   720p ][ 10 6.461680 Ice Age 2 The Meltdown [2006] [720p] ][ 11 0.657490 District 9 [2009] [720p] ][ 14 8.026560 Final Fantasy The Spirits Within    720p ][ 18 9.326180 Daredevil - 720p ][ 21 5.618464 Horseman    720p ][ 26 6.706576 The Dark Knight [2008]   1080p ][ 27 8.005890 Finding Nemo [2003] [720p] ][ 34 9.621030 James Bond 05 - You Only Live Twice [1967] ][ 37 6.759244 Erin Brockovich 2000.720p ][ 39 1.595621 Spiderman 1   1080p ][ 42 3.832363 Etenal Sunshine of the Spotless Mind [2004] [Bluray] [1080p] [DTS] [EN] ][ 44 6.113136 SAW V ][ 48 1.647311 contents.txt ][ 51 2.422542 Final Destination ][ 53 6.304341 G.I.Joe The Rise of Cobra [2009] [720p] ][ 59 1.531880 Poseidon   1080p ][ 63 8.085624 Gone In 60 Seconds    1080p ][ 64 7.978053 Oceans.Eleven.2001.720p.HDDVD.x264-SiNNERS ][ 65 3.083252 300   720p ][ 67 6.398224 American Psycho   720p ][ 69 8.363192 Home Alone 1 & 2   720p ][ 71 9.312600 The Bank Job [720p] ][ 73 5.733015 Spiderman 3   1080p ][ 74 2.674136 All About Steve 720P ][ 75 5.522857 Apollo 13   1080p ][ 77 7.872728 Toy.Story.1995.720p.HDTV.x264-CtrlHD ][ 78 4.749121 Sky.Captain.And.The.World.Of.Tomorrow[www.x1949x.com]    720p ][ 80 3.406531 Pinocchio [1940] [720p] ][ 83 8.029873 Lord of war   720p ][ 95 1.285675 Harold & Kumar   720p ][ 96 8.761239 Elite Squad 1080p ][ 98 7.231980 Direct Contact    720p ][ 100 6.995941 Toy.Story.1995.720p.HDTV.x264-CtrlHD ][ 103 5.361904 XxX.2002.BDRiP.720p.AC3.5.1.READnfo.x264-DEFiNiTiON ][ 106 9.369156 The.Shawshank.Redemption.1994.1080p.BluRay.x264-CiNEFiLE ][ 112 4.090403 WALL-E.720p.BluRay.x264-iNFAMOUS ][ 113 6.454141 Romeo And Juliet   720p ][ 116 4.174704 Night At The Museum 2 [720p] ][ 118 2.758996 Elite Squad 1080p ][ 122 6.392681 Batman Begins   1080p ][ 125 6.501030 Back.to.the.Future.Part.II.1989.720p.HDTV.x264 ][ 126 7.435433 I Am Legend    720p ][ 129 7.851270 Counterfeiters.LIMITED.720p.Bluray.x264-SEPTiC ][ 130 4.067507 James Bond 21 - Casino Royale [2006] ][ 134 5.346753 Toy.Story.1995.720p.HDTV.x264-CtrlHD ][ 137 7.548032 Batman Dark Knight   1080p ][ 143 0.582350 How To Lose Friends & Alienate People   1080p ]
[ 0 0.050955 Red Dragon    1080p ][ 1 8.335478 Get Smart (2008) 1080p ][ 4 4.435619 Bride Wars   720p ][ 9 8.682039 Lord Of The Ring  - The Two Tower   720p ][ 10 6.461680 Ice Age 2 The Meltdown [2006] [720p] ][ 11 0.657490 District 9 [2009] [720p] ][ 17 0.261317 Romeo And Juliet   720p ][ 18 9.326180 Daredevil - 720p ][ 21 5.618464 Horseman    720p ][ 23 5.907140 Hellboy 2     1080p ][ 26 6.706576 The Dark Knight [2008]   1080p ][ 27 8.005890 Finding Nemo [2003] [720p] ][ 34 9.621030 James Bond 05 - You Only Live Twice [1967] ][ 37 6.759244 Erin Brockovich 2000.720p ][ 39 1.595621 Spiderman 1   1080p ][ 42 3.832363 Etenal Sunshine of the Spotless Mind [2004] [Bluray] [1080p] [DTS] [EN] ][ 44 6.113136 SAW V ][ 48 1.647311 contents.txt ][ 51 2.422542 Final Destination ][ 53 6.304341 G.I.Joe The Rise of Cobra [2009] [720p] ][ 59 1.531880 Poseidon   1080p ][ 64 7.978053 Oceans.Eleven.2001.720p.HDDVD.x264-SiNNERS ][ 65 3.083252 300   720p ][ 67 6.398224 American Psycho   720p ][ 69 8.363192 Home Alone 1 & 2   720p ][ 70 5.403942 Lawrence of Arabia   1080p ][ 71 9.312600 The Bank Job [720p] ][ 74 2.674136 All About Steve 720P ][ 77 7.872728 Toy.Story.1995.720p.HDTV.x264-CtrlHD ][ 78 4.749121 Sky.Captain.And.The.World.Of.Tomorrow[www.x1949x.com]    720p ][ 80 3.406531 Pinocchio [1940] [720p] ][ 83 8.029873 Lord of war   720p ][ 87 5.075147 Mission Impossible Trilogy   720p ][ 93 1.195409 Taken 1080p ][ 95 1.285675 Harold & Kumar   720p ][ 96 8.761239 Elite Squad 1080p ][ 98 7.231980 Direct Contact    720p ][ 100 6.995941 Toy.Story.1995.720p.HDTV.x264-CtrlHD ][ 103 5.361904 XxX.2002.BDRiP.720p.AC3.5.1.READnfo.x264-DEFiNiTiON ][ 112 4.090403 WALL-E.720p.BluRay.x264-iNFAMOUS ][ 113 6.454141 Romeo And Juliet   720p ][ 116 4.174704 Night At The Museum 2 [720p] ][ 117 7.637623 The Matrix [1999] [1080p] ][ 118 2.758996 Elite Squad 1080p ][ 119 7.926245 Jumper    1080p ][ 122 6.392681 Batman Begins   1080p ][ 126 7.435433 I Am Legend    720p ][ 127 9.613341 Armageddon [1998] [720p] ][ 129 7.851270 Counterfeiters.LIMITED.720p.Bluray.x264-SEPTiC ][ 130 4.067507 James Bond 21 - Casino Royale [2006] ][ 132 1.423342 The Dark Knight [2008]   1080p ][ 133 0.770863 Babel.720p ][ 134 5.346753 Toy.Story.1995.720p.HDTV.x264-CtrlHD ][ 137 7.548032 Batman Dark Knight   1080p ][ 140 6.595464 Incredibles, The 1080p ][ 143 0.582350 How To Lose Friends & Alienate People   1080p ]
[ 0 0.050955 Red Dragon    1080p ][ 1 8.335478 Get Smart (2008) 1080p ][ 4 4.435619 Bride Wars   720p ][ 9 8.682039 Lord Of The Ring  - The Two Tower   720p ][ 11 0.657490 District 9 [2009] [720p] ][ 17 0.261317 Romeo And Juliet   720p ][ 18 9.326180 Daredevil - 720p ][ 20 5.233262 Watchmen [720p] ][ 21 5.618464 Horseman    720p ][ 23 5.907140 Hellboy 2     1080p ][ 27 8.005890 Finding Nemo [2003] [720p] ][ 34 9.621030 James Bond 05 - You Only Live Twice [1967] ][ 37 6.759244 Erin Brockovich 2000.720p ][ 42 3.832363 Etenal Sunshine of the Spotless Mind [2004] [Bluray] [1080p] [DTS] [EN] ][ 43 0.533172 Shutter   720p ][ 44 6.113136 SAW V ][ 48 1.647311 contents.txt ][ 51 2.422542 Final Destination ][ 53 6.304341 G.I.Joe The Rise of Cobra [2009] [720p] ][ 59 1.531880 Poseidon   1080p ][ 65 3.083252 300   720p ][ 67 6.398224 American Psycho   720p ][ 69 8.363192 Home Alone 1 & 2   720p ][ 71 9.312600 The Bank Job [720p] ][ 74 2.674136 All About Steve 720P ][ 77 7.872728 Toy.Story.1995.720p.HDTV.x264-CtrlHD ][ 78 4.749121 Sky.Captain.And.The.World.Of.Tomorrow[www.x1949x.com]    720p ][ 83 8.029873 Lord of war   720p ][ 84 7.269444 X-Men 1    720p ][ 87 5.075147 Mission Impossible Trilogy   720p ][ 93 1.195409 Taken 1080p ][ 95 1.285675 Harold & Kumar   720p ][ 96 8.761239 Elite Squad 1080p ][ 98 7.231980 Direct Contact    720p ][ 99 4.211498 Lord Of The Ring 2 - The Two Towers (ExtEd) [1080p] ][ 100 6.995941 Toy.Story.1995.720p.HDTV.x264-CtrlHD ][ 103 5.361904 XxX.2002.BDRiP.720p.AC3.5.1.READnfo.x264-DEFiNiTiON ][ 105 6.498734 catch me if u can - 720p ][ 112 4.090403 WALL-E.720p.BluRay.x264-iNFAMOUS ][ 113 6.454141 Romeo And Juliet   720p ][ 115 5.125791 Rocky 1 [1976]  [BluRay] [720p] [AC3] ][ 116 4.174704 Night At The Museum 2 [720p] ][ 118 2.758996 Elite Squad 1080p ][ 119 7.926245 Jumper    1080p ][ 122 6.392681 Batman Begins   1080p ][ 126 7.435433 I Am Legend    720p ][ 127 9.613341 Armageddon [1998] [720p] ][ 129 7.851270 Counterfeiters.LIMITED.720p.Bluray.x264-SEPTiC ][ 130 4.067507 James Bond 21 - Casino Royale [2006] ][ 132 1.423342 The Dark Knight [2008]   1080p ][ 133 0.770863 Babel.720p ][ 134 5.346753 Toy.Story.1995.720p.HDTV.x264-CtrlHD ][ 136 3.316881 X-Men 1    720p ][ 137 7.548032 Batman Dark Knight   1080p ][ 140 6.595464 Incredibles, The 1080p ][ 141 6.307341 The Sniper 720p ][ 143 0.582350 How To Lose Friends & Alienate People   1080p ][ 144 8.986089 American Psycho   720p ][ 151 3.168911 SWAT    720p ][ 155 3.274182 Oceans.Eleven.2001.720p.HDDVD.x264-SiNNERS ][ 156 7.831132 Braveheart 720p ][ 157 3.225240 Crank 2, High Voltage   1080p ][ 164 1.441499 Baby on Board (2009)    720p ][ 170 9.863478 007.1967.You.Only.Live.Twice.720p.hdtv.x264-nbs ]
