[ 30 7.068833 X-Men 1 - 1080p ]
[ 19 5.073491 Con Air   720p ][ 25 2.139056 Dead Race 720p ]
[ 2 8.488914 Dead Race 720p ][ 4 3.504633 Interview with the Vampire   720p ][ 25 2.139056 Dead Race 720p ][ 48 7.076948 Behind Enemy Line 2001   720p ]
[ 4 3.504633 Interview with the Vampire   720p ][ 22 4.604414 The Mummy Tomb Of The Dragon Emperor   720p ][ 25 2.139056 Dead Race 720p ][ 48 7.076948 Behind Enemy Line 2001   720p ][ 51 0.815547 Constantine 720p ][ 53 2.727308 Charlie and the Chocolate Factory   720p ]
[ 4 3.504633 Interview with the Vampire   720p ][ 5 3.622181 Eurotrip 720p ][ 9 4.628233 Up [1080p] ][ 25 2.139056 Dead Race 720p ][ 45 8.895594 Yes Man   720p ][ 46 0.749864 G Force    720p ][ 48 7.076948 Behind Enemy Line 2001   720p ][ 51 0.815547 Constantine 720p ][ 53 2.727308 Charlie and the Chocolate Factory   720p ]
[ 0 4.417518 Beauty.And.The.Beast.1991.720p.HDTV.x264-hV ][ 4 3.504633 Interview with the Vampire   720p ][ 5 3.622181 Eurotrip 720p ][ 17 1.101602 Music.And.Lyrics.720p.HDDVD.x264-REVEiLLE ][ 25 2.139056 Dead Race 720p ][ 26 1.439527 Monster Inc [2001] [720p] ][ 46 0.749864 G Force    720p ][ 48 7.076948 Behind Enemy Line 2001   720p ][ 51 0.815547 Constantine 720p ][ 52 4.701141 X-Men 1 - 1080p ][ 53 2.727308 Charlie and the Chocolate Factory   720p ][ 73 3.030537 Moulin Rouge   720p ]
[ 0 4.417518 Beauty.And.The.Beast.1991.720p.HDTV.x264-hV ][ 4 3.504633 Interview with the Vampire   720p ][ 11 3.261011 Superhero Movie   1080p ][ 25 2.139056 Dead Race 720p ][ 26 1.439527 Monster Inc [2001] [720p] ][ 31 9.288751 Erin Brockovich 2000.720p ][ 40 9.627316 Battle for Terra [2007] [1080p] ][ 42 9.762463 Death Race   720p ][ 46 0.749864 G Force    720p ][ 48 7.076948 Behind Enemy Line 2001   720p ][ 49 1.425735 21   1080p ][ 51 0.815547 Constantine 720p ][ 52 4.701141 X-Men 1 - 1080p ][ 53 2.727308 Charlie and the Chocolate Factory   720p ][ 55 6.479014 X-Men 4 - Origins Wolverine (2009)  1080p ][ 75 7.136783 New York I Love You 720p   720p ]
[ 0 4.417518 Beauty.And.The.Beast.1991.720p.HDTV.x264-hV ][ 1 8.313772 Robocop Collection   720p ][ 3 2.164988 CJ7   720p ][ 4 3.504633 Interview with the Vampire   720p ][ 11 3.261011 Superhero Movie   1080p ][ 24 2.621339 New York I Love You 720p   720p ][ 25 2.139056 Dead Race 720p ][ 26 1.439527 Monster Inc [2001] [720p] ][ 31 9.288751 Erin Brockovich 2000.720p ][ 32 7.967055 Ip Man [2009]    720p ][ 40 9.627316 Battle for Terra [2007] [1080p] ][ 42 9.762463 Death Race   720p ][ 48 7.076948 Behind Enemy Line 2001   720p ][ 49 1.425735 21   1080p ][ 51 0.815547 Constantine 720p ][ 52 4.701141 X-Men 1 - 1080p ][ 53 2.727308 Charlie and the Chocolate Factory   720p ][ 55 6.479014 X-Men 4 - Origins Wolverine (2009)  1080p ][ 70 5.721160 X-Men 3   1080p ][ 75 7.136783 New York I Love You 720p   720p ]
[ 0 4.417518 Beauty.And.The.Beast.1991.720p.HDTV.x264-hV ][ 1 8.313772 Robocop Collection   720p ][ 3 2.164988 CJ7   720p ][ 4 3.504633 Interview with the Vampire   720p ][ 11 3.261011 Superhero Movie   1080p ][ 20 5.663393 10,000 BC 720p ][ 26 1.439527 Monster Inc [2001] [720p] ][ 29 3.079517 Hush   720p ][ 31 9.288751 Erin Brockovich 2000.720p ][ 32 7.967055 Ip Man [2009]    720p ][ 36 3.296296 How To Lose Friends & Alienate People   1080p ][ 48 7.076948 Behind Enemy Line 2001   720p ][ 49 1.425735 21   1080p ][ 51 0.815547 Constantine 720p ][ 52 4.701141 X-Men 1 - 1080p ][ 53 2.727308 Charlie and the Chocolate Factory   720p ][ 54 8.593069 The X Files - I Want To Believe    720p ][ 55 6.479014 X-Men 4 - Origins Wolverine (2009)  1080p ][ 59 1.254499 Dragon Wars   720p ][ 70 5.721160 X-Men 3   1080p ][ 75 7.136783 New York I Love You 720p   720p ][ 81 8.529592 Kung Fu Hustle   720p ][ 90 3.807057 SAW I   720p ][ 99 4.932069 Burn E [720p] ][ 111 7.020774 Fast and the Furious 4 - 1080p ]
[ 0 4.417518 Beauty.And.The.Beast.1991.720p.HDTV.x264-hV ][ 1 8.313772 Robocop Collection   720p ][ 3 2.164988 CJ7   720p ][ 4 3.504633 Interview with the Vampire   720p ][ 8 1.499825 Seven Swords    1080p ][ 10 3.635910 Battle for Terra [2007] [1080p] ][ 11 3.261011 Superhero Movie   1080p ][ 20 5.663393 10,000 BC 720p ][ 26 1.439527 Monster Inc [2001] [720p] ][ 29 3.079517 Hush   720p ][ 32 7.967055 Ip Man [2009]    720p ][ 36 3.296296 How To Lose Friends & Alienate People   1080p ][ 38 0.761593 The Proposal [2009] [720p] ][ 48 7.076948 Behind Enemy Line 2001   720p ][ 50 0.666920 Scooby.Doo.The.Mystery.Begins.2009   720p ][ 51 0.815547 Constantine 720p ][ 52 4.701141 X-Men 1 - 1080p ][ 54 8.593069 The X Files - I Want To Believe    720p ][ 55 6.479014 X-Men 4 - Origins Wolverine (2009)  1080p ][ 59 1.254499 Dragon Wars   720p ][ 65 6.205332 Lord Of The Ring 2 - The Two Towers (ExtEd) [1080p] ][ 70 5.721160 X-Men 3   1080p ][ 75 7.136783 New York I Love You 720p   720p ][ 81 8.529592 Kung Fu Hustle   720p ][ 89 3.311681 Bronson.LIMITED.720p.BluRay.x264-iNFAMOUS ][ 90 3.807057 SAW I   720p ][ 99 4.932069 Burn E [720p] ][ 110 8.342340 How To Lose Friends & Alienate People   1080p ][ 111 7.020774 Fast and the Furious 4 - 1080p ][ 118 5.145397 Kill Bill Vol 2 [2004]   720p ]
[ 0 4.417518 Beauty.And.The.Beast.1991.720p.HDTV.x264-hV ][ 1 8.313772 Robocop Collection   720p ][ 3 2.164988 CJ7   720p ][ 8 1.499825 Seven Swords    1080p ][ 10 3.635910 Battle for Terra [2007] [1080p] ][ 20 5.663393 10,000 BC 720p ][ 26 1.439527 Monster Inc [2001] [720p] ][ 29 3.079517 Hush   720p ][ 32 7.967055 Ip Man [2009]    720p ][ 36 3.296296 How To Lose Friends & Alienate People   1080p ][ 38 0.761593 The Proposal [2009] [720p] ][ 39 9.534902 Baby on Board (2009)    720p ][ 48 7.076948 Behind Enemy Line 2001   720p ][ 50 0.666920 Scooby.Doo.The.Mystery.Begins.2009   720p ][ 51 0.815547 Constantine 720p ][ 52 4.701141 X-Men 1 - 1080p ][ 54 8.593069 The X Files - I Want To Believe    720p ][ 58 4.764312 James Bond 18 - Tommorow Never Dies [1997] [720p] ][ 59 1.254499 Dragon Wars   720p ][ 61 6.212185 Butterfly on a Wheel.2007   720p ][ 65 6.205332 Lord Of The Ring 2 - The Two Towers (ExtEd) [1080p] ][ 66 2.217405 American Pie Book Of Love   720p ][ 67 2.900713 SAW I   720p ][ 70 5.721160 X-Men 3   1080p ][ 72 2.854645 Blade 1   720p ][ 75 7.136783 New York I Love You 720p   720p ][ 78 3.749746 Rush Hour 1-3   720p ][ 81 8.529592 Kung Fu Hustle   720p ][ 89 3.311681 Bronson.LIMITED.720p.BluRay.x264-iNFAMOUS ][ 90 3.807057 SAW I   720p ][ 99 4.932069 Burn E [720p] ][ 109 3.298702 Spiderman 3   1080p ][ 110 8.342340 How To Lose Friends & Alienate People   1080p ][ 111 7.020774 Fast and the Furious 4 - 1080p ][ 118 5.145397 Kill Bill Vol 2 [2004]   720p ][ 122 8.308528 X-Men 3   1080p ]
[ 0 4.417518 Beauty.And.The.Beast.1991.720p.HDTV.x264-hV ][ 1 8.313772 Robocop Collection   720p ][ 3 2.164988 CJ7   720p ][ 8 1.499825 Seven Swords    1080p ][ 10 3.635910 Battle for Terra [2007] [1080p] ][ 12 2.406313 Pitch Black [720p] ][ 21 2.140740 Inkheart [2008] [720p] ][ 26 1.439527 Monster Inc [2001] [720p] ][ 28 6.248510 Red Dragon    1080p ][ 29 3.079517 Hush   720p ][ 32 7.967055 Ip Man [2009]    720p ][ 33 8.507297 Push    1080p ][ 36 3.296296 How To Lose Friends & Alienate People   1080p ][ 38 0.761593 The Proposal [2009] [720p] ][ 39 9.534902 Baby on Board (2009)    720p ][ 48 7.076948 Behind Enemy Line 2001   720p ][ 50 0.666920 Scooby.Doo.The.Mystery.Begins.2009   720p ][ 52 4.701141 X-Men 1 - 1080p ][ 54 8.593069 The X Files - I Want To Believe    720p ][ 56 3.266035 Star Trek [2009] [1080p] ][ 58 4.764312 James Bond 18 - Tommorow Never Dies [1997] [720p] ][ 59 1.254499 Dragon Wars   720p ][ 61 6.212185 Butterfly on a Wheel.2007   720p ][ 65 6.205332 Lord Of The Ring 2 - The Two Towers (ExtEd) [1080p] ][ 67 2.900713 SAW I   720p ][ 71 3.577068 This Is It [2009] [720p] ][ 72 2.854645 Blade 1   720p ][ 75 7.136783 New York I Love You 720p   720p ][ 78 3.749746 Rush Hour 1-3   720p ][ 88 2.392222 Surrogates [2009] [720p] ][ 89 3.311681 Bronson.LIMITED.720p.BluRay.x264-iNFAMOUS ][ 90 3.807057 SAW I   720p ][ 99 4.932069 Burn E [720p] ][ 109 3.298702 Spiderman 3   1080p ][ 110 8.342340 How To Lose Friends & Alienate People   1080p ][ 111 7.020774 Fast and the Furious 4 - 1080p ][ 118 5.145397 Kill Bill Vol 2 [2004]   720p ][ 120 2.220936 Die Hard 2   720p ][ 122 8.308528 X-Men 3   1080p ][ 123 9.176874 Pearl Harbor ][ 128 0.171355 Race To Witch Mountain [1080p] ][ 141 9.323172 Con Air   720p ]
[ 0 4.417518 Beauty.And.The.Beast.1991.720p.HDTV.x264-hV ][ 3 2.164988 CJ7   720p ][ 8 1.499825 Seven Swords    1080p ][ 10 3.635910 Battle for Terra [2007] [1080p] ][ 12 2.406313 Pitch Black [720p] ][ 21 2.140740 Inkheart [2008] [720p] ][ 28 6.248510 Red Dragon    1080p ][ 29 3.079517 Hush   720p ][ 32 7.967055 Ip Man [2009]    720p ][ 33 8.507297 Push    1080p ][ 36 3.296296 How To Lose Friends & Alienate People   1080p ][ 38 0.761593 The Proposal [2009] [720p] ][ 48 7.076948 Behind Enemy Line 2001   720p ][ 50 0.666920 Scooby.Doo.The.Mystery.Begins.2009   720p ][ 52 4.701141 X-Men 1 - 1080p ][ 54 8.593069 The X Files - I Want To Believe    720p ][ 56 3.266035 Star Trek [2009] [1080p] ][ 58 4.764312 James Bond 18 - Tommorow Never Dies [1997] [720p] ][ 59 1.254499 Dragon Wars   720p ][ 61 6.212185 Butterfly on a Wheel.2007   720p ][ 65 6.205332 Lord Of The Ring 2 - The Two Towers (ExtEd) [1080p] ][ 67 2.900713 SAW I   720p ][ 71 3.577068 This Is It [2009] [720p] ][ 72 2.854645 Blade 1   720p ][ 75 7.136783 New York I Love You 720p   720p ][ 78 3.749746 Rush Hour 1-3   720p ][ 88 2.392222 Surrogates [2009] [720p] ][ 89 3.311681 Bronson.LIMITED.720p.BluRay.x264-iNFAMOUS ][ 90 3.807057 SAW I   720p ][ 93 1.248877 Superman Batman Public Enemies 2009 720p ][ 96 6.884798 The Bank Job [720p] ][ 98 4.048881 Kung Fu Panda Secrets of the Furious Five    720p ][ 99 4.932069 Burn E [720p] ][ 104 8.809575 Basic Instinct 720p ][ 109 3.298702 Spiderman 3   1080p ][ 111 7.020774 Fast and the Furious 4 - 1080p ][ 119 5.027217 Beowulf   720p ][ 120 2.220936 Die Hard 2   720p ][ 122 8.308528 X-Men 3   1080p ][ 123 9.176874 Pearl Harbor ][ 125 7.399624 The Uninvited [2009] [720p] ][ 127 5.268629 Inkheart [2008] [720p] ][ 128 0.171355 Race To Witch Mountain [1080p] ][ 130 9.178807 Home    1080p ][ 135 0.048377 Pursuit_Of_Happyness[2006]   720p ][ 141 9.323172 Con Air   720p ][ 144 0.989591 Minority Report [720p] ][ 149 2.822696 Cellular.2004.HDTV.720p.AC3.x264-BTT ][ 152 7.550314 Kung Fu Panda [2008]   720p ]
[ 0 4.417518 Beauty.And.The.Beast.1991.720p.HDTV.x264-hV ][ 3 2.164988 CJ7   720p ][ 12 2.406313 Pitch Black [720p] ][ 13 2.343529 Lion King, The 720p ][ 16 4.624980 Rocky 1 [1976]  [BluRay] [720p] [AC3] ][ 21 2.140740 Inkheart [2008] [720p] ][ 28 6.248510 Red Dragon    1080p ][ 29 3.079517 Hush   720p ][ 32 7.967055 Ip Man [2009]    720p ][ 33 8.507297 Push    1080p ][ 35 9.200349 Around The World In 80 Days [2004] [720p] ][ 36 3.296296 How To Lose Friends & Alienate People   1080p ][ 38 0.761593 The Proposal [2009] [720p] ][ 43 5.694489 Horseman    720p ][ 48 7.076948 Behind Enemy Line 2001   720p ][ 52 4.701141 X-Men 1 - 1080p ][ 54 8.593069 The X Files - I Want To Believe    720p ][ 56 3.266035 Star Trek [2009] [1080p] ][ 58 4.764312 James Bond 18 - Tommorow Never Dies [1997] [720p] ][ 59 1.254499 Dragon Wars   720p ][ 61 6.212185 Butterfly on a Wheel.2007   720p ][ 65 6.205332 Lord Of The Ring 2 - The Two Towers (ExtEd) [1080p] ][ 67 2.900713 SAW I   720p ][ 68 1.715026 G Force    720p ][ 71 3.577068 This Is It [2009] [720p] ][ 72 2.854645 Blade 1   720p ][ 75 7.136783 New York I Love You 720p   720p ][ 78 3.749746 Rush Hour 1-3   720p ][ 83 8.001379 The Butterfly Effect [2004] [720p] ][ 84 6.907855 Burn E [720p] ][ 89 3.311681 Bronson.LIMITED.720p.BluRay.x264-iNFAMOUS ][ 90 3.807057 SAW I   720p ][ 93 1.248877 Superman Batman Public Enemies 2009 720p ][ 94 9.821918 Ip Man [2009]    720p ][ 96 6.884798 The Bank Job [720p] ][ 98 4.048881 Kung Fu Panda Secrets of the Furious Five    720p ][ 99 4.932069 Burn E [720p] ][ 104 8.809575 Basic Instinct 720p ][ 107 1.691724 The Mummy Tomb Of The Dragon Emperor   720p ][ 111 7.020774 Fast and the Furious 4 - 1080p ][ 116 3.740891 James Bond 21 - Casino Royale [2006] ][ 119 5.027217 Beowulf   720p ][ 120 2.220936 Die Hard 2   720p ][ 125 7.399624 The Uninvited [2009] [720p] ][ 127 5.268629 Inkheart [2008] [720p] ][ 128 0.171355 Race To Witch Mountain [1080p] ][ 130 9.178807 Home    1080p ][ 135 0.048377 Pursuit_Of_Happyness[2006]   720p ][ 136 9.340981 Dead Race 720p ][ 141 9.323172 Con Air   720p ][ 144 0.989591 Minority Report [720p] ][ 147 7.706037 Dolphin    720p ][ 148 1.655261 Dante's Peak   1080p ][ 149 2.822696 Cellular.2004.HDTV.720p.AC3.x264-BTT ][ 152 7.550314 Kung Fu Panda [2008]   720p ][ 171 0.251192 Star Trek [2009] [1080p] ]
[ 0 4.417518 Beauty.And.The.Beast.1991.720p.HDTV.x264-hV ][ 3 2.164988 CJ7   720p ][ 12 2.406313 Pitch Black [720p] ][ 13 2.343529 Lion King, The 720p ][ 16 4.624980 Rocky 1 [1976]  [BluRay] [720p] [AC3] ][ 21 2.140740 Inkheart [2008] [720p] ][ 23 3.096153 Star Wars Saga  Collection 720p ][ 29 3.079517 Hush   720p ][ 32 7.967055 Ip Man [2009]    720p ][ 33 8.507297 Push    1080p ][ 35 9.200349 Around The World In 80 Days [2004] [720p] ][ 36 3.296296 How To Lose Friends & Alienate People   1080p ][ 38 0.761593 The Proposal [2009] [720p] ][ 43 5.694489 Horseman    720p ][ 48 7.076948 Behind Enemy Line 2001   720p ][ 52 4.701141 X-Men 1 - 1080p ][ 54 8.593069 The X Files - I Want To Believe    720p ][ 56 3.266035 Star Trek [2009] [1080p] ][ 58 4.764312 James Bond 18 - Tommorow Never Dies [1997] [720p] ][ 59 1.254499 Dragon Wars   720p ][ 61 6.212185 Butterfly on a Wheel.2007   720p ][ 64 6.222157 Iron Man    1080p ][ 65 6.205332 Lord Of The Ring 2 - The Two Towers (ExtEd) [1080p] ][ 67 2.900713 SAW I   720p ][ 68 1.715026 G Force    720p ][ 69 3.777820 Alien At The Attic 720P ][ 71 3.577068 This Is It [2009] [720p] ][ 72 2.854645 Blade 1   720p ][ 75 7.136783 New York I Love You 720p   720p ][ 78 3.749746 Rush Hour 1-3   720p ][ 83 8.001379 The Butterfly Effect [2004] [720p] ][ 84 6.907855 Burn E [720p] ][ 86 7.934463 James Bond 11 - MoonRaker [1979] ][ 89 3.311681 Bronson.LIMITED.720p.BluRay.x264-iNFAMOUS ][ 90 3.807057 SAW I   720p ][ 94 9.821918 Ip Man [2009]    720p ][ 95 9.920692 The Bank Job [720p] ][ 96 6.884798 The Bank Job [720p] ][ 98 4.048881 Kung Fu Panda Secrets of the Furious Five    720p ][ 104 8.809575 Basic Instinct 720p ][ 107 1.691724 The Mummy Tomb Of The Dragon Emperor   720p ][ 108 4.124710 The.Da.Vinci.Code.2006.720p.BluRay.x264-BestHD ][ 116 3.740891 James Bond 21 - Casino Royale [2006] ][ 119 5.027217 Beowulf   720p ][ 125 7.399624 The Uninvited [2009] [720p] ][ 127 5.268629 Inkheart [2008] [720p] ][ 128 0.171355 Race To Witch Mountain [1080p] ][ 130 9.178807 Home    1080p ][ 133 8.746044 Bolt [2008] [1080p] ][ 135 0.048377 Pursuit_Of_Happyness[2006]   720p ][ 136 9.340981 Dead Race 720p ][ 141 9.323172 Con Air   720p ][ 143 1.133191 Dragonball Evolution [2009] [720p] ][ 144 0.989591 Minority Report [720p] ][ 147 7.706037 Dolphin    720p ][ 148 1.655261 Dante's Peak   1080p ][ 149 2.822696 Cellular.2004.HDTV.720p.AC3.x264-BTT ][ 152 7.550314 Kung Fu Panda [2008]   720p ][ 157 3.761133 Four Christmases 720P ][ 164 5.051066 Fantastic Four, Rise Of The Silver Surfer    1080p ][ 167 8.161745 The Italian Job [2003] [720p] ][ 169 7.369751 Before The Devil Knows, You're Dead   1080p ][ 171 0.251192 Star Trek [2009] [1080p] ][ 181 5.032966 Big Buck Bunny [1080p] ]
[ 0 4.417518 Beauty.And.The.Beast.1991.720p.HDTV.x264-hV ][ 3 2.164988 CJ7   720p ][ 12 2.406313 Pitch Black [720p] ][ 13 2.343529 Lion King, The 720p ][ 16 4.624980 Rocky 1 [1976]  [BluRay] [720p] [AC3] ][ 21 2.140740 Inkheart [2008] [720p] ][ 23 3.096153 Star Wars Saga  Collection 720p ][ 29 3.079517 Hush   720p ][ 32 7.967055 Ip Man [2009]    720p ][ 33 8.507297 Push    1080p ][ 34 0.914806 Daredevil - 720p ][ 36 3.296296 How To Lose Friends & Alienate People   1080p ][ 38 0.761593 The Proposal [2009] [720p] ][ 43 5.694489 Horseman    720p ][ 48 7.076948 Behind Enemy Line 2001   720p ][ 52 4.701141 X-Men 1 - 1080p ][ 56 3.266035 Star Trek [2009] [1080p] ][ 58 4.764312 James Bond 18 - Tommorow Never Dies [1997] [720p] ][ 59 1.254499 Dragon Wars   720p ][ 61 6.212185 Butterfly on a Wheel.2007   720p ][ 64 6.222157 Iron Man    1080p ][ 65 6.205332 Lord Of The Ring 2 - The Two Towers (ExtEd) [1080p] ][ 67 2.900713 SAW I   720p ][ 68 1.715026 G Force    720p ][ 71 3.577068 This Is It [2009] [720p] ][ 72 2.854645 Blade 1   720p ][ 75 7.136783 New York I Love You 720p   720p ][ 78 3.749746 Rush Hour 1-3   720p ][ 82 4.436410 City of Embers    720p ][ 83 8.001379 The Butterfly Effect [2004] [720p] ][ 84 6.907855 Burn E [720p] ][ 86 7.934463 James Bond 11 - MoonRaker [1979] ][ 89 3.311681 Bronson.LIMITED.720p.BluRay.x264-iNFAMOUS ][ 90 3.807057 SAW I   720p ][ 95 9.920692 The Bank Job [720p] ][ 96 6.884798 The Bank Job [720p] ][ 98 4.048881 Kung Fu Panda Secrets of the Furious Five    720p ][ 104 8.809575 Basic Instinct 720p ][ 108 4.124710 The.Da.Vinci.Code.2006.720p.BluRay.x264-BestHD ][ 116 3.740891 James Bond 21 - Casino Royale [2006] ][ 119 5.027217 Beowulf   720p ][ 121 0.010261 Madagascar 2 Escape 2 Africa [2008] [720p] ][ 125 7.399624 The Uninvited [2009] [720p] ][ 128 0.171355 Race To Witch Mountain [1080p] ][ 129 7.324276 Night At The Museum 2 [720p] ][ 130 9.178807 Home    1080p ][ 133 8.746044 Bolt [2008] [1080p] ][ 135 0.048377 Pursuit_Of_Happyness[2006]   720p ][ 136 9.340981 Dead Race 720p ][ 138 9.860007 Battle for Terra [2007] [1080p] ][ 141 9.323172 Con Air   720p ][ 142 7.841462 Rush Hour 1-3   720p ][ 143 1.133191 Dragonball Evolution [2009] [720p] ][ 144 0.989591 Minority Report [720p] ][ 147 7.706037 Dolphin    720p ][ 148 1.655261 Dante's Peak   1080p ][ 149 2.822696 Cellular.2004.HDTV.720p.AC3.x264-BTT ][ 152 7.550314 Kung Fu Panda [2008]   720p ][ 164 5.051066 Fantastic Four, Rise Of The Silver Surfer    1080p ][ 167 8.161745 The Italian Job [2003] [720p] ][ 168 3.303648 The Extreme Movie 720P ][ 169 7.369751 Before The Devil Knows, You're Dead   1080p ][ 171 0.251192 Star Trek [2009] [1080p] ][ 172 0.415770 American Virgin 720P ][ 176 6.108701 Erin Brockovich 2000.720p ][ 180 2.881755 Braveheart 720p ][ 181 5.032966 Big Buck Bunny [1080p] ][ 182 7.517745 Banlieue 13 - Ultimatum [720p] ][ 189 9.614793 Braveheart 720p ][ 191 8.311195 Godzilla 720p ][ 192 7.157380 contents.txt ][ 193 7.772724 The X Files - I Want To Believe    720p ]
