[ 51 7.814521 Star Wars Saga  Collection 720p ]
[ 49 4.480820 Alien vs Predator 1-2  720p ][ 51 7.814521 Star Wars Saga  Collection 720p ]
[ 3 6.596208 Knowing 2009 720p ][ 12 3.366615 American Virgin 720P ][ 14 9.289777 Horseman    720p ][ 51 7.814521 Star Wars Saga  Collection 720p ]
[ 14 9.289777 Horseman    720p ][ 25 9.072111 007 Thunderball [1965]  [BluRay] [720p] [DTS] ][ 26 7.247427 The Chronicle of Riddick 720p ][ 30 4.596397 Knowing 2009 720p ][ 51 7.814521 Star Wars Saga  Collection 720p ][ 54 1.747886 Kung Fu Hustle   720p ]
[ 14 9.289777 Horseman    720p ][ 16 9.228626 Tomb Raider Collection (1-2)    720p ][ 23 8.602455 Fearless - 720p ][ 25 9.072111 007 Thunderball [1965]  [BluRay] [720p] [DTS] ][ 26 7.247427 The Chronicle of Riddick 720p ][ 30 4.596397 Knowing 2009 720p ][ 51 7.814521 Star Wars Saga  Collection 720p ][ 54 1.747886 Kung Fu Hustle   720p ][ 66 5.382416 Black Hawk Down   1080p ]
[ 14 9.289777 Horseman    720p ][ 16 9.228626 Tomb Raider Collection (1-2)    720p ][ 23 8.602455 Fearless - 720p ][ 25 9.072111 007 Thunderball [1965]  [BluRay] [720p] [DTS] ][ 26 7.247427 The Chronicle of Riddick 720p ][ 31 1.840024 The Tale Of Despereaux [720p] ][ 38 9.335726 American Beauty   720p ][ 44 3.110271 X-Men Origin - Wolverine [2009] [1080p] ][ 51 7.814521 Star Wars Saga  Collection 720p ][ 54 1.747886 Kung Fu Hustle   720p ][ 66 5.382416 Black Hawk Down   1080p ][ 73 4.976710 American Pie Book Of Love   720p ]
[ 17 0.884690 Ratatouille [2007] ][ 23 8.602455 Fearless - 720p ][ 24 7.801733 Home Alone 1 & 2   720p ][ 25 9.072111 007 Thunderball [1965]  [BluRay] [720p] [DTS] ][ 26 7.247427 The Chronicle of Riddick 720p ][ 31 1.840024 The Tale Of Despereaux [720p] ][ 38 9.335726 American Beauty   720p ][ 44 3.110271 X-Men Origin - Wolverine [2009] [1080p] ][ 48 4.096906 War [720p] ][ 51 7.814521 Star Wars Saga  Collection 720p ][ 54 1.747886 Kung Fu Hustle   720p ][ 62 5.824878 Red Dragon    1080p ][ 66 5.382416 Black Hawk Down   1080p ][ 70 7.127322 Monsters vs Aliens [2009] [720p] ][ 79 4.723471 Eastern.Promises.2007.720p ][ 89 9.156169 Die Hard 3   720p ]
[ 15 2.018365 G.I.Joe The Rise of Cobra [2009] [720p] ][ 17 0.884690 Ratatouille [2007] ][ 23 8.602455 Fearless - 720p ][ 24 7.801733 Home Alone 1 & 2   720p ][ 26 7.247427 The Chronicle of Riddick 720p ][ 31 1.840024 The Tale Of Despereaux [720p] ][ 38 9.335726 American Beauty   720p ][ 44 3.110271 X-Men Origin - Wolverine [2009] [1080p] ][ 45 9.836339 The Dark Knight [2008]   1080p ][ 48 4.096906 War [720p] ][ 51 7.814521 Star Wars Saga  Collection 720p ][ 54 1.747886 Kung Fu Hustle   720p ][ 63 0.882507 Bad Boy I [1995] [720p] ][ 66 5.382416 Black Hawk Down   1080p ][ 70 7.127322 Monsters vs Aliens [2009] [720p] ][ 74 9.218383 Kingdom of Heaven [2005] [720p] ][ 79 4.723471 Eastern.Promises.2007.720p ][ 88 5.343770 Horton Hears a Who! [2008] [720p] ][ 89 9.156169 Die Hard 3   720p ][ 91 5.923516 Yes Man   720p ]
[ 1 0.454058 13.Going.on.30.2004.720p.BluRay.x264-METiS_tehPARADOX.COM ][ 4 0.841864 Transformer 1 & 2 Collection   1080p ][ 17 0.884690 Ratatouille [2007] ][ 24 7.801733 Home Alone 1 & 2   720p ][ 26 7.247427 The Chronicle of Riddick 720p ][ 31 1.840024 The Tale Of Despereaux [720p] ][ 38 9.335726 American Beauty   720p ][ 44 3.110271 X-Men Origin - Wolverine [2009] [1080p] ][ 45 9.836339 The Dark Knight [2008]   1080p ][ 48 4.096906 War [720p] ][ 51 7.814521 Star Wars Saga  Collection 720p ][ 54 1.747886 Kung Fu Hustle   720p ][ 57 6.465346 Max Payne    720p ][ 61 7.470563 Shutter   720p ][ 63 0.882507 Bad Boy I [1995] [720p] ][ 66 5.382416 Black Hawk Down   1080p ][ 67 2.316130 New York I Love You 720p   720p ][ 69 9.082561 Monsters vs Aliens [2009] [720p] ][ 70 7.127322 Monsters vs Aliens [2009] [720p] ][ 74 9.218383 Kingdom of Heaven [2005] [720p] ][ 79 4.723471 Eastern.Promises.2007.720p ][ 86 0.498040 Hellboy 1    1080p ][ 88 5.343770 Horton Hears a Who! [2008] [720p] ][ 91 5.923516 Yes Man   720p ][ 104 2.885888 Daredevil - 720p ]
[ 0 4.441193 catch me if u can - 720p ][ 1 0.454058 13.Going.on.30.2004.720p.BluRay.x264-METiS_tehPARADOX.COM ][ 4 0.841864 Transformer 1 & 2 Collection   1080p ][ 17 0.884690 Ratatouille [2007] ][ 22 3.103846 Spiderman 2   1080p ][ 26 7.247427 The Chronicle of Riddick 720p ][ 29 8.931335 Red Dragon    1080p ][ 31 1.840024 The Tale Of Despereaux [720p] ][ 35 7.821938 Braveheart 720p ][ 41 0.953574 007.1983.Octopussy.720p.hdtv.x264 ][ 44 3.110271 X-Men Origin - Wolverine [2009] [1080p] ][ 45 9.836339 The Dark Knight [2008]   1080p ][ 48 4.096906 War [720p] ][ 51 7.814521 Star Wars Saga  Collection 720p ][ 54 1.747886 Kung Fu Hustle   720p ][ 57 6.465346 Max Payne    720p ][ 61 7.470563 Shutter   720p ][ 63 0.882507 Bad Boy I [1995] [720p] ][ 66 5.382416 Black Hawk Down   1080p ][ 67 2.316130 New York I Love You 720p   720p ][ 69 9.082561 Monsters vs Aliens [2009] [720p] ][ 70 7.127322 Monsters vs Aliens [2009] [720p] ][ 74 9.218383 Kingdom of Heaven [2005] [720p] ][ 75 5.141056 Elektra 720p ][ 77 4.409316 Alone in the dark   720p ][ 85 1.506534 Epic Movie UNRATED (2007) 720p ][ 86 0.498040 Hellboy 1    1080p ][ 91 5.923516 Yes Man   720p ][ 93 3.653893 The Mummy Tomb Of The Dragon Emperor   720p ][ 104 2.885888 Daredevil - 720p ]
[ 0 4.441193 catch me if u can - 720p ][ 1 0.454058 13.Going.on.30.2004.720p.BluRay.x264-METiS_tehPARADOX.COM ][ 4 0.841864 Transformer 1 & 2 Collection   1080p ][ 17 0.884690 Ratatouille [2007] ][ 22 3.103846 Spiderman 2   1080p ][ 26 7.247427 The Chronicle of Riddick 720p ][ 27 3.200457 Rocky Balboa    720p ][ 29 8.931335 Red Dragon    1080p ][ 31 1.840024 The Tale Of Despereaux [720p] ][ 35 7.821938 Braveheart 720p ][ 41 0.953574 007.1983.Octopussy.720p.hdtv.x264 ][ 44 3.110271 X-Men Origin - Wolverine [2009] [1080p] ][ 45 9.836339 The Dark Knight [2008]   1080p ][ 48 4.096906 War [720p] ][ 50 4.649365 The Usual Suspect    720p ][ 51 7.814521 Star Wars Saga  Collection 720p ][ 54 1.747886 Kung Fu Hustle   720p ][ 63 0.882507 Bad Boy I [1995] [720p] ][ 64 0.430077 Flash Point    720p ][ 66 5.382416 Black Hawk Down   1080p ][ 67 2.316130 New York I Love You 720p   720p ][ 69 9.082561 Monsters vs Aliens [2009] [720p] ][ 70 7.127322 Monsters vs Aliens [2009] [720p] ][ 74 9.218383 Kingdom of Heaven [2005] [720p] ][ 75 5.141056 Elektra 720p ][ 77 4.409316 Alone in the dark   720p ][ 81 7.655701 Alien vs Predator 1-2  720p ][ 85 1.506534 Epic Movie UNRATED (2007) 720p ][ 86 0.498040 Hellboy 1    1080p ][ 93 3.653893 The Mummy Tomb Of The Dragon Emperor   720p ][ 95 0.049396 007 Licence to Kill [1989] [BluRay] [720p] [DTS] ][ 96 3.780294 Four Christmases 720P ][ 98 8.022036 Die Hard 1   720p ][ 106 6.500954 Orphan (2009)    1080p ][ 123 1.363942 XxX.2002.BDRiP.720p.AC3.5.1.READnfo.x264-DEFiNiTiON ][ 126 7.567300 Bee Movie   720p ]
[ 1 0.454058 13.Going.on.30.2004.720p.BluRay.x264-METiS_tehPARADOX.COM ][ 4 0.841864 Transformer 1 & 2 Collection   1080p ][ 8 1.360370 James Bond 21 - Casino Royale [2006] ][ 10 3.343009 Pursuit_Of_Happyness[2006]   720p ][ 17 0.884690 Ratatouille [2007] ][ 22 3.103846 Spiderman 2   1080p ][ 26 7.247427 The Chronicle of Riddick 720p ][ 27 3.200457 Rocky Balboa    720p ][ 29 8.931335 Red Dragon    1080p ][ 31 1.840024 The Tale Of Despereaux [720p] ][ 33 0.115633 Hellboy 1    1080p ][ 35 7.821938 Braveheart 720p ][ 45 9.836339 The Dark Knight [2008]   1080p ][ 48 4.096906 War [720p] ][ 50 4.649365 The Usual Suspect    720p ][ 51 7.814521 Star Wars Saga  Collection 720p ][ 54 1.747886 Kung Fu Hustle   720p ][ 56 0.849303 Street Fighter The Legend Of Chun Li 720P ][ 63 0.882507 Bad Boy I [1995] [720p] ][ 64 0.430077 Flash Point    720p ][ 65 9.234529 The Empress and the Warriors [2008] [720p] ][ 66 5.382416 Black Hawk Down   1080p ][ 67 2.316130 New York I Love You 720p   720p ][ 69 9.082561 Monsters vs Aliens [2009] [720p] ][ 70 7.127322 Monsters vs Aliens [2009] [720p] ][ 74 9.218383 Kingdom of Heaven [2005] [720p] ][ 75 5.141056 Elektra 720p ][ 77 4.409316 Alone in the dark   720p ][ 78 6.270212 enemy at the gates    1080p ][ 81 7.655701 Alien vs Predator 1-2  720p ][ 84 8.594034 Defiance.1080p ][ 85 1.506534 Epic Movie UNRATED (2007) 720p ][ 86 0.498040 Hellboy 1    1080p ][ 90 2.272211 Once.Upon.a.Time.in.China.1991.720p.BluRay.x264-BestHD ][ 93 3.653893 The Mummy Tomb Of The Dragon Emperor   720p ][ 98 8.022036 Die Hard 1   720p ][ 106 6.500954 Orphan (2009)    1080p ][ 108 9.002489 The.Warlords.2007.720p.BluRay.DTS.x264-ESiR ][ 123 1.363942 XxX.2002.BDRiP.720p.AC3.5.1.READnfo.x264-DEFiNiTiON ][ 126 7.567300 Bee Movie   720p ][ 137 3.227090 The Matrix Reloaded   1080p ][ 143 6.762039 contents.txt ]
[ 4 0.841864 Transformer 1 & 2 Collection   1080p ][ 8 1.360370 James Bond 21 - Casino Royale [2006] ][ 10 3.343009 Pursuit_Of_Happyness[2006]   720p ][ 17 0.884690 Ratatouille [2007] ][ 22 3.103846 Spiderman 2   1080p ][ 26 7.247427 The Chronicle of Riddick 720p ][ 28 1.572011 Chicken Little 1080p ][ 29 8.931335 Red Dragon    1080p ][ 31 1.840024 The Tale Of Despereaux [720p] ][ 33 0.115633 Hellboy 1    1080p ][ 35 7.821938 Braveheart 720p ][ 45 9.836339 The Dark Knight [2008]   1080p ][ 48 4.096906 War [720p] ][ 50 4.649365 The Usual Suspect    720p ][ 54 1.747886 Kung Fu Hustle   720p ][ 56 0.849303 Street Fighter The Legend Of Chun Li 720P ][ 63 0.882507 Bad Boy I [1995] [720p] ][ 64 0.430077 Flash Point    720p ][ 65 9.234529 The Empress and the Warriors [2008] [720p] ][ 66 5.382416 Black Hawk Down   1080p ][ 67 2.316130 New York I Love You 720p   720p ][ 70 7.127322 Monsters vs Aliens [2009] [720p] ][ 71 6.182070 The.Godfather.Part.II.1974.720p.BluRay.x264-ESiR_tehPARADOX.COM ][ 75 5.141056 Elektra 720p ][ 77 4.409316 Alone in the dark   720p ][ 78 6.270212 enemy at the gates    1080p ][ 81 7.655701 Alien vs Predator 1-2  720p ][ 84 8.594034 Defiance.1080p ][ 85 1.506534 Epic Movie UNRATED (2007) 720p ][ 86 0.498040 Hellboy 1    1080p ][ 90 2.272211 Once.Upon.a.Time.in.China.1991.720p.BluRay.x264-BestHD ][ 93 3.653893 The Mummy Tomb Of The Dragon Emperor   720p ][ 98 8.022036 Die Hard 1   720p ][ 102 0.464198 SAW III   720p ][ 106 6.500954 Orphan (2009)    1080p ][ 108 9.002489 The.Warlords.2007.720p.BluRay.DTS.x264-ESiR ][ 110 8.879256 The.X.Files.Fight.The.Future.1998.720p.BluRay.x264-SiNNERS ][ 115 2.314218 Toy.Story.2.HD.720p.Hebrew.Dubbed.Also.English.x264-ALiS_20 ][ 122 5.014741 Shrek The Third [2007] [720p] ][ 123 1.363942 XxX.2002.BDRiP.720p.AC3.5.1.READnfo.x264-DEFiNiTiON ][ 126 7.567300 Bee Movie   720p ][ 132 2.094105 1408.2007.720p.BluRay.x264-SiNNERS ][ 134 0.316351 Stargate-The Ark of Truth 720p ][ 137 3.227090 The Matrix Reloaded   1080p ][ 142 5.417439 Meet The Fockers    720p ][ 143 6.762039 contents.txt ][ 146 5.380247 James Bond 15 - The Living Daylights [1987] [720p] ][ 148 5.626463 New York I Love You 720p   720p ][ 154 5.708454 The Butterfly Effect 3 Revelations 720p ]
[ 4 0.841864 Transformer 1 & 2 Collection   1080p ][ 8 1.360370 James Bond 21 - Casino Royale [2006] ][ 10 3.343009 Pursuit_Of_Happyness[2006]   720p ][ 18 4.380670 Shrek The Third [2007] [720p] ][ 22 3.103846 Spiderman 2   1080p ][ 26 7.247427 The Chronicle of Riddick 720p ][ 28 1.572011 Chicken Little 1080p ][ 29 8.931335 Red Dragon    1080p ][ 31 1.840024 The Tale Of Despereaux [720p] ][ 32 4.030263 X-Men 3   1080p ][ 33 0.115633 Hellboy 1    1080p ][ 35 7.821938 Braveheart 720p ][ 43 2.933341 Punisher 2   720p ][ 45 9.836339 The Dark Knight [2008]   1080p ][ 48 4.096906 War [720p] ][ 50 4.649365 The Usual Suspect    720p ][ 54 1.747886 Kung Fu Hustle   720p ][ 56 0.849303 Street Fighter The Legend Of Chun Li 720P ][ 63 0.882507 Bad Boy I [1995] [720p] ][ 64 0.430077 Flash Point    720p ][ 65 9.234529 The Empress and the Warriors [2008] [720p] ][ 66 5.382416 Black Hawk Down   1080p ][ 67 2.316130 New York I Love You 720p   720p ][ 70 7.127322 Monsters vs Aliens [2009] [720p] ][ 71 6.182070 The.Godfather.Part.II.1974.720p.BluRay.x264-ESiR_tehPARADOX.COM ][ 75 5.141056 Elektra 720p ][ 77 4.409316 Alone in the dark   720p ][ 78 6.270212 enemy at the gates    1080p ][ 81 7.655701 Alien vs Predator 1-2  720p ][ 84 8.594034 Defiance.1080p ][ 85 1.506534 Epic Movie UNRATED (2007) 720p ][ 86 0.498040 Hellboy 1    1080p ][ 90 2.272211 Once.Upon.a.Time.in.China.1991.720p.BluRay.x264-BestHD ][ 93 3.653893 The Mummy Tomb Of The Dragon Emperor   720p ][ 97 5.596265 Erin Brockovich 2000.720p ][ 98 8.022036 Die Hard 1   720p ][ 110 8.879256 The.X.Files.Fight.The.Future.1998.720p.BluRay.x264-SiNNERS ][ 115 2.314218 Toy.Story.2.HD.720p.Hebrew.Dubbed.Also.English.x264-ALiS_20 ][ 122 5.014741 Shrek The Third [2007] [720p] ][ 123 1.363942 XxX.2002.BDRiP.720p.AC3.5.1.READnfo.x264-DEFiNiTiON ][ 132 2.094105 1408.2007.720p.BluRay.x264-SiNNERS ][ 134 0.316351 Stargate-The Ark of Truth 720p ][ 136 0.123931 Bugs.A.Rainforest.Adventure.3D.HD.DVD.REMUX.1080p.VC-1-SEBUL ][ 137 3.227090 The Matrix Reloaded   1080p ][ 138 0.747689 Pixar.Shorts.2009.720p.BluRay.AC3.x264-UNiT3D ][ 140 5.836711 Danny the Dog   1080p ][ 142 5.417439 Meet The Fockers    720p ][ 143 6.762039 contents.txt ][ 145 2.351348 IMAX Ring of Fire [720p] [Documenter] ][ 146 5.380247 James Bond 15 - The Living Daylights [1987] [720p] ][ 147 8.810347 Meet The Parents    720p ][ 148 5.626463 New York I Love You 720p   720p ][ 149 2.626944 Seven Pounds    720p ][ 154 5.708454 The Butterfly Effect 3 Revelations 720p ][ 162 9.001594 The Italian Job [2003] [720p] ][ 163 9.722227 Behind Enemy Line 2001   720p ]
[ 4 0.841864 Transformer 1 & 2 Collection   1080p ][ 8 1.360370 James Bond 21 - Casino Royale [2006] ][ 10 3.343009 Pursuit_Of_Happyness[2006]   720p ][ 13 3.808804 Street Fighter The Legend Of Chun Li 720P ][ 22 3.103846 Spiderman 2   1080p ][ 26 7.247427 The Chronicle of Riddick 720p ][ 28 1.572011 Chicken Little 1080p ][ 31 1.840024 The Tale Of Despereaux [720p] ][ 33 0.115633 Hellboy 1    1080p ][ 35 7.821938 Braveheart 720p ][ 43 2.933341 Punisher 2   720p ][ 47 1.082722 Hulk 1    1080p ][ 48 4.096906 War [720p] ][ 50 4.649365 The Usual Suspect    720p ][ 54 1.747886 Kung Fu Hustle   720p ][ 63 0.882507 Bad Boy I [1995] [720p] ][ 65 9.234529 The Empress and the Warriors [2008] [720p] ][ 66 5.382416 Black Hawk Down   1080p ][ 67 2.316130 New York I Love You 720p   720p ][ 70 7.127322 Monsters vs Aliens [2009] [720p] ][ 71 6.182070 The.Godfather.Part.II.1974.720p.BluRay.x264-ESiR_tehPARADOX.COM ][ 75 5.141056 Elektra 720p ][ 76 3.386042 The Matrix   1080p ][ 77 4.409316 Alone in the dark   720p ][ 78 6.270212 enemy at the gates    1080p ][ 80 1.439930 Chicken Little 1080p ][ 81 7.655701 Alien vs Predator 1-2  720p ][ 84 8.594034 Defiance.1080p ][ 85 1.506534 Epic Movie UNRATED (2007) 720p ][ 86 0.498040 Hellboy 1    1080p ][ 87 3.460721 Direct Contact    720p ][ 90 2.272211 Once.Upon.a.Time.in.China.1991.720p.BluRay.x264-BestHD ][ 97 5.596265 Erin Brockovich 2000.720p ][ 98 8.022036 Die Hard 1   720p ][ 110 8.879256 The.X.Files.Fight.The.Future.1998.720p.BluRay.x264-SiNNERS ][ 112 0.075677 Underworld Series ][ 115 2.314218 Toy.Story.2.HD.720p.Hebrew.Dubbed.Also.English.x264-ALiS_20 ][ 117 8.649533 Golden Compass   720p ][ 118 9.470645 The Godfather [1972] [720p] ][ 119 6.156104 Fast and the Furious 3 -  Tokyo Drift - 1080p ][ 122 5.014741 Shrek The Third [2007] [720p] ][ 123 1.363942 XxX.2002.BDRiP.720p.AC3.5.1.READnfo.x264-DEFiNiTiON ][ 132 2.094105 1408.2007.720p.BluRay.x264-SiNNERS ][ 134 0.316351 Stargate-The Ark of Truth 720p ][ 136 0.123931 Bugs.A.Rainforest.Adventure.3D.HD.DVD.REMUX.1080p.VC-1-SEBUL ][ 137 3.227090 The Matrix Reloaded   1080p ][ 138 0.747689 Pixar.Shorts.2009.720p.BluRay.AC3.x264-UNiT3D ][ 140 5.836711 Danny the Dog   1080p ][ 142 5.417439 Meet The Fockers    720p ][ 143 6.762039 contents.txt ][ 144 7.914070 Four Christmases 720P ][ 145 2.351348 IMAX Ring of Fire [720p] [Documenter] ][ 146 5.380247 James Bond 15 - The Living Daylights [1987] [720p] ][ 147 8.810347 Meet The Parents    720p ][ 148 5.626463 New York I Love You 720p   720p ][ 149 2.626944 Seven Pounds    720p ][ 154 5.708454 The Butterfly Effect 3 Revelations 720p ][ 156 8.295128 Butterfly on a Wheel.2007   720p ][ 162 9.001594 The Italian Job [2003] [720p] ][ 163 9.722227 Behind Enemy Line 2001   720p ][ 165 1.675112 Beauty And The Beast    720p ][ 168 7.643885 Oceans.Eleven.2001.720p.HDDVD.x264-SiNNERS ][ 169 7.155532 My Bloody Valentine 3D [720p] ][ 185 1.616305 Direct Contact    720p ]
[ 2 8.141498 Hellboy 1    1080p ][ 4 0.841864 Transformer 1 & 2 Collection   1080p ][ 8 1.360370 James Bond 21 - Casino Royale [2006] ][ 9 2.292314 All About Steve 720P ][ 13 3.808804 Street Fighter The Legend Of Chun Li 720P ][ 22 3.103846 Spiderman 2   1080p ][ 26 7.247427 The Chronicle of Riddick 720p ][ 28 1.572011 Chicken Little 1080p ][ 31 1.840024 The Tale Of Despereaux [720p] ][ 33 0.115633 Hellboy 1    1080p ][ 35 7.821938 Braveheart 720p ][ 43 2.933341 Punisher 2   720p ][ 47 1.082722 Hulk 1    1080p ][ 50 4.649365 The Usual Suspect    720p ][ 54 1.747886 Kung Fu Hustle   720p ][ 60 8.895239 Dumb and Dumber   720p ][ 63 0.882507 Bad Boy I [1995] [720p] ][ 65 9.234529 The Empress and the Warriors [2008] [720p] ][ 66 5.382416 Black Hawk Down   1080p ][ 70 7.127322 Monsters vs Aliens [2009] [720p] ][ 71 6.182070 The.Godfather.Part.II.1974.720p.BluRay.x264-ESiR_tehPARADOX.COM ][ 75 5.141056 Elektra 720p ][ 76 3.386042 The Matrix   1080p ][ 77 4.409316 Alone in the dark   720p ][ 78 6.270212 enemy at the gates    1080p ][ 80 1.439930 Chicken Little 1080p ][ 81 7.655701 Alien vs Predator 1-2  720p ][ 84 8.594034 Defiance.1080p ][ 85 1.506534 Epic Movie UNRATED (2007) 720p ][ 86 0.498040 Hellboy 1    1080p ][ 87 3.460721 Direct Contact    720p ][ 90 2.272211 Once.Upon.a.Time.in.China.1991.720p.BluRay.x264-BestHD ][ 97 5.596265 Erin Brockovich 2000.720p ][ 98 8.022036 Die Hard 1   720p ][ 110 8.879256 The.X.Files.Fight.The.Future.1998.720p.BluRay.x264-SiNNERS ][ 112 0.075677 Underworld Series ][ 115 2.314218 Toy.Story.2.HD.720p.Hebrew.Dubbed.Also.English.x264-ALiS_20 ][ 116 0.086854 iRobot  720p ][ 117 8.649533 Golden Compass   720p ][ 118 9.470645 The Godfather [1972] [720p] ][ 119 6.156104 Fast and the Furious 3 -  Tokyo Drift - 1080p ][ 122 5.014741 Shrek The Third [2007] [720p] ][ 123 1.363942 XxX.2002.BDRiP.720p.AC3.5.1.READnfo.x264-DEFiNiTiON ][ 128 6.753965 My Bloody Valentine 3D [720p] ][ 132 2.094105 1408.2007.720p.BluRay.x264-SiNNERS ][ 134 0.316351 Stargate-The Ark of Truth 720p ][ 136 0.123931 Bugs.A.Rainforest.Adventure.3D.HD.DVD.REMUX.1080p.VC-1-SEBUL ][ 137 3.227090 The Matrix Reloaded   1080p ][ 138 0.747689 Pixar.Shorts.2009.720p.BluRay.AC3.x264-UNiT3D ][ 140 5.836711 Danny the Dog   1080p ][ 142 5.417439 Meet The Fockers    720p ][ 143 6.762039 contents.txt ][ 144 7.914070 Four Christmases 720P ][ 145 2.351348 IMAX Ring of Fire [720p] [Documenter] ][ 146 5.380247 James Bond 15 - The Living Daylights [1987] [720p] ][ 147 8.810347 Meet The Parents    720p ][ 149 2.626944 Seven Pounds    720p ][ 153 8.418164 Ice Age 3 Dawn of the Dinosaurs [2009] [720p] ][ 154 5.708454 The Butterfly Effect 3 Revelations 720p ][ 156 8.295128 Butterfly on a Wheel.2007   720p ][ 162 9.001594 The Italian Job [2003] [720p] ][ 163 9.722227 Behind Enemy Line 2001   720p ][ 165 1.675112 Beauty And The Beast    720p ][ 168 7.643885 Oceans.Eleven.2001.720p.HDDVD.x264-SiNNERS ][ 169 7.155532 My Bloody Valentine 3D [720p] ][ 177 0.507465 Lord Of The Ring 1 - Fellowship of the Ring (ExtEd) [1080p] ][ 181 4.147071 Horseman    720p ][ 182 2.659524 Oceans.Eleven.2001.720p.HDDVD.x264-SiNNERS ][ 184 5.464175 James Bond 11 - MoonRaker [1979] ][ 185 1.616305 Direct Contact    720p ][ 190 4.739004 12 Rounds 720p ][ 194 1.907623 Gladiator 1080p ]
