[ 31 5.283024 Underworld Series ]
[ 31 5.283024 Underworld Series ][ 72 2.050918 Jumanji [720p] ]
[ 30 6.350329 A Knight's Tale [2001] [720p] ][ 31 5.283024 Underworld Series ][ 44 2.146281 Deep Sea ][ 72 2.050918 Jumanji [720p] ]
[ 6 5.939553 Dragon Wars   720p ][ 30 6.350329 A Knight's Tale [2001] [720p] ][ 44 2.146281 Deep Sea ][ 45 2.897209 Back to the Future Part I [1985] [BluRay] [720p] [AC3] [EN] ][ 70 6.787532 Hitman    720p ][ 75 1.766744 Swordfish    720p ]
[ 6 5.939553 Dragon Wars   720p ][ 30 6.350329 A Knight's Tale [2001] [720p] ][ 34 3.961714 Jumper    1080p ][ 44 2.146281 Deep Sea ][ 45 2.897209 Back to the Future Part I [1985] [BluRay] [720p] [AC3] [EN] ][ 57 9.312442 Batman Dark Knight   1080p ][ 64 7.146730 Armageddon [1998] [720p] ][ 70 6.787532 Hitman    720p ][ 75 1.766744 Swordfish    720p ]
[ 8 2.724240 007 Goldfinger [1964] [BluRay] [720p] [DTS] ][ 29 7.199973 Apocalypto   720p ][ 30 6.350329 A Knight's Tale [2001] [720p] ][ 42 7.988066 Finding Nemo [2003] [720p] ][ 44 2.146281 Deep Sea ][ 45 2.897209 Back to the Future Part I [1985] [BluRay] [720p] [AC3] [EN] ][ 47 8.753851 Big Nothing   720p ][ 49 3.515614 Body of Lies   720p ][ 58 4.065329 Daredevil - 720p ][ 64 7.146730 Armageddon [1998] [720p] ][ 70 6.787532 Hitman    720p ][ 75 1.766744 Swordfish    720p ]
[ 16 9.342330 contents.txt ][ 29 7.199973 Apocalypto   720p ][ 30 6.350329 A Knight's Tale [2001] [720p] ][ 32 6.084516 The Matrix Revolution   1080p ][ 42 7.988066 Finding Nemo [2003] [720p] ][ 45 2.897209 Back to the Future Part I [1985] [BluRay] [720p] [AC3] [EN] ][ 47 8.753851 Big Nothing   720p ][ 49 3.515614 Body of Lies   720p ][ 56 9.286573 Ip Man    1080p ][ 58 4.065329 Daredevil - 720p ][ 64 7.146730 Armageddon [1998] [720p] ][ 70 6.787532 Hitman    720p ][ 75 1.766744 Swordfish    720p ][ 86 7.380476 Batman Cartoon - Gotham Knight   720p ][ 87 9.108424 One Missed Call   720p ][ 93 1.643860 Battle for Terra [2007] [1080p] ]
[ 2 9.549970 One Missed Call   720p ][ 16 9.342330 contents.txt ][ 23 1.723949 Ongbak 2003 720p ][ 30 6.350329 A Knight's Tale [2001] [720p] ][ 32 6.084516 The Matrix Revolution   1080p ][ 35 8.760595 Babylon A.D    720p ][ 42 7.988066 Finding Nemo [2003] [720p] ][ 45 2.897209 Back to the Future Part I [1985] [BluRay] [720p] [AC3] [EN] ][ 47 8.753851 Big Nothing   720p ][ 48 5.940005 Stargate-The Ark of Truth 720p ][ 49 3.515614 Body of Lies   720p ][ 56 9.286573 Ip Man    1080p ][ 59 5.818484 Yes Man   720p ][ 70 6.787532 Hitman    720p ][ 73 2.181060 Alien At The Attic 720P ][ 79 1.999833 Flash Point    720p ][ 83 4.165138 Connected   720p ][ 86 7.380476 Batman Cartoon - Gotham Knight   720p ][ 87 9.108424 One Missed Call   720p ][ 93 1.643860 Battle for Terra [2007] [1080p] ]
[ 2 9.549970 One Missed Call   720p ][ 12 3.466765 X-Men 4 - Origins Wolverine (2009)  1080p ][ 16 9.342330 contents.txt ][ 18 3.295710 Spiderman 1   1080p ][ 30 6.350329 A Knight's Tale [2001] [720p] ][ 32 6.084516 The Matrix Revolution   1080p ][ 35 8.760595 Babylon A.D    720p ][ 42 7.988066 Finding Nemo [2003] [720p] ][ 45 2.897209 Back to the Future Part I [1985] [BluRay] [720p] [AC3] [EN] ][ 46 8.184035 Fearless - 720p ][ 47 8.753851 Big Nothing   720p ][ 48 5.940005 Stargate-The Ark of Truth 720p ][ 49 3.515614 Body of Lies   720p ][ 54 3.511520 Stargate-The Ark of Truth 720p ][ 56 9.286573 Ip Man    1080p ][ 59 5.818484 Yes Man   720p ][ 70 6.787532 Hitman    720p ][ 73 2.181060 Alien At The Attic 720P ][ 83 4.165138 Connected   720p ][ 86 7.380476 Batman Cartoon - Gotham Knight   720p ][ 87 9.108424 One Missed Call   720p ][ 89 4.753655 Corpse Bride   720p ][ 93 1.643860 Battle for Terra [2007] [1080p] ][ 95 0.721426 New York I Love You 720p   720p ][ 99 2.128406 SAW I   720p ]
[ 7 0.983662 G.I.Joe The Rise of Cobra [2009] [720p] ][ 12 3.466765 X-Men 4 - Origins Wolverine (2009)  1080p ][ 18 3.295710 Spiderman 1   1080p ][ 24 8.606074 Behind Enemy Line 2001   720p ][ 28 5.022875 The Usual Suspect    720p ][ 30 6.350329 A Knight's Tale [2001] [720p] ][ 32 6.084516 The Matrix Revolution   1080p ][ 35 8.760595 Babylon A.D    720p ][ 42 7.988066 Finding Nemo [2003] [720p] ][ 45 2.897209 Back to the Future Part I [1985] [BluRay] [720p] [AC3] [EN] ][ 46 8.184035 Fearless - 720p ][ 47 8.753851 Big Nothing   720p ][ 48 5.940005 Stargate-The Ark of Truth 720p ][ 49 3.515614 Body of Lies   720p ][ 54 3.511520 Stargate-The Ark of Truth 720p ][ 56 9.286573 Ip Man    1080p ][ 67 0.629494 Iron Man    1080p ][ 70 6.787532 Hitman    720p ][ 73 2.181060 Alien At The Attic 720P ][ 85 2.851503 Batman Begins   1080p ][ 86 7.380476 Batman Cartoon - Gotham Knight   720p ][ 87 9.108424 One Missed Call   720p ][ 89 4.753655 Corpse Bride   720p ][ 93 1.643860 Battle for Terra [2007] [1080p] ][ 95 0.721426 New York I Love You 720p   720p ][ 97 8.064725 Big Stan   1080p ][ 99 2.128406 SAW I   720p ][ 107 7.558820 Lawrence of Arabia   1080p ][ 108 3.716160 Chicken Little 1080p ][ 119 6.252801 Breach 1080p ]
[ 7 0.983662 G.I.Joe The Rise of Cobra [2009] [720p] ][ 9 2.969275 Final Destination ][ 11 8.088285 Apollo 13   1080p ][ 12 3.466765 X-Men 4 - Origins Wolverine (2009)  1080p ][ 18 3.295710 Spiderman 1   1080p ][ 26 9.130499 The.Da.Vinci.Code.2006.720p.BluRay.x264-BestHD ][ 28 5.022875 The Usual Suspect    720p ][ 30 6.350329 A Knight's Tale [2001] [720p] ][ 35 8.760595 Babylon A.D    720p ][ 41 9.084963 American Psycho   720p ][ 42 7.988066 Finding Nemo [2003] [720p] ][ 45 2.897209 Back to the Future Part I [1985] [BluRay] [720p] [AC3] [EN] ][ 46 8.184035 Fearless - 720p ][ 47 8.753851 Big Nothing   720p ][ 48 5.940005 Stargate-The Ark of Truth 720p ][ 54 3.511520 Stargate-The Ark of Truth 720p ][ 62 2.328364 James Bond 19 - The World is not Enough [1999] [720p] ][ 63 7.978547 Diary.Of.A.Sex.Addict.2008.720p.BluRay.x264-FLHD ][ 67 0.629494 Iron Man    1080p ][ 73 2.181060 Alien At The Attic 720P ][ 85 2.851503 Batman Begins   1080p ][ 86 7.380476 Batman Cartoon - Gotham Knight   720p ][ 87 9.108424 One Missed Call   720p ][ 89 4.753655 Corpse Bride   720p ][ 93 1.643860 Battle for Terra [2007] [1080p] ][ 94 0.405429 Red Dragon    1080p ][ 95 0.721426 New York I Love You 720p   720p ][ 97 8.064725 Big Stan   1080p ][ 99 2.128406 SAW I   720p ][ 101 4.501189 Demo (Sony, Sharp, THX and more) ][ 106 7.274162 Blade 3   720p ][ 107 7.558820 Lawrence of Arabia   1080p ][ 108 3.716160 Chicken Little 1080p ][ 118 0.895872 Oceans.Eleven.2001.720p.HDDVD.x264-SiNNERS ][ 119 6.252801 Breach 1080p ][ 124 7.289653 X-Men 1    720p ]
[ 4 8.323542 CJ7   720p ][ 7 0.983662 G.I.Joe The Rise of Cobra [2009] [720p] ][ 9 2.969275 Final Destination ][ 11 8.088285 Apollo 13   1080p ][ 12 3.466765 X-Men 4 - Origins Wolverine (2009)  1080p ][ 26 9.130499 The.Da.Vinci.Code.2006.720p.BluRay.x264-BestHD ][ 28 5.022875 The Usual Suspect    720p ][ 30 6.350329 A Knight's Tale [2001] [720p] ][ 35 8.760595 Babylon A.D    720p ][ 41 9.084963 American Psycho   720p ][ 43 8.555806 City of Embers    720p ][ 45 2.897209 Back to the Future Part I [1985] [BluRay] [720p] [AC3] [EN] ][ 46 8.184035 Fearless - 720p ][ 47 8.753851 Big Nothing   720p ][ 48 5.940005 Stargate-The Ark of Truth 720p ][ 54 3.511520 Stargate-The Ark of Truth 720p ][ 62 2.328364 James Bond 19 - The World is not Enough [1999] [720p] ][ 63 7.978547 Diary.Of.A.Sex.Addict.2008.720p.BluRay.x264-FLHD ][ 67 0.629494 Iron Man    1080p ][ 68 9.806345 Gladiator 1080p ][ 73 2.181060 Alien At The Attic 720P ][ 82 1.753387 Superhero Movie   1080p ][ 85 2.851503 Batman Begins   1080p ][ 86 7.380476 Batman Cartoon - Gotham Knight   720p ][ 87 9.108424 One Missed Call   720p ][ 88 6.362012 The Chronicle of Riddick 720p ][ 92 4.669245 Music.And.Lyrics.720p.HDDVD.x264-REVEiLLE ][ 93 1.643860 Battle for Terra [2007] [1080p] ][ 94 0.405429 Red Dragon    1080p ][ 97 8.064725 Big Stan   1080p ][ 101 4.501189 Demo (Sony, Sharp, THX and more) ][ 102 4.646941 The Mummy Tomb Of The Dragon Emperor   720p ][ 103 1.254479 Eurotrip 720p ][ 106 7.274162 Blade 3   720p ][ 107 7.558820 Lawrence of Arabia   1080p ][ 108 3.716160 Chicken Little 1080p ][ 118 0.895872 Oceans.Eleven.2001.720p.HDDVD.x264-SiNNERS ][ 119 6.252801 Breach 1080p ][ 124 7.289653 X-Men 1    720p ][ 128 2.062041 District 9 [2009] [720p] ][ 138 6.825800 Blood River 720P ][ 144 3.823939 Elektra 720p ]
[ 4 8.323542 CJ7   720p ][ 5 9.457014 I Am Legend    720p ][ 7 0.983662 G.I.Joe The Rise of Cobra [2009] [720p] ][ 9 2.969275 Final Destination ][ 10 3.498464 The Notebook [2004] [1080p] ][ 11 8.088285 Apollo 13   1080p ][ 12 3.466765 X-Men 4 - Origins Wolverine (2009)  1080p ][ 26 9.130499 The.Da.Vinci.Code.2006.720p.BluRay.x264-BestHD ][ 27 5.925187 The.Godfather.Part.III.1990.720p.BluRay.x264-SiNNERS_tehPARADOX.COM ][ 28 5.022875 The Usual Suspect    720p ][ 30 6.350329 A Knight's Tale [2001] [720p] ][ 33 0.436968 Dragonball Evolution [2009] [720p] ][ 35 8.760595 Babylon A.D    720p ][ 37 0.574793 Golden Compass   720p ][ 41 9.084963 American Psycho   720p ][ 43 8.555806 City of Embers    720p ][ 45 2.897209 Back to the Future Part I [1985] [BluRay] [720p] [AC3] [EN] ][ 47 8.753851 Big Nothing   720p ][ 48 5.940005 Stargate-The Ark of Truth 720p ][ 54 3.511520 Stargate-The Ark of Truth 720p ][ 62 2.328364 James Bond 19 - The World is not Enough [1999] [720p] ][ 63 7.978547 Diary.Of.A.Sex.Addict.2008.720p.BluRay.x264-FLHD ][ 66 5.716402 Blood - The Last Vampire [2009] [720p] ][ 67 0.629494 Iron Man    1080p ][ 68 9.806345 Gladiator 1080p ][ 73 2.181060 Alien At The Attic 720P ][ 78 9.576116 Leaving Las Vegas  720p ][ 82 1.753387 Superhero Movie   1080p ][ 85 2.851503 Batman Begins   1080p ][ 86 7.380476 Batman Cartoon - Gotham Knight   720p ][ 87 9.108424 One Missed Call   720p ][ 88 6.362012 The Chronicle of Riddick 720p ][ 91 2.852470 Equilibrium 720p ][ 92 4.669245 Music.And.Lyrics.720p.HDDVD.x264-REVEiLLE ][ 94 0.405429 Red Dragon    1080p ][ 97 8.064725 Big Stan   1080p ][ 101 4.501189 Demo (Sony, Sharp, THX and more) ][ 102 4.646941 The Mummy Tomb Of The Dragon Emperor   720p ][ 103 1.254479 Eurotrip 720p ][ 106 7.274162 Blade 3   720p ][ 107 7.558820 Lawrence of Arabia   1080p ][ 114 5.364251 Apollo 13   1080p ][ 118 0.895872 Oceans.Eleven.2001.720p.HDDVD.x264-SiNNERS ][ 119 6.252801 Breach 1080p ][ 120 7.300043 SAW IV ][ 124 7.289653 X-Men 1    720p ][ 128 2.062041 District 9 [2009] [720p] ][ 138 6.825800 Blood River 720P ][ 147 3.802557 The Dark Knight [2008]   1080p ]
[ 4 8.323542 CJ7   720p ][ 5 9.457014 I Am Legend    720p ][ 7 0.983662 G.I.Joe The Rise of Cobra [2009] [720p] ][ 9 2.969275 Final Destination ][ 10 3.498464 The Notebook [2004] [1080p] ][ 11 8.088285 Apollo 13   1080p ][ 26 9.130499 The.Da.Vinci.Code.2006.720p.BluRay.x264-BestHD ][ 27 5.925187 The.Godfather.Part.III.1990.720p.BluRay.x264-SiNNERS_tehPARADOX.COM ][ 28 5.022875 The Usual Suspect    720p ][ 30 6.350329 A Knight's Tale [2001] [720p] ][ 35 8.760595 Babylon A.D    720p ][ 37 0.574793 Golden Compass   720p ][ 41 9.084963 American Psycho   720p ][ 43 8.555806 City of Embers    720p ][ 45 2.897209 Back to the Future Part I [1985] [BluRay] [720p] [AC3] [EN] ][ 47 8.753851 Big Nothing   720p ][ 48 5.940005 Stargate-The Ark of Truth 720p ][ 54 3.511520 Stargate-The Ark of Truth 720p ][ 62 2.328364 James Bond 19 - The World is not Enough [1999] [720p] ][ 65 9.694346 Disturbia    720p ][ 66 5.716402 Blood - The Last Vampire [2009] [720p] ][ 68 9.806345 Gladiator 1080p ][ 73 2.181060 Alien At The Attic 720P ][ 74 7.253830 Mr. & Mrs. Smith   720p ][ 78 9.576116 Leaving Las Vegas  720p ][ 82 1.753387 Superhero Movie   1080p ][ 85 2.851503 Batman Begins   1080p ][ 86 7.380476 Batman Cartoon - Gotham Knight   720p ][ 87 9.108424 One Missed Call   720p ][ 88 6.362012 The Chronicle of Riddick 720p ][ 92 4.669245 Music.And.Lyrics.720p.HDDVD.x264-REVEiLLE ][ 94 0.405429 Red Dragon    1080p ][ 97 8.064725 Big Stan   1080p ][ 101 4.501189 Demo (Sony, Sharp, THX and more) ][ 102 4.646941 The Mummy Tomb Of The Dragon Emperor   720p ][ 103 1.254479 Eurotrip 720p ][ 105 5.425945 Jumper    1080p ][ 106 7.274162 Blade 3   720p ][ 107 7.558820 Lawrence of Arabia   1080p ][ 112 6.817256 Blade 3   720p ][ 114 5.364251 Apollo 13   1080p ][ 118 0.895872 Oceans.Eleven.2001.720p.HDDVD.x264-SiNNERS ][ 120 7.300043 SAW IV ][ 123 6.773264 Eragon [2006] [720p] ][ 124 7.289653 X-Men 1    720p ][ 125 2.047044 Blood.Diamond.2006.1080p.HDDVD.x264-DEFiNiTE ][ 128 2.062041 District 9 [2009] [720p] ][ 136 1.715137 Crossing Over 720P ][ 138 6.825800 Blood River 720P ][ 145 3.460522 Next 720P ][ 147 3.802557 The Dark Knight [2008]   1080p ][ 148 3.418741 8 Mile [2002] [720p] ][ 154 6.183084 G.I.Joe The Rise of Cobra [2009] [720p] ][ 160 7.739410 Spiderman 2   1080p ][ 167 5.025245 Fast and the Furious 4 - 1080p ][ 172 5.644389 Toy.Story.2.HD.720p.Hebrew.Dubbed.Also.English.x264-ALiS_20 ]
[ 4 8.323542 CJ7   720p ][ 5 9.457014 I Am Legend    720p ][ 7 0.983662 G.I.Joe The Rise of Cobra [2009] [720p] ][ 9 2.969275 Final Destination ][ 10 3.498464 The Notebook [2004] [1080p] ][ 11 8.088285 Apollo 13   1080p ][ 20 9.211472 Core   720p ][ 26 9.130499 The.Da.Vinci.Code.2006.720p.BluRay.x264-BestHD ][ 28 5.022875 The Usual Suspect    720p ][ 30 6.350329 A Knight's Tale [2001] [720p] ][ 35 8.760595 Babylon A.D    720p ][ 37 0.574793 Golden Compass   720p ][ 41 9.084963 American Psycho   720p ][ 43 8.555806 City of Embers    720p ][ 45 2.897209 Back to the Future Part I [1985] [BluRay] [720p] [AC3] [EN] ][ 47 8.753851 Big Nothing   720p ][ 48 5.940005 Stargate-The Ark of Truth 720p ][ 52 9.495072 contents.txt ][ 54 3.511520 Stargate-The Ark of Truth 720p ][ 62 2.328364 James Bond 19 - The World is not Enough [1999] [720p] ][ 65 9.694346 Disturbia    720p ][ 66 5.716402 Blood - The Last Vampire [2009] [720p] ][ 68 9.806345 Gladiator 1080p ][ 73 2.181060 Alien At The Attic 720P ][ 74 7.253830 Mr. & Mrs. Smith   720p ][ 78 9.576116 Leaving Las Vegas  720p ][ 82 1.753387 Superhero Movie   1080p ][ 85 2.851503 Batman Begins   1080p ][ 87 9.108424 One Missed Call   720p ][ 88 6.362012 The Chronicle of Riddick 720p ][ 92 4.669245 Music.And.Lyrics.720p.HDDVD.x264-REVEiLLE ][ 94 0.405429 Red Dragon    1080p ][ 97 8.064725 Big Stan   1080p ][ 101 4.501189 Demo (Sony, Sharp, THX and more) ][ 102 4.646941 The Mummy Tomb Of The Dragon Emperor   720p ][ 103 1.254479 Eurotrip 720p ][ 105 5.425945 Jumper    1080p ][ 107 7.558820 Lawrence of Arabia   1080p ][ 109 4.198836 Oceans.Eleven.2001.720p.HDDVD.x264-SiNNERS ][ 111 4.681958 Wanted   1080p ][ 112 6.817256 Blade 3   720p ][ 113 8.540333 Miami Vice 720p ][ 114 5.364251 Apollo 13   1080p ][ 120 7.300043 SAW IV ][ 123 6.773264 Eragon [2006] [720p] ][ 124 7.289653 X-Men 1    720p ][ 128 2.062041 District 9 [2009] [720p] ][ 131 9.518854 Batman Begins   1080p ][ 134 4.713878 The Mist   720p ][ 136 1.715137 Crossing Over 720P ][ 138 6.825800 Blood River 720P ][ 143 4.627849 Punisher 2   720p ][ 145 3.460522 Next 720P ][ 147 3.802557 The Dark Knight [2008]   1080p ][ 148 3.418741 8 Mile [2002] [720p] ][ 153 6.800844 Cellular.2004.HDTV.720p.AC3.x264-BTT ][ 154 6.183084 G.I.Joe The Rise of Cobra [2009] [720p] ][ 157 1.855831 Red Dragon    1080p ][ 160 7.739410 Spiderman 2   1080p ][ 161 3.963825 James Bond 03 - GoldFinger [1964] ][ 168 1.643189 SWAT    720p ][ 172 5.644389 Toy.Story.2.HD.720p.Hebrew.Dubbed.Also.English.x264-ALiS_20 ][ 179 0.463015 Battlestar Galactica The Plan [720p] ][ 191 4.284181 The Butterfly Effect [2004] [720p] ]
[ 4 8.323542 CJ7   720p ][ 5 9.457014 I Am Legend    720p ][ 9 2.969275 Final Destination ][ 10 3.498464 The Notebook [2004] [1080p] ][ 11 8.088285 Apollo 13   1080p ][ 13 9.185348 The Extreme Movie 720P ][ 15 7.574221 1408.2007.720p.BluRay.x264-SiNNERS ][ 20 9.211472 Core   720p ][ 26 9.130499 The.Da.Vinci.Code.2006.720p.BluRay.x264-BestHD ][ 28 5.022875 The Usual Suspect    720p ][ 30 6.350329 A Knight's Tale [2001] [720p] ][ 35 8.760595 Babylon A.D    720p ][ 37 0.574793 Golden Compass   720p ][ 43 8.555806 City of Embers    720p ][ 45 2.897209 Back to the Future Part I [1985] [BluRay] [720p] [AC3] [EN] ][ 47 8.753851 Big Nothing   720p ][ 48 5.940005 Stargate-The Ark of Truth 720p ][ 52 9.495072 contents.txt ][ 54 3.511520 Stargate-The Ark of Truth 720p ][ 62 2.328364 James Bond 19 - The World is not Enough [1999] [720p] ][ 65 9.694346 Disturbia    720p ][ 66 5.716402 Blood - The Last Vampire [2009] [720p] ][ 68 9.806345 Gladiator 1080p ][ 73 2.181060 Alien At The Attic 720P ][ 74 7.253830 Mr. & Mrs. Smith   720p ][ 76 6.427659 Eurotrip 720p ][ 78 9.576116 Leaving Las Vegas  720p ][ 82 1.753387 Superhero Movie   1080p ][ 85 2.851503 Batman Begins   1080p ][ 87 9.108424 One Missed Call   720p ][ 88 6.362012 The Chronicle of Riddick 720p ][ 92 4.669245 Music.And.Lyrics.720p.HDDVD.x264-REVEiLLE ][ 94 0.405429 Red Dragon    1080p ][ 96 1.842515 Kill Bill Vol 2 [2004]   720p ][ 97 8.064725 Big Stan   1080p ][ 101 4.501189 Demo (Sony, Sharp, THX and more) ][ 102 4.646941 The Mummy Tomb Of The Dragon Emperor   720p ][ 105 5.425945 Jumper    1080p ][ 107 7.558820 Lawrence of Arabia   1080p ][ 109 4.198836 Oceans.Eleven.2001.720p.HDDVD.x264-SiNNERS ][ 111 4.681958 Wanted   1080p ][ 112 6.817256 Blade 3   720p ][ 114 5.364251 Apollo 13   1080p ][ 120 7.300043 SAW IV ][ 123 6.773264 Eragon [2006] [720p] ][ 127 9.855063 Ghost Rider [2007] [720p] ][ 128 2.062041 District 9 [2009] [720p] ][ 129 4.380030 Ip Man    1080p ][ 130 4.584038 Battlestar Galactica The Plan [720p] ][ 131 9.518854 Batman Begins   1080p ][ 134 4.713878 The Mist   720p ][ 136 1.715137 Crossing Over 720P ][ 138 6.825800 Blood River 720P ][ 142 1.574040 James Bond 11 - MoonRaker [1979] ][ 143 4.627849 Punisher 2   720p ][ 145 3.460522 Next 720P ][ 147 3.802557 The Dark Knight [2008]   1080p ][ 148 3.418741 8 Mile [2002] [720p] ][ 151 4.160850 James Bond 05 - You Only Live Twice [1967] ][ 153 6.800844 Cellular.2004.HDTV.720p.AC3.x264-BTT ][ 154 6.183084 G.I.Joe The Rise of Cobra [2009] [720p] ][ 157 1.855831 Red Dragon    1080p ][ 159 5.513852 SAW V ][ 160 7.739410 Spiderman 2   1080p ][ 161 3.963825 James Bond 03 - GoldFinger [1964] ][ 168 1.643189 SWAT    720p ][ 172 5.644389 Toy.Story.2.HD.720p.Hebrew.Dubbed.Also.English.x264-ALiS_20 ][ 175 5.878874 007 The Man With the Golden Gun [1974] [BluRay] [720p] [DTS] ][ 185 0.201426 American Beauty   720p ][ 189 2.848149 The.Terminal.2004.720p.HDTV.x264-ESiR ][ 191 4.284181 The Butterfly Effect [2004] [720p] ][ 197 2.424742 Lust Caution   720p ]
