[ 65 9.097573 Orphanage 720p ]
[ 9 4.803313 Eagle Eye    1080p ][ 34 1.046114 Die Hard 3   720p ]
[ 1 5.843178 Star Wars Saga  Collection 720p ][ 9 4.803313 Eagle Eye    1080p ][ 14 0.972489 Pixar.Short.Films.Collection.Volume.1.2007.m-HD.x264-TlN50p ][ 42 1.608057 Lust Caution   720p ]
[ 9 4.803313 Eagle Eye    1080p ][ 14 0.972489 Pixar.Short.Films.Collection.Volume.1.2007.m-HD.x264-TlN50p ][ 40 6.148667 SAW IV ][ 42 1.608057 Lust Caution   720p ][ 63 3.947606 PIXAR Movie ][ 82 1.838178 Lust Caution   720p ]
[ 9 4.803313 Eagle Eye    1080p ][ 14 0.972489 Pixar.Short.Films.Collection.Volume.1.2007.m-HD.x264-TlN50p ][ 15 5.412468 Public Enemies [720p] ][ 32 6.797149 Con Air   720p ][ 39 7.004972 X-Men 3    720p ][ 40 6.148667 SAW IV ][ 42 1.608057 Lust Caution   720p ][ 59 8.992755 SAW I   720p ][ 63 3.947606 PIXAR Movie ]
[ 9 4.803313 Eagle Eye    1080p ][ 14 0.972489 Pixar.Short.Films.Collection.Volume.1.2007.m-HD.x264-TlN50p ][ 15 5.412468 Public Enemies [720p] ][ 17 3.815556 Mission Impossible Trilogy   720p ][ 32 6.797149 Con Air   720p ][ 39 7.004972 X-Men 3    720p ][ 40 6.148667 SAW IV ][ 59 8.992755 SAW I   720p ][ 63 3.947606 PIXAR Movie ][ 69 6.028919 Transformer 1 & 2 Collection   1080p ][ 72 4.271118 Wanted   1080p ][ 77 7.863554 Cleanwest 720p ]
[ 2 9.340195 Behind Enemy Line 2001   720p ][ 6 5.622117 The.Escape.2009.1080p.BluRay.x264-BestHD ][ 9 4.803313 Eagle Eye    1080p ][ 15 5.412468 Public Enemies [720p] ][ 17 3.815556 Mission Impossible Trilogy   720p ][ 29 2.750958 Moulin Rouge   720p ][ 32 6.797149 Con Air   720p ][ 39 7.004972 X-Men 3    720p ][ 47 7.152987 Seven Swords    1080p ][ 49 5.052103 Pearl Harbor ][ 59 8.992755 SAW I   720p ][ 63 3.947606 PIXAR Movie ][ 69 6.028919 Transformer 1 & 2 Collection   1080p ][ 71 2.997328 Fight.Club.1999.720p.BluRay.DTS-ES.x264-DON ][ 72 4.271118 Wanted   1080p ][ 88 4.730332 Van.Helsing  1080p ]
[ 2 9.340195 Behind Enemy Line 2001   720p ][ 6 5.622117 The.Escape.2009.1080p.BluRay.x264-BestHD ][ 9 4.803313 Eagle Eye    1080p ][ 25 4.026274 The Mummy Tomb Of The Dragon Emperor   720p ][ 29 2.750958 Moulin Rouge   720p ][ 32 6.797149 Con Air   720p ][ 39 7.004972 X-Men 3    720p ][ 49 5.052103 Pearl Harbor ][ 50 4.331715 Pitch Black [720p] ][ 58 3.618640 Before The Devil Knows, You're Dead   1080p ][ 59 8.992755 SAW I   720p ][ 61 7.855513 Miami Vice 720p ][ 63 3.947606 PIXAR Movie ][ 69 6.028919 Transformer 1 & 2 Collection   1080p ][ 70 7.496713 This Is It [2009] [720p] ][ 71 2.997328 Fight.Club.1999.720p.BluRay.DTS-ES.x264-DON ][ 72 4.271118 Wanted   1080p ][ 76 1.676546 James Bond 16 - Licence to Kill [1989] ][ 84 2.760000 Hero    1080p ][ 88 4.730332 Van.Helsing  1080p ]
[ 2 9.340195 Behind Enemy Line 2001   720p ][ 9 4.803313 Eagle Eye    1080p ][ 11 9.748906 Juno 2007 720p ][ 20 9.277573 In The Electrical Mist   720p ][ 25 4.026274 The Mummy Tomb Of The Dragon Emperor   720p ][ 28 0.446830 Kill Bill Vol 1 [2003]    720p ][ 29 2.750958 Moulin Rouge   720p ][ 32 6.797149 Con Air   720p ][ 33 0.254598 Dolphin    720p ][ 39 7.004972 X-Men 3    720p ][ 49 5.052103 Pearl Harbor ][ 52 4.480135 Bridge To Terabithia 720P ][ 59 8.992755 SAW I   720p ][ 61 7.855513 Miami Vice 720p ][ 63 3.947606 PIXAR Movie ][ 69 6.028919 Transformer 1 & 2 Collection   1080p ][ 70 7.496713 This Is It [2009] [720p] ][ 71 2.997328 Fight.Club.1999.720p.BluRay.DTS-ES.x264-DON ][ 72 4.271118 Wanted   1080p ][ 73 3.639539 Behind Enemy Line 2001   720p ][ 76 1.676546 James Bond 16 - Licence to Kill [1989] ][ 84 2.760000 Hero    1080p ][ 88 4.730332 Van.Helsing  1080p ][ 95 3.546738 Resident Evil Series    1080p ][ 96 7.433534 Daredevil - 720p ]
[ 9 4.803313 Eagle Eye    1080p ][ 11 9.748906 Juno 2007 720p ][ 12 3.320825 Toy.Story.1995.720p.HDTV.x264-CtrlHD ][ 20 9.277573 In The Electrical Mist   720p ][ 25 4.026274 The Mummy Tomb Of The Dragon Emperor   720p ][ 28 0.446830 Kill Bill Vol 1 [2003]    720p ][ 29 2.750958 Moulin Rouge   720p ][ 32 6.797149 Con Air   720p ][ 33 0.254598 Dolphin    720p ][ 39 7.004972 X-Men 3    720p ][ 49 5.052103 Pearl Harbor ][ 56 8.955770 Pearl Harbor ][ 59 8.992755 SAW I   720p ][ 61 7.855513 Miami Vice 720p ][ 63 3.947606 PIXAR Movie ][ 69 6.028919 Transformer 1 & 2 Collection   1080p ][ 71 2.997328 Fight.Club.1999.720p.BluRay.DTS-ES.x264-DON ][ 72 4.271118 Wanted   1080p ][ 73 3.639539 Behind Enemy Line 2001   720p ][ 74 7.357423 Death Race   720p ][ 75 5.229313 Exiled   720p ][ 76 1.676546 James Bond 16 - Licence to Kill [1989] ][ 84 2.760000 Hero    1080p ][ 88 4.730332 Van.Helsing  1080p ][ 94 2.579946 Jumper    1080p ][ 95 3.546738 Resident Evil Series    1080p ][ 96 7.433534 Daredevil - 720p ][ 110 9.582983 Resident Evil Series    1080p ][ 114 1.899744 Taken 1080p ][ 120 7.588956 Inkheart [2008] [720p] ]
[ 3 9.236434 Eurotrip    720p ][ 5 0.457235 007 Goldfinger [1964] [BluRay] [720p] [DTS] ][ 9 4.803313 Eagle Eye    1080p ][ 12 3.320825 Toy.Story.1995.720p.HDTV.x264-CtrlHD ][ 20 9.277573 In The Electrical Mist   720p ][ 22 5.108710 The X Files - I Want To Believe    720p ][ 25 4.026274 The Mummy Tomb Of The Dragon Emperor   720p ][ 28 0.446830 Kill Bill Vol 1 [2003]    720p ][ 29 2.750958 Moulin Rouge   720p ][ 32 6.797149 Con Air   720p ][ 33 0.254598 Dolphin    720p ][ 39 7.004972 X-Men 3    720p ][ 49 5.052103 Pearl Harbor ][ 53 6.257502 The.Shawshank.Redemption.1994.1080p.BluRay.x264-CiNEFiLE ][ 56 8.955770 Pearl Harbor ][ 59 8.992755 SAW I   720p ][ 61 7.855513 Miami Vice 720p ][ 63 3.947606 PIXAR Movie ][ 64 6.873460 007.1983.Octopussy.720p.hdtv.x264 ][ 67 9.828706 Armageddon [1998] [720p] ][ 69 6.028919 Transformer 1 & 2 Collection   1080p ][ 71 2.997328 Fight.Club.1999.720p.BluRay.DTS-ES.x264-DON ][ 72 4.271118 Wanted   1080p ][ 73 3.639539 Behind Enemy Line 2001   720p ][ 74 7.357423 Death Race   720p ][ 75 5.229313 Exiled   720p ][ 76 1.676546 James Bond 16 - Licence to Kill [1989] ][ 84 2.760000 Hero    1080p ][ 95 3.546738 Resident Evil Series    1080p ][ 96 7.433534 Daredevil - 720p ][ 99 4.037198 Superhero Movie   1080p ][ 101 2.737543 The Extreme Movie 720P ][ 114 1.899744 Taken 1080p ][ 120 7.588956 Inkheart [2008] [720p] ][ 130 6.438508 Defiance.1080p ][ 136 5.666389 The Mist   720p ]
[ 3 9.236434 Eurotrip    720p ][ 5 0.457235 007 Goldfinger [1964] [BluRay] [720p] [DTS] ][ 7 4.656787 The Butterfly Effect [2004] [720p] ][ 9 4.803313 Eagle Eye    1080p ][ 10 9.165211 X-Men 4 - Origins Wolverine (2009)  1080p ][ 13 3.421314 Music.And.Lyrics.720p.HDDVD.x264-REVEiLLE ][ 20 9.277573 In The Electrical Mist   720p ][ 22 5.108710 The X Files - I Want To Believe    720p ][ 25 4.026274 The Mummy Tomb Of The Dragon Emperor   720p ][ 28 0.446830 Kill Bill Vol 1 [2003]    720p ][ 29 2.750958 Moulin Rouge   720p ][ 32 6.797149 Con Air   720p ][ 33 0.254598 Dolphin    720p ][ 39 7.004972 X-Men 3    720p ][ 43 6.033944 Underworld Series ][ 53 6.257502 The.Shawshank.Redemption.1994.1080p.BluRay.x264-CiNEFiLE ][ 56 8.955770 Pearl Harbor ][ 59 8.992755 SAW I   720p ][ 61 7.855513 Miami Vice 720p ][ 63 3.947606 PIXAR Movie ][ 64 6.873460 007.1983.Octopussy.720p.hdtv.x264 ][ 67 9.828706 Armageddon [1998] [720p] ][ 69 6.028919 Transformer 1 & 2 Collection   1080p ][ 71 2.997328 Fight.Club.1999.720p.BluRay.DTS-ES.x264-DON ][ 72 4.271118 Wanted   1080p ][ 73 3.639539 Behind Enemy Line 2001   720p ][ 74 7.357423 Death Race   720p ][ 75 5.229313 Exiled   720p ][ 76 1.676546 James Bond 16 - Licence to Kill [1989] ][ 79 4.832617 The Matrix Reloaded   1080p ][ 84 2.760000 Hero    1080p ][ 93 5.853821 National Geographic - The Koran [720p] [Documenter] ][ 95 3.546738 Resident Evil Series    1080p ][ 99 4.037198 Superhero Movie   1080p ][ 101 2.737543 The Extreme Movie 720P ][ 103 7.894368 Apocalypto   720p ][ 107 0.234939 Final Fantasy VII Advent Children [2005] [1080p] ][ 114 1.899744 Taken 1080p ][ 120 7.588956 Inkheart [2008] [720p] ][ 129 8.911644 Kill Bill Vol 2 [2004]   720p ][ 130 6.438508 Defiance.1080p ][ 146 3.198461 Push    1080p ]
[ 3 9.236434 Eurotrip    720p ][ 5 0.457235 007 Goldfinger [1964] [BluRay] [720p] [DTS] ][ 7 4.656787 The Butterfly Effect [2004] [720p] ][ 9 4.803313 Eagle Eye    1080p ][ 13 3.421314 Music.And.Lyrics.720p.HDDVD.x264-REVEiLLE ][ 20 9.277573 In The Electrical Mist   720p ][ 22 5.108710 The X Files - I Want To Believe    720p ][ 25 4.026274 The Mummy Tomb Of The Dragon Emperor   720p ][ 28 0.446830 Kill Bill Vol 1 [2003]    720p ][ 29 2.750958 Moulin Rouge   720p ][ 32 6.797149 Con Air   720p ][ 33 0.254598 Dolphin    720p ][ 39 7.004972 X-Men 3    720p ][ 43 6.033944 Underworld Series ][ 53 6.257502 The.Shawshank.Redemption.1994.1080p.BluRay.x264-CiNEFiLE ][ 56 8.955770 Pearl Harbor ][ 61 7.855513 Miami Vice 720p ][ 62 1.006320 Horton Hears a Who! [2008] [720p] ][ 63 3.947606 PIXAR Movie ][ 64 6.873460 007.1983.Octopussy.720p.hdtv.x264 ][ 66 7.383509 Fast and the Furious 3 -  Tokyo Drift - 1080p ][ 67 9.828706 Armageddon [1998] [720p] ][ 69 6.028919 Transformer 1 & 2 Collection   1080p ][ 71 2.997328 Fight.Club.1999.720p.BluRay.DTS-ES.x264-DON ][ 72 4.271118 Wanted   1080p ][ 73 3.639539 Behind Enemy Line 2001   720p ][ 74 7.357423 Death Race   720p ][ 75 5.229313 Exiled   720p ][ 76 1.676546 James Bond 16 - Licence to Kill [1989] ][ 79 4.832617 The Matrix Reloaded   1080p ][ 81 2.378708 300 [2006] ][ 84 2.760000 Hero    1080p ][ 86 3.274740 Taken 1080p ][ 93 5.853821 National Geographic - The Koran [720p] [Documenter] ][ 95 3.546738 Resident Evil Series    1080p ][ 99 4.037198 Superhero Movie   1080p ][ 101 2.737543 The Extreme Movie 720P ][ 107 0.234939 Final Fantasy VII Advent Children [2005] [1080p] ][ 114 1.899744 Taken 1080p ][ 115 3.757103 Blade 1   720p ][ 117 8.774522 Dante's Peak   1080p ][ 118 2.037651 Pirates of Caribbean 1-2-3 Collection   1080p ][ 120 7.588956 Inkheart [2008] [720p] ][ 121 1.489234 Beauty And The Beast    720p ][ 128 4.914896 8 Mile [2002] [720p] ][ 130 6.438508 Defiance.1080p ][ 146 3.198461 Push    1080p ][ 150 6.702684 Star Trek Collection 1-9    720p ][ 159 2.949444 Final Destination ]
[ 3 9.236434 Eurotrip    720p ][ 5 0.457235 007 Goldfinger [1964] [BluRay] [720p] [DTS] ][ 7 4.656787 The Butterfly Effect [2004] [720p] ][ 9 4.803313 Eagle Eye    1080p ][ 13 3.421314 Music.And.Lyrics.720p.HDDVD.x264-REVEiLLE ][ 20 9.277573 In The Electrical Mist   720p ][ 22 5.108710 The X Files - I Want To Believe    720p ][ 25 4.026274 The Mummy Tomb Of The Dragon Emperor   720p ][ 28 0.446830 Kill Bill Vol 1 [2003]    720p ][ 29 2.750958 Moulin Rouge   720p ][ 32 6.797149 Con Air   720p ][ 33 0.254598 Dolphin    720p ][ 38 1.044260 Terminator.1984.720p.BluRay.x264-ESiR ][ 39 7.004972 X-Men 3    720p ][ 43 6.033944 Underworld Series ][ 48 1.451198 The Last Samurai [2004] [720p] ][ 56 8.955770 Pearl Harbor ][ 61 7.855513 Miami Vice 720p ][ 62 1.006320 Horton Hears a Who! [2008] [720p] ][ 63 3.947606 PIXAR Movie ][ 64 6.873460 007.1983.Octopussy.720p.hdtv.x264 ][ 66 7.383509 Fast and the Furious 3 -  Tokyo Drift - 1080p ][ 67 9.828706 Armageddon [1998] [720p] ][ 69 6.028919 Transformer 1 & 2 Collection   1080p ][ 71 2.997328 Fight.Club.1999.720p.BluRay.DTS-ES.x264-DON ][ 72 4.271118 Wanted   1080p ][ 73 3.639539 Behind Enemy Line 2001   720p ][ 74 7.357423 Death Race   720p ][ 76 1.676546 James Bond 16 - Licence to Kill [1989] ][ 79 4.832617 The Matrix Reloaded   1080p ][ 81 2.378708 300 [2006] ][ 84 2.760000 Hero    1080p ][ 85 2.806798 Final Destination 3   1080p ][ 86 3.274740 Taken 1080p ][ 87 1.729449 Back to the Future Part I [1985] [BluRay] [720p] [AC3] [EN] ][ 93 5.853821 National Geographic - The Koran [720p] [Documenter] ][ 95 3.546738 Resident Evil Series    1080p ][ 99 4.037198 Superhero Movie   1080p ][ 101 2.737543 The Extreme Movie 720P ][ 105 8.934832 Hellboy 2     1080p ][ 107 0.234939 Final Fantasy VII Advent Children [2005] [1080p] ][ 114 1.899744 Taken 1080p ][ 115 3.757103 Blade 1   720p ][ 117 8.774522 Dante's Peak   1080p ][ 118 2.037651 Pirates of Caribbean 1-2-3 Collection   1080p ][ 121 1.489234 Beauty And The Beast    720p ][ 123 0.137369 The Proposal [2009] [720p] ][ 130 6.438508 Defiance.1080p ][ 132 5.414653 Eragon 720p ][ 135 0.734339 James Bond 22 - Quantum of Solace [2008] [720p] ][ 146 3.198461 Push    1080p ][ 150 6.702684 Star Trek Collection 1-9    720p ][ 151 2.521789 Crash    1080p ][ 159 2.949444 Final Destination ][ 168 9.895795 Bee Movie   720p ][ 177 1.676818 Jurassic Park 1-3  1080p ]
[ 3 9.236434 Eurotrip    720p ][ 5 0.457235 007 Goldfinger [1964] [BluRay] [720p] [DTS] ][ 7 4.656787 The Butterfly Effect [2004] [720p] ][ 9 4.803313 Eagle Eye    1080p ][ 13 3.421314 Music.And.Lyrics.720p.HDDVD.x264-REVEiLLE ][ 20 9.277573 In The Electrical Mist   720p ][ 22 5.108710 The X Files - I Want To Believe    720p ][ 25 4.026274 The Mummy Tomb Of The Dragon Emperor   720p ][ 28 0.446830 Kill Bill Vol 1 [2003]    720p ][ 29 2.750958 Moulin Rouge   720p ][ 37 1.612391 Up [1080p] ][ 38 1.044260 Terminator.1984.720p.BluRay.x264-ESiR ][ 39 7.004972 X-Men 3    720p ][ 43 6.033944 Underworld Series ][ 48 1.451198 The Last Samurai [2004] [720p] ][ 57 9.807372 Knowing 2009 720p ][ 63 3.947606 PIXAR Movie ][ 64 6.873460 007.1983.Octopussy.720p.hdtv.x264 ][ 66 7.383509 Fast and the Furious 3 -  Tokyo Drift - 1080p ][ 67 9.828706 Armageddon [1998] [720p] ][ 69 6.028919 Transformer 1 & 2 Collection   1080p ][ 71 2.997328 Fight.Club.1999.720p.BluRay.DTS-ES.x264-DON ][ 72 4.271118 Wanted   1080p ][ 73 3.639539 Behind Enemy Line 2001   720p ][ 74 7.357423 Death Race   720p ][ 76 1.676546 James Bond 16 - Licence to Kill [1989] ][ 79 4.832617 The Matrix Reloaded   1080p ][ 81 2.378708 300 [2006] ][ 83 6.862720 Deep Sea ][ 84 2.760000 Hero    1080p ][ 85 2.806798 Final Destination 3   1080p ][ 86 3.274740 Taken 1080p ][ 87 1.729449 Back to the Future Part I [1985] [BluRay] [720p] [AC3] [EN] ][ 93 5.853821 National Geographic - The Koran [720p] [Documenter] ][ 95 3.546738 Resident Evil Series    1080p ][ 98 5.156873 Beauty.And.The.Beast.1991.720p.HDTV.x264-hV ][ 99 4.037198 Superhero Movie   1080p ][ 101 2.737543 The Extreme Movie 720P ][ 102 8.637210 007.1983.Never.Say.Never.Again.1080p.BluRay.x264-CiNEFiLE ][ 105 8.934832 Hellboy 2     1080p ][ 108 6.524992 Ratatouille [2007] ][ 114 1.899744 Taken 1080p ][ 115 3.757103 Blade 1   720p ][ 117 8.774522 Dante's Peak   1080p ][ 118 2.037651 Pirates of Caribbean 1-2-3 Collection   1080p ][ 121 1.489234 Beauty And The Beast    720p ][ 122 6.129245 Starship Troopers 1  1080p ][ 123 0.137369 The Proposal [2009] [720p] ][ 126 7.211516 Face.Off.1997.720p ][ 130 6.438508 Defiance.1080p ][ 132 5.414653 Eragon 720p ][ 134 6.284092 Battle for Terra [2007] [1080p] ][ 135 0.734339 James Bond 22 - Quantum of Solace [2008] [720p] ][ 138 7.594844 Hitman    720p ][ 146 3.198461 Push    1080p ][ 150 6.702684 Star Trek Collection 1-9    720p ][ 151 2.521789 Crash    1080p ][ 158 7.920149 Transformer 1 & 2 Collection   1080p ][ 159 2.949444 Final Destination ][ 161 9.337481 James Bond 16 - Licence to Kill [1989] ][ 168 9.895795 Bee Movie   720p ][ 177 1.676818 Jurassic Park 1-3  1080p ][ 179 7.956278 E.T   720p ][ 186 9.129849 Resident Evil Series    1080p ]
[ 3 9.236434 Eurotrip    720p ][ 5 0.457235 007 Goldfinger [1964] [BluRay] [720p] [DTS] ][ 7 4.656787 The Butterfly Effect [2004] [720p] ][ 9 4.803313 Eagle Eye    1080p ][ 13 3.421314 Music.And.Lyrics.720p.HDDVD.x264-REVEiLLE ][ 22 5.108710 The X Files - I Want To Believe    720p ][ 28 0.446830 Kill Bill Vol 1 [2003]    720p ][ 29 2.750958 Moulin Rouge   720p ][ 36 5.445474 The Mummy 1-2   1080p ][ 37 1.612391 Up [1080p] ][ 38 1.044260 Terminator.1984.720p.BluRay.x264-ESiR ][ 39 7.004972 X-Men 3    720p ][ 43 6.033944 Underworld Series ][ 48 1.451198 The Last Samurai [2004] [720p] ][ 51 2.242172 contents.txt ][ 54 1.551196 Jeniffer's Body ( 2009)    1080p ][ 57 9.807372 Knowing 2009 720p ][ 63 3.947606 PIXAR Movie ][ 64 6.873460 007.1983.Octopussy.720p.hdtv.x264 ][ 66 7.383509 Fast and the Furious 3 -  Tokyo Drift - 1080p ][ 67 9.828706 Armageddon [1998] [720p] ][ 69 6.028919 Transformer 1 & 2 Collection   1080p ][ 71 2.997328 Fight.Club.1999.720p.BluRay.DTS-ES.x264-DON ][ 72 4.271118 Wanted   1080p ][ 73 3.639539 Behind Enemy Line 2001   720p ][ 74 7.357423 Death Race   720p ][ 76 1.676546 James Bond 16 - Licence to Kill [1989] ][ 81 2.378708 300 [2006] ][ 83 6.862720 Deep Sea ][ 84 2.760000 Hero    1080p ][ 85 2.806798 Final Destination 3   1080p ][ 86 3.274740 Taken 1080p ][ 87 1.729449 Back to the Future Part I [1985] [BluRay] [720p] [AC3] [EN] ][ 93 5.853821 National Geographic - The Koran [720p] [Documenter] ][ 95 3.546738 Resident Evil Series    1080p ][ 98 5.156873 Beauty.And.The.Beast.1991.720p.HDTV.x264-hV ][ 99 4.037198 Superhero Movie   1080p ][ 100 9.155983 Back to the Future Part I [1985] [BluRay] [720p] [AC3] [EN] ][ 101 2.737543 The Extreme Movie 720P ][ 102 8.637210 007.1983.Never.Say.Never.Again.1080p.BluRay.x264-CiNEFiLE ][ 105 8.934832 Hellboy 2     1080p ][ 108 6.524992 Ratatouille [2007] ][ 114 1.899744 Taken 1080p ][ 115 3.757103 Blade 1   720p ][ 117 8.774522 Dante's Peak   1080p ][ 118 2.037651 Pirates of Caribbean 1-2-3 Collection   1080p ][ 121 1.489234 Beauty And The Beast    720p ][ 122 6.129245 Starship Troopers 1  1080p ][ 123 0.137369 The Proposal [2009] [720p] ][ 126 7.211516 Face.Off.1997.720p ][ 130 6.438508 Defiance.1080p ][ 132 5.414653 Eragon 720p ][ 134 6.284092 Battle for Terra [2007] [1080p] ][ 135 0.734339 James Bond 22 - Quantum of Solace [2008] [720p] ][ 138 7.594844 Hitman    720p ][ 139 5.239643 Fifty Dead Men Walking   1080p ][ 142 3.923173 SAW IV ][ 146 3.198461 Push    1080p ][ 150 6.702684 Star Trek Collection 1-9    720p ][ 155 0.364919 9 [720p] ][ 157 1.183360 Gone In 60 Seconds    1080p ][ 158 7.920149 Transformer 1 & 2 Collection   1080p ][ 159 2.949444 Final Destination ][ 161 9.337481 James Bond 16 - Licence to Kill [1989] ][ 174 1.572998 Mr. & Mrs. Smith   720p ][ 179 7.956278 E.T   720p ][ 182 9.260769 Hellboy 2     1080p ][ 183 0.127335 Hero    1080p ][ 186 9.129849 Resident Evil Series    1080p ][ 188 1.988410 Fast and the Furious 2 - 1080p ][ 198 7.230385 Lawrence of Arabia   1080p ][ 208 1.363743 Punisher 2   720p ]
[ 3 9.236434 Eurotrip    720p ][ 4 2.719615 Doomsday 720p ][ 5 0.457235 007 Goldfinger [1964] [BluRay] [720p] [DTS] ][ 7 4.656787 The Butterfly Effect [2004] [720p] ][ 13 3.421314 Music.And.Lyrics.720p.HDDVD.x264-REVEiLLE ][ 22 5.108710 The X Files - I Want To Believe    720p ][ 28 0.446830 Kill Bill Vol 1 [2003]    720p ][ 29 2.750958 Moulin Rouge   720p ][ 36 5.445474 The Mummy 1-2   1080p ][ 37 1.612391 Up [1080p] ][ 38 1.044260 Terminator.1984.720p.BluRay.x264-ESiR ][ 39 7.004972 X-Men 3    720p ][ 43 6.033944 Underworld Series ][ 48 1.451198 The Last Samurai [2004] [720p] ][ 54 1.551196 Jeniffer's Body ( 2009)    1080p ][ 57 9.807372 Knowing 2009 720p ][ 63 3.947606 PIXAR Movie ][ 64 6.873460 007.1983.Octopussy.720p.hdtv.x264 ][ 66 7.383509 Fast and the Furious 3 -  Tokyo Drift - 1080p ][ 67 9.828706 Armageddon [1998] [720p] ][ 68 0.034218 Twilight [2008]   720p ][ 69 6.028919 Transformer 1 & 2 Collection   1080p ][ 71 2.997328 Fight.Club.1999.720p.BluRay.DTS-ES.x264-DON ][ 73 3.639539 Behind Enemy Line 2001   720p ][ 76 1.676546 James Bond 16 - Licence to Kill [1989] ][ 81 2.378708 300 [2006] ][ 83 6.862720 Deep Sea ][ 84 2.760000 Hero    1080p ][ 85 2.806798 Final Destination 3   1080p ][ 86 3.274740 Taken 1080p ][ 87 1.729449 Back to the Future Part I [1985] [BluRay] [720p] [AC3] [EN] ][ 92 1.679912 The.X.Files.Fight.The.Future.1998.720p.BluRay.x264-SiNNERS ][ 93 5.853821 National Geographic - The Koran [720p] [Documenter] ][ 95 3.546738 Resident Evil Series    1080p ][ 98 5.156873 Beauty.And.The.Beast.1991.720p.HDTV.x264-hV ][ 99 4.037198 Superhero Movie   1080p ][ 101 2.737543 The Extreme Movie 720P ][ 102 8.637210 007.1983.Never.Say.Never.Again.1080p.BluRay.x264-CiNEFiLE ][ 104 7.888928 007 Licence to Kill [1989] [BluRay] [720p] [DTS] ][ 108 6.524992 Ratatouille [2007] ][ 114 1.899744 Taken 1080p ][ 115 3.757103 Blade 1   720p ][ 117 8.774522 Dante's Peak   1080p ][ 118 2.037651 Pirates of Caribbean 1-2-3 Collection   1080p ][ 121 1.489234 Beauty And The Beast    720p ][ 122 6.129245 Starship Troopers 1  1080p ][ 123 0.137369 The Proposal [2009] [720p] ][ 124 7.459503 American Psycho   720p ][ 126 7.211516 Face.Off.1997.720p ][ 127 2.601468 The Haunting In Connecticut [2009] [720p] ][ 130 6.438508 Defiance.1080p ][ 131 7.059304 The Chronicle of Riddick 720p ][ 132 5.414653 Eragon 720p ][ 134 6.284092 Battle for Terra [2007] [1080p] ][ 135 0.734339 James Bond 22 - Quantum of Solace [2008] [720p] ][ 137 8.167441 James Bond 02 - From Russia With Love [1963] ][ 138 7.594844 Hitman    720p ][ 139 5.239643 Fifty Dead Men Walking   1080p ][ 142 3.923173 SAW IV ][ 143 3.490249 This Is It [2009] [720p] ][ 146 3.198461 Push    1080p ][ 149 5.188043 James Bond 18 - Tommorow Never Dies [1997] [720p] ][ 155 0.364919 9 [720p] ][ 157 1.183360 Gone In 60 Seconds    1080p ][ 158 7.920149 Transformer 1 & 2 Collection   1080p ][ 159 2.949444 Final Destination ][ 161 9.337481 James Bond 16 - Licence to Kill [1989] ][ 162 1.795668 Erin Brockovich 2000.720p ][ 164 0.563178 Saving Private Ryan 720p ][ 174 1.572998 Mr. & Mrs. Smith   720p ][ 182 9.260769 Hellboy 2     1080p ][ 183 0.127335 Hero    1080p ][ 186 9.129849 Resident Evil Series    1080p ][ 188 1.988410 Fast and the Furious 2 - 1080p ][ 189 7.723406 James Bond 11 - MoonRaker [1979] ][ 198 7.230385 Lawrence of Arabia   1080p ][ 200 1.132691 City of Embers    720p ][ 207 1.603121 Home    1080p ][ 208 1.363743 Punisher 2   720p ][ 209 0.605767 Watchmen [720p] ][ 211 1.683135 Dante's Peak   1080p ]
