[ 23 4.576246 Alone in the dark   720p ]
[ 60 7.677454 The Butterfly Effect [2004] [720p] ][ 69 3.175695 SAW V ]
[ 10 0.660500 Red Cliff    1080p ][ 27 4.566831 Meet The Fockers    720p ][ 60 7.677454 The Butterfly Effect [2004] [720p] ][ 69 3.175695 SAW V ]
[ 10 0.660500 Red Cliff    1080p ][ 24 4.119671 Banlieue 13 - Ultimatum [720p] ][ 27 4.566831 Meet The Fockers    720p ][ 60 7.677454 The Butterfly Effect [2004] [720p] ][ 78 4.595009 Four Christmases 720P ][ 81 4.103625 The Secret of Moonarce [720p] ]
[ 10 0.660500 Red Cliff    1080p ][ 24 4.119671 Banlieue 13 - Ultimatum [720p] ][ 27 4.566831 Meet The Fockers    720p ][ 55 6.795780 American Pie Book Of Love   720p ][ 56 6.711067 Lawrence of Arabia   1080p ][ 60 7.677454 The Butterfly Effect [2004] [720p] ][ 70 3.946448 Constantine 720p ][ 78 4.595009 Four Christmases 720P ][ 81 4.103625 The Secret of Moonarce [720p] ]
[ 5 4.483935 Eragon 720p ][ 10 0.660500 Red Cliff    1080p ][ 18 2.063540 The X Files - I Want To Believe    720p ][ 24 4.119671 Banlieue 13 - Ultimatum [720p] ][ 27 4.566831 Meet The Fockers    720p ][ 31 3.660105 Rambo 4 [2008] [720p] ][ 38 0.107818 Pirates of Caribbean 1-2-3 Collection   1080p ][ 55 6.795780 American Pie Book Of Love   720p ][ 60 7.677454 The Butterfly Effect [2004] [720p] ][ 70 3.946448 Constantine 720p ][ 78 4.595009 Four Christmases 720P ][ 81 4.103625 The Secret of Moonarce [720p] ]
[ 5 4.483935 Eragon 720p ][ 18 2.063540 The X Files - I Want To Believe    720p ][ 21 7.377976 Seven Swords    1080p ][ 24 4.119671 Banlieue 13 - Ultimatum [720p] ][ 27 4.566831 Meet The Fockers    720p ][ 38 0.107818 Pirates of Caribbean 1-2-3 Collection   1080p ][ 41 9.049642 Liar Liar    720p ][ 43 9.065925 Species - The Awakening   720p ][ 55 6.795780 American Pie Book Of Love   720p ][ 60 7.677454 The Butterfly Effect [2004] [720p] ][ 70 3.946448 Constantine 720p ][ 78 4.595009 Four Christmases 720P ][ 81 4.103625 The Secret of Moonarce [720p] ][ 83 4.363140 Core   720p ][ 88 4.306472 Superhero Movie   1080p ][ 96 2.929395 Kill Bill Vol 1 [2003]    720p ]
[ 5 4.483935 Eragon 720p ][ 6 9.726022 contents.txt ][ 12 2.619353 The Orphan [720] ][ 18 2.063540 The X Files - I Want To Believe    720p ][ 21 7.377976 Seven Swords    1080p ][ 27 4.566831 Meet The Fockers    720p ][ 29 2.111109 Sex drive   720p ][ 41 9.049642 Liar Liar    720p ][ 51 6.525301 Once.Upon.a.Time.in.China.1991.720p.BluRay.x264-BestHD ][ 55 6.795780 American Pie Book Of Love   720p ][ 60 7.677454 The Butterfly Effect [2004] [720p] ][ 70 3.946448 Constantine 720p ][ 77 4.310801 The Hangover [720p] ][ 78 4.595009 Four Christmases 720P ][ 80 6.090522 Dumb and Dumber   720p ][ 81 4.103625 The Secret of Moonarce [720p] ][ 83 4.363140 Core   720p ][ 88 4.306472 Superhero Movie   1080p ][ 96 2.929395 Kill Bill Vol 1 [2003]    720p ][ 99 0.989088 District 9 [2009] [720p] ]
[ 2 2.776915 Doomsday 720p ][ 5 4.483935 Eragon 720p ][ 6 9.726022 contents.txt ][ 7 2.779868 Diary.Of.A.Sex.Addict.2008.720p.BluRay.x264-FLHD ][ 12 2.619353 The Orphan [720] ][ 14 3.233552 Defiance.1080p ][ 18 2.063540 The X Files - I Want To Believe    720p ][ 19 9.511239 Die Hard 1   720p ][ 21 7.377976 Seven Swords    1080p ][ 27 4.566831 Meet The Fockers    720p ][ 29 2.111109 Sex drive   720p ][ 44 5.419061 Lymelife [720p] ][ 51 6.525301 Once.Upon.a.Time.in.China.1991.720p.BluRay.x264-BestHD ][ 55 6.795780 American Pie Book Of Love   720p ][ 60 7.677454 The Butterfly Effect [2004] [720p] ][ 68 4.114284 Banlieue 13 - Ultimatum [720p] ][ 70 3.946448 Constantine 720p ][ 77 4.310801 The Hangover [720p] ][ 78 4.595009 Four Christmases 720P ][ 81 4.103625 The Secret of Moonarce [720p] ][ 83 4.363140 Core   720p ][ 88 4.306472 Superhero Movie   1080p ][ 92 5.276863 enemy at the gates    1080p ][ 96 2.929395 Kill Bill Vol 1 [2003]    720p ][ 99 0.989088 District 9 [2009] [720p] ]
[ 2 2.776915 Doomsday 720p ][ 5 4.483935 Eragon 720p ][ 6 9.726022 contents.txt ][ 7 2.779868 Diary.Of.A.Sex.Addict.2008.720p.BluRay.x264-FLHD ][ 12 2.619353 The Orphan [720] ][ 14 3.233552 Defiance.1080p ][ 18 2.063540 The X Files - I Want To Believe    720p ][ 19 9.511239 Die Hard 1   720p ][ 21 7.377976 Seven Swords    1080p ][ 26 4.899374 Die Hard 4   1080p ][ 27 4.566831 Meet The Fockers    720p ][ 35 5.094880 Up [1080p] ][ 44 5.419061 Lymelife [720p] ][ 47 6.732882 Afro samurai uncut 720p ][ 51 6.525301 Once.Upon.a.Time.in.China.1991.720p.BluRay.x264-BestHD ][ 59 1.674380 X-Men 1    720p ][ 60 7.677454 The Butterfly Effect [2004] [720p] ][ 70 3.946448 Constantine 720p ][ 74 9.283548 Race To Witch Mountain [1080p] ][ 75 6.173804 Demo (Sony, Sharp, THX and more) ][ 77 4.310801 The Hangover [720p] ][ 78 4.595009 Four Christmases 720P ][ 81 4.103625 The Secret of Moonarce [720p] ][ 83 4.363140 Core   720p ][ 88 4.306472 Superhero Movie   1080p ][ 96 2.929395 Kill Bill Vol 1 [2003]    720p ][ 99 0.989088 District 9 [2009] [720p] ][ 109 6.794215 Night Train   720p ][ 113 6.710638 Night At The Museum 2 [720p] ][ 123 6.746877 Pinocchio [1940] [720p] ]
[ 5 4.483935 Eragon 720p ][ 6 9.726022 contents.txt ][ 7 2.779868 Diary.Of.A.Sex.Addict.2008.720p.BluRay.x264-FLHD ][ 9 9.961180 Stargate-The Ark of Truth 720p ][ 12 2.619353 The Orphan [720] ][ 14 3.233552 Defiance.1080p ][ 16 3.223069 The Dark Knight [2008]   1080p ][ 18 2.063540 The X Files - I Want To Believe    720p ][ 19 9.511239 Die Hard 1   720p ][ 21 7.377976 Seven Swords    1080p ][ 25 9.631364 Race To Witch Mountain [1080p] ][ 26 4.899374 Die Hard 4   1080p ][ 35 5.094880 Up [1080p] ][ 39 9.354542 Chocolate 720p ][ 44 5.419061 Lymelife [720p] ][ 47 6.732882 Afro samurai uncut 720p ][ 51 6.525301 Once.Upon.a.Time.in.China.1991.720p.BluRay.x264-BestHD ][ 53 6.815219 Eagle Eye    1080p ][ 59 1.674380 X-Men 1    720p ][ 60 7.677454 The Butterfly Effect [2004] [720p] ][ 70 3.946448 Constantine 720p ][ 75 6.173804 Demo (Sony, Sharp, THX and more) ][ 77 4.310801 The Hangover [720p] ][ 81 4.103625 The Secret of Moonarce [720p] ][ 83 4.363140 Core   720p ][ 88 4.306472 Superhero Movie   1080p ][ 96 2.929395 Kill Bill Vol 1 [2003]    720p ][ 98 2.424143 Bourne Identity   720p ][ 99 0.989088 District 9 [2009] [720p] ][ 109 6.794215 Night Train   720p ][ 110 1.383467 Eragon 720p ][ 113 6.710638 Night At The Museum 2 [720p] ][ 114 1.862121 The Matrix Reloaded   1080p ][ 123 6.746877 Pinocchio [1940] [720p] ][ 129 5.974480 Seven Swords    1080p ][ 138 8.389138 Star Trek [2009] [1080p] ]
[ 5 4.483935 Eragon 720p ][ 6 9.726022 contents.txt ][ 7 2.779868 Diary.Of.A.Sex.Addict.2008.720p.BluRay.x264-FLHD ][ 9 9.961180 Stargate-The Ark of Truth 720p ][ 11 7.755418 The Incredibles [1080p] ][ 12 2.619353 The Orphan [720] ][ 14 3.233552 Defiance.1080p ][ 16 3.223069 The Dark Knight [2008]   1080p ][ 18 2.063540 The X Files - I Want To Believe    720p ][ 19 9.511239 Die Hard 1   720p ][ 21 7.377976 Seven Swords    1080p ][ 25 9.631364 Race To Witch Mountain [1080p] ][ 26 4.899374 Die Hard 4   1080p ][ 35 5.094880 Up [1080p] ][ 39 9.354542 Chocolate 720p ][ 47 6.732882 Afro samurai uncut 720p ][ 53 6.815219 Eagle Eye    1080p ][ 54 0.806670 300 [2006] ][ 59 1.674380 X-Men 1    720p ][ 60 7.677454 The Butterfly Effect [2004] [720p] ][ 70 3.946448 Constantine 720p ][ 75 6.173804 Demo (Sony, Sharp, THX and more) ][ 77 4.310801 The Hangover [720p] ][ 81 4.103625 The Secret of Moonarce [720p] ][ 83 4.363140 Core   720p ][ 88 4.306472 Superhero Movie   1080p ][ 90 9.494027 WALL-E.720p.BluRay.x264-iNFAMOUS ][ 96 2.929395 Kill Bill Vol 1 [2003]    720p ][ 97 0.009188 Erin Brockovich 2000.720p ][ 99 0.989088 District 9 [2009] [720p] ][ 101 3.309200 21   1080p ][ 109 6.794215 Night Train   720p ][ 111 7.040457 Eragon [2006] [720p] ][ 113 6.710638 Night At The Museum 2 [720p] ][ 114 1.862121 The Matrix Reloaded   1080p ][ 123 6.746877 Pinocchio [1940] [720p] ][ 127 4.026322 Up [1080p] ][ 129 5.974480 Seven Swords    1080p ][ 131 1.571605 Drag Me To Hell [720p] ][ 137 3.084798 Meet The Fockers    720p ][ 138 8.389138 Star Trek [2009] [1080p] ][ 144 5.067694 Dumb and Dumber   720p ]
[ 5 4.483935 Eragon 720p ][ 6 9.726022 contents.txt ][ 7 2.779868 Diary.Of.A.Sex.Addict.2008.720p.BluRay.x264-FLHD ][ 11 7.755418 The Incredibles [1080p] ][ 12 2.619353 The Orphan [720] ][ 14 3.233552 Defiance.1080p ][ 16 3.223069 The Dark Knight [2008]   1080p ][ 18 2.063540 The X Files - I Want To Believe    720p ][ 19 9.511239 Die Hard 1   720p ][ 21 7.377976 Seven Swords    1080p ][ 25 9.631364 Race To Witch Mountain [1080p] ][ 26 4.899374 Die Hard 4   1080p ][ 30 9.390254 Starship Troopers 1  1080p ][ 39 9.354542 Chocolate 720p ][ 47 6.732882 Afro samurai uncut 720p ][ 52 1.537387 Alien vs Predator 1-2  720p ][ 53 6.815219 Eagle Eye    1080p ][ 54 0.806670 300 [2006] ][ 59 1.674380 X-Men 1    720p ][ 60 7.677454 The Butterfly Effect [2004] [720p] ][ 65 5.348276 Bolt [2008] [1080p] ][ 70 3.946448 Constantine 720p ][ 75 6.173804 Demo (Sony, Sharp, THX and more) ][ 77 4.310801 The Hangover [720p] ][ 79 6.781671 Scooby.Doo.The.Mystery.Begins.2009   720p ][ 81 4.103625 The Secret of Moonarce [720p] ][ 83 4.363140 Core   720p ][ 88 4.306472 Superhero Movie   1080p ][ 90 9.494027 WALL-E.720p.BluRay.x264-iNFAMOUS ][ 95 2.306448 Bad Boy I [1995] [720p] ][ 97 0.009188 Erin Brockovich 2000.720p ][ 99 0.989088 District 9 [2009] [720p] ][ 101 3.309200 21   1080p ][ 107 0.781213 Once.Upon.a.Time.in.China.1991.720p.BluRay.x264-BestHD ][ 109 6.794215 Night Train   720p ][ 111 7.040457 Eragon [2006] [720p] ][ 113 6.710638 Night At The Museum 2 [720p] ][ 114 1.862121 The Matrix Reloaded   1080p ][ 123 6.746877 Pinocchio [1940] [720p] ][ 125 0.506255 007 Thunderball [1965]  [BluRay] [720p] [DTS] ][ 127 4.026322 Up [1080p] ][ 129 5.974480 Seven Swords    1080p ][ 131 1.571605 Drag Me To Hell [720p] ][ 137 3.084798 Meet The Fockers    720p ][ 138 8.389138 Star Trek [2009] [1080p] ][ 142 0.974993 Blade 3   720p ][ 144 5.067694 Dumb and Dumber   720p ][ 145 6.110406 Shark Tale [2004] [1080p] ][ 146 6.599051 5_Centimeters_Per_Second_(2007)_[720p,BluRay,x264]_-_THORA ]
[ 7 2.779868 Diary.Of.A.Sex.Addict.2008.720p.BluRay.x264-FLHD ][ 11 7.755418 The Incredibles [1080p] ][ 12 2.619353 The Orphan [720] ][ 13 0.411750 The Day After Tomorrow 1080p ][ 16 3.223069 The Dark Knight [2008]   1080p ][ 18 2.063540 The X Files - I Want To Believe    720p ][ 19 9.511239 Die Hard 1   720p ][ 21 7.377976 Seven Swords    1080p ][ 25 9.631364 Race To Witch Mountain [1080p] ][ 26 4.899374 Die Hard 4   1080p ][ 30 9.390254 Starship Troopers 1  1080p ][ 47 6.732882 Afro samurai uncut 720p ][ 52 1.537387 Alien vs Predator 1-2  720p ][ 53 6.815219 Eagle Eye    1080p ][ 54 0.806670 300 [2006] ][ 59 1.674380 X-Men 1    720p ][ 60 7.677454 The Butterfly Effect [2004] [720p] ][ 63 4.208600 Pearl Harbor ][ 65 5.348276 Bolt [2008] [1080p] ][ 70 3.946448 Constantine 720p ][ 75 6.173804 Demo (Sony, Sharp, THX and more) ][ 77 4.310801 The Hangover [720p] ][ 79 6.781671 Scooby.Doo.The.Mystery.Begins.2009   720p ][ 81 4.103625 The Secret of Moonarce [720p] ][ 83 4.363140 Core   720p ][ 88 4.306472 Superhero Movie   1080p ][ 95 2.306448 Bad Boy I [1995] [720p] ][ 97 0.009188 Erin Brockovich 2000.720p ][ 99 0.989088 District 9 [2009] [720p] ][ 101 3.309200 21   1080p ][ 104 8.072665 Bolt [2008] [1080p] ][ 107 0.781213 Once.Upon.a.Time.in.China.1991.720p.BluRay.x264-BestHD ][ 109 6.794215 Night Train   720p ][ 111 7.040457 Eragon [2006] [720p] ][ 113 6.710638 Night At The Museum 2 [720p] ][ 114 1.862121 The Matrix Reloaded   1080p ][ 116 1.232515 The Messenger [720p] ][ 121 5.071288 Pixar.Short.Films.Collection.Volume.1.2007.m-HD.x264-TlN50p ][ 123 6.746877 Pinocchio [1940] [720p] ][ 127 4.026322 Up [1080p] ][ 129 5.974480 Seven Swords    1080p ][ 131 1.571605 Drag Me To Hell [720p] ][ 133 0.451346 One Missed Call   720p ][ 136 6.057594 Memento    1080p ][ 137 3.084798 Meet The Fockers    720p ][ 138 8.389138 Star Trek [2009] [1080p] ][ 142 0.974993 Blade 3   720p ][ 143 8.898550 The Butterfly Effect [2004] [720p] ][ 144 5.067694 Dumb and Dumber   720p ][ 145 6.110406 Shark Tale [2004] [1080p] ][ 146 6.599051 5_Centimeters_Per_Second_(2007)_[720p,BluRay,x264]_-_THORA ][ 155 1.247453 Fast and the Furious 1 - 1080p ][ 163 8.677756 How To Lose Friends & Alienate People   1080p ][ 165 2.048481 How To Lose Friends & Alienate People   1080p ][ 166 1.482890 Rocky 4 [1985] [BluRay] [720p] [AC3] ][ 176 9.126042 Harold & Kumar   720p ]
[ 7 2.779868 Diary.Of.A.Sex.Addict.2008.720p.BluRay.x264-FLHD ][ 11 7.755418 The Incredibles [1080p] ][ 12 2.619353 The Orphan [720] ][ 13 0.411750 The Day After Tomorrow 1080p ][ 16 3.223069 The Dark Knight [2008]   1080p ][ 18 2.063540 The X Files - I Want To Believe    720p ][ 19 9.511239 Die Hard 1   720p ][ 21 7.377976 Seven Swords    1080p ][ 25 9.631364 Race To Witch Mountain [1080p] ][ 26 4.899374 Die Hard 4   1080p ][ 30 9.390254 Starship Troopers 1  1080p ][ 52 1.537387 Alien vs Predator 1-2  720p ][ 53 6.815219 Eagle Eye    1080p ][ 54 0.806670 300 [2006] ][ 59 1.674380 X-Men 1    720p ][ 65 5.348276 Bolt [2008] [1080p] ][ 70 3.946448 Constantine 720p ][ 75 6.173804 Demo (Sony, Sharp, THX and more) ][ 77 4.310801 The Hangover [720p] ][ 79 6.781671 Scooby.Doo.The.Mystery.Begins.2009   720p ][ 81 4.103625 The Secret of Moonarce [720p] ][ 82 6.420813 Bolt [2008] [1080p] ][ 83 4.363140 Core   720p ][ 88 4.306472 Superhero Movie   1080p ][ 91 7.205148 Death Sentence   1080p ][ 95 2.306448 Bad Boy I [1995] [720p] ][ 97 0.009188 Erin Brockovich 2000.720p ][ 99 0.989088 District 9 [2009] [720p] ][ 101 3.309200 21   1080p ][ 104 8.072665 Bolt [2008] [1080p] ][ 105 6.012052 Monster Inc [2001] [720p] ][ 107 0.781213 Once.Upon.a.Time.in.China.1991.720p.BluRay.x264-BestHD ][ 108 8.887384 Top.Gun.1986.720p.HDDVD.x264-SEPTiC ][ 109 6.794215 Night Train   720p ][ 111 7.040457 Eragon [2006] [720p] ][ 113 6.710638 Night At The Museum 2 [720p] ][ 116 1.232515 The Messenger [720p] ][ 121 5.071288 Pixar.Short.Films.Collection.Volume.1.2007.m-HD.x264-TlN50p ][ 123 6.746877 Pinocchio [1940] [720p] ][ 124 6.661729 Kung Fu Panda Secrets of the Furious Five    720p ][ 127 4.026322 Up [1080p] ][ 129 5.974480 Seven Swords    1080p ][ 131 1.571605 Drag Me To Hell [720p] ][ 133 0.451346 One Missed Call   720p ][ 136 6.057594 Memento    1080p ][ 137 3.084798 Meet The Fockers    720p ][ 138 8.389138 Star Trek [2009] [1080p] ][ 143 8.898550 The Butterfly Effect [2004] [720p] ][ 144 5.067694 Dumb and Dumber   720p ][ 145 6.110406 Shark Tale [2004] [1080p] ][ 146 6.599051 5_Centimeters_Per_Second_(2007)_[720p,BluRay,x264]_-_THORA ][ 150 8.965518 The Matrix Reloaded   1080p ][ 155 1.247453 Fast and the Furious 1 - 1080p ][ 158 4.267685 Dragon Wars   720p ][ 163 8.677756 How To Lose Friends & Alienate People   1080p ][ 165 2.048481 How To Lose Friends & Alienate People   1080p ][ 168 8.624508 Leaving Las Vegas  720p ][ 169 5.251793 High school musical II 2007    720p ][ 171 5.400310 Terminator 3 Rise Of The Machine [2003]   720p ][ 174 7.020360 Battlestar Galactica The Plan [720p] ][ 176 9.126042 Harold & Kumar   720p ][ 177 2.345698 High school musical II 2007    720p ][ 183 6.265925 Lord Of The Ring  - The Two Tower   720p ][ 187 4.970521 Fast and the Furious 3 -  Tokyo Drift - 1080p ]
[ 0 9.549045 Hulk 1    1080p ][ 7 2.779868 Diary.Of.A.Sex.Addict.2008.720p.BluRay.x264-FLHD ][ 11 7.755418 The Incredibles [1080p] ][ 12 2.619353 The Orphan [720] ][ 13 0.411750 The Day After Tomorrow 1080p ][ 16 3.223069 The Dark Knight [2008]   1080p ][ 18 2.063540 The X Files - I Want To Believe    720p ][ 19 9.511239 Die Hard 1   720p ][ 21 7.377976 Seven Swords    1080p ][ 25 9.631364 Race To Witch Mountain [1080p] ][ 26 4.899374 Die Hard 4   1080p ][ 30 9.390254 Starship Troopers 1  1080p ][ 40 7.856383 Ongbak 2003 720p ][ 46 2.136293 Lord Of The Ring 2 - The Two Towers (ExtEd) [1080p] ][ 52 1.537387 Alien vs Predator 1-2  720p ][ 53 6.815219 Eagle Eye    1080p ][ 54 0.806670 300 [2006] ][ 59 1.674380 X-Men 1    720p ][ 67 2.922501 Pearl Harbor ][ 70 3.946448 Constantine 720p ][ 75 6.173804 Demo (Sony, Sharp, THX and more) ][ 77 4.310801 The Hangover [720p] ][ 79 6.781671 Scooby.Doo.The.Mystery.Begins.2009   720p ][ 81 4.103625 The Secret of Moonarce [720p] ][ 82 6.420813 Bolt [2008] [1080p] ][ 83 4.363140 Core   720p ][ 85 6.850523 Shutter   720p ][ 88 4.306472 Superhero Movie   1080p ][ 91 7.205148 Death Sentence   1080p ][ 95 2.306448 Bad Boy I [1995] [720p] ][ 99 0.989088 District 9 [2009] [720p] ][ 101 3.309200 21   1080p ][ 104 8.072665 Bolt [2008] [1080p] ][ 107 0.781213 Once.Upon.a.Time.in.China.1991.720p.BluRay.x264-BestHD ][ 108 8.887384 Top.Gun.1986.720p.HDDVD.x264-SEPTiC ][ 111 7.040457 Eragon [2006] [720p] ][ 113 6.710638 Night At The Museum 2 [720p] ][ 116 1.232515 The Messenger [720p] ][ 121 5.071288 Pixar.Short.Films.Collection.Volume.1.2007.m-HD.x264-TlN50p ][ 123 6.746877 Pinocchio [1940] [720p] ][ 124 6.661729 Kung Fu Panda Secrets of the Furious Five    720p ][ 127 4.026322 Up [1080p] ][ 129 5.974480 Seven Swords    1080p ][ 131 1.571605 Drag Me To Hell [720p] ][ 136 6.057594 Memento    1080p ][ 137 3.084798 Meet The Fockers    720p ][ 138 8.389138 Star Trek [2009] [1080p] ][ 143 8.898550 The Butterfly Effect [2004] [720p] ][ 144 5.067694 Dumb and Dumber   720p ][ 145 6.110406 Shark Tale [2004] [1080p] ][ 146 6.599051 5_Centimeters_Per_Second_(2007)_[720p,BluRay,x264]_-_THORA ][ 147 5.013622 Bourne Identity   720p ][ 148 1.536502 Sky.Captain.And.The.World.Of.Tomorrow[www.x1949x.com]    720p ][ 150 8.965518 The Matrix Reloaded   1080p ][ 155 1.247453 Fast and the Furious 1 - 1080p ][ 157 5.161057 The Butterfly Effect [2004] [720p] ][ 158 4.267685 Dragon Wars   720p ][ 162 4.473523 Aeon Flux   720p ][ 163 8.677756 How To Lose Friends & Alienate People   1080p ][ 164 2.540079 Equilibrium 720p ][ 165 2.048481 How To Lose Friends & Alienate People   1080p ][ 167 0.505836 Beauty.And.The.Beast.1991.720p.HDTV.x264-hV ][ 168 8.624508 Leaving Las Vegas  720p ][ 169 5.251793 High school musical II 2007    720p ][ 174 7.020360 Battlestar Galactica The Plan [720p] ][ 176 9.126042 Harold & Kumar   720p ][ 177 2.345698 High school musical II 2007    720p ][ 183 6.265925 Lord Of The Ring  - The Two Tower   720p ][ 187 4.970521 Fast and the Furious 3 -  Tokyo Drift - 1080p ][ 199 9.919942 Lucky.Number.Slevin.2006.720p.HDDVD.x264-ESiR ][ 203 2.505465 Hitman    720p ][ 204 1.119818 911 Mysteries Demolition    720p ]
[ 0 9.549045 Hulk 1    1080p ][ 7 2.779868 Diary.Of.A.Sex.Addict.2008.720p.BluRay.x264-FLHD ][ 11 7.755418 The Incredibles [1080p] ][ 12 2.619353 The Orphan [720] ][ 13 0.411750 The Day After Tomorrow 1080p ][ 16 3.223069 The Dark Knight [2008]   1080p ][ 18 2.063540 The X Files - I Want To Believe    720p ][ 19 9.511239 Die Hard 1   720p ][ 21 7.377976 Seven Swords    1080p ][ 25 9.631364 Race To Witch Mountain [1080p] ][ 26 4.899374 Die Hard 4   1080p ][ 28 7.235044 Eragon [2006] [720p] ][ 30 9.390254 Starship Troopers 1  1080p ][ 40 7.856383 Ongbak 2003 720p ][ 46 2.136293 Lord Of The Ring 2 - The Two Towers (ExtEd) [1080p] ][ 52 1.537387 Alien vs Predator 1-2  720p ][ 53 6.815219 Eagle Eye    1080p ][ 54 0.806670 300 [2006] ][ 59 1.674380 X-Men 1    720p ][ 61 4.568074 Kingdom of Heaven [2005] [720p] ][ 66 0.997178 Street Kings   720p ][ 70 3.946448 Constantine 720p ][ 75 6.173804 Demo (Sony, Sharp, THX and more) ][ 76 6.067698 Crank 2, High Voltage   1080p ][ 79 6.781671 Scooby.Doo.The.Mystery.Begins.2009   720p ][ 81 4.103625 The Secret of Moonarce [720p] ][ 82 6.420813 Bolt [2008] [1080p] ][ 83 4.363140 Core   720p ][ 85 6.850523 Shutter   720p ][ 88 4.306472 Superhero Movie   1080p ][ 91 7.205148 Death Sentence   1080p ][ 95 2.306448 Bad Boy I [1995] [720p] ][ 99 0.989088 District 9 [2009] [720p] ][ 101 3.309200 21   1080p ][ 103 4.287963 007 The Man With the Golden Gun [1974] [BluRay] [720p] [DTS] ][ 104 8.072665 Bolt [2008] [1080p] ][ 107 0.781213 Once.Upon.a.Time.in.China.1991.720p.BluRay.x264-BestHD ][ 108 8.887384 Top.Gun.1986.720p.HDDVD.x264-SEPTiC ][ 111 7.040457 Eragon [2006] [720p] ][ 113 6.710638 Night At The Museum 2 [720p] ][ 116 1.232515 The Messenger [720p] ][ 120 2.171810 A Knight's Tale [2001] [720p] ][ 121 5.071288 Pixar.Short.Films.Collection.Volume.1.2007.m-HD.x264-TlN50p ][ 124 6.661729 Kung Fu Panda Secrets of the Furious Five    720p ][ 127 4.026322 Up [1080p] ][ 129 5.974480 Seven Swords    1080p ][ 131 1.571605 Drag Me To Hell [720p] ][ 134 9.588327 X-Men Origin - Wolverine [2009] [1080p] ][ 135 2.372926 Kung Fu Hustle   720p ][ 136 6.057594 Memento    1080p ][ 137 3.084798 Meet The Fockers    720p ][ 138 8.389138 Star Trek [2009] [1080p] ][ 139 0.003273 Inkheart [2008] [720p] ][ 143 8.898550 The Butterfly Effect [2004] [720p] ][ 144 5.067694 Dumb and Dumber   720p ][ 145 6.110406 Shark Tale [2004] [1080p] ][ 147 5.013622 Bourne Identity   720p ][ 148 1.536502 Sky.Captain.And.The.World.Of.Tomorrow[www.x1949x.com]    720p ][ 150 8.965518 The Matrix Reloaded   1080p ][ 155 1.247453 Fast and the Furious 1 - 1080p ][ 157 5.161057 The Butterfly Effect [2004] [720p] ][ 159 7.843680 CJ7   720p ][ 162 4.473523 Aeon Flux   720p ][ 163 8.677756 How To Lose Friends & Alienate People   1080p ][ 164 2.540079 Equilibrium 720p ][ 165 2.048481 How To Lose Friends & Alienate People   1080p ][ 167 0.505836 Beauty.And.The.Beast.1991.720p.HDTV.x264-hV ][ 168 8.624508 Leaving Las Vegas  720p ][ 169 5.251793 High school musical II 2007    720p ][ 174 7.020360 Battlestar Galactica The Plan [720p] ][ 175 5.276110 contents.txt ][ 176 9.126042 Harold & Kumar   720p ][ 177 2.345698 High school musical II 2007    720p ][ 183 6.265925 Lord Of The Ring  - The Two Tower   720p ][ 187 4.970521 Fast and the Furious 3 -  Tokyo Drift - 1080p ][ 188 8.523745 21   1080p ][ 193 5.563128 Terminator.1984.720p.BluRay.x264-ESiR ][ 199 9.919942 Lucky.Number.Slevin.2006.720p.HDDVD.x264-ESiR ][ 203 2.505465 Hitman    720p ][ 206 1.695557 catch me if u can - 720p ][ 210 7.317722 Interview with the Vampire   720p ]
