[ 7 7.339176 Armageddon [1998] [720p] ]
[ 35 3.700262 Superhero Movie   1080p ][ 49 9.886519 The Incredibles [1080p] ]
[ 1 9.671943 Dr Dolite 3    720p ][ 35 3.700262 Superhero Movie   1080p ][ 49 9.886519 The Incredibles [1080p] ][ 66 1.027932 Crossing Over 720P ]
[ 1 9.671943 Dr Dolite 3    720p ][ 30 4.475522 A.Beautiful.Mind.2001.720p.HDTV.x264-S26 ][ 49 9.886519 The Incredibles [1080p] ][ 62 0.044896 The Brave One 720P ][ 66 1.027932 Crossing Over 720P ][ 71 4.072158 Invisible.Target.720p.Bluray.x264-SEPTiC ]
[ 1 9.671943 Dr Dolite 3    720p ][ 4 3.554442 Indiana.Jones.and.the.Kingdom.of.the.Crystal.Skull    1080p ][ 14 2.289059 Ratatouille [2007] ][ 30 4.475522 A.Beautiful.Mind.2001.720p.HDTV.x264-S26 ][ 36 1.943409 Butterfly on a Wheel.2007   720p ][ 49 9.886519 The Incredibles [1080p] ][ 56 9.881512 The Final Destination 4 [2009] [720p] ][ 62 0.044896 The Brave One 720P ][ 66 1.027932 Crossing Over 720P ]
[ 1 9.671943 Dr Dolite 3    720p ][ 2 1.338364 Star Wars Saga  Collection 720p ][ 4 3.554442 Indiana.Jones.and.the.Kingdom.of.the.Crystal.Skull    1080p ][ 16 7.348309 Night At The Museum 2 [720p] ][ 30 4.475522 A.Beautiful.Mind.2001.720p.HDTV.x264-S26 ][ 36 1.943409 Butterfly on a Wheel.2007   720p ][ 42 7.339590 Oceans.Thirteen.2007.720p.HDDVD.x264-SiNNERS ][ 45 9.457070 contents.txt ][ 49 9.886519 The Incredibles [1080p] ][ 56 9.881512 The Final Destination 4 [2009] [720p] ][ 66 1.027932 Crossing Over 720P ][ 89 2.719647 Infernal Affair 1-3   1080p ]
[ 1 9.671943 Dr Dolite 3    720p ][ 4 3.554442 Indiana.Jones.and.the.Kingdom.of.the.Crystal.Skull    1080p ][ 16 7.348309 Night At The Museum 2 [720p] ][ 25 5.771042 Equilibrium 720p ][ 30 4.475522 A.Beautiful.Mind.2001.720p.HDTV.x264-S26 ][ 36 1.943409 Butterfly on a Wheel.2007   720p ][ 42 7.339590 Oceans.Thirteen.2007.720p.HDDVD.x264-SiNNERS ][ 45 9.457070 contents.txt ][ 49 9.886519 The Incredibles [1080p] ][ 56 9.881512 The Final Destination 4 [2009] [720p] ][ 57 0.844689 The Notebook [2004] [1080p] ][ 66 1.027932 Crossing Over 720P ][ 68 2.471736 Star Trek Collection 1-9    720p ][ 81 1.661195 Get Smart (2008) 1080p ][ 92 2.394882 Cloverfield   1080p ][ 97 4.203009 Eurotrip 720p ]
[ 1 9.671943 Dr Dolite 3    720p ][ 4 3.554442 Indiana.Jones.and.the.Kingdom.of.the.Crystal.Skull    1080p ][ 16 7.348309 Night At The Museum 2 [720p] ][ 25 5.771042 Equilibrium 720p ][ 29 5.294209 Invisible.Target.720p.Bluray.x264-SEPTiC ][ 30 4.475522 A.Beautiful.Mind.2001.720p.HDTV.x264-S26 ][ 36 1.943409 Butterfly on a Wheel.2007   720p ][ 39 4.847232 Hero    1080p ][ 42 7.339590 Oceans.Thirteen.2007.720p.HDDVD.x264-SiNNERS ][ 54 9.242443 Pitch Black [720p] ][ 57 0.844689 The Notebook [2004] [1080p] ][ 65 6.042985 Eragon [2006] [720p] ][ 68 2.471736 Star Trek Collection 1-9    720p ][ 70 6.651041 Red Dragon    1080p ][ 77 0.202815 A Knight's Tale [2001] [720p] ][ 81 1.661195 Get Smart (2008) 1080p ][ 83 9.286030 Superhero Movie   1080p ][ 92 2.394882 Cloverfield   1080p ][ 97 4.203009 Eurotrip 720p ][ 106 1.757836 The.Da.Vinci.Code.2006.720p.BluRay.x264-BestHD ]
[ 1 9.671943 Dr Dolite 3    720p ][ 4 3.554442 Indiana.Jones.and.the.Kingdom.of.the.Crystal.Skull    1080p ][ 13 7.357790 Into The Blue 720P ][ 25 5.771042 Equilibrium 720p ][ 29 5.294209 Invisible.Target.720p.Bluray.x264-SEPTiC ][ 30 4.475522 A.Beautiful.Mind.2001.720p.HDTV.x264-S26 ][ 36 1.943409 Butterfly on a Wheel.2007   720p ][ 39 4.847232 Hero    1080p ][ 42 7.339590 Oceans.Thirteen.2007.720p.HDDVD.x264-SiNNERS ][ 46 0.756247 X-Men 2   1080p ][ 54 9.242443 Pitch Black [720p] ][ 57 0.844689 The Notebook [2004] [1080p] ][ 59 1.516678 The Incredibles [1080p] ][ 65 6.042985 Eragon [2006] [720p] ][ 68 2.471736 Star Trek Collection 1-9    720p ][ 70 6.651041 Red Dragon    1080p ][ 76 7.093825 Monsters vs Aliens - Mutant Pumpkins from Outer Space [2009] [720p] ][ 77 0.202815 A Knight's Tale [2001] [720p] ][ 81 1.661195 Get Smart (2008) 1080p ][ 83 9.286030 Superhero Movie   1080p ][ 87 5.807161 Batman Begins   1080p ][ 97 4.203009 Eurotrip 720p ][ 102 7.957624 Leon_The Professional.HD   720p ][ 106 1.757836 The.Da.Vinci.Code.2006.720p.BluRay.x264-BestHD ][ 111 9.273357 Leon_The Professional.HD   720p ]
[ 1 9.671943 Dr Dolite 3    720p ][ 4 3.554442 Indiana.Jones.and.the.Kingdom.of.the.Crystal.Skull    1080p ][ 11 7.181530 Final Fantasy The Spirits Within    720p ][ 13 7.357790 Into The Blue 720P ][ 25 5.771042 Equilibrium 720p ][ 28 9.368317 Terminator.1984.720p.BluRay.x264-ESiR ][ 29 5.294209 Invisible.Target.720p.Bluray.x264-SEPTiC ][ 30 4.475522 A.Beautiful.Mind.2001.720p.HDTV.x264-S26 ][ 36 1.943409 Butterfly on a Wheel.2007   720p ][ 39 4.847232 Hero    1080p ][ 42 7.339590 Oceans.Thirteen.2007.720p.HDDVD.x264-SiNNERS ][ 46 0.756247 X-Men 2   1080p ][ 47 2.004479 Blade 3   720p ][ 52 2.595265 Pinocchio [1940] [720p] ][ 57 0.844689 The Notebook [2004] [1080p] ][ 59 1.516678 The Incredibles [1080p] ][ 65 6.042985 Eragon [2006] [720p] ][ 67 9.653580 Kingdom of Heaven [2005] [720p] ][ 68 2.471736 Star Trek Collection 1-9    720p ][ 70 6.651041 Red Dragon    1080p ][ 76 7.093825 Monsters vs Aliens - Mutant Pumpkins from Outer Space [2009] [720p] ][ 77 0.202815 A Knight's Tale [2001] [720p] ][ 81 1.661195 Get Smart (2008) 1080p ][ 87 5.807161 Batman Begins   1080p ][ 97 4.203009 Eurotrip 720p ][ 101 0.329227 Apollo 13   1080p ][ 102 7.957624 Leon_The Professional.HD   720p ][ 104 2.002186 The.Godfather.Part.III.1990.720p.BluRay.x264-SiNNERS_tehPARADOX.COM ][ 106 1.757836 The.Da.Vinci.Code.2006.720p.BluRay.x264-BestHD ][ 111 9.273357 Leon_The Professional.HD   720p ]
[ 1 9.671943 Dr Dolite 3    720p ][ 4 3.554442 Indiana.Jones.and.the.Kingdom.of.the.Crystal.Skull    1080p ][ 5 1.570021 8 Mile [2002] [720p] ][ 8 3.548223 Monster Inc [2001] [720p] ][ 11 7.181530 Final Fantasy The Spirits Within    720p ][ 13 7.357790 Into The Blue 720P ][ 17 7.239546 The Usual Suspect    720p ][ 18 4.124058 Facing The Giants 720p ][ 25 5.771042 Equilibrium 720p ][ 28 9.368317 Terminator.1984.720p.BluRay.x264-ESiR ][ 29 5.294209 Invisible.Target.720p.Bluray.x264-SEPTiC ][ 30 4.475522 A.Beautiful.Mind.2001.720p.HDTV.x264-S26 ][ 36 1.943409 Butterfly on a Wheel.2007   720p ][ 39 4.847232 Hero    1080p ][ 42 7.339590 Oceans.Thirteen.2007.720p.HDDVD.x264-SiNNERS ][ 47 2.004479 Blade 3   720p ][ 52 2.595265 Pinocchio [1940] [720p] ][ 57 0.844689 The Notebook [2004] [1080p] ][ 59 1.516678 The Incredibles [1080p] ][ 63 5.701998 The.Godfather.Part.I.1972.720p.BluRay.x264-ESiR ][ 65 6.042985 Eragon [2006] [720p] ][ 67 9.653580 Kingdom of Heaven [2005] [720p] ][ 68 2.471736 Star Trek Collection 1-9    720p ][ 70 6.651041 Red Dragon    1080p ][ 76 7.093825 Monsters vs Aliens - Mutant Pumpkins from Outer Space [2009] [720p] ][ 77 0.202815 A Knight's Tale [2001] [720p] ][ 80 0.619907 Fight.Club.1999.720p.BluRay.DTS-ES.x264-DON ][ 81 1.661195 Get Smart (2008) 1080p ][ 87 5.807161 Batman Begins   1080p ][ 101 0.329227 Apollo 13   1080p ][ 102 7.957624 Leon_The Professional.HD   720p ][ 106 1.757836 The.Da.Vinci.Code.2006.720p.BluRay.x264-BestHD ][ 111 9.273357 Leon_The Professional.HD   720p ][ 121 1.621130 007.1967.You.Only.Live.Twice.720p.hdtv.x264-nbs ][ 124 2.560785 Race To Witch Mountain [1080p] ][ 133 8.192421 Hancock    1080p ]
[ 1 9.671943 Dr Dolite 3    720p ][ 4 3.554442 Indiana.Jones.and.the.Kingdom.of.the.Crystal.Skull    1080p ][ 5 1.570021 8 Mile [2002] [720p] ][ 8 3.548223 Monster Inc [2001] [720p] ][ 11 7.181530 Final Fantasy The Spirits Within    720p ][ 13 7.357790 Into The Blue 720P ][ 17 7.239546 The Usual Suspect    720p ][ 18 4.124058 Facing The Giants 720p ][ 25 5.771042 Equilibrium 720p ][ 30 4.475522 A.Beautiful.Mind.2001.720p.HDTV.x264-S26 ][ 33 3.070453 The Empress and the Warriors [2008] [720p] ][ 36 1.943409 Butterfly on a Wheel.2007   720p ][ 39 4.847232 Hero    1080p ][ 42 7.339590 Oceans.Thirteen.2007.720p.HDDVD.x264-SiNNERS ][ 44 2.352078 Assassination of a High School President 720p ][ 47 2.004479 Blade 3   720p ][ 52 2.595265 Pinocchio [1940] [720p] ][ 53 9.402850 Monsters vs Aliens - Mutant Pumpkins from Outer Space [2009] [720p] ][ 57 0.844689 The Notebook [2004] [1080p] ][ 59 1.516678 The Incredibles [1080p] ][ 65 6.042985 Eragon [2006] [720p] ][ 67 9.653580 Kingdom of Heaven [2005] [720p] ][ 68 2.471736 Star Trek Collection 1-9    720p ][ 70 6.651041 Red Dragon    1080p ][ 76 7.093825 Monsters vs Aliens - Mutant Pumpkins from Outer Space [2009] [720p] ][ 77 0.202815 A Knight's Tale [2001] [720p] ][ 80 0.619907 Fight.Club.1999.720p.BluRay.DTS-ES.x264-DON ][ 82 1.845968 Doomsday 720p ][ 87 5.807161 Batman Begins   1080p ][ 96 4.805490 The Matrix Reloaded   1080p ][ 101 0.329227 Apollo 13   1080p ][ 102 7.957624 Leon_The Professional.HD   720p ][ 106 1.757836 The.Da.Vinci.Code.2006.720p.BluRay.x264-BestHD ][ 111 9.273357 Leon_The Professional.HD   720p ][ 117 3.021635 Race To Witch Mountain [1080p] ][ 121 1.621130 007.1967.You.Only.Live.Twice.720p.hdtv.x264-nbs ][ 130 7.716977 SWAT    720p ][ 131 6.330620 Ice Age 1 [2002] [720p] ][ 133 8.192421 Hancock    1080p ][ 136 8.540797 Romeo And Juliet   720p ][ 145 8.142749 Stargate.Continuum.2008.1080p.Bluray.DTS.x264-eVIAN ][ 148 8.252802 Blade 1   720p ]
[ 1 9.671943 Dr Dolite 3    720p ][ 5 1.570021 8 Mile [2002] [720p] ][ 8 3.548223 Monster Inc [2001] [720p] ][ 11 7.181530 Final Fantasy The Spirits Within    720p ][ 13 7.357790 Into The Blue 720P ][ 17 7.239546 The Usual Suspect    720p ][ 20 9.480523 Duplicity 2009   720p ][ 25 5.771042 Equilibrium 720p ][ 33 3.070453 The Empress and the Warriors [2008] [720p] ][ 34 9.071166 Jeniffer's Body ( 2009)    1080p ][ 36 1.943409 Butterfly on a Wheel.2007   720p ][ 39 4.847232 Hero    1080p ][ 41 5.177224 13.Going.on.30.2004.720p.BluRay.x264-METiS_tehPARADOX.COM ][ 42 7.339590 Oceans.Thirteen.2007.720p.HDDVD.x264-SiNNERS ][ 44 2.352078 Assassination of a High School President 720p ][ 47 2.004479 Blade 3   720p ][ 52 2.595265 Pinocchio [1940] [720p] ][ 53 9.402850 Monsters vs Aliens - Mutant Pumpkins from Outer Space [2009] [720p] ][ 57 0.844689 The Notebook [2004] [1080p] ][ 59 1.516678 The Incredibles [1080p] ][ 65 6.042985 Eragon [2006] [720p] ][ 67 9.653580 Kingdom of Heaven [2005] [720p] ][ 68 2.471736 Star Trek Collection 1-9    720p ][ 70 6.651041 Red Dragon    1080p ][ 76 7.093825 Monsters vs Aliens - Mutant Pumpkins from Outer Space [2009] [720p] ][ 77 0.202815 A Knight's Tale [2001] [720p] ][ 80 0.619907 Fight.Club.1999.720p.BluRay.DTS-ES.x264-DON ][ 82 1.845968 Doomsday 720p ][ 85 2.112908 Initial D [720p] ][ 87 5.807161 Batman Begins   1080p ][ 96 4.805490 The Matrix Reloaded   1080p ][ 101 0.329227 Apollo 13   1080p ][ 102 7.957624 Leon_The Professional.HD   720p ][ 106 1.757836 The.Da.Vinci.Code.2006.720p.BluRay.x264-BestHD ][ 111 9.273357 Leon_The Professional.HD   720p ][ 117 3.021635 Race To Witch Mountain [1080p] ][ 118 4.835613 Ice Age 2 The Meltdown [2006] [720p] ][ 123 3.253530 Resident Evil Series    1080p ][ 126 0.219612 Robots.WS.AC3.x264.BluRay-PTM   720p ][ 131 6.330620 Ice Age 1 [2002] [720p] ][ 133 8.192421 Hancock    1080p ][ 136 8.540797 Romeo And Juliet   720p ][ 142 7.827238 Pixar.Short.Films.Collection.Volume.1.2007.m-HD.x264-TlN50p ][ 145 8.142749 Stargate.Continuum.2008.1080p.Bluray.DTS.x264-eVIAN ][ 148 8.252802 Blade 1   720p ][ 150 1.688712 Batman Begins   1080p ][ 152 3.861540 Star Trek [2009] [1080p] ][ 160 2.357448 Bad Boy I [1995] [720p] ][ 161 5.965879 Star Trek Collection 1-9    720p ]
[ 1 9.671943 Dr Dolite 3    720p ][ 5 1.570021 8 Mile [2002] [720p] ][ 8 3.548223 Monster Inc [2001] [720p] ][ 11 7.181530 Final Fantasy The Spirits Within    720p ][ 13 7.357790 Into The Blue 720P ][ 17 7.239546 The Usual Suspect    720p ][ 20 9.480523 Duplicity 2009   720p ][ 25 5.771042 Equilibrium 720p ][ 32 5.516557 Finding Nemo [2003] [720p] ][ 33 3.070453 The Empress and the Warriors [2008] [720p] ][ 34 9.071166 Jeniffer's Body ( 2009)    1080p ][ 40 9.855405 New York I Love You 720p   720p ][ 41 5.177224 13.Going.on.30.2004.720p.BluRay.x264-METiS_tehPARADOX.COM ][ 42 7.339590 Oceans.Thirteen.2007.720p.HDDVD.x264-SiNNERS ][ 47 2.004479 Blade 3   720p ][ 52 2.595265 Pinocchio [1940] [720p] ][ 53 9.402850 Monsters vs Aliens - Mutant Pumpkins from Outer Space [2009] [720p] ][ 57 0.844689 The Notebook [2004] [1080p] ][ 65 6.042985 Eragon [2006] [720p] ][ 67 9.653580 Kingdom of Heaven [2005] [720p] ][ 68 2.471736 Star Trek Collection 1-9    720p ][ 69 4.042607 Aeon Flux   720p ][ 70 6.651041 Red Dragon    1080p ][ 76 7.093825 Monsters vs Aliens - Mutant Pumpkins from Outer Space [2009] [720p] ][ 77 0.202815 A Knight's Tale [2001] [720p] ][ 82 1.845968 Doomsday 720p ][ 85 2.112908 Initial D [720p] ][ 87 5.807161 Batman Begins   1080p ][ 96 4.805490 The Matrix Reloaded   1080p ][ 99 5.026231 Alone in the dark   720p ][ 101 0.329227 Apollo 13   1080p ][ 102 7.957624 Leon_The Professional.HD   720p ][ 106 1.757836 The.Da.Vinci.Code.2006.720p.BluRay.x264-BestHD ][ 111 9.273357 Leon_The Professional.HD   720p ][ 117 3.021635 Race To Witch Mountain [1080p] ][ 118 4.835613 Ice Age 2 The Meltdown [2006] [720p] ][ 123 3.253530 Resident Evil Series    1080p ][ 126 0.219612 Robots.WS.AC3.x264.BluRay-PTM   720p ][ 128 1.518245 I Am Legend    720p ][ 131 6.330620 Ice Age 1 [2002] [720p] ][ 133 8.192421 Hancock    1080p ][ 136 8.540797 Romeo And Juliet   720p ][ 141 5.015863 Bourne Identity   720p ][ 142 7.827238 Pixar.Short.Films.Collection.Volume.1.2007.m-HD.x264-TlN50p ][ 145 8.142749 Stargate.Continuum.2008.1080p.Bluray.DTS.x264-eVIAN ][ 147 1.825170 Initial D [720p] ][ 148 8.252802 Blade 1   720p ][ 150 1.688712 Batman Begins   1080p ][ 151 4.956837 X-Men 3    720p ][ 152 3.861540 Star Trek [2009] [1080p] ][ 155 3.966111 Indiana Jones Trilogy   720p ][ 159 8.280696 Before The Devil Knows, You're Dead   1080p ][ 160 2.357448 Bad Boy I [1995] [720p] ][ 161 5.965879 Star Trek Collection 1-9    720p ][ 164 3.700761 contents.txt ][ 167 3.320528 Blade 3   720p ]
[ 0 6.752105 catch me if u can - 720p ][ 1 9.671943 Dr Dolite 3    720p ][ 5 1.570021 8 Mile [2002] [720p] ][ 8 3.548223 Monster Inc [2001] [720p] ][ 11 7.181530 Final Fantasy The Spirits Within    720p ][ 13 7.357790 Into The Blue 720P ][ 20 9.480523 Duplicity 2009   720p ][ 25 5.771042 Equilibrium 720p ][ 27 4.468643 catch me if u can - 720p ][ 33 3.070453 The Empress and the Warriors [2008] [720p] ][ 34 9.071166 Jeniffer's Body ( 2009)    1080p ][ 40 9.855405 New York I Love You 720p   720p ][ 41 5.177224 13.Going.on.30.2004.720p.BluRay.x264-METiS_tehPARADOX.COM ][ 42 7.339590 Oceans.Thirteen.2007.720p.HDDVD.x264-SiNNERS ][ 43 4.929745 The Usual Suspect    720p ][ 47 2.004479 Blade 3   720p ][ 52 2.595265 Pinocchio [1940] [720p] ][ 53 9.402850 Monsters vs Aliens - Mutant Pumpkins from Outer Space [2009] [720p] ][ 57 0.844689 The Notebook [2004] [1080p] ][ 68 2.471736 Star Trek Collection 1-9    720p ][ 69 4.042607 Aeon Flux   720p ][ 70 6.651041 Red Dragon    1080p ][ 76 7.093825 Monsters vs Aliens - Mutant Pumpkins from Outer Space [2009] [720p] ][ 77 0.202815 A Knight's Tale [2001] [720p] ][ 82 1.845968 Doomsday 720p ][ 85 2.112908 Initial D [720p] ][ 87 5.807161 Batman Begins   1080p ][ 91 0.278560 Orphanage 720p ][ 94 3.041543 1408.2007.720p.BluRay.x264-SiNNERS ][ 96 4.805490 The Matrix Reloaded   1080p ][ 98 5.255042 Max Payne    720p ][ 99 5.026231 Alone in the dark   720p ][ 101 0.329227 Apollo 13   1080p ][ 102 7.957624 Leon_The Professional.HD   720p ][ 106 1.757836 The.Da.Vinci.Code.2006.720p.BluRay.x264-BestHD ][ 111 9.273357 Leon_The Professional.HD   720p ][ 112 2.482524 Braveheart 720p ][ 117 3.021635 Race To Witch Mountain [1080p] ][ 118 4.835613 Ice Age 2 The Meltdown [2006] [720p] ][ 123 3.253530 Resident Evil Series    1080p ][ 125 5.136480 Fantastic Four   1080p ][ 126 0.219612 Robots.WS.AC3.x264.BluRay-PTM   720p ][ 127 2.621974 SAW I   720p ][ 128 1.518245 I Am Legend    720p ][ 131 6.330620 Ice Age 1 [2002] [720p] ][ 133 8.192421 Hancock    1080p ][ 136 8.540797 Romeo And Juliet   720p ][ 141 5.015863 Bourne Identity   720p ][ 142 7.827238 Pixar.Short.Films.Collection.Volume.1.2007.m-HD.x264-TlN50p ][ 145 8.142749 Stargate.Continuum.2008.1080p.Bluray.DTS.x264-eVIAN ][ 147 1.825170 Initial D [720p] ][ 148 8.252802 Blade 1   720p ][ 150 1.688712 Batman Begins   1080p ][ 151 4.956837 X-Men 3    720p ][ 152 3.861540 Star Trek [2009] [1080p] ][ 155 3.966111 Indiana Jones Trilogy   720p ][ 159 8.280696 Before The Devil Knows, You're Dead   1080p ][ 160 2.357448 Bad Boy I [1995] [720p] ][ 161 5.965879 Star Trek Collection 1-9    720p ][ 164 3.700761 contents.txt ][ 167 3.320528 Blade 3   720p ][ 171 2.486722 XxX.2002.BDRiP.720p.AC3.5.1.READnfo.x264-DEFiNiTiON ][ 172 2.468967 XxX.2002.BDRiP.720p.AC3.5.1.READnfo.x264-DEFiNiTiON ][ 175 3.873027 Spiderman 1   1080p ]
[ 0 6.752105 catch me if u can - 720p ][ 1 9.671943 Dr Dolite 3    720p ][ 3 4.019821 Yes Man   720p ][ 5 1.570021 8 Mile [2002] [720p] ][ 8 3.548223 Monster Inc [2001] [720p] ][ 9 2.062133 Kung Fu Panda Secrets of the Furious Five    720p ][ 13 7.357790 Into The Blue 720P ][ 20 9.480523 Duplicity 2009   720p ][ 25 5.771042 Equilibrium 720p ][ 33 3.070453 The Empress and the Warriors [2008] [720p] ][ 34 9.071166 Jeniffer's Body ( 2009)    1080p ][ 40 9.855405 New York I Love You 720p   720p ][ 41 5.177224 13.Going.on.30.2004.720p.BluRay.x264-METiS_tehPARADOX.COM ][ 42 7.339590 Oceans.Thirteen.2007.720p.HDDVD.x264-SiNNERS ][ 47 2.004479 Blade 3   720p ][ 52 2.595265 Pinocchio [1940] [720p] ][ 53 9.402850 Monsters vs Aliens - Mutant Pumpkins from Outer Space [2009] [720p] ][ 55 8.854105 The Brave One 720P ][ 57 0.844689 The Notebook [2004] [1080p] ][ 60 9.922508 Ice Age 3 Dawn of the Dinosaurs [2009] [720p] ][ 68 2.471736 Star Trek Collection 1-9    720p ][ 69 4.042607 Aeon Flux   720p ][ 70 6.651041 Red Dragon    1080p ][ 76 7.093825 Monsters vs Aliens - Mutant Pumpkins from Outer Space [2009] [720p] ][ 77 0.202815 A Knight's Tale [2001] [720p] ][ 82 1.845968 Doomsday 720p ][ 85 2.112908 Initial D [720p] ][ 87 5.807161 Batman Begins   1080p ][ 91 0.278560 Orphanage 720p ][ 93 6.865364 contents.txt ][ 96 4.805490 The Matrix Reloaded   1080p ][ 99 5.026231 Alone in the dark   720p ][ 101 0.329227 Apollo 13   1080p ][ 102 7.957624 Leon_The Professional.HD   720p ][ 106 1.757836 The.Da.Vinci.Code.2006.720p.BluRay.x264-BestHD ][ 111 9.273357 Leon_The Professional.HD   720p ][ 112 2.482524 Braveheart 720p ][ 117 3.021635 Race To Witch Mountain [1080p] ][ 118 4.835613 Ice Age 2 The Meltdown [2006] [720p] ][ 119 8.331285 American Pie Book Of Love   720p ][ 120 9.564659 Gran Torino [2008] [720p] ][ 123 3.253530 Resident Evil Series    1080p ][ 125 5.136480 Fantastic Four   1080p ][ 126 0.219612 Robots.WS.AC3.x264.BluRay-PTM   720p ][ 127 2.621974 SAW I   720p ][ 128 1.518245 I Am Legend    720p ][ 131 6.330620 Ice Age 1 [2002] [720p] ][ 133 8.192421 Hancock    1080p ][ 136 8.540797 Romeo And Juliet   720p ][ 141 5.015863 Bourne Identity   720p ][ 142 7.827238 Pixar.Short.Films.Collection.Volume.1.2007.m-HD.x264-TlN50p ][ 145 8.142749 Stargate.Continuum.2008.1080p.Bluray.DTS.x264-eVIAN ][ 147 1.825170 Initial D [720p] ][ 148 8.252802 Blade 1   720p ][ 150 1.688712 Batman Begins   1080p ][ 152 3.861540 Star Trek [2009] [1080p] ][ 155 3.966111 Indiana Jones Trilogy   720p ][ 156 5.435886 Burn E [720p] ][ 158 3.272878 James Bond 01 - Dr. No [1962] [720p] ][ 159 8.280696 Before The Devil Knows, You're Dead   1080p ][ 160 2.357448 Bad Boy I [1995] [720p] ][ 161 5.965879 Star Trek Collection 1-9    720p ][ 163 9.850442 Back to the Future Part I [1985] [BluRay] [720p] [AC3] [EN] ][ 164 3.700761 contents.txt ][ 167 3.320528 Blade 3   720p ][ 171 2.486722 XxX.2002.BDRiP.720p.AC3.5.1.READnfo.x264-DEFiNiTiON ][ 172 2.468967 XxX.2002.BDRiP.720p.AC3.5.1.READnfo.x264-DEFiNiTiON ][ 175 3.873027 Spiderman 1   1080p ][ 179 2.756168 National Geographic - The Koran [720p] [Documenter] ][ 182 1.628156 contents.txt ][ 184 1.656638 Underworld Series ][ 205 5.751826 Indiana.Jones.and.the.Kingdom.of.the.Crystal.Skull    1080p ]
[ 0 6.752105 catch me if u can - 720p ][ 1 9.671943 Dr Dolite 3    720p ][ 3 4.019821 Yes Man   720p ][ 5 1.570021 8 Mile [2002] [720p] ][ 8 3.548223 Monster Inc [2001] [720p] ][ 9 2.062133 Kung Fu Panda Secrets of the Furious Five    720p ][ 13 7.357790 Into The Blue 720P ][ 20 9.480523 Duplicity 2009   720p ][ 25 5.771042 Equilibrium 720p ][ 33 3.070453 The Empress and the Warriors [2008] [720p] ][ 40 9.855405 New York I Love You 720p   720p ][ 41 5.177224 13.Going.on.30.2004.720p.BluRay.x264-METiS_tehPARADOX.COM ][ 42 7.339590 Oceans.Thirteen.2007.720p.HDDVD.x264-SiNNERS ][ 47 2.004479 Blade 3   720p ][ 51 4.251734 Before The Devil Knows, You're Dead   1080p ][ 52 2.595265 Pinocchio [1940] [720p] ][ 55 8.854105 The Brave One 720P ][ 57 0.844689 The Notebook [2004] [1080p] ][ 60 9.922508 Ice Age 3 Dawn of the Dinosaurs [2009] [720p] ][ 64 6.928409 Shark Tale [2004] [1080p] ][ 68 2.471736 Star Trek Collection 1-9    720p ][ 69 4.042607 Aeon Flux   720p ][ 76 7.093825 Monsters vs Aliens - Mutant Pumpkins from Outer Space [2009] [720p] ][ 77 0.202815 A Knight's Tale [2001] [720p] ][ 82 1.845968 Doomsday 720p ][ 85 2.112908 Initial D [720p] ][ 87 5.807161 Batman Begins   1080p ][ 91 0.278560 Orphanage 720p ][ 93 6.865364 contents.txt ][ 96 4.805490 The Matrix Reloaded   1080p ][ 99 5.026231 Alone in the dark   720p ][ 101 0.329227 Apollo 13   1080p ][ 102 7.957624 Leon_The Professional.HD   720p ][ 106 1.757836 The.Da.Vinci.Code.2006.720p.BluRay.x264-BestHD ][ 108 7.800572 Shinjuku Incident ][ 111 9.273357 Leon_The Professional.HD   720p ][ 118 4.835613 Ice Age 2 The Meltdown [2006] [720p] ][ 119 8.331285 American Pie Book Of Love   720p ][ 120 9.564659 Gran Torino [2008] [720p] ][ 123 3.253530 Resident Evil Series    1080p ][ 125 5.136480 Fantastic Four   1080p ][ 126 0.219612 Robots.WS.AC3.x264.BluRay-PTM   720p ][ 127 2.621974 SAW I   720p ][ 128 1.518245 I Am Legend    720p ][ 131 6.330620 Ice Age 1 [2002] [720p] ][ 133 8.192421 Hancock    1080p ][ 135 9.152021 James Bond 20 - Die Another Day [2002] [720p] ][ 136 8.540797 Romeo And Juliet   720p ][ 139 8.634240 Flash Point    720p ][ 141 5.015863 Bourne Identity   720p ][ 142 7.827238 Pixar.Short.Films.Collection.Volume.1.2007.m-HD.x264-TlN50p ][ 145 8.142749 Stargate.Continuum.2008.1080p.Bluray.DTS.x264-eVIAN ][ 148 8.252802 Blade 1   720p ][ 150 1.688712 Batman Begins   1080p ][ 152 3.861540 Star Trek [2009] [1080p] ][ 155 3.966111 Indiana Jones Trilogy   720p ][ 156 5.435886 Burn E [720p] ][ 158 3.272878 James Bond 01 - Dr. No [1962] [720p] ][ 159 8.280696 Before The Devil Knows, You're Dead   1080p ][ 160 2.357448 Bad Boy I [1995] [720p] ][ 161 5.965879 Star Trek Collection 1-9    720p ][ 162 8.420933 SAW IV ][ 163 9.850442 Back to the Future Part I [1985] [BluRay] [720p] [AC3] [EN] ][ 164 3.700761 contents.txt ][ 167 3.320528 Blade 3   720p ][ 171 2.486722 XxX.2002.BDRiP.720p.AC3.5.1.READnfo.x264-DEFiNiTiON ][ 172 2.468967 XxX.2002.BDRiP.720p.AC3.5.1.READnfo.x264-DEFiNiTiON ][ 175 3.873027 Spiderman 1   1080p ][ 179 2.756168 National Geographic - The Koran [720p] [Documenter] ][ 181 2.321892 James Bond 21 - Casino Royale [2006] ][ 182 1.628156 contents.txt ][ 184 1.656638 Underworld Series ][ 185 6.822451 Iron Man    1080p ][ 192 0.054126 High school musical II 2007    720p ][ 197 0.138470 Big Nothing   720p ][ 200 5.471130 Direct Contact    720p ][ 202 2.553821 contents.txt ][ 205 5.751826 Indiana.Jones.and.the.Kingdom.of.the.Crystal.Skull    1080p ][ 215 2.514659 Independence Day 1080p ][ 221 9.126357 Rocky 5 [1990] [BluRay] [720p] [AC3] ][ 225 2.660840 X-Men 4 - Origins Wolverine (2009)  1080p ]
