[ 46 4.373581 Dumb and Dumber   720p ]
[ 10 9.034638 Babel.720p ][ 46 4.373581 Dumb and Dumber   720p ]
[ 2 8.423069 Meet The Fockers    720p ][ 10 9.034638 Babel.720p ][ 29 3.528173 Jumanji [720p] ][ 46 4.373581 Dumb and Dumber   720p ]
[ 2 8.423069 Meet The Fockers    720p ][ 10 9.034638 Babel.720p ][ 29 3.528173 Jumanji [720p] ][ 35 7.053508 The Bank Job [720p] ][ 53 2.464526 Twilight [2008]   720p ][ 63 6.762725 Robocop Collection   720p ]
[ 2 8.423069 Meet The Fockers    720p ][ 10 9.034638 Babel.720p ][ 35 7.053508 The Bank Job [720p] ][ 41 5.020980 G.I.Joe The Rise of Cobra [2009] [720p] ][ 63 6.762725 Robocop Collection   720p ][ 65 1.101037 Bedtime.Stories.720p.BluRay.x264-REFiNED ][ 67 3.188110 The.Da.Vinci.Code.2006.720p.BluRay.x264-BestHD ][ 77 8.196554 Batman The Dark Knight   720p ][ 81 9.225287 The.Godfather.Part.II.1974.720p.BluRay.x264-ESiR_tehPARADOX.COM ]
[ 10 9.034638 Babel.720p ][ 14 2.252778 Home    1080p ][ 21 8.983484 Top.Gun.1986.720p.HDDVD.x264-SEPTiC ][ 34 5.295802 Species - The Awakening   720p ][ 35 7.053508 The Bank Job [720p] ][ 41 5.020980 G.I.Joe The Rise of Cobra [2009] [720p] ][ 52 2.339732 8 Mile [2002] [720p] ][ 63 6.762725 Robocop Collection   720p ][ 67 3.188110 The.Da.Vinci.Code.2006.720p.BluRay.x264-BestHD ][ 68 4.688999 Red Cliff    1080p ][ 77 8.196554 Batman The Dark Knight   720p ][ 81 9.225287 The.Godfather.Part.II.1974.720p.BluRay.x264-ESiR_tehPARADOX.COM ]
[ 7 4.567322 Blood - The Last Vampire [2009] [720p] ][ 10 9.034638 Babel.720p ][ 14 2.252778 Home    1080p ][ 21 8.983484 Top.Gun.1986.720p.HDDVD.x264-SEPTiC ][ 35 7.053508 The Bank Job [720p] ][ 41 5.020980 G.I.Joe The Rise of Cobra [2009] [720p] ][ 42 9.144393 Kung Fu Panda [2008]   720p ][ 52 2.339732 8 Mile [2002] [720p] ][ 67 3.188110 The.Da.Vinci.Code.2006.720p.BluRay.x264-BestHD ][ 68 4.688999 Red Cliff    1080p ][ 76 7.528264 Toy.Story.1995.720p.HDTV.x264-CtrlHD ][ 77 8.196554 Batman The Dark Knight   720p ][ 81 9.225287 The.Godfather.Part.II.1974.720p.BluRay.x264-ESiR_tehPARADOX.COM ][ 88 9.455554 The Final Destination 4 [2009] [720p] ][ 89 5.344352 The Hangover [720p] ][ 98 5.844949 Ice Age 1 [2002] [720p] ]
[ 10 9.034638 Babel.720p ][ 14 2.252778 Home    1080p ][ 21 8.983484 Top.Gun.1986.720p.HDDVD.x264-SEPTiC ][ 35 7.053508 The Bank Job [720p] ][ 41 5.020980 G.I.Joe The Rise of Cobra [2009] [720p] ][ 42 9.144393 Kung Fu Panda [2008]   720p ][ 52 2.339732 8 Mile [2002] [720p] ][ 58 1.419615 American Virgin 720P ][ 59 0.400816 Lord Of The Ring  - The Two Tower   720p ][ 60 6.338285 Apocalypto   720p ][ 62 3.795149 Final Destination ][ 67 3.188110 The.Da.Vinci.Code.2006.720p.BluRay.x264-BestHD ][ 68 4.688999 Red Cliff    1080p ][ 69 9.675786 Jerry Maguire    1080p ][ 76 7.528264 Toy.Story.1995.720p.HDTV.x264-CtrlHD ][ 81 9.225287 The.Godfather.Part.II.1974.720p.BluRay.x264-ESiR_tehPARADOX.COM ][ 86 7.149662 Madagascar 2 Escape 2 Africa [2008] [720p] ][ 88 9.455554 The Final Destination 4 [2009] [720p] ][ 89 5.344352 The Hangover [720p] ][ 98 5.844949 Ice Age 1 [2002] [720p] ]
[ 1 6.805992 La Vita e Bella    720p ][ 8 8.735201 SWAT    720p ][ 10 9.034638 Babel.720p ][ 11 6.962996 Seven Swords    1080p ][ 14 2.252778 Home    1080p ][ 28 7.897139 Shrek The Third [2007] [720p] ][ 41 5.020980 G.I.Joe The Rise of Cobra [2009] [720p] ][ 42 9.144393 Kung Fu Panda [2008]   720p ][ 47 0.980582 Apocalypto   720p ][ 58 1.419615 American Virgin 720P ][ 59 0.400816 Lord Of The Ring  - The Two Tower   720p ][ 60 6.338285 Apocalypto   720p ][ 62 3.795149 Final Destination ][ 67 3.188110 The.Da.Vinci.Code.2006.720p.BluRay.x264-BestHD ][ 68 4.688999 Red Cliff    1080p ][ 72 0.350919 Species   720p ][ 76 7.528264 Toy.Story.1995.720p.HDTV.x264-CtrlHD ][ 81 9.225287 The.Godfather.Part.II.1974.720p.BluRay.x264-ESiR_tehPARADOX.COM ][ 86 7.149662 Madagascar 2 Escape 2 Africa [2008] [720p] ][ 88 9.455554 The Final Destination 4 [2009] [720p] ][ 89 5.344352 The Hangover [720p] ][ 91 4.733854 How To Lose Friends & Alienate People   1080p ][ 98 5.844949 Ice Age 1 [2002] [720p] ][ 108 2.159457 The Final Destination 4 [2009] [720p] ][ 109 4.394876 G Force    720p ]
[ 1 6.805992 La Vita e Bella    720p ][ 3 8.008952 Ip Man    1080p ][ 5 2.723042 Once.Upon.a.Time.in.China.1991.720p.BluRay.x264-BestHD ][ 8 8.735201 SWAT    720p ][ 10 9.034638 Babel.720p ][ 11 6.962996 Seven Swords    1080p ][ 19 8.396422 Eurotrip 720p ][ 23 5.600918 Die Hard 3   720p ][ 28 7.897139 Shrek The Third [2007] [720p] ][ 41 5.020980 G.I.Joe The Rise of Cobra [2009] [720p] ][ 42 9.144393 Kung Fu Panda [2008]   720p ][ 58 1.419615 American Virgin 720P ][ 59 0.400816 Lord Of The Ring  - The Two Tower   720p ][ 62 3.795149 Final Destination ][ 67 3.188110 The.Da.Vinci.Code.2006.720p.BluRay.x264-BestHD ][ 68 4.688999 Red Cliff    1080p ][ 72 0.350919 Species   720p ][ 75 1.826535 James Bond 16 - Licence to Kill [1989] ][ 78 5.242314 Bangkok Dangerous 720p ][ 81 9.225287 The.Godfather.Part.II.1974.720p.BluRay.x264-ESiR_tehPARADOX.COM ][ 86 7.149662 Madagascar 2 Escape 2 Africa [2008] [720p] ][ 88 9.455554 The Final Destination 4 [2009] [720p] ][ 89 5.344352 The Hangover [720p] ][ 91 4.733854 How To Lose Friends & Alienate People   1080p ][ 98 5.844949 Ice Age 1 [2002] [720p] ][ 108 2.159457 The Final Destination 4 [2009] [720p] ][ 109 4.394876 G Force    720p ][ 117 7.305345 SWAT    720p ][ 119 6.805795 PIXAR Movie ][ 135 2.620104 Red Dragon    1080p ]
[ 1 6.805992 La Vita e Bella    720p ][ 3 8.008952 Ip Man    1080p ][ 5 2.723042 Once.Upon.a.Time.in.China.1991.720p.BluRay.x264-BestHD ][ 8 8.735201 SWAT    720p ][ 10 9.034638 Babel.720p ][ 11 6.962996 Seven Swords    1080p ][ 17 9.695907 Incredibles, The 1080p ][ 23 5.600918 Die Hard 3   720p ][ 27 4.884970 Pinocchio [1940] [720p] ][ 28 7.897139 Shrek The Third [2007] [720p] ][ 39 1.748146 Con Air   720p ][ 41 5.020980 G.I.Joe The Rise of Cobra [2009] [720p] ][ 42 9.144393 Kung Fu Panda [2008]   720p ][ 45 3.632573 Kung Fu Panda (BluRay 720p) ][ 58 1.419615 American Virgin 720P ][ 59 0.400816 Lord Of The Ring  - The Two Tower   720p ][ 62 3.795149 Final Destination ][ 67 3.188110 The.Da.Vinci.Code.2006.720p.BluRay.x264-BestHD ][ 68 4.688999 Red Cliff    1080p ][ 72 0.350919 Species   720p ][ 75 1.826535 James Bond 16 - Licence to Kill [1989] ][ 78 5.242314 Bangkok Dangerous 720p ][ 81 9.225287 The.Godfather.Part.II.1974.720p.BluRay.x264-ESiR_tehPARADOX.COM ][ 86 7.149662 Madagascar 2 Escape 2 Africa [2008] [720p] ][ 88 9.455554 The Final Destination 4 [2009] [720p] ][ 89 5.344352 The Hangover [720p] ][ 91 4.733854 How To Lose Friends & Alienate People   1080p ][ 98 5.844949 Ice Age 1 [2002] [720p] ][ 100 9.698295 Toy.Story.1995.720p.HDTV.x264-CtrlHD ][ 104 8.627962 X-Men 3    720p ][ 106 5.943709 Braveheart 720p ][ 109 4.394876 G Force    720p ][ 113 4.898315 Saving Private Ryan 720p ][ 119 6.805795 PIXAR Movie ][ 128 9.273505 Constantine 720p ][ 135 2.620104 Red Dragon    1080p ]
[ 1 6.805992 La Vita e Bella    720p ][ 3 8.008952 Ip Man    1080p ][ 4 2.192459 My Bloody Valentine 3D    1080p ][ 5 2.723042 Once.Upon.a.Time.in.China.1991.720p.BluRay.x264-BestHD ][ 8 8.735201 SWAT    720p ][ 10 9.034638 Babel.720p ][ 11 6.962996 Seven Swords    1080p ][ 17 9.695907 Incredibles, The 1080p ][ 24 5.182859 The Mummy 1-2   1080p ][ 27 4.884970 Pinocchio [1940] [720p] ][ 28 7.897139 Shrek The Third [2007] [720p] ][ 32 2.478171 Leaving Las Vegas  720p ][ 33 5.492990 SAW III   720p ][ 39 1.748146 Con Air   720p ][ 41 5.020980 G.I.Joe The Rise of Cobra [2009] [720p] ][ 58 1.419615 American Virgin 720P ][ 62 3.795149 Final Destination ][ 67 3.188110 The.Da.Vinci.Code.2006.720p.BluRay.x264-BestHD ][ 68 4.688999 Red Cliff    1080p ][ 72 0.350919 Species   720p ][ 75 1.826535 James Bond 16 - Licence to Kill [1989] ][ 78 5.242314 Bangkok Dangerous 720p ][ 81 9.225287 The.Godfather.Part.II.1974.720p.BluRay.x264-ESiR_tehPARADOX.COM ][ 86 7.149662 Madagascar 2 Escape 2 Africa [2008] [720p] ][ 88 9.455554 The Final Destination 4 [2009] [720p] ][ 89 5.344352 The Hangover [720p] ][ 91 4.733854 How To Lose Friends & Alienate People   1080p ][ 95 6.301681 Meet The Parents    720p ][ 98 5.844949 Ice Age 1 [2002] [720p] ][ 100 9.698295 Toy.Story.1995.720p.HDTV.x264-CtrlHD ][ 104 8.627962 X-Men 3    720p ][ 106 5.943709 Braveheart 720p ][ 107 5.468433 The Final Destination 4 [2009] [720p] ][ 109 4.394876 G Force    720p ][ 113 4.898315 Saving Private Ryan 720p ][ 128 9.273505 Constantine 720p ][ 129 0.179431 Max Payne    720p ][ 132 2.151809 Mission Impossible Trilogy   720p ][ 135 2.620104 Red Dragon    1080p ][ 137 9.651050 13.Going.on.30.2004.720p.BluRay.x264-METiS_tehPARADOX.COM ][ 147 3.109093 Shark Tale [2004] [1080p] ][ 148 1.111236 American Psycho   720p ]
[ 1 6.805992 La Vita e Bella    720p ][ 3 8.008952 Ip Man    1080p ][ 4 2.192459 My Bloody Valentine 3D    1080p ][ 5 2.723042 Once.Upon.a.Time.in.China.1991.720p.BluRay.x264-BestHD ][ 8 8.735201 SWAT    720p ][ 10 9.034638 Babel.720p ][ 11 6.962996 Seven Swords    1080p ][ 17 9.695907 Incredibles, The 1080p ][ 18 8.273486 Rush Hour 1-3   720p ][ 20 4.160227 Public Enemies [720p] ][ 24 5.182859 The Mummy 1-2   1080p ][ 28 7.897139 Shrek The Third [2007] [720p] ][ 32 2.478171 Leaving Las Vegas  720p ][ 33 5.492990 SAW III   720p ][ 37 6.725108 Sixth Sense   720p ][ 39 1.748146 Con Air   720p ][ 41 5.020980 G.I.Joe The Rise of Cobra [2009] [720p] ][ 51 8.329067 The Orphan [720] ][ 58 1.419615 American Virgin 720P ][ 62 3.795149 Final Destination ][ 68 4.688999 Red Cliff    1080p ][ 72 0.350919 Species   720p ][ 75 1.826535 James Bond 16 - Licence to Kill [1989] ][ 78 5.242314 Bangkok Dangerous 720p ][ 81 9.225287 The.Godfather.Part.II.1974.720p.BluRay.x264-ESiR_tehPARADOX.COM ][ 82 6.553288 Banlieue 13 - Ultimatum [720p] ][ 86 7.149662 Madagascar 2 Escape 2 Africa [2008] [720p] ][ 88 9.455554 The Final Destination 4 [2009] [720p] ][ 89 5.344352 The Hangover [720p] ][ 91 4.733854 How To Lose Friends & Alienate People   1080p ][ 95 6.301681 Meet The Parents    720p ][ 98 5.844949 Ice Age 1 [2002] [720p] ][ 104 8.627962 X-Men 3    720p ][ 106 5.943709 Braveheart 720p ][ 107 5.468433 The Final Destination 4 [2009] [720p] ][ 113 4.898315 Saving Private Ryan 720p ][ 118 9.038635 Harry Potter Collection    720p ][ 125 6.489698 Four Christmases 720P ][ 128 9.273505 Constantine 720p ][ 132 2.151809 Mission Impossible Trilogy   720p ][ 135 2.620104 Red Dragon    1080p ][ 137 9.651050 13.Going.on.30.2004.720p.BluRay.x264-METiS_tehPARADOX.COM ][ 141 8.466198 Daredevil - 720p ][ 142 5.485881 Hulk 2 - The Incredible Hulk - 720p ][ 144 5.773225 War [720p] ][ 147 3.109093 Shark Tale [2004] [1080p] ][ 148 1.111236 American Psycho   720p ][ 162 7.339061 Red Cliff    1080p ][ 164 5.889113 CJ7   720p ]
[ 1 6.805992 La Vita e Bella    720p ][ 3 8.008952 Ip Man    1080p ][ 4 2.192459 My Bloody Valentine 3D    1080p ][ 5 2.723042 Once.Upon.a.Time.in.China.1991.720p.BluRay.x264-BestHD ][ 10 9.034638 Babel.720p ][ 11 6.962996 Seven Swords    1080p ][ 13 2.209508 Sex drive   720p ][ 17 9.695907 Incredibles, The 1080p ][ 18 8.273486 Rush Hour 1-3   720p ][ 20 4.160227 Public Enemies [720p] ][ 24 5.182859 The Mummy 1-2   1080p ][ 25 1.738747 The Extreme Movie 720P ][ 28 7.897139 Shrek The Third [2007] [720p] ][ 32 2.478171 Leaving Las Vegas  720p ][ 33 5.492990 SAW III   720p ][ 37 6.725108 Sixth Sense   720p ][ 39 1.748146 Con Air   720p ][ 41 5.020980 G.I.Joe The Rise of Cobra [2009] [720p] ][ 51 8.329067 The Orphan [720] ][ 58 1.419615 American Virgin 720P ][ 62 3.795149 Final Destination ][ 68 4.688999 Red Cliff    1080p ][ 70 2.706962 Final Destination 2 ][ 72 0.350919 Species   720p ][ 75 1.826535 James Bond 16 - Licence to Kill [1989] ][ 78 5.242314 Bangkok Dangerous 720p ][ 79 0.990331 Night Train   720p ][ 81 9.225287 The.Godfather.Part.II.1974.720p.BluRay.x264-ESiR_tehPARADOX.COM ][ 82 6.553288 Banlieue 13 - Ultimatum [720p] ][ 86 7.149662 Madagascar 2 Escape 2 Africa [2008] [720p] ][ 88 9.455554 The Final Destination 4 [2009] [720p] ][ 89 5.344352 The Hangover [720p] ][ 91 4.733854 How To Lose Friends & Alienate People   1080p ][ 95 6.301681 Meet The Parents    720p ][ 98 5.844949 Ice Age 1 [2002] [720p] ][ 104 8.627962 X-Men 3    720p ][ 106 5.943709 Braveheart 720p ][ 118 9.038635 Harry Potter Collection    720p ][ 123 4.463810 13.Going.on.30.2004.720p.BluRay.x264-METiS_tehPARADOX.COM ][ 125 6.489698 Four Christmases 720P ][ 128 9.273505 Constantine 720p ][ 135 2.620104 Red Dragon    1080p ][ 137 9.651050 13.Going.on.30.2004.720p.BluRay.x264-METiS_tehPARADOX.COM ][ 143 6.750658 Ghost Rider [2007] [720p] ][ 144 5.773225 War [720p] ][ 147 3.109093 Shark Tale [2004] [1080p] ][ 148 1.111236 American Psycho   720p ][ 152 0.750281 Shrek The Third [2007] [720p] ][ 157 1.082209 The Matrix [1999] [1080p] ][ 161 4.714449 This Is It [2009] [720p] ][ 162 7.339061 Red Cliff    1080p ][ 163 1.186327 iRobot  720p ][ 164 5.889113 CJ7   720p ][ 165 7.790583 Pitch Black [720p] ][ 173 5.132709 James Bond 02 - From Russia With Love [1963] ][ 175 6.897710 12 Rounds 720p ]
[ 1 6.805992 La Vita e Bella    720p ][ 3 8.008952 Ip Man    1080p ][ 4 2.192459 My Bloody Valentine 3D    1080p ][ 5 2.723042 Once.Upon.a.Time.in.China.1991.720p.BluRay.x264-BestHD ][ 11 6.962996 Seven Swords    1080p ][ 13 2.209508 Sex drive   720p ][ 15 2.276813 James Bond 17 - Golden Eye [1995] ][ 17 9.695907 Incredibles, The 1080p ][ 18 8.273486 Rush Hour 1-3   720p ][ 20 4.160227 Public Enemies [720p] ][ 24 5.182859 The Mummy 1-2   1080p ][ 25 1.738747 The Extreme Movie 720P ][ 26 1.874808 Fast and the Furious 4 - 1080p ][ 28 7.897139 Shrek The Third [2007] [720p] ][ 33 5.492990 SAW III   720p ][ 37 6.725108 Sixth Sense   720p ][ 39 1.748146 Con Air   720p ][ 41 5.020980 G.I.Joe The Rise of Cobra [2009] [720p] ][ 48 4.365479 Mission Impossible Trilogy   720p ][ 50 2.078053 Fast and the Furious 1 - 1080p ][ 51 8.329067 The Orphan [720] ][ 54 2.126764 Equilibrium 720p ][ 58 1.419615 American Virgin 720P ][ 62 3.795149 Final Destination ][ 68 4.688999 Red Cliff    1080p ][ 70 2.706962 Final Destination 2 ][ 71 3.178866 Star Trek [2009] [1080p] ][ 72 0.350919 Species   720p ][ 75 1.826535 James Bond 16 - Licence to Kill [1989] ][ 78 5.242314 Bangkok Dangerous 720p ][ 79 0.990331 Night Train   720p ][ 81 9.225287 The.Godfather.Part.II.1974.720p.BluRay.x264-ESiR_tehPARADOX.COM ][ 82 6.553288 Banlieue 13 - Ultimatum [720p] ][ 86 7.149662 Madagascar 2 Escape 2 Africa [2008] [720p] ][ 88 9.455554 The Final Destination 4 [2009] [720p] ][ 89 5.344352 The Hangover [720p] ][ 91 4.733854 How To Lose Friends & Alienate People   1080p ][ 94 0.279093 911 Mysteries Demolition    720p ][ 95 6.301681 Meet The Parents    720p ][ 96 6.483337 High school musical II 2007    720p ][ 97 6.514555 Alone in the dark   720p ][ 98 5.844949 Ice Age 1 [2002] [720p] ][ 104 8.627962 X-Men 3    720p ][ 106 5.943709 Braveheart 720p ][ 118 9.038635 Harry Potter Collection    720p ][ 125 6.489698 Four Christmases 720P ][ 126 7.864349 Alone in the dark   720p ][ 128 9.273505 Constantine 720p ][ 134 8.732460 Lucky.Number.Slevin.2006.720p.HDDVD.x264-ESiR ][ 135 2.620104 Red Dragon    1080p ][ 137 9.651050 13.Going.on.30.2004.720p.BluRay.x264-METiS_tehPARADOX.COM ][ 143 6.750658 Ghost Rider [2007] [720p] ][ 144 5.773225 War [720p] ][ 148 1.111236 American Psycho   720p ][ 152 0.750281 Shrek The Third [2007] [720p] ][ 154 0.607905 SWAT    720p ][ 157 1.082209 The Matrix [1999] [1080p] ][ 161 4.714449 This Is It [2009] [720p] ][ 162 7.339061 Red Cliff    1080p ][ 163 1.186327 iRobot  720p ][ 164 5.889113 CJ7   720p ][ 165 7.790583 Pitch Black [720p] ][ 174 6.900407 Bee Movie   720p ][ 175 6.897710 12 Rounds 720p ]
[ 1 6.805992 La Vita e Bella    720p ][ 3 8.008952 Ip Man    1080p ][ 4 2.192459 My Bloody Valentine 3D    1080p ][ 5 2.723042 Once.Upon.a.Time.in.China.1991.720p.BluRay.x264-BestHD ][ 11 6.962996 Seven Swords    1080p ][ 13 2.209508 Sex drive   720p ][ 15 2.276813 James Bond 17 - Golden Eye [1995] ][ 18 8.273486 Rush Hour 1-3   720p ][ 20 4.160227 Public Enemies [720p] ][ 24 5.182859 The Mummy 1-2   1080p ][ 25 1.738747 The Extreme Movie 720P ][ 26 1.874808 Fast and the Furious 4 - 1080p ][ 28 7.897139 Shrek The Third [2007] [720p] ][ 33 5.492990 SAW III   720p ][ 39 1.748146 Con Air   720p ][ 41 5.020980 G.I.Joe The Rise of Cobra [2009] [720p] ][ 43 2.833791 Taken 1080p ][ 48 4.365479 Mission Impossible Trilogy   720p ][ 50 2.078053 Fast and the Furious 1 - 1080p ][ 54 2.126764 Equilibrium 720p ][ 58 1.419615 American Virgin 720P ][ 62 3.795149 Final Destination ][ 68 4.688999 Red Cliff    1080p ][ 70 2.706962 Final Destination 2 ][ 71 3.178866 Star Trek [2009] [1080p] ][ 73 8.925870 E.T   720p ][ 75 1.826535 James Bond 16 - Licence to Kill [1989] ][ 78 5.242314 Bangkok Dangerous 720p ][ 79 0.990331 Night Train   720p ][ 81 9.225287 The.Godfather.Part.II.1974.720p.BluRay.x264-ESiR_tehPARADOX.COM ][ 82 6.553288 Banlieue 13 - Ultimatum [720p] ][ 83 9.275626 Corpse Bride   720p ][ 86 7.149662 Madagascar 2 Escape 2 Africa [2008] [720p] ][ 89 5.344352 The Hangover [720p] ][ 91 4.733854 How To Lose Friends & Alienate People   1080p ][ 94 0.279093 911 Mysteries Demolition    720p ][ 95 6.301681 Meet The Parents    720p ][ 96 6.483337 High school musical II 2007    720p ][ 97 6.514555 Alone in the dark   720p ][ 98 5.844949 Ice Age 1 [2002] [720p] ][ 104 8.627962 X-Men 3    720p ][ 106 5.943709 Braveheart 720p ][ 116 0.466999 3_10 to Yuma   720p ][ 118 9.038635 Harry Potter Collection    720p ][ 120 9.067990 The.Godfather.Part.II.1974.720p.BluRay.x264-ESiR_tehPARADOX.COM ][ 121 1.363535 Pirates of Caribbean 1-2-3 Collection   1080p ][ 125 6.489698 Four Christmases 720P ][ 126 7.864349 Alone in the dark   720p ][ 128 9.273505 Constantine 720p ][ 133 7.089106 Shinjuku Incident ][ 134 8.732460 Lucky.Number.Slevin.2006.720p.HDDVD.x264-ESiR ][ 135 2.620104 Red Dragon    1080p ][ 137 9.651050 13.Going.on.30.2004.720p.BluRay.x264-METiS_tehPARADOX.COM ][ 143 6.750658 Ghost Rider [2007] [720p] ][ 148 1.111236 American Psycho   720p ][ 150 7.650559 Poseidon   1080p ][ 153 2.719510 James Bond 20 - Die Another Day [2002] [720p] ][ 154 0.607905 SWAT    720p ][ 157 1.082209 The Matrix [1999] [1080p] ][ 159 8.614697 Godzilla 720p ][ 161 4.714449 This Is It [2009] [720p] ][ 162 7.339061 Red Cliff    1080p ][ 164 5.889113 CJ7   720p ][ 165 7.790583 Pitch Black [720p] ][ 171 2.009534 Die Hard 3   720p ][ 174 6.900407 Bee Movie   720p ][ 175 6.897710 12 Rounds 720p ][ 179 2.288106 X-Men 2   1080p ][ 190 3.663057 Alexander - The Final Cut ][ 193 4.045000 Hitman    720p ][ 200 3.882044 iRobot  720p ][ 206 2.895073 Before The Devil Knows, You're Dead   1080p ]
[ 1 6.805992 La Vita e Bella    720p ][ 3 8.008952 Ip Man    1080p ][ 4 2.192459 My Bloody Valentine 3D    1080p ][ 5 2.723042 Once.Upon.a.Time.in.China.1991.720p.BluRay.x264-BestHD ][ 11 6.962996 Seven Swords    1080p ][ 13 2.209508 Sex drive   720p ][ 15 2.276813 James Bond 17 - Golden Eye [1995] ][ 18 8.273486 Rush Hour 1-3   720p ][ 20 4.160227 Public Enemies [720p] ][ 24 5.182859 The Mummy 1-2   1080p ][ 25 1.738747 The Extreme Movie 720P ][ 26 1.874808 Fast and the Furious 4 - 1080p ][ 28 7.897139 Shrek The Third [2007] [720p] ][ 33 5.492990 SAW III   720p ][ 38 6.192293 James Bond 17 - Golden Eye [1995] ][ 39 1.748146 Con Air   720p ][ 40 4.494300 007 Licence to Kill [1989] [BluRay] [720p] [DTS] ][ 41 5.020980 G.I.Joe The Rise of Cobra [2009] [720p] ][ 43 2.833791 Taken 1080p ][ 48 4.365479 Mission Impossible Trilogy   720p ][ 50 2.078053 Fast and the Furious 1 - 1080p ][ 54 2.126764 Equilibrium 720p ][ 56 7.416936 911 Mysteries Demolition    720p ][ 57 1.537156 Blood.Diamond.2006.1080p.HDDVD.x264-DEFiNiTE ][ 58 1.419615 American Virgin 720P ][ 62 3.795149 Final Destination ][ 68 4.688999 Red Cliff    1080p ][ 70 2.706962 Final Destination 2 ][ 71 3.178866 Star Trek [2009] [1080p] ][ 73 8.925870 E.T   720p ][ 75 1.826535 James Bond 16 - Licence to Kill [1989] ][ 78 5.242314 Bangkok Dangerous 720p ][ 79 0.990331 Night Train   720p ][ 81 9.225287 The.Godfather.Part.II.1974.720p.BluRay.x264-ESiR_tehPARADOX.COM ][ 82 6.553288 Banlieue 13 - Ultimatum [720p] ][ 86 7.149662 Madagascar 2 Escape 2 Africa [2008] [720p] ][ 89 5.344352 The Hangover [720p] ][ 91 4.733854 How To Lose Friends & Alienate People   1080p ][ 94 0.279093 911 Mysteries Demolition    720p ][ 95 6.301681 Meet The Parents    720p ][ 96 6.483337 High school musical II 2007    720p ][ 98 5.844949 Ice Age 1 [2002] [720p] ][ 99 4.146787 Jumper    1080p ][ 104 8.627962 X-Men 3    720p ][ 110 6.455579 Initial D [720p] ][ 116 0.466999 3_10 to Yuma   720p ][ 118 9.038635 Harry Potter Collection    720p ][ 120 9.067990 The.Godfather.Part.II.1974.720p.BluRay.x264-ESiR_tehPARADOX.COM ][ 121 1.363535 Pirates of Caribbean 1-2-3 Collection   1080p ][ 124 6.032096 Blade 1   720p ][ 125 6.489698 Four Christmases 720P ][ 126 7.864349 Alone in the dark   720p ][ 128 9.273505 Constantine 720p ][ 133 7.089106 Shinjuku Incident ][ 134 8.732460 Lucky.Number.Slevin.2006.720p.HDDVD.x264-ESiR ][ 135 2.620104 Red Dragon    1080p ][ 137 9.651050 13.Going.on.30.2004.720p.BluRay.x264-METiS_tehPARADOX.COM ][ 143 6.750658 Ghost Rider [2007] [720p] ][ 150 7.650559 Poseidon   1080p ][ 154 0.607905 SWAT    720p ][ 155 5.467306 Stargate.Continuum.2008.1080p.Bluray.DTS.x264-eVIAN ][ 157 1.082209 The Matrix [1999] [1080p] ][ 158 6.413034 Alien At The Attic 720P ][ 159 8.614697 Godzilla 720p ][ 161 4.714449 This Is It [2009] [720p] ][ 162 7.339061 Red Cliff    1080p ][ 164 5.889113 CJ7   720p ][ 165 7.790583 Pitch Black [720p] ][ 167 9.420510 Terminator.1984.720p.BluRay.x264-ESiR ][ 169 0.627988 Fantastic Four   1080p ][ 171 2.009534 Die Hard 3   720p ][ 174 6.900407 Bee Movie   720p ][ 175 6.897710 12 Rounds 720p ][ 181 2.920545 X-Men 4 - Origins Wolverine (2009)  1080p ][ 186 0.163898 Shutter   720p ][ 190 3.663057 Alexander - The Final Cut ][ 193 4.045000 Hitman    720p ][ 195 8.375302 Oceans.Twelve.2004.720p.HDDVD.x264-CDDHD ][ 200 3.882044 iRobot  720p ][ 206 2.895073 Before The Devil Knows, You're Dead   1080p ][ 212 1.037496 The Secret of Moonarce [720p] ]
