[ 58 6.325595 contents.txt ]
[ 13 9.184099 Rush Hour 1-3   720p ][ 58 6.325595 contents.txt ]
[ 13 9.184099 Rush Hour 1-3   720p ][ 24 0.571977 300 [2006] ][ 56 1.972331 Star Trek [2009] [1080p] ][ 58 6.325595 contents.txt ]
[ 13 9.184099 Rush Hour 1-3   720p ][ 24 0.571977 300 [2006] ][ 30 0.671905 The.X.Files.Fight.The.Future.1998.720p.BluRay.x264-SiNNERS ][ 40 3.591837 X-Men 3    720p ][ 58 6.325595 contents.txt ][ 75 9.515899 contents.txt ]
[ 4 2.391528 The Butterfly Effect [2004] [720p] ][ 8 7.544464 Black Hawk Down   1080p ][ 10 0.827549 Epic Movie UNRATED (2007) 720p ][ 13 9.184099 Rush Hour 1-3   720p ][ 24 0.571977 300 [2006] ][ 51 0.608545 The Mummy 1-2   1080p ][ 57 4.971235 Alien vs Predator 1-2  720p ][ 58 6.325595 contents.txt ][ 75 9.515899 contents.txt ]
[ 4 2.391528 The Butterfly Effect [2004] [720p] ][ 10 0.827549 Epic Movie UNRATED (2007) 720p ][ 13 9.184099 Rush Hour 1-3   720p ][ 24 0.571977 300 [2006] ][ 50 1.739732 Sky.Captain.And.The.World.Of.Tomorrow[www.x1949x.com]    720p ][ 51 0.608545 The Mummy 1-2   1080p ][ 57 4.971235 Alien vs Predator 1-2  720p ][ 58 6.325595 contents.txt ][ 65 3.926212 Star Wars Saga  Collection 720p ][ 75 9.515899 contents.txt ][ 77 1.337599 Crash    1080p ][ 84 1.100934 Aladdin [1992] [720p] ]
[ 4 2.391528 The Butterfly Effect [2004] [720p] ][ 7 5.325368 The Matrix   1080p ][ 10 0.827549 Epic Movie UNRATED (2007) 720p ][ 13 9.184099 Rush Hour 1-3   720p ][ 16 9.545304 SAW IV ][ 24 0.571977 300 [2006] ][ 26 2.802224 James Bond 16 - Licence to Kill [1989] ][ 33 6.114732 Rocky 2 [1979] [BluRay] [720p] [AC3] ][ 50 1.739732 Sky.Captain.And.The.World.Of.Tomorrow[www.x1949x.com]    720p ][ 51 0.608545 The Mummy 1-2   1080p ][ 57 4.971235 Alien vs Predator 1-2  720p ][ 71 8.494007 Before The Devil Knows, You're Dead   1080p ][ 74 5.629576 Rocky 2 [1979] [BluRay] [720p] [AC3] ][ 75 9.515899 contents.txt ][ 77 1.337599 Crash    1080p ][ 96 8.333197 The Chronicle of Riddick 720p ]
[ 4 2.391528 The Butterfly Effect [2004] [720p] ][ 7 5.325368 The Matrix   1080p ][ 10 0.827549 Epic Movie UNRATED (2007) 720p ][ 11 7.264558 Bangkok Dangerous 720p ][ 13 9.184099 Rush Hour 1-3   720p ][ 15 2.381418 Terminator 3 Rise Of The Machine [2003]   720p ][ 16 9.545304 SAW IV ][ 26 2.802224 James Bond 16 - Licence to Kill [1989] ][ 36 9.408004 PBS ][ 49 8.001043 Epic Movie UNRATED (2007) 720p ][ 50 1.739732 Sky.Captain.And.The.World.Of.Tomorrow[www.x1949x.com]    720p ][ 51 0.608545 The Mummy 1-2   1080p ][ 57 4.971235 Alien vs Predator 1-2  720p ][ 64 8.580430 The Last Samurai [2004] [720p] ][ 71 8.494007 Before The Devil Knows, You're Dead   1080p ][ 74 5.629576 Rocky 2 [1979] [BluRay] [720p] [AC3] ][ 75 9.515899 contents.txt ][ 77 1.337599 Crash    1080p ][ 96 8.333197 The Chronicle of Riddick 720p ][ 104 9.304878 Night At The Museum 2 [720p] ]
[ 7 5.325368 The Matrix   1080p ][ 10 0.827549 Epic Movie UNRATED (2007) 720p ][ 11 7.264558 Bangkok Dangerous 720p ][ 13 9.184099 Rush Hour 1-3   720p ][ 15 2.381418 Terminator 3 Rise Of The Machine [2003]   720p ][ 16 9.545304 SAW IV ][ 22 8.528710 James Bond 21 - Casino Royale [2006] ][ 26 2.802224 James Bond 16 - Licence to Kill [1989] ][ 36 9.408004 PBS ][ 39 2.713455 Rocky 4 [1985] [BluRay] [720p] [AC3] ][ 48 2.893908 James Bond 02 - From Russia With Love [1963] ][ 49 8.001043 Epic Movie UNRATED (2007) 720p ][ 51 0.608545 The Mummy 1-2   1080p ][ 55 7.449294 James Bond 11 - MoonRaker [1979] ][ 57 4.971235 Alien vs Predator 1-2  720p ][ 64 8.580430 The Last Samurai [2004] [720p] ][ 71 8.494007 Before The Devil Knows, You're Dead   1080p ][ 74 5.629576 Rocky 2 [1979] [BluRay] [720p] [AC3] ][ 75 9.515899 contents.txt ][ 77 1.337599 Crash    1080p ][ 103 7.973222 1408.2007.720p.BluRay.x264-SiNNERS ][ 104 9.304878 Night At The Museum 2 [720p] ][ 107 1.556619 Shutter   720p ][ 109 4.445886 Punisher Warzone [720p] ][ 111 8.238615 Race To Witch Mountain [1080p] ]
[ 5 3.646898 James Bond 12 - For Your Eyes Only [1981] ][ 7 5.325368 The Matrix   1080p ][ 10 0.827549 Epic Movie UNRATED (2007) 720p ][ 13 9.184099 Rush Hour 1-3   720p ][ 15 2.381418 Terminator 3 Rise Of The Machine [2003]   720p ][ 16 9.545304 SAW IV ][ 17 3.937906 The.Godfather.Part.I.1972.720p.BluRay.x264-ESiR ][ 22 8.528710 James Bond 21 - Casino Royale [2006] ][ 26 2.802224 James Bond 16 - Licence to Kill [1989] ][ 36 9.408004 PBS ][ 45 3.638122 Crank 2, High Voltage   1080p ][ 48 2.893908 James Bond 02 - From Russia With Love [1963] ][ 49 8.001043 Epic Movie UNRATED (2007) 720p ][ 51 0.608545 The Mummy 1-2   1080p ][ 55 7.449294 James Bond 11 - MoonRaker [1979] ][ 57 4.971235 Alien vs Predator 1-2  720p ][ 64 8.580430 The Last Samurai [2004] [720p] ][ 71 8.494007 Before The Devil Knows, You're Dead   1080p ][ 74 5.629576 Rocky 2 [1979] [BluRay] [720p] [AC3] ][ 77 1.337599 Crash    1080p ][ 85 9.153604 Erin Brockovich 2000.720p ][ 103 7.973222 1408.2007.720p.BluRay.x264-SiNNERS ][ 106 1.100108 The Tale Of Despereaux [720p] ][ 107 1.556619 Shutter   720p ][ 109 4.445886 Punisher Warzone [720p] ][ 111 8.238615 Race To Witch Mountain [1080p] ][ 119 9.158685 Defiance.1080p ][ 122 8.399611 Chicken Little 1080p ][ 125 7.598520 Batman Cartoon - Gotham Knight   720p ][ 126 2.868255 My Bloody Valentine 3D [720p] ]
[ 7 5.325368 The Matrix   1080p ][ 10 0.827549 Epic Movie UNRATED (2007) 720p ][ 13 9.184099 Rush Hour 1-3   720p ][ 15 2.381418 Terminator 3 Rise Of The Machine [2003]   720p ][ 16 9.545304 SAW IV ][ 17 3.937906 The.Godfather.Part.I.1972.720p.BluRay.x264-ESiR ][ 19 2.180929 La Vita e Bella    720p ][ 22 8.528710 James Bond 21 - Casino Royale [2006] ][ 26 2.802224 James Bond 16 - Licence to Kill [1989] ][ 28 6.484515 Banlieue 13 - Ultimatum [720p] ][ 29 0.936207 Mission Impossible Trilogy   720p ][ 35 1.330327 Juno 2007 720p ][ 36 9.408004 PBS ][ 44 7.670997 Terminator 2 Judgement Day Directors Cut [1991]   1080p ][ 45 3.638122 Crank 2, High Voltage   1080p ][ 48 2.893908 James Bond 02 - From Russia With Love [1963] ][ 49 8.001043 Epic Movie UNRATED (2007) 720p ][ 51 0.608545 The Mummy 1-2   1080p ][ 55 7.449294 James Bond 11 - MoonRaker [1979] ][ 57 4.971235 Alien vs Predator 1-2  720p ][ 71 8.494007 Before The Devil Knows, You're Dead   1080p ][ 74 5.629576 Rocky 2 [1979] [BluRay] [720p] [AC3] ][ 76 5.323694 A Bug's Life [720p] ][ 77 1.337599 Crash    1080p ][ 97 7.575230 Monsters vs Aliens - Mutant Pumpkins from Outer Space [2009] [720p] ][ 102 3.532182 The Notebook [2004] [1080p] ][ 103 7.973222 1408.2007.720p.BluRay.x264-SiNNERS ][ 106 1.100108 The Tale Of Despereaux [720p] ][ 107 1.556619 Shutter   720p ][ 111 8.238615 Race To Witch Mountain [1080p] ][ 119 9.158685 Defiance.1080p ][ 122 8.399611 Chicken Little 1080p ][ 124 7.093060 Flash Point    720p ][ 125 7.598520 Batman Cartoon - Gotham Knight   720p ][ 126 2.868255 My Bloody Valentine 3D [720p] ][ 138 9.399980 Darko 720P ]
[ 10 0.827549 Epic Movie UNRATED (2007) 720p ][ 13 9.184099 Rush Hour 1-3   720p ][ 15 2.381418 Terminator 3 Rise Of The Machine [2003]   720p ][ 16 9.545304 SAW IV ][ 17 3.937906 The.Godfather.Part.I.1972.720p.BluRay.x264-ESiR ][ 19 2.180929 La Vita e Bella    720p ][ 22 8.528710 James Bond 21 - Casino Royale [2006] ][ 26 2.802224 James Bond 16 - Licence to Kill [1989] ][ 28 6.484515 Banlieue 13 - Ultimatum [720p] ][ 29 0.936207 Mission Impossible Trilogy   720p ][ 35 1.330327 Juno 2007 720p ][ 36 9.408004 PBS ][ 42 7.743339 Resident Evil Series    1080p ][ 44 7.670997 Terminator 2 Judgement Day Directors Cut [1991]   1080p ][ 45 3.638122 Crank 2, High Voltage   1080p ][ 48 2.893908 James Bond 02 - From Russia With Love [1963] ][ 51 0.608545 The Mummy 1-2   1080p ][ 53 8.508893 The.Warlords.2007.720p.BluRay.DTS.x264-ESiR ][ 55 7.449294 James Bond 11 - MoonRaker [1979] ][ 71 8.494007 Before The Devil Knows, You're Dead   1080p ][ 72 4.307288 007 Licence to Kill [1989] [BluRay] [720p] [DTS] ][ 74 5.629576 Rocky 2 [1979] [BluRay] [720p] [AC3] ][ 76 5.323694 A Bug's Life [720p] ][ 77 1.337599 Crash    1080p ][ 83 7.668603 The Mummy 1-2   1080p ][ 87 9.304677 X-Men 1 - 1080p ][ 92 5.733821 Bride Wars   720p ][ 97 7.575230 Monsters vs Aliens - Mutant Pumpkins from Outer Space [2009] [720p] ][ 100 4.094751 The.Da.Vinci.Code.2006.720p.BluRay.x264-BestHD ][ 102 3.532182 The Notebook [2004] [1080p] ][ 103 7.973222 1408.2007.720p.BluRay.x264-SiNNERS ][ 106 1.100108 The Tale Of Despereaux [720p] ][ 107 1.556619 Shutter   720p ][ 114 8.094001 Fight.Club.1999.720p.BluRay.DTS-ES.x264-DON ][ 119 9.158685 Defiance.1080p ][ 121 7.835641 Lord Of The Ring 1 - Fellowship of the Ring (ExtEd) [1080p] ][ 122 8.399611 Chicken Little 1080p ][ 124 7.093060 Flash Point    720p ][ 125 7.598520 Batman Cartoon - Gotham Knight   720p ][ 126 2.868255 My Bloody Valentine 3D [720p] ][ 138 9.399980 Darko 720P ][ 147 1.663743 Finding Nemo [2003] [720p] ]
[ 10 0.827549 Epic Movie UNRATED (2007) 720p ][ 13 9.184099 Rush Hour 1-3   720p ][ 15 2.381418 Terminator 3 Rise Of The Machine [2003]   720p ][ 16 9.545304 SAW IV ][ 17 3.937906 The.Godfather.Part.I.1972.720p.BluRay.x264-ESiR ][ 19 2.180929 La Vita e Bella    720p ][ 22 8.528710 James Bond 21 - Casino Royale [2006] ][ 26 2.802224 James Bond 16 - Licence to Kill [1989] ][ 28 6.484515 Banlieue 13 - Ultimatum [720p] ][ 29 0.936207 Mission Impossible Trilogy   720p ][ 36 9.408004 PBS ][ 42 7.743339 Resident Evil Series    1080p ][ 44 7.670997 Terminator 2 Judgement Day Directors Cut [1991]   1080p ][ 45 3.638122 Crank 2, High Voltage   1080p ][ 47 8.707150 The.Terminal.2004.720p.HDTV.x264-ESiR ][ 48 2.893908 James Bond 02 - From Russia With Love [1963] ][ 51 0.608545 The Mummy 1-2   1080p ][ 53 8.508893 The.Warlords.2007.720p.BluRay.DTS.x264-ESiR ][ 66 1.548855 Ongbak 2003 720p ][ 68 5.973452 Crank 2, High Voltage   1080p ][ 71 8.494007 Before The Devil Knows, You're Dead   1080p ][ 72 4.307288 007 Licence to Kill [1989] [BluRay] [720p] [DTS] ][ 74 5.629576 Rocky 2 [1979] [BluRay] [720p] [AC3] ][ 76 5.323694 A Bug's Life [720p] ][ 77 1.337599 Crash    1080p ][ 79 2.156353 Monsters vs Aliens - Mutant Pumpkins from Outer Space [2009] [720p] ][ 86 3.699388 Aladdin [1992] [720p] ][ 87 9.304677 X-Men 1 - 1080p ][ 92 5.733821 Bride Wars   720p ][ 97 7.575230 Monsters vs Aliens - Mutant Pumpkins from Outer Space [2009] [720p] ][ 98 8.945379 Pearl Harbor ][ 100 4.094751 The.Da.Vinci.Code.2006.720p.BluRay.x264-BestHD ][ 102 3.532182 The Notebook [2004] [1080p] ][ 103 7.973222 1408.2007.720p.BluRay.x264-SiNNERS ][ 106 1.100108 The Tale Of Despereaux [720p] ][ 107 1.556619 Shutter   720p ][ 114 8.094001 Fight.Club.1999.720p.BluRay.DTS-ES.x264-DON ][ 119 9.158685 Defiance.1080p ][ 121 7.835641 Lord Of The Ring 1 - Fellowship of the Ring (ExtEd) [1080p] ][ 122 8.399611 Chicken Little 1080p ][ 124 7.093060 Flash Point    720p ][ 126 2.868255 My Bloody Valentine 3D [720p] ][ 133 9.312735 The Sniper 720p ][ 138 9.399980 Darko 720P ][ 143 2.134197 War [720p] ][ 147 1.663743 Finding Nemo [2003] [720p] ][ 160 9.385187 Saving Private Ryan 720p ][ 161 8.189582 Hellboy 1    1080p ][ 170 4.458416 My Bloody Valentine 3D    1080p ]
[ 10 0.827549 Epic Movie UNRATED (2007) 720p ][ 13 9.184099 Rush Hour 1-3   720p ][ 15 2.381418 Terminator 3 Rise Of The Machine [2003]   720p ][ 16 9.545304 SAW IV ][ 19 2.180929 La Vita e Bella    720p ][ 22 8.528710 James Bond 21 - Casino Royale [2006] ][ 26 2.802224 James Bond 16 - Licence to Kill [1989] ][ 28 6.484515 Banlieue 13 - Ultimatum [720p] ][ 29 0.936207 Mission Impossible Trilogy   720p ][ 31 9.743178 Twilight [2008]   720p ][ 36 9.408004 PBS ][ 38 5.738802 Alien At The Attic 720P ][ 42 7.743339 Resident Evil Series    1080p ][ 44 7.670997 Terminator 2 Judgement Day Directors Cut [1991]   1080p ][ 45 3.638122 Crank 2, High Voltage   1080p ][ 48 2.893908 James Bond 02 - From Russia With Love [1963] ][ 51 0.608545 The Mummy 1-2   1080p ][ 53 8.508893 The.Warlords.2007.720p.BluRay.DTS.x264-ESiR ][ 66 1.548855 Ongbak 2003 720p ][ 71 8.494007 Before The Devil Knows, You're Dead   1080p ][ 72 4.307288 007 Licence to Kill [1989] [BluRay] [720p] [DTS] ][ 74 5.629576 Rocky 2 [1979] [BluRay] [720p] [AC3] ][ 76 5.323694 A Bug's Life [720p] ][ 77 1.337599 Crash    1080p ][ 79 2.156353 Monsters vs Aliens - Mutant Pumpkins from Outer Space [2009] [720p] ][ 86 3.699388 Aladdin [1992] [720p] ][ 87 9.304677 X-Men 1 - 1080p ][ 89 9.605565 Coyote Ugly 1080p ][ 91 7.524321 Watchmen [720p] ][ 92 5.733821 Bride Wars   720p ][ 97 7.575230 Monsters vs Aliens - Mutant Pumpkins from Outer Space [2009] [720p] ][ 98 8.945379 Pearl Harbor ][ 100 4.094751 The.Da.Vinci.Code.2006.720p.BluRay.x264-BestHD ][ 102 3.532182 The Notebook [2004] [1080p] ][ 103 7.973222 1408.2007.720p.BluRay.x264-SiNNERS ][ 106 1.100108 The Tale Of Despereaux [720p] ][ 107 1.556619 Shutter   720p ][ 114 8.094001 Fight.Club.1999.720p.BluRay.DTS-ES.x264-DON ][ 115 3.146438 Crash    1080p ][ 119 9.158685 Defiance.1080p ][ 121 7.835641 Lord Of The Ring 1 - Fellowship of the Ring (ExtEd) [1080p] ][ 122 8.399611 Chicken Little 1080p ][ 123 8.536447 City of Embers    720p ][ 124 7.093060 Flash Point    720p ][ 126 2.868255 My Bloody Valentine 3D [720p] ][ 133 9.312735 The Sniper 720p ][ 138 9.399980 Darko 720P ][ 140 1.408610 Beauty And The Beast    720p ][ 144 8.618181 Saving Private Ryan 720p ][ 147 1.663743 Finding Nemo [2003] [720p] ][ 160 9.385187 Saving Private Ryan 720p ][ 161 8.189582 Hellboy 1    1080p ][ 168 3.982915 High school musical 2006    720p ][ 170 4.458416 My Bloody Valentine 3D    1080p ][ 174 4.711374 Lord Of The Ring  - The Two Tower   720p ][ 175 5.526529 Dead Race 720p ]
[ 10 0.827549 Epic Movie UNRATED (2007) 720p ][ 14 2.045270 Bugs.A.Rainforest.Adventure.3D.HD.DVD.REMUX.1080p.VC-1-SEBUL ][ 16 9.545304 SAW IV ][ 19 2.180929 La Vita e Bella    720p ][ 22 8.528710 James Bond 21 - Casino Royale [2006] ][ 26 2.802224 James Bond 16 - Licence to Kill [1989] ][ 28 6.484515 Banlieue 13 - Ultimatum [720p] ][ 29 0.936207 Mission Impossible Trilogy   720p ][ 31 9.743178 Twilight [2008]   720p ][ 36 9.408004 PBS ][ 38 5.738802 Alien At The Attic 720P ][ 44 7.670997 Terminator 2 Judgement Day Directors Cut [1991]   1080p ][ 45 3.638122 Crank 2, High Voltage   1080p ][ 48 2.893908 James Bond 02 - From Russia With Love [1963] ][ 51 0.608545 The Mummy 1-2   1080p ][ 53 8.508893 The.Warlords.2007.720p.BluRay.DTS.x264-ESiR ][ 66 1.548855 Ongbak 2003 720p ][ 69 4.428052 Robocop Collection   720p ][ 71 8.494007 Before The Devil Knows, You're Dead   1080p ][ 72 4.307288 007 Licence to Kill [1989] [BluRay] [720p] [DTS] ][ 74 5.629576 Rocky 2 [1979] [BluRay] [720p] [AC3] ][ 76 5.323694 A Bug's Life [720p] ][ 77 1.337599 Crash    1080p ][ 79 2.156353 Monsters vs Aliens - Mutant Pumpkins from Outer Space [2009] [720p] ][ 86 3.699388 Aladdin [1992] [720p] ][ 87 9.304677 X-Men 1 - 1080p ][ 89 9.605565 Coyote Ugly 1080p ][ 91 7.524321 Watchmen [720p] ][ 92 5.733821 Bride Wars   720p ][ 95 3.678078 The Matrix [1999] [1080p] ][ 97 7.575230 Monsters vs Aliens - Mutant Pumpkins from Outer Space [2009] [720p] ][ 98 8.945379 Pearl Harbor ][ 99 4.614455 12 Rounds 720p ][ 100 4.094751 The.Da.Vinci.Code.2006.720p.BluRay.x264-BestHD ][ 102 3.532182 The Notebook [2004] [1080p] ][ 103 7.973222 1408.2007.720p.BluRay.x264-SiNNERS ][ 106 1.100108 The Tale Of Despereaux [720p] ][ 107 1.556619 Shutter   720p ][ 114 8.094001 Fight.Club.1999.720p.BluRay.DTS-ES.x264-DON ][ 115 3.146438 Crash    1080p ][ 117 4.279548 8 Mile [2002] [720p] ][ 119 9.158685 Defiance.1080p ][ 121 7.835641 Lord Of The Ring 1 - Fellowship of the Ring (ExtEd) [1080p] ][ 124 7.093060 Flash Point    720p ][ 126 2.868255 My Bloody Valentine 3D [720p] ][ 133 9.312735 The Sniper 720p ][ 136 7.138116 Superhero Movie   1080p ][ 138 9.399980 Darko 720P ][ 140 1.408610 Beauty And The Beast    720p ][ 144 8.618181 Saving Private Ryan 720p ][ 147 1.663743 Finding Nemo [2003] [720p] ][ 150 3.674834 Oceans.Twelve.2004.720p.HDDVD.x264-CDDHD ][ 153 4.859305 The Usual Suspect    720p ][ 160 9.385187 Saving Private Ryan 720p ][ 161 8.189582 Hellboy 1    1080p ][ 165 7.397278 Finding Nemo [2003] [720p] ][ 168 3.982915 High school musical 2006    720p ][ 170 4.458416 My Bloody Valentine 3D    1080p ][ 174 4.711374 Lord Of The Ring  - The Two Tower   720p ][ 175 5.526529 Dead Race 720p ][ 176 8.604773 21   1080p ][ 180 8.446257 The Secret of Moonarce [720p] ][ 181 4.099285 Ongbak 2003 720p ][ 183 6.035921 Battle for Terra [2007] [1080p] ]
[ 2 2.499328 Chocolate 720p ][ 10 0.827549 Epic Movie UNRATED (2007) 720p ][ 16 9.545304 SAW IV ][ 19 2.180929 La Vita e Bella    720p ][ 22 8.528710 James Bond 21 - Casino Royale [2006] ][ 26 2.802224 James Bond 16 - Licence to Kill [1989] ][ 28 6.484515 Banlieue 13 - Ultimatum [720p] ][ 29 0.936207 Mission Impossible Trilogy   720p ][ 31 9.743178 Twilight [2008]   720p ][ 36 9.408004 PBS ][ 38 5.738802 Alien At The Attic 720P ][ 44 7.670997 Terminator 2 Judgement Day Directors Cut [1991]   1080p ][ 45 3.638122 Crank 2, High Voltage   1080p ][ 51 0.608545 The Mummy 1-2   1080p ][ 52 5.808145 Fearless - 720p ][ 53 8.508893 The.Warlords.2007.720p.BluRay.DTS.x264-ESiR ][ 61 4.651858 Spiderman 2   1080p ][ 66 1.548855 Ongbak 2003 720p ][ 69 4.428052 Robocop Collection   720p ][ 71 8.494007 Before The Devil Knows, You're Dead   1080p ][ 72 4.307288 007 Licence to Kill [1989] [BluRay] [720p] [DTS] ][ 74 5.629576 Rocky 2 [1979] [BluRay] [720p] [AC3] ][ 77 1.337599 Crash    1080p ][ 86 3.699388 Aladdin [1992] [720p] ][ 87 9.304677 X-Men 1 - 1080p ][ 91 7.524321 Watchmen [720p] ][ 92 5.733821 Bride Wars   720p ][ 94 0.334970 Facing The Giants 720p ][ 95 3.678078 The Matrix [1999] [1080p] ][ 97 7.575230 Monsters vs Aliens - Mutant Pumpkins from Outer Space [2009] [720p] ][ 99 4.614455 12 Rounds 720p ][ 100 4.094751 The.Da.Vinci.Code.2006.720p.BluRay.x264-BestHD ][ 102 3.532182 The Notebook [2004] [1080p] ][ 106 1.100108 The Tale Of Despereaux [720p] ][ 107 1.556619 Shutter   720p ][ 110 1.467591 Lymelife [720p] ][ 114 8.094001 Fight.Club.1999.720p.BluRay.DTS-ES.x264-DON ][ 115 3.146438 Crash    1080p ][ 117 4.279548 8 Mile [2002] [720p] ][ 119 9.158685 Defiance.1080p ][ 121 7.835641 Lord Of The Ring 1 - Fellowship of the Ring (ExtEd) [1080p] ][ 124 7.093060 Flash Point    720p ][ 126 2.868255 My Bloody Valentine 3D [720p] ][ 133 9.312735 The Sniper 720p ][ 136 7.138116 Superhero Movie   1080p ][ 138 9.399980 Darko 720P ][ 140 1.408610 Beauty And The Beast    720p ][ 144 8.618181 Saving Private Ryan 720p ][ 147 1.663743 Finding Nemo [2003] [720p] ][ 150 3.674834 Oceans.Twelve.2004.720p.HDDVD.x264-CDDHD ][ 153 4.859305 The Usual Suspect    720p ][ 156 5.818355 911 Mysteries Demolition    720p ][ 160 9.385187 Saving Private Ryan 720p ][ 161 8.189582 Hellboy 1    1080p ][ 164 4.464792 1408.2007.720p.BluRay.x264-SiNNERS ][ 165 7.397278 Finding Nemo [2003] [720p] ][ 168 3.982915 High school musical 2006    720p ][ 174 4.711374 Lord Of The Ring  - The Two Tower   720p ][ 175 5.526529 Dead Race 720p ][ 176 8.604773 21   1080p ][ 177 1.679372 The Notebook [2004] [1080p] ][ 180 8.446257 The Secret of Moonarce [720p] ][ 181 4.099285 Ongbak 2003 720p ][ 183 6.035921 Battle for Terra [2007] [1080p] ][ 193 5.736760 The Butterfly Effect 3 Revelations 720p ][ 194 1.501487 contents.txt ][ 195 4.288407 Fast and the Furious 2 - 1080p ][ 199 2.354280 contents.txt ][ 201 4.828473 Superhero Movie   1080p ][ 204 9.190851 X-Men 3   1080p ][ 207 3.614179 James Bond 08 - Live and Let Die [1973] ][ 211 8.292975 The.Escape.2009.1080p.BluRay.x264-BestHD ]
[ 2 2.499328 Chocolate 720p ][ 10 0.827549 Epic Movie UNRATED (2007) 720p ][ 12 1.389859 Underworld Series ][ 16 9.545304 SAW IV ][ 18 7.463554 Mr. & Mrs. Smith   720p ][ 19 2.180929 La Vita e Bella    720p ][ 20 7.929244 Robocop Collection   720p ][ 22 8.528710 James Bond 21 - Casino Royale [2006] ][ 26 2.802224 James Bond 16 - Licence to Kill [1989] ][ 29 0.936207 Mission Impossible Trilogy   720p ][ 31 9.743178 Twilight [2008]   720p ][ 36 9.408004 PBS ][ 38 5.738802 Alien At The Attic 720P ][ 44 7.670997 Terminator 2 Judgement Day Directors Cut [1991]   1080p ][ 45 3.638122 Crank 2, High Voltage   1080p ][ 51 0.608545 The Mummy 1-2   1080p ][ 52 5.808145 Fearless - 720p ][ 53 8.508893 The.Warlords.2007.720p.BluRay.DTS.x264-ESiR ][ 59 4.828783 Duplicity 2009   720p ][ 61 4.651858 Spiderman 2   1080p ][ 66 1.548855 Ongbak 2003 720p ][ 69 4.428052 Robocop Collection   720p ][ 71 8.494007 Before The Devil Knows, You're Dead   1080p ][ 72 4.307288 007 Licence to Kill [1989] [BluRay] [720p] [DTS] ][ 74 5.629576 Rocky 2 [1979] [BluRay] [720p] [AC3] ][ 77 1.337599 Crash    1080p ][ 86 3.699388 Aladdin [1992] [720p] ][ 91 7.524321 Watchmen [720p] ][ 92 5.733821 Bride Wars   720p ][ 94 0.334970 Facing The Giants 720p ][ 95 3.678078 The Matrix [1999] [1080p] ][ 97 7.575230 Monsters vs Aliens - Mutant Pumpkins from Outer Space [2009] [720p] ][ 100 4.094751 The.Da.Vinci.Code.2006.720p.BluRay.x264-BestHD ][ 102 3.532182 The Notebook [2004] [1080p] ][ 106 1.100108 The Tale Of Despereaux [720p] ][ 107 1.556619 Shutter   720p ][ 108 4.911026 Pirates of Caribbean 1-2-3 Collection   1080p ][ 110 1.467591 Lymelife [720p] ][ 114 8.094001 Fight.Club.1999.720p.BluRay.DTS-ES.x264-DON ][ 115 3.146438 Crash    1080p ][ 117 4.279548 8 Mile [2002] [720p] ][ 118 5.732224 Lord Of The Ring 3 - The Return of the King (ExtEd) [1080p] ][ 119 9.158685 Defiance.1080p ][ 121 7.835641 Lord Of The Ring 1 - Fellowship of the Ring (ExtEd) [1080p] ][ 124 7.093060 Flash Point    720p ][ 126 2.868255 My Bloody Valentine 3D [720p] ][ 128 8.054419 Saving Private Ryan 720p ][ 129 2.749247 Bourne Identity   720p ][ 133 9.312735 The Sniper 720p ][ 136 7.138116 Superhero Movie   1080p ][ 138 9.399980 Darko 720P ][ 139 7.236506 The Proposal [2009] [720p] ][ 140 1.408610 Beauty And The Beast    720p ][ 144 8.618181 Saving Private Ryan 720p ][ 147 1.663743 Finding Nemo [2003] [720p] ][ 150 3.674834 Oceans.Twelve.2004.720p.HDDVD.x264-CDDHD ][ 153 4.859305 The Usual Suspect    720p ][ 156 5.818355 911 Mysteries Demolition    720p ][ 160 9.385187 Saving Private Ryan 720p ][ 161 8.189582 Hellboy 1    1080p ][ 164 4.464792 1408.2007.720p.BluRay.x264-SiNNERS ][ 165 7.397278 Finding Nemo [2003] [720p] ][ 168 3.982915 High school musical 2006    720p ][ 174 4.711374 Lord Of The Ring  - The Two Tower   720p ][ 175 5.526529 Dead Race 720p ][ 176 8.604773 21   1080p ][ 177 1.679372 The Notebook [2004] [1080p] ][ 181 4.099285 Ongbak 2003 720p ][ 183 6.035921 Battle for Terra [2007] [1080p] ][ 189 3.965493 All About Steve 720P ][ 191 1.421133 XxX.2002.BDRiP.720p.AC3.5.1.READnfo.x264-DEFiNiTiON ][ 193 5.736760 The Butterfly Effect 3 Revelations 720p ][ 194 1.501487 contents.txt ][ 195 4.288407 Fast and the Furious 2 - 1080p ][ 199 2.354280 contents.txt ][ 201 4.828473 Superhero Movie   1080p ][ 204 9.190851 X-Men 3   1080p ][ 205 8.512832 Jurassic Park 1-3  1080p ][ 207 3.614179 James Bond 08 - Live and Let Die [1973] ][ 221 4.373196 La Lingerie [BluRay] [720p] [DTS] ][ 223 2.503889 Ong.Bak.2.2008.BluRay.x264-BestHD   720p ]
[ 2 2.499328 Chocolate 720p ][ 3 0.747145 Aeon Flux   720p ][ 10 0.827549 Epic Movie UNRATED (2007) 720p ][ 12 1.389859 Underworld Series ][ 16 9.545304 SAW IV ][ 18 7.463554 Mr. & Mrs. Smith   720p ][ 21 1.380002 Mission Impossible Trilogy   720p ][ 22 8.528710 James Bond 21 - Casino Royale [2006] ][ 29 0.936207 Mission Impossible Trilogy   720p ][ 31 9.743178 Twilight [2008]   720p ][ 32 9.605698 Hulk 1    1080p ][ 34 8.728437 Superman Batman Public Enemies 2009 720p ][ 36 9.408004 PBS ][ 38 5.738802 Alien At The Attic 720P ][ 44 7.670997 Terminator 2 Judgement Day Directors Cut [1991]   1080p ][ 45 3.638122 Crank 2, High Voltage   1080p ][ 46 3.107325 Horton Hears a Who! [2008] [720p] ][ 51 0.608545 The Mummy 1-2   1080p ][ 52 5.808145 Fearless - 720p ][ 53 8.508893 The.Warlords.2007.720p.BluRay.DTS.x264-ESiR ][ 59 4.828783 Duplicity 2009   720p ][ 66 1.548855 Ongbak 2003 720p ][ 69 4.428052 Robocop Collection   720p ][ 71 8.494007 Before The Devil Knows, You're Dead   1080p ][ 72 4.307288 007 Licence to Kill [1989] [BluRay] [720p] [DTS] ][ 74 5.629576 Rocky 2 [1979] [BluRay] [720p] [AC3] ][ 77 1.337599 Crash    1080p ][ 82 9.269704 The.Terminal.2004.720p.HDTV.x264-ESiR ][ 86 3.699388 Aladdin [1992] [720p] ][ 91 7.524321 Watchmen [720p] ][ 92 5.733821 Bride Wars   720p ][ 94 0.334970 Facing The Giants 720p ][ 95 3.678078 The Matrix [1999] [1080p] ][ 97 7.575230 Monsters vs Aliens - Mutant Pumpkins from Outer Space [2009] [720p] ][ 100 4.094751 The.Da.Vinci.Code.2006.720p.BluRay.x264-BestHD ][ 106 1.100108 The Tale Of Despereaux [720p] ][ 107 1.556619 Shutter   720p ][ 108 4.911026 Pirates of Caribbean 1-2-3 Collection   1080p ][ 110 1.467591 Lymelife [720p] ][ 114 8.094001 Fight.Club.1999.720p.BluRay.DTS-ES.x264-DON ][ 115 3.146438 Crash    1080p ][ 117 4.279548 8 Mile [2002] [720p] ][ 118 5.732224 Lord Of The Ring 3 - The Return of the King (ExtEd) [1080p] ][ 119 9.158685 Defiance.1080p ][ 121 7.835641 Lord Of The Ring 1 - Fellowship of the Ring (ExtEd) [1080p] ][ 124 7.093060 Flash Point    720p ][ 126 2.868255 My Bloody Valentine 3D [720p] ][ 128 8.054419 Saving Private Ryan 720p ][ 129 2.749247 Bourne Identity   720p ][ 133 9.312735 The Sniper 720p ][ 134 7.119357 Apollo 13   1080p ][ 135 0.938894 Kung Fu Panda [2008]   720p ][ 136 7.138116 Superhero Movie   1080p ][ 138 9.399980 Darko 720P ][ 139 7.236506 The Proposal [2009] [720p] ][ 140 1.408610 Beauty And The Beast    720p ][ 144 8.618181 Saving Private Ryan 720p ][ 147 1.663743 Finding Nemo [2003] [720p] ][ 150 3.674834 Oceans.Twelve.2004.720p.HDDVD.x264-CDDHD ][ 153 4.859305 The Usual Suspect    720p ][ 154 5.824871 Final Destination 2 ][ 158 8.792141 Pursuit_Of_Happyness[2006]   720p ][ 160 9.385187 Saving Private Ryan 720p ][ 161 8.189582 Hellboy 1    1080p ][ 164 4.464792 1408.2007.720p.BluRay.x264-SiNNERS ][ 168 3.982915 High school musical 2006    720p ][ 169 6.959199 Lord of war   720p ][ 174 4.711374 Lord Of The Ring  - The Two Tower   720p ][ 176 8.604773 21   1080p ][ 177 1.679372 The Notebook [2004] [1080p] ][ 181 4.099285 Ongbak 2003 720p ][ 183 6.035921 Battle for Terra [2007] [1080p] ][ 185 9.688995 Aeon Flux   720p ][ 189 3.965493 All About Steve 720P ][ 191 1.421133 XxX.2002.BDRiP.720p.AC3.5.1.READnfo.x264-DEFiNiTiON ][ 193 5.736760 The Butterfly Effect 3 Revelations 720p ][ 194 1.501487 contents.txt ][ 195 4.288407 Fast and the Furious 2 - 1080p ][ 199 2.354280 contents.txt ][ 201 4.828473 Superhero Movie   1080p ][ 204 9.190851 X-Men 3   1080p ][ 205 8.512832 Jurassic Park 1-3  1080p ][ 216 0.982429 Die Hard 1   720p ][ 221 4.373196 La Lingerie [BluRay] [720p] [DTS] ][ 223 2.503889 Ong.Bak.2.2008.BluRay.x264-BestHD   720p ][ 224 8.356363 Battlestar Galactica The Plan [720p] ][ 225 6.504233 Yes Man   720p ][ 227 1.202454 Diary.Of.A.Sex.Addict.2008.720p.BluRay.x264-FLHD ][ 239 2.718348 Red Cliff    1080p ][ 245 7.007896 Finding Nemo [2003] [720p] ]
