[ 12 3.393238 Public Enemies [720p] ]
[ 71 1.600810 Battlestar Galactica The Plan [720p] ][ 72 8.007901 Kill Shot   720p ]
[ 26 8.061161 Rocky 1 [1976]  [BluRay] [720p] [AC3] ][ 55 9.808028 007.1967.You.Only.Live.Twice.720p.hdtv.x264-nbs ][ 71 1.600810 Battlestar Galactica The Plan [720p] ][ 72 8.007901 Kill Shot   720p ]
[ 26 8.061161 Rocky 1 [1976]  [BluRay] [720p] [AC3] ][ 47 0.717699 Daredevil - 720p ][ 71 1.600810 Battlestar Galactica The Plan [720p] ][ 72 8.007901 Kill Shot   720p ][ 73 7.984596 Sixth Sense   720p ][ 96 4.440673 Death Race   720p ]
[ 1 9.906753 PIXAR Movie ][ 18 5.262283 Monsters vs Aliens [2009] [720p] ][ 35 4.007864 Kung Fu Panda Secrets of the Furious Five    720p ][ 47 0.717699 Daredevil - 720p ][ 71 1.600810 Battlestar Galactica The Plan [720p] ][ 72 8.007901 Kill Shot   720p ][ 73 7.984596 Sixth Sense   720p ][ 82 2.276506 Inkheart [2008] [720p] ][ 96 4.440673 Death Race   720p ]
[ 1 9.906753 PIXAR Movie ][ 18 5.262283 Monsters vs Aliens [2009] [720p] ][ 35 4.007864 Kung Fu Panda Secrets of the Furious Five    720p ][ 38 6.885740 Street Kings   720p ][ 47 0.717699 Daredevil - 720p ][ 66 8.265023 Race To Witch Mountain [1080p] ][ 71 1.600810 Battlestar Galactica The Plan [720p] ][ 73 7.984596 Sixth Sense   720p ][ 82 2.276506 Inkheart [2008] [720p] ][ 92 6.462895 The.Terminal.2004.720p.HDTV.x264-ESiR ][ 96 4.440673 Death Race   720p ][ 107 3.228686 The Haunting In Connecticut [2009] [720p] ]
[ 10 9.818382 Species   720p ][ 18 5.262283 Monsters vs Aliens [2009] [720p] ][ 35 4.007864 Kung Fu Panda Secrets of the Furious Five    720p ][ 38 6.885740 Street Kings   720p ][ 47 0.717699 Daredevil - 720p ][ 63 1.879989 James Bond 21 - Casino Royale [2006] ][ 66 8.265023 Race To Witch Mountain [1080p] ][ 73 7.984596 Sixth Sense   720p ][ 82 2.276506 Inkheart [2008] [720p] ][ 87 7.266092 The Haunting In Connecticut [2009] [720p] ][ 92 6.462895 The.Terminal.2004.720p.HDTV.x264-ESiR ][ 95 7.844604 Next 720P ][ 96 4.440673 Death Race   720p ][ 107 3.228686 The Haunting In Connecticut [2009] [720p] ][ 110 2.767919 Shoot.Em.Up.720p.Bluray.x264-SEPTiC ][ 112 8.738076 Seven Pounds    720p ]
[ 10 9.818382 Species   720p ][ 13 9.556405 G Force    720p ][ 18 5.262283 Monsters vs Aliens [2009] [720p] ][ 22 9.307061 Drag Me To Hell [720p] ][ 25 7.610819 X-Men 4 - Origins Wolverine (2009)  1080p ][ 35 4.007864 Kung Fu Panda Secrets of the Furious Five    720p ][ 47 0.717699 Daredevil - 720p ][ 63 1.879989 James Bond 21 - Casino Royale [2006] ][ 66 8.265023 Race To Witch Mountain [1080p] ][ 67 8.110332 Next 720P ][ 73 7.984596 Sixth Sense   720p ][ 82 2.276506 Inkheart [2008] [720p] ][ 87 7.266092 The Haunting In Connecticut [2009] [720p] ][ 92 6.462895 The.Terminal.2004.720p.HDTV.x264-ESiR ][ 95 7.844604 Next 720P ][ 96 4.440673 Death Race   720p ][ 107 3.228686 The Haunting In Connecticut [2009] [720p] ][ 110 2.767919 Shoot.Em.Up.720p.Bluray.x264-SEPTiC ][ 113 6.282348 Aeon Flux   720p ][ 114 2.092854 Rocky 2 [1979] [BluRay] [720p] [AC3] ]
[ 6 7.956689 James Bond 18 - Tommorow Never Dies [1997] [720p] ][ 10 9.818382 Species   720p ][ 13 9.556405 G Force    720p ][ 15 5.228640 The Last Samurai [2004] [720p] ][ 18 5.262283 Monsters vs Aliens [2009] [720p] ][ 22 9.307061 Drag Me To Hell [720p] ][ 23 7.956289 Final Destination 4   1080p ][ 25 7.610819 X-Men 4 - Origins Wolverine (2009)  1080p ][ 35 4.007864 Kung Fu Panda Secrets of the Furious Five    720p ][ 47 0.717699 Daredevil - 720p ][ 58 2.041056 Battlestar Galactica The Plan [720p] ][ 62 4.724119 The Matrix [1999] [1080p] ][ 66 8.265023 Race To Witch Mountain [1080p] ][ 67 8.110332 Next 720P ][ 73 7.984596 Sixth Sense   720p ][ 87 7.266092 The Haunting In Connecticut [2009] [720p] ][ 92 6.462895 The.Terminal.2004.720p.HDTV.x264-ESiR ][ 95 7.844604 Next 720P ][ 96 4.440673 Death Race   720p ][ 101 9.655239 Oxford Murders, The.720p ][ 103 5.063101 The Matrix [1999] [1080p] ][ 107 3.228686 The Haunting In Connecticut [2009] [720p] ][ 110 2.767919 Shoot.Em.Up.720p.Bluray.x264-SEPTiC ][ 113 6.282348 Aeon Flux   720p ][ 117 7.830926 Night At The Museum 2 [720p] ]
[ 6 7.956689 James Bond 18 - Tommorow Never Dies [1997] [720p] ][ 10 9.818382 Species   720p ][ 13 9.556405 G Force    720p ][ 15 5.228640 The Last Samurai [2004] [720p] ][ 16 5.585577 Final Destination 2 ][ 18 5.262283 Monsters vs Aliens [2009] [720p] ][ 22 9.307061 Drag Me To Hell [720p] ][ 23 7.956289 Final Destination 4   1080p ][ 24 8.586708 Meet The Fockers    720p ][ 25 7.610819 X-Men 4 - Origins Wolverine (2009)  1080p ][ 35 4.007864 Kung Fu Panda Secrets of the Furious Five    720p ][ 37 8.203781 SAW IV ][ 47 0.717699 Daredevil - 720p ][ 50 6.509534 CJ7   720p ][ 56 4.650938 James Bond 01 - Dr. No [1962] [720p] ][ 58 2.041056 Battlestar Galactica The Plan [720p] ][ 62 4.724119 The Matrix [1999] [1080p] ][ 66 8.265023 Race To Witch Mountain [1080p] ][ 69 0.633403 James Bond 03 - GoldFinger [1964] ][ 73 7.984596 Sixth Sense   720p ][ 92 6.462895 The.Terminal.2004.720p.HDTV.x264-ESiR ][ 95 7.844604 Next 720P ][ 96 4.440673 Death Race   720p ][ 103 5.063101 The Matrix [1999] [1080p] ][ 105 2.622617 Dolphin    720p ][ 107 3.228686 The Haunting In Connecticut [2009] [720p] ][ 113 6.282348 Aeon Flux   720p ][ 117 7.830926 Night At The Museum 2 [720p] ][ 118 9.848857 Chicken Run [2000] [720p] ][ 135 3.647293 Harry Potter Collection    720p ]
[ 6 7.956689 James Bond 18 - Tommorow Never Dies [1997] [720p] ][ 10 9.818382 Species   720p ][ 13 9.556405 G Force    720p ][ 15 5.228640 The Last Samurai [2004] [720p] ][ 16 5.585577 Final Destination 2 ][ 18 5.262283 Monsters vs Aliens [2009] [720p] ][ 22 9.307061 Drag Me To Hell [720p] ][ 23 7.956289 Final Destination 4   1080p ][ 24 8.586708 Meet The Fockers    720p ][ 25 7.610819 X-Men 4 - Origins Wolverine (2009)  1080p ][ 29 2.420898 Kill Bill Vol 2 [2004]   720p ][ 33 0.067286 Erin Brockovich 2000.720p ][ 35 4.007864 Kung Fu Panda Secrets of the Furious Five    720p ][ 37 8.203781 SAW IV ][ 40 3.537218 The Butterfly Effect [2004] [720p] ][ 50 6.509534 CJ7   720p ][ 56 4.650938 James Bond 01 - Dr. No [1962] [720p] ][ 58 2.041056 Battlestar Galactica The Plan [720p] ][ 62 4.724119 The Matrix [1999] [1080p] ][ 65 2.280739 Wanted   1080p ][ 69 0.633403 James Bond 03 - GoldFinger [1964] ][ 73 7.984596 Sixth Sense   720p ][ 92 6.462895 The.Terminal.2004.720p.HDTV.x264-ESiR ][ 94 9.847276 Ju-on__The_Grudge_(2003)   720p ][ 95 7.844604 Next 720P ][ 96 4.440673 Death Race   720p ][ 103 5.063101 The Matrix [1999] [1080p] ][ 105 2.622617 Dolphin    720p ][ 111 4.173683 SWAT    720p ][ 113 6.282348 Aeon Flux   720p ][ 117 7.830926 Night At The Museum 2 [720p] ][ 118 9.848857 Chicken Run [2000] [720p] ][ 120 7.250664 Seven Pounds    720p ][ 135 3.647293 Harry Potter Collection    720p ][ 137 6.590494 Doomsday 720p ][ 142 5.361724 The Day After Tomorrow 1080p ]
[ 6 7.956689 James Bond 18 - Tommorow Never Dies [1997] [720p] ][ 8 5.152033 The.X.Files.Fight.The.Future.1998.720p.BluRay.x264-SiNNERS ][ 9 9.301324 Orphan (2009)    1080p ][ 10 9.818382 Species   720p ][ 11 6.840365 The Butterfly Effect [2004] [720p] ][ 13 9.556405 G Force    720p ][ 15 5.228640 The Last Samurai [2004] [720p] ][ 16 5.585577 Final Destination 2 ][ 17 3.055934 Hellboy 2     1080p ][ 18 5.262283 Monsters vs Aliens [2009] [720p] ][ 22 9.307061 Drag Me To Hell [720p] ][ 23 7.956289 Final Destination 4   1080p ][ 24 8.586708 Meet The Fockers    720p ][ 25 7.610819 X-Men 4 - Origins Wolverine (2009)  1080p ][ 29 2.420898 Kill Bill Vol 2 [2004]   720p ][ 33 0.067286 Erin Brockovich 2000.720p ][ 35 4.007864 Kung Fu Panda Secrets of the Furious Five    720p ][ 36 0.162602 The Lion King [1994] [720p] ][ 37 8.203781 SAW IV ][ 46 5.152523 Beowulf   720p ][ 50 6.509534 CJ7   720p ][ 56 4.650938 James Bond 01 - Dr. No [1962] [720p] ][ 58 2.041056 Battlestar Galactica The Plan [720p] ][ 62 4.724119 The Matrix [1999] [1080p] ][ 65 2.280739 Wanted   1080p ][ 69 0.633403 James Bond 03 - GoldFinger [1964] ][ 73 7.984596 Sixth Sense   720p ][ 85 4.683743 Jurassic Park 1-3  1080p ][ 92 6.462895 The.Terminal.2004.720p.HDTV.x264-ESiR ][ 94 9.847276 Ju-on__The_Grudge_(2003)   720p ][ 95 7.844604 Next 720P ][ 103 5.063101 The Matrix [1999] [1080p] ][ 105 2.622617 Dolphin    720p ][ 111 4.173683 SWAT    720p ][ 113 6.282348 Aeon Flux   720p ][ 117 7.830926 Night At The Museum 2 [720p] ][ 118 9.848857 Chicken Run [2000] [720p] ][ 120 7.250664 Seven Pounds    720p ][ 135 3.647293 Harry Potter Collection    720p ][ 142 5.361724 The Day After Tomorrow 1080p ][ 150 5.932115 City of Embers    720p ][ 160 6.486224 James Bond 05 - You Only Live Twice [1967] ]
[ 2 8.889543 Starship Troopers 1  1080p ][ 6 7.956689 James Bond 18 - Tommorow Never Dies [1997] [720p] ][ 9 9.301324 Orphan (2009)    1080p ][ 10 9.818382 Species   720p ][ 11 6.840365 The Butterfly Effect [2004] [720p] ][ 13 9.556405 G Force    720p ][ 16 5.585577 Final Destination 2 ][ 17 3.055934 Hellboy 2     1080p ][ 22 9.307061 Drag Me To Hell [720p] ][ 23 7.956289 Final Destination 4   1080p ][ 24 8.586708 Meet The Fockers    720p ][ 25 7.610819 X-Men 4 - Origins Wolverine (2009)  1080p ][ 29 2.420898 Kill Bill Vol 2 [2004]   720p ][ 32 7.328388 9 [720p] ][ 33 0.067286 Erin Brockovich 2000.720p ][ 35 4.007864 Kung Fu Panda Secrets of the Furious Five    720p ][ 36 0.162602 The Lion King [1994] [720p] ][ 37 8.203781 SAW IV ][ 50 6.509534 CJ7   720p ][ 56 4.650938 James Bond 01 - Dr. No [1962] [720p] ][ 58 2.041056 Battlestar Galactica The Plan [720p] ][ 62 4.724119 The Matrix [1999] [1080p] ][ 65 2.280739 Wanted   1080p ][ 69 0.633403 James Bond 03 - GoldFinger [1964] ][ 85 4.683743 Jurassic Park 1-3  1080p ][ 92 6.462895 The.Terminal.2004.720p.HDTV.x264-ESiR ][ 94 9.847276 Ju-on__The_Grudge_(2003)   720p ][ 95 7.844604 Next 720P ][ 103 5.063101 The Matrix [1999] [1080p] ][ 104 1.936115 Facing The Giants 720p ][ 105 2.622617 Dolphin    720p ][ 109 1.192523 Constantine HDDVD 1080p DTS x264 ][ 111 4.173683 SWAT    720p ][ 113 6.282348 Aeon Flux   720p ][ 117 7.830926 Night At The Museum 2 [720p] ][ 118 9.848857 Chicken Run [2000] [720p] ][ 120 7.250664 Seven Pounds    720p ][ 124 3.689190 Black Hawk Down   1080p ][ 129 9.833574 contents.txt ][ 131 9.208767 American Beauty   720p ][ 135 3.647293 Harry Potter Collection    720p ][ 142 5.361724 The Day After Tomorrow 1080p ][ 144 1.889833 Blood River 720P ][ 146 8.184422 Sky.Captain.And.The.World.Of.Tomorrow[www.x1949x.com]    720p ][ 150 5.932115 City of Embers    720p ][ 156 3.298707 Braveheart 720p ][ 160 6.486224 James Bond 05 - You Only Live Twice [1967] ][ 163 3.060623 Shinjuku Incident ][ 168 1.614924 Gladiator 1080p ]
[ 2 8.889543 Starship Troopers 1  1080p ][ 3 3.312495 The Secret of Moonarce [720p] ][ 4 1.047163 Dragonball Evolution [2009] [720p] ][ 6 7.956689 James Bond 18 - Tommorow Never Dies [1997] [720p] ][ 9 9.301324 Orphan (2009)    1080p ][ 10 9.818382 Species   720p ][ 11 6.840365 The Butterfly Effect [2004] [720p] ][ 13 9.556405 G Force    720p ][ 16 5.585577 Final Destination 2 ][ 17 3.055934 Hellboy 2     1080p ][ 23 7.956289 Final Destination 4   1080p ][ 24 8.586708 Meet The Fockers    720p ][ 25 7.610819 X-Men 4 - Origins Wolverine (2009)  1080p ][ 29 2.420898 Kill Bill Vol 2 [2004]   720p ][ 32 7.328388 9 [720p] ][ 33 0.067286 Erin Brockovich 2000.720p ][ 35 4.007864 Kung Fu Panda Secrets of the Furious Five    720p ][ 36 0.162602 The Lion King [1994] [720p] ][ 37 8.203781 SAW IV ][ 42 7.665416 Fantastic Four   1080p ][ 44 0.228473 Pirates of Caribbean 1-2-3 Collection   1080p ][ 50 6.509534 CJ7   720p ][ 52 0.666118 007.Die Another Day.avi ][ 54 9.000566 1408.2007.720p.BluRay.x264-SiNNERS ][ 56 4.650938 James Bond 01 - Dr. No [1962] [720p] ][ 58 2.041056 Battlestar Galactica The Plan [720p] ][ 69 0.633403 James Bond 03 - GoldFinger [1964] ][ 85 4.683743 Jurassic Park 1-3  1080p ][ 90 0.528415 Click   1080p ][ 92 6.462895 The.Terminal.2004.720p.HDTV.x264-ESiR ][ 94 9.847276 Ju-on__The_Grudge_(2003)   720p ][ 95 7.844604 Next 720P ][ 103 5.063101 The Matrix [1999] [1080p] ][ 104 1.936115 Facing The Giants 720p ][ 105 2.622617 Dolphin    720p ][ 111 4.173683 SWAT    720p ][ 113 6.282348 Aeon Flux   720p ][ 117 7.830926 Night At The Museum 2 [720p] ][ 118 9.848857 Chicken Run [2000] [720p] ][ 119 2.433384 Cloverfield   1080p ][ 120 7.250664 Seven Pounds    720p ][ 126 8.166246 Dragon Wars   720p ][ 129 9.833574 contents.txt ][ 135 3.647293 Harry Potter Collection    720p ][ 142 5.361724 The Day After Tomorrow 1080p ][ 144 1.889833 Blood River 720P ][ 145 8.302090 Taken 1080p ][ 146 8.184422 Sky.Captain.And.The.World.Of.Tomorrow[www.x1949x.com]    720p ][ 147 2.644563 Ip Man [2009]    720p ][ 150 5.932115 City of Embers    720p ][ 156 3.298707 Braveheart 720p ][ 160 6.486224 James Bond 05 - You Only Live Twice [1967] ][ 163 3.060623 Shinjuku Incident ][ 168 1.614924 Gladiator 1080p ][ 175 0.759817 The.Shawshank.Redemption.1994.1080p.BluRay.x264-CiNEFiLE ][ 189 8.280451 Cellular.2004.HDTV.720p.AC3.x264-BTT ]
[ 0 9.853295 Diary.Of.A.Sex.Addict.2008.720p.BluRay.x264-FLHD ][ 2 8.889543 Starship Troopers 1  1080p ][ 3 3.312495 The Secret of Moonarce [720p] ][ 4 1.047163 Dragonball Evolution [2009] [720p] ][ 6 7.956689 James Bond 18 - Tommorow Never Dies [1997] [720p] ][ 9 9.301324 Orphan (2009)    1080p ][ 10 9.818382 Species   720p ][ 11 6.840365 The Butterfly Effect [2004] [720p] ][ 13 9.556405 G Force    720p ][ 16 5.585577 Final Destination 2 ][ 17 3.055934 Hellboy 2     1080p ][ 23 7.956289 Final Destination 4   1080p ][ 24 8.586708 Meet The Fockers    720p ][ 25 7.610819 X-Men 4 - Origins Wolverine (2009)  1080p ][ 29 2.420898 Kill Bill Vol 2 [2004]   720p ][ 30 4.626838 Robots.WS.AC3.x264.BluRay-PTM   720p ][ 31 9.190268 Incredibles, The 1080p ][ 33 0.067286 Erin Brockovich 2000.720p ][ 35 4.007864 Kung Fu Panda Secrets of the Furious Five    720p ][ 37 8.203781 SAW IV ][ 44 0.228473 Pirates of Caribbean 1-2-3 Collection   1080p ][ 45 0.015734 The Italian Job [2003] [720p] ][ 54 9.000566 1408.2007.720p.BluRay.x264-SiNNERS ][ 56 4.650938 James Bond 01 - Dr. No [1962] [720p] ][ 58 2.041056 Battlestar Galactica The Plan [720p] ][ 68 0.280271 Species   720p ][ 69 0.633403 James Bond 03 - GoldFinger [1964] ][ 74 1.689046 Armageddon [1998] [720p] ][ 78 9.883615 James Bond 21 - Casino Royale [2006] ][ 80 5.904600 James Bond 18 - Tommorow Never Dies [1997] [720p] ][ 81 9.095364 Final Destination 4   1080p ][ 85 4.683743 Jurassic Park 1-3  1080p ][ 90 0.528415 Click   1080p ][ 91 0.945472 Sex drive   720p ][ 92 6.462895 The.Terminal.2004.720p.HDTV.x264-ESiR ][ 94 9.847276 Ju-on__The_Grudge_(2003)   720p ][ 103 5.063101 The Matrix [1999] [1080p] ][ 104 1.936115 Facing The Giants 720p ][ 105 2.622617 Dolphin    720p ][ 111 4.173683 SWAT    720p ][ 113 6.282348 Aeon Flux   720p ][ 117 7.830926 Night At The Museum 2 [720p] ][ 118 9.848857 Chicken Run [2000] [720p] ][ 119 2.433384 Cloverfield   1080p ][ 120 7.250664 Seven Pounds    720p ][ 126 8.166246 Dragon Wars   720p ][ 127 7.973882 The Uninvited [2009] [720p] ][ 129 9.833574 contents.txt ][ 135 3.647293 Harry Potter Collection    720p ][ 136 6.905008 Breach 1080p ][ 142 5.361724 The Day After Tomorrow 1080p ][ 144 1.889833 Blood River 720P ][ 145 8.302090 Taken 1080p ][ 146 8.184422 Sky.Captain.And.The.World.Of.Tomorrow[www.x1949x.com]    720p ][ 150 5.932115 City of Embers    720p ][ 156 3.298707 Braveheart 720p ][ 159 3.046685 Pursuit_Of_Happyness[2006]   720p ][ 160 6.486224 James Bond 05 - You Only Live Twice [1967] ][ 163 3.060623 Shinjuku Incident ][ 168 1.614924 Gladiator 1080p ][ 175 0.759817 The.Shawshank.Redemption.1994.1080p.BluRay.x264-CiNEFiLE ][ 181 1.692945 Shoot.Em.Up.720p.Bluray.x264-SEPTiC ][ 189 8.280451 Cellular.2004.HDTV.720p.AC3.x264-BTT ][ 200 0.690886 National Geographic - The Koran [720p] [Documenter] ]
[ 2 8.889543 Starship Troopers 1  1080p ][ 3 3.312495 The Secret of Moonarce [720p] ][ 4 1.047163 Dragonball Evolution [2009] [720p] ][ 9 9.301324 Orphan (2009)    1080p ][ 10 9.818382 Species   720p ][ 11 6.840365 The Butterfly Effect [2004] [720p] ][ 14 7.770925 Rocky 4 [1985] [BluRay] [720p] [AC3] ][ 16 5.585577 Final Destination 2 ][ 17 3.055934 Hellboy 2     1080p ][ 21 1.858861 X-Men 4 - Origins Wolverine (2009)  1080p ][ 23 7.956289 Final Destination 4   1080p ][ 24 8.586708 Meet The Fockers    720p ][ 25 7.610819 X-Men 4 - Origins Wolverine (2009)  1080p ][ 29 2.420898 Kill Bill Vol 2 [2004]   720p ][ 30 4.626838 Robots.WS.AC3.x264.BluRay-PTM   720p ][ 31 9.190268 Incredibles, The 1080p ][ 33 0.067286 Erin Brockovich 2000.720p ][ 35 4.007864 Kung Fu Panda Secrets of the Furious Five    720p ][ 37 8.203781 SAW IV ][ 44 0.228473 Pirates of Caribbean 1-2-3 Collection   1080p ][ 45 0.015734 The Italian Job [2003] [720p] ][ 54 9.000566 1408.2007.720p.BluRay.x264-SiNNERS ][ 56 4.650938 James Bond 01 - Dr. No [1962] [720p] ][ 58 2.041056 Battlestar Galactica The Plan [720p] ][ 61 0.106983 Indiana Jones Trilogy   720p ][ 68 0.280271 Species   720p ][ 69 0.633403 James Bond 03 - GoldFinger [1964] ][ 74 1.689046 Armageddon [1998] [720p] ][ 78 9.883615 James Bond 21 - Casino Royale [2006] ][ 80 5.904600 James Bond 18 - Tommorow Never Dies [1997] [720p] ][ 81 9.095364 Final Destination 4   1080p ][ 85 4.683743 Jurassic Park 1-3  1080p ][ 90 0.528415 Click   1080p ][ 91 0.945472 Sex drive   720p ][ 92 6.462895 The.Terminal.2004.720p.HDTV.x264-ESiR ][ 94 9.847276 Ju-on__The_Grudge_(2003)   720p ][ 99 2.127582 Fantastic Four   1080p ][ 103 5.063101 The Matrix [1999] [1080p] ][ 104 1.936115 Facing The Giants 720p ][ 105 2.622617 Dolphin    720p ][ 108 2.886087 The Matrix Reloaded   1080p ][ 111 4.173683 SWAT    720p ][ 113 6.282348 Aeon Flux   720p ][ 117 7.830926 Night At The Museum 2 [720p] ][ 118 9.848857 Chicken Run [2000] [720p] ][ 119 2.433384 Cloverfield   1080p ][ 120 7.250664 Seven Pounds    720p ][ 126 8.166246 Dragon Wars   720p ][ 127 7.973882 The Uninvited [2009] [720p] ][ 133 5.724284 Crank 2, High Voltage   1080p ][ 135 3.647293 Harry Potter Collection    720p ][ 136 6.905008 Breach 1080p ][ 139 4.874087 Click   720p ][ 144 1.889833 Blood River 720P ][ 146 8.184422 Sky.Captain.And.The.World.Of.Tomorrow[www.x1949x.com]    720p ][ 148 1.061292 Lust Caution   720p ][ 150 5.932115 City of Embers    720p ][ 154 6.929290 Once.Upon.a.Time.in.China.1991.720p.BluRay.x264-BestHD ][ 156 3.298707 Braveheart 720p ][ 159 3.046685 Pursuit_Of_Happyness[2006]   720p ][ 160 6.486224 James Bond 05 - You Only Live Twice [1967] ][ 162 9.252957 Music.And.Lyrics.720p.HDDVD.x264-REVEiLLE ][ 163 3.060623 Shinjuku Incident ][ 165 6.898618 Hero    1080p ][ 168 1.614924 Gladiator 1080p ][ 175 0.759817 The.Shawshank.Redemption.1994.1080p.BluRay.x264-CiNEFiLE ][ 181 1.692945 Shoot.Em.Up.720p.Bluray.x264-SEPTiC ][ 189 8.280451 Cellular.2004.HDTV.720p.AC3.x264-BTT ][ 193 9.078416 Hellboy 2     1080p ][ 194 9.218949 Once.Upon.a.Time.in.China.1991.720p.BluRay.x264-BestHD ][ 200 0.690886 National Geographic - The Koran [720p] [Documenter] ][ 202 5.051307 Star Trek Collection 1-9    720p ]
[ 2 8.889543 Starship Troopers 1  1080p ][ 3 3.312495 The Secret of Moonarce [720p] ][ 9 9.301324 Orphan (2009)    1080p ][ 10 9.818382 Species   720p ][ 11 6.840365 The Butterfly Effect [2004] [720p] ][ 14 7.770925 Rocky 4 [1985] [BluRay] [720p] [AC3] ][ 16 5.585577 Final Destination 2 ][ 17 3.055934 Hellboy 2     1080p ][ 21 1.858861 X-Men 4 - Origins Wolverine (2009)  1080p ][ 23 7.956289 Final Destination 4   1080p ][ 25 7.610819 X-Men 4 - Origins Wolverine (2009)  1080p ][ 29 2.420898 Kill Bill Vol 2 [2004]   720p ][ 31 9.190268 Incredibles, The 1080p ][ 35 4.007864 Kung Fu Panda Secrets of the Furious Five    720p ][ 37 8.203781 SAW IV ][ 44 0.228473 Pirates of Caribbean 1-2-3 Collection   1080p ][ 45 0.015734 The Italian Job [2003] [720p] ][ 48 7.831920 007.1983.Never.Say.Never.Again.1080p.BluRay.x264-CiNEFiLE ][ 49 7.512978 XxX.2002.BDRiP.720p.AC3.5.1.READnfo.x264-DEFiNiTiON ][ 54 9.000566 1408.2007.720p.BluRay.x264-SiNNERS ][ 56 4.650938 James Bond 01 - Dr. No [1962] [720p] ][ 58 2.041056 Battlestar Galactica The Plan [720p] ][ 61 0.106983 Indiana Jones Trilogy   720p ][ 68 0.280271 Species   720p ][ 69 0.633403 James Bond 03 - GoldFinger [1964] ][ 74 1.689046 Armageddon [1998] [720p] ][ 78 9.883615 James Bond 21 - Casino Royale [2006] ][ 80 5.904600 James Bond 18 - Tommorow Never Dies [1997] [720p] ][ 81 9.095364 Final Destination 4   1080p ][ 85 4.683743 Jurassic Park 1-3  1080p ][ 88 1.298860 The Empress and the Warriors [2008] [720p] ][ 90 0.528415 Click   1080p ][ 91 0.945472 Sex drive   720p ][ 94 9.847276 Ju-on__The_Grudge_(2003)   720p ][ 98 9.591164 The Bank Job [720p] ][ 99 2.127582 Fantastic Four   1080p ][ 103 5.063101 The Matrix [1999] [1080p] ][ 104 1.936115 Facing The Giants 720p ][ 105 2.622617 Dolphin    720p ][ 108 2.886087 The Matrix Reloaded   1080p ][ 111 4.173683 SWAT    720p ][ 113 6.282348 Aeon Flux   720p ][ 117 7.830926 Night At The Museum 2 [720p] ][ 118 9.848857 Chicken Run [2000] [720p] ][ 119 2.433384 Cloverfield   1080p ][ 120 7.250664 Seven Pounds    720p ][ 126 8.166246 Dragon Wars   720p ][ 127 7.973882 The Uninvited [2009] [720p] ][ 128 8.411075 Chocolate 720p ][ 133 5.724284 Crank 2, High Voltage   1080p ][ 135 3.647293 Harry Potter Collection    720p ][ 139 4.874087 Click   720p ][ 144 1.889833 Blood River 720P ][ 146 8.184422 Sky.Captain.And.The.World.Of.Tomorrow[www.x1949x.com]    720p ][ 148 1.061292 Lust Caution   720p ][ 150 5.932115 City of Embers    720p ][ 155 8.886091 Lord Of The Ring  - The Fellowship Of The Ring   720p ][ 156 3.298707 Braveheart 720p ][ 158 3.666336 Stargate.Continuum.2008.1080p.Bluray.DTS.x264-eVIAN ][ 159 3.046685 Pursuit_Of_Happyness[2006]   720p ][ 160 6.486224 James Bond 05 - You Only Live Twice [1967] ][ 162 9.252957 Music.And.Lyrics.720p.HDDVD.x264-REVEiLLE ][ 163 3.060623 Shinjuku Incident ][ 165 6.898618 Hero    1080p ][ 168 1.614924 Gladiator 1080p ][ 170 2.286200 Scooby.Doo.The.Mystery.Begins.2009   720p ][ 174 6.338540 300 [2006] ][ 175 0.759817 The.Shawshank.Redemption.1994.1080p.BluRay.x264-CiNEFiLE ][ 177 4.831017 Star Wars Saga  Collection 720p ][ 181 1.692945 Shoot.Em.Up.720p.Bluray.x264-SEPTiC ][ 189 8.280451 Cellular.2004.HDTV.720p.AC3.x264-BTT ][ 193 9.078416 Hellboy 2     1080p ][ 194 9.218949 Once.Upon.a.Time.in.China.1991.720p.BluRay.x264-BestHD ][ 198 0.271210 National Geographic - The Koran [720p] [Documenter] ][ 200 0.690886 National Geographic - The Koran [720p] [Documenter] ][ 201 6.461781 IMAX Ring of Fire [720p] [Documenter] ][ 202 5.051307 Star Trek Collection 1-9    720p ][ 204 4.835581 The X Files - I Want To Believe    720p ][ 207 9.376049 Meet The Fockers    720p ][ 217 6.590452 Dragonball Evolution [2009] [720p] ][ 222 2.233762 The Mist   720p ]
[ 2 8.889543 Starship Troopers 1  1080p ][ 3 3.312495 The Secret of Moonarce [720p] ][ 9 9.301324 Orphan (2009)    1080p ][ 10 9.818382 Species   720p ][ 11 6.840365 The Butterfly Effect [2004] [720p] ][ 14 7.770925 Rocky 4 [1985] [BluRay] [720p] [AC3] ][ 16 5.585577 Final Destination 2 ][ 17 3.055934 Hellboy 2     1080p ][ 19 1.165748 Watchmen [720p] ][ 21 1.858861 X-Men 4 - Origins Wolverine (2009)  1080p ][ 23 7.956289 Final Destination 4   1080p ][ 25 7.610819 X-Men 4 - Origins Wolverine (2009)  1080p ][ 27 4.159039 catch me if u can - 720p ][ 29 2.420898 Kill Bill Vol 2 [2004]   720p ][ 31 9.190268 Incredibles, The 1080p ][ 35 4.007864 Kung Fu Panda Secrets of the Furious Five    720p ][ 37 8.203781 SAW IV ][ 43 6.507070 I Am Legend    720p ][ 44 0.228473 Pirates of Caribbean 1-2-3 Collection   1080p ][ 45 0.015734 The Italian Job [2003] [720p] ][ 48 7.831920 007.1983.Never.Say.Never.Again.1080p.BluRay.x264-CiNEFiLE ][ 49 7.512978 XxX.2002.BDRiP.720p.AC3.5.1.READnfo.x264-DEFiNiTiON ][ 54 9.000566 1408.2007.720p.BluRay.x264-SiNNERS ][ 56 4.650938 James Bond 01 - Dr. No [1962] [720p] ][ 58 2.041056 Battlestar Galactica The Plan [720p] ][ 61 0.106983 Indiana Jones Trilogy   720p ][ 68 0.280271 Species   720p ][ 69 0.633403 James Bond 03 - GoldFinger [1964] ][ 74 1.689046 Armageddon [1998] [720p] ][ 75 7.471003 Pitch Black [720p] ][ 78 9.883615 James Bond 21 - Casino Royale [2006] ][ 80 5.904600 James Bond 18 - Tommorow Never Dies [1997] [720p] ][ 81 9.095364 Final Destination 4   1080p ][ 85 4.683743 Jurassic Park 1-3  1080p ][ 88 1.298860 The Empress and the Warriors [2008] [720p] ][ 90 0.528415 Click   1080p ][ 91 0.945472 Sex drive   720p ][ 94 9.847276 Ju-on__The_Grudge_(2003)   720p ][ 98 9.591164 The Bank Job [720p] ][ 99 2.127582 Fantastic Four   1080p ][ 103 5.063101 The Matrix [1999] [1080p] ][ 104 1.936115 Facing The Giants 720p ][ 105 2.622617 Dolphin    720p ][ 108 2.886087 The Matrix Reloaded   1080p ][ 111 4.173683 SWAT    720p ][ 113 6.282348 Aeon Flux   720p ][ 116 3.405900 10,000 BC 720p ][ 117 7.830926 Night At The Museum 2 [720p] ][ 118 9.848857 Chicken Run [2000] [720p] ][ 119 2.433384 Cloverfield   1080p ][ 120 7.250664 Seven Pounds    720p ][ 126 8.166246 Dragon Wars   720p ][ 127 7.973882 The Uninvited [2009] [720p] ][ 133 5.724284 Crank 2, High Voltage   1080p ][ 135 3.647293 Harry Potter Collection    720p ][ 139 4.874087 Click   720p ][ 144 1.889833 Blood River 720P ][ 146 8.184422 Sky.Captain.And.The.World.Of.Tomorrow[www.x1949x.com]    720p ][ 148 1.061292 Lust Caution   720p ][ 150 5.932115 City of Embers    720p ][ 155 8.886091 Lord Of The Ring  - The Fellowship Of The Ring   720p ][ 156 3.298707 Braveheart 720p ][ 158 3.666336 Stargate.Continuum.2008.1080p.Bluray.DTS.x264-eVIAN ][ 159 3.046685 Pursuit_Of_Happyness[2006]   720p ][ 160 6.486224 James Bond 05 - You Only Live Twice [1967] ][ 162 9.252957 Music.And.Lyrics.720p.HDDVD.x264-REVEiLLE ][ 163 3.060623 Shinjuku Incident ][ 165 6.898618 Hero    1080p ][ 170 2.286200 Scooby.Doo.The.Mystery.Begins.2009   720p ][ 174 6.338540 300 [2006] ][ 176 5.067552 Doomsday 720p ][ 177 4.831017 Star Wars Saga  Collection 720p ][ 179 1.512259 5_Centimeters_Per_Second_(2007)_[720p,BluRay,x264]_-_THORA ][ 181 1.692945 Shoot.Em.Up.720p.Bluray.x264-SEPTiC ][ 182 5.802847 Hancock    1080p ][ 191 7.628334 Se7en [720p] ][ 194 9.218949 Once.Upon.a.Time.in.China.1991.720p.BluRay.x264-BestHD ][ 197 4.494217 Death Race   720p ][ 200 0.690886 National Geographic - The Koran [720p] [Documenter] ][ 201 6.461781 IMAX Ring of Fire [720p] [Documenter] ][ 202 5.051307 Star Trek Collection 1-9    720p ][ 206 5.169283 Max Payne    720p ][ 207 9.376049 Meet The Fockers    720p ][ 215 6.728399 Public Enemies [720p] ][ 222 2.233762 The Mist   720p ][ 227 4.934787 Lust Caution   720p ][ 229 9.749298 James Bond 08 - Live and Let Die [1973] ][ 232 1.076532 Alexander - The Final Cut ][ 242 8.851378 Red Cliff    1080p ][ 247 1.994197 IMAX Ring of Fire [720p] [Documenter] ]
