[ 15 1.232048 Sex drive   720p ]
[ 16 8.937970 The Notebook [2004] [1080p] ][ 33 8.897247 Blood - The Last Vampire [2009] [720p] ]
[ 16 8.937970 The Notebook [2004] [1080p] ][ 33 8.897247 Blood - The Last Vampire [2009] [720p] ][ 78 5.250978 War [720p] ][ 87 1.853933 James Bond 12 - For Your Eyes Only [1981] ]
[ 16 8.937970 The Notebook [2004] [1080p] ][ 29 4.299611 Indiana Jones Trilogy   720p ][ 33 8.897247 Blood - The Last Vampire [2009] [720p] ][ 78 5.250978 War [720p] ][ 87 1.853933 James Bond 12 - For Your Eyes Only [1981] ][ 91 4.789902 Superhero Movie   1080p ]
[ 14 7.905733 Bad Boy I [1995] [720p] ][ 16 8.937970 The Notebook [2004] [1080p] ][ 29 4.299611 Indiana Jones Trilogy   720p ][ 33 8.897247 Blood - The Last Vampire [2009] [720p] ][ 35 6.497402 Red Cliff    1080p ][ 65 4.602341 Bedtime.Stories.720p.BluRay.x264-REFiNED ][ 82 5.755893 enemy at the gates    1080p ][ 87 1.853933 James Bond 12 - For Your Eyes Only [1981] ][ 91 4.789902 Superhero Movie   1080p ]
[ 8 1.913065 Leon_The Professional.HD   720p ][ 14 7.905733 Bad Boy I [1995] [720p] ][ 22 8.403988 Ice Age 1 [2002] [720p] ][ 29 4.299611 Indiana Jones Trilogy   720p ][ 33 8.897247 Blood - The Last Vampire [2009] [720p] ][ 35 6.497402 Red Cliff    1080p ][ 52 5.530985 Jurassic Park 1-3  1080p ][ 57 5.471086 Big Nothing   720p ][ 82 5.755893 enemy at the gates    1080p ][ 86 9.624819 X-Men 1 - 1080p ][ 87 1.853933 James Bond 12 - For Your Eyes Only [1981] ][ 91 4.789902 Superhero Movie   1080p ]
[ 14 7.905733 Bad Boy I [1995] [720p] ][ 19 1.328457 Core   720p ][ 22 8.403988 Ice Age 1 [2002] [720p] ][ 24 0.748702 Diary.Of.A.Sex.Addict.2008.720p.BluRay.x264-FLHD ][ 25 3.746128 Die Hard 3   720p ][ 31 9.015584 SAW III   720p ][ 35 6.497402 Red Cliff    1080p ][ 39 9.676174 The Secret of Moonarce [720p] ][ 52 5.530985 Jurassic Park 1-3  1080p ][ 57 5.471086 Big Nothing   720p ][ 71 5.023026 Kung Fu Hustle   720p ][ 82 5.755893 enemy at the gates    1080p ][ 86 9.624819 X-Men 1 - 1080p ][ 87 1.853933 James Bond 12 - For Your Eyes Only [1981] ][ 91 4.789902 Superhero Movie   1080p ][ 101 5.166624 Star Trek Collection 1-9    720p ]
[ 10 9.968459 The Tale Of Despereaux [720p] ][ 14 7.905733 Bad Boy I [1995] [720p] ][ 17 8.612505 The Butterfly Effect 3 Revelations 720p ][ 19 1.328457 Core   720p ][ 22 8.403988 Ice Age 1 [2002] [720p] ][ 24 0.748702 Diary.Of.A.Sex.Addict.2008.720p.BluRay.x264-FLHD ][ 25 3.746128 Die Hard 3   720p ][ 26 6.039230 Beauty.And.The.Beast.1991.720p.HDTV.x264-hV ][ 28 7.669969 Basic Instinct 720p ][ 31 9.015584 SAW III   720p ][ 35 6.497402 Red Cliff    1080p ][ 36 6.323775 Kung Fu Panda [2008]   720p ][ 39 9.676174 The Secret of Moonarce [720p] ][ 52 5.530985 Jurassic Park 1-3  1080p ][ 57 5.471086 Big Nothing   720p ][ 71 5.023026 Kung Fu Hustle   720p ][ 82 5.755893 enemy at the gates    1080p ][ 86 9.624819 X-Men 1 - 1080p ][ 96 5.961816 The Matrix Reloaded   1080p ][ 110 9.683007 Lord Of The Ring  - The Fellowship Of The Ring   720p ]
[ 10 9.968459 The Tale Of Despereaux [720p] ][ 14 7.905733 Bad Boy I [1995] [720p] ][ 19 1.328457 Core   720p ][ 22 8.403988 Ice Age 1 [2002] [720p] ][ 24 0.748702 Diary.Of.A.Sex.Addict.2008.720p.BluRay.x264-FLHD ][ 25 3.746128 Die Hard 3   720p ][ 26 6.039230 Beauty.And.The.Beast.1991.720p.HDTV.x264-hV ][ 28 7.669969 Basic Instinct 720p ][ 31 9.015584 SAW III   720p ][ 35 6.497402 Red Cliff    1080p ][ 36 6.323775 Kung Fu Panda [2008]   720p ][ 39 9.676174 The Secret of Moonarce [720p] ][ 43 0.738216 Robocop Collection   720p ][ 47 9.781596 Babel.720p ][ 49 5.917027 James Bond 18 - Tommorow Never Dies [1997] [720p] ][ 52 5.530985 Jurassic Park 1-3  1080p ][ 54 5.947941 Doomsday 720p ][ 57 5.471086 Big Nothing   720p ][ 59 9.957196 Seven Pounds    720p ][ 81 4.559130 Cloverfield   1080p ][ 86 9.624819 X-Men 1 - 1080p ][ 96 5.961816 The Matrix Reloaded   1080p ][ 103 0.794840 Romeo And Juliet   720p ][ 106 8.206995 Burn E [720p] ][ 110 9.683007 Lord Of The Ring  - The Fellowship Of The Ring   720p ]
[ 10 9.968459 The Tale Of Despereaux [720p] ][ 14 7.905733 Bad Boy I [1995] [720p] ][ 19 1.328457 Core   720p ][ 22 8.403988 Ice Age 1 [2002] [720p] ][ 24 0.748702 Diary.Of.A.Sex.Addict.2008.720p.BluRay.x264-FLHD ][ 25 3.746128 Die Hard 3   720p ][ 26 6.039230 Beauty.And.The.Beast.1991.720p.HDTV.x264-hV ][ 28 7.669969 Basic Instinct 720p ][ 31 9.015584 SAW III   720p ][ 35 6.497402 Red Cliff    1080p ][ 39 9.676174 The Secret of Moonarce [720p] ][ 40 7.565799 Shark Tale [2004] [1080p] ][ 43 0.738216 Robocop Collection   720p ][ 47 9.781596 Babel.720p ][ 49 5.917027 James Bond 18 - Tommorow Never Dies [1997] [720p] ][ 52 5.530985 Jurassic Park 1-3  1080p ][ 54 5.947941 Doomsday 720p ][ 57 5.471086 Big Nothing   720p ][ 59 9.957196 Seven Pounds    720p ][ 74 2.984476 Public Enemies [720p] ][ 81 4.559130 Cloverfield   1080p ][ 85 0.391712 Flash Point    720p ][ 86 9.624819 X-Men 1 - 1080p ][ 88 2.473016 Race To Witch Mountain [1080p] ][ 96 5.961816 The Matrix Reloaded   1080p ][ 100 6.583039 The Matrix [1999] [1080p] ][ 103 0.794840 Romeo And Juliet   720p ][ 106 8.206995 Burn E [720p] ][ 110 9.683007 Lord Of The Ring  - The Fellowship Of The Ring   720p ][ 125 8.771199 Battle for Terra [2007] [1080p] ]
[ 3 6.826702 Pearl Harbor ][ 5 0.528061 Watchmen [720p] ][ 10 9.968459 The Tale Of Despereaux [720p] ][ 18 7.610853 High school musical 2006    720p ][ 19 1.328457 Core   720p ][ 24 0.748702 Diary.Of.A.Sex.Addict.2008.720p.BluRay.x264-FLHD ][ 25 3.746128 Die Hard 3   720p ][ 26 6.039230 Beauty.And.The.Beast.1991.720p.HDTV.x264-hV ][ 28 7.669969 Basic Instinct 720p ][ 31 9.015584 SAW III   720p ][ 35 6.497402 Red Cliff    1080p ][ 39 9.676174 The Secret of Moonarce [720p] ][ 40 7.565799 Shark Tale [2004] [1080p] ][ 42 0.846683 Spiderman 3   1080p ][ 43 0.738216 Robocop Collection   720p ][ 47 9.781596 Babel.720p ][ 49 5.917027 James Bond 18 - Tommorow Never Dies [1997] [720p] ][ 52 5.530985 Jurassic Park 1-3  1080p ][ 57 5.471086 Big Nothing   720p ][ 59 9.957196 Seven Pounds    720p ][ 72 3.951489 Kingdom of Heaven [2005] [720p] ][ 74 2.984476 Public Enemies [720p] ][ 81 4.559130 Cloverfield   1080p ][ 85 0.391712 Flash Point    720p ][ 86 9.624819 X-Men 1 - 1080p ][ 88 2.473016 Race To Witch Mountain [1080p] ][ 96 5.961816 The Matrix Reloaded   1080p ][ 98 3.843504 Drag Me To Hell [720p] ][ 100 6.583039 The Matrix [1999] [1080p] ][ 103 0.794840 Romeo And Juliet   720p ][ 113 3.705094 Oceans.Twelve.2004.720p.HDDVD.x264-CDDHD ][ 122 5.717370 Hellboy 2     1080p ][ 125 8.771199 Battle for Terra [2007] [1080p] ][ 136 2.551702 Spiderman 2   1080p ][ 148 5.775065 Bugs.A.Rainforest.Adventure.3D.HD.DVD.REMUX.1080p.VC-1-SEBUL ][ 151 2.301733 Breach 1080p ]
[ 1 9.595947 James Bond 08 - Live and Let Die [1973] ][ 3 6.826702 Pearl Harbor ][ 10 9.968459 The Tale Of Despereaux [720p] ][ 18 7.610853 High school musical 2006    720p ][ 19 1.328457 Core   720p ][ 21 1.783518 Body of Lies   720p ][ 24 0.748702 Diary.Of.A.Sex.Addict.2008.720p.BluRay.x264-FLHD ][ 25 3.746128 Die Hard 3   720p ][ 26 6.039230 Beauty.And.The.Beast.1991.720p.HDTV.x264-hV ][ 28 7.669969 Basic Instinct 720p ][ 31 9.015584 SAW III   720p ][ 35 6.497402 Red Cliff    1080p ][ 40 7.565799 Shark Tale [2004] [1080p] ][ 42 0.846683 Spiderman 3   1080p ][ 43 0.738216 Robocop Collection   720p ][ 47 9.781596 Babel.720p ][ 49 5.917027 James Bond 18 - Tommorow Never Dies [1997] [720p] ][ 52 5.530985 Jurassic Park 1-3  1080p ][ 57 5.471086 Big Nothing   720p ][ 58 3.841358 Final Destination ][ 59 9.957196 Seven Pounds    720p ][ 61 5.405129 Rocky 4 [1985] [BluRay] [720p] [AC3] ][ 66 2.999842 Rush Hour 1-3   720p ][ 72 3.951489 Kingdom of Heaven [2005] [720p] ][ 74 2.984476 Public Enemies [720p] ][ 79 4.387889 Top.Gun.1986.720p.HDDVD.x264-SEPTiC ][ 81 4.559130 Cloverfield   1080p ][ 85 0.391712 Flash Point    720p ][ 86 9.624819 X-Men 1 - 1080p ][ 88 2.473016 Race To Witch Mountain [1080p] ][ 90 7.882403 Ice Age 1 [2002] [720p] ][ 96 5.961816 The Matrix Reloaded   1080p ][ 98 3.843504 Drag Me To Hell [720p] ][ 100 6.583039 The Matrix [1999] [1080p] ][ 103 0.794840 Romeo And Juliet   720p ][ 109 0.759828 X-Men 4 - Origins Wolverine (2009)  1080p ][ 113 3.705094 Oceans.Twelve.2004.720p.HDDVD.x264-CDDHD ][ 122 5.717370 Hellboy 2     1080p ][ 136 2.551702 Spiderman 2   1080p ][ 148 5.775065 Bugs.A.Rainforest.Adventure.3D.HD.DVD.REMUX.1080p.VC-1-SEBUL ][ 151 2.301733 Breach 1080p ][ 160 4.267683 Body of Lies   720p ]
[ 1 9.595947 James Bond 08 - Live and Let Die [1973] ][ 2 1.555097 007 Thunderball [1965]  [BluRay] [720p] [DTS] ][ 3 6.826702 Pearl Harbor ][ 9 9.814502 Batman Begins   1080p ][ 10 9.968459 The Tale Of Despereaux [720p] ][ 18 7.610853 High school musical 2006    720p ][ 19 1.328457 Core   720p ][ 21 1.783518 Body of Lies   720p ][ 24 0.748702 Diary.Of.A.Sex.Addict.2008.720p.BluRay.x264-FLHD ][ 25 3.746128 Die Hard 3   720p ][ 26 6.039230 Beauty.And.The.Beast.1991.720p.HDTV.x264-hV ][ 27 0.726886 Labor Pain   720p ][ 28 7.669969 Basic Instinct 720p ][ 31 9.015584 SAW III   720p ][ 35 6.497402 Red Cliff    1080p ][ 40 7.565799 Shark Tale [2004] [1080p] ][ 43 0.738216 Robocop Collection   720p ][ 46 6.105343 Pearl Harbor ][ 47 9.781596 Babel.720p ][ 49 5.917027 James Bond 18 - Tommorow Never Dies [1997] [720p] ][ 52 5.530985 Jurassic Park 1-3  1080p ][ 57 5.471086 Big Nothing   720p ][ 58 3.841358 Final Destination ][ 59 9.957196 Seven Pounds    720p ][ 61 5.405129 Rocky 4 [1985] [BluRay] [720p] [AC3] ][ 66 2.999842 Rush Hour 1-3   720p ][ 72 3.951489 Kingdom of Heaven [2005] [720p] ][ 74 2.984476 Public Enemies [720p] ][ 79 4.387889 Top.Gun.1986.720p.HDDVD.x264-SEPTiC ][ 81 4.559130 Cloverfield   1080p ][ 88 2.473016 Race To Witch Mountain [1080p] ][ 90 7.882403 Ice Age 1 [2002] [720p] ][ 92 4.693351 Doomsday 720p ][ 96 5.961816 The Matrix Reloaded   1080p ][ 98 3.843504 Drag Me To Hell [720p] ][ 100 6.583039 The Matrix [1999] [1080p] ][ 103 0.794840 Romeo And Juliet   720p ][ 107 6.163493 Harold & Kumar   720p ][ 108 7.170086 Lord Of The Ring  - The Fellowship Of The Ring   720p ][ 109 0.759828 X-Men 4 - Origins Wolverine (2009)  1080p ][ 113 3.705094 Oceans.Twelve.2004.720p.HDDVD.x264-CDDHD ][ 119 9.218200 Oxford Murders, The.720p ][ 120 5.056602 Alien At The Attic 720P ][ 122 5.717370 Hellboy 2     1080p ][ 133 2.035916 Leaving Las Vegas  720p ][ 135 3.904059 Minority Report [720p] ][ 136 2.551702 Spiderman 2   1080p ][ 151 2.301733 Breach 1080p ][ 160 4.267683 Body of Lies   720p ]
[ 1 9.595947 James Bond 08 - Live and Let Die [1973] ][ 2 1.555097 007 Thunderball [1965]  [BluRay] [720p] [DTS] ][ 3 6.826702 Pearl Harbor ][ 9 9.814502 Batman Begins   1080p ][ 10 9.968459 The Tale Of Despereaux [720p] ][ 18 7.610853 High school musical 2006    720p ][ 21 1.783518 Body of Lies   720p ][ 24 0.748702 Diary.Of.A.Sex.Addict.2008.720p.BluRay.x264-FLHD ][ 25 3.746128 Die Hard 3   720p ][ 26 6.039230 Beauty.And.The.Beast.1991.720p.HDTV.x264-hV ][ 27 0.726886 Labor Pain   720p ][ 28 7.669969 Basic Instinct 720p ][ 31 9.015584 SAW III   720p ][ 35 6.497402 Red Cliff    1080p ][ 40 7.565799 Shark Tale [2004] [1080p] ][ 43 0.738216 Robocop Collection   720p ][ 46 6.105343 Pearl Harbor ][ 47 9.781596 Babel.720p ][ 49 5.917027 James Bond 18 - Tommorow Never Dies [1997] [720p] ][ 52 5.530985 Jurassic Park 1-3  1080p ][ 57 5.471086 Big Nothing   720p ][ 58 3.841358 Final Destination ][ 59 9.957196 Seven Pounds    720p ][ 61 5.405129 Rocky 4 [1985] [BluRay] [720p] [AC3] ][ 67 9.998702 8 Mile [2002] [720p] ][ 72 3.951489 Kingdom of Heaven [2005] [720p] ][ 74 2.984476 Public Enemies [720p] ][ 79 4.387889 Top.Gun.1986.720p.HDDVD.x264-SEPTiC ][ 81 4.559130 Cloverfield   1080p ][ 90 7.882403 Ice Age 1 [2002] [720p] ][ 94 7.736019 Shutter   720p ][ 96 5.961816 The Matrix Reloaded   1080p ][ 98 3.843504 Drag Me To Hell [720p] ][ 100 6.583039 The Matrix [1999] [1080p] ][ 103 0.794840 Romeo And Juliet   720p ][ 104 3.160946 Shark Tale [2004] [1080p] ][ 105 7.296988 Superman Returns   720p ][ 107 6.163493 Harold & Kumar   720p ][ 108 7.170086 Lord Of The Ring  - The Fellowship Of The Ring   720p ][ 109 0.759828 X-Men 4 - Origins Wolverine (2009)  1080p ][ 113 3.705094 Oceans.Twelve.2004.720p.HDDVD.x264-CDDHD ][ 119 9.218200 Oxford Murders, The.720p ][ 120 5.056602 Alien At The Attic 720P ][ 122 5.717370 Hellboy 2     1080p ][ 123 6.807891 Babel.720p ][ 128 3.753002 The Butterfly Effect 3 Revelations 720p ][ 132 2.094963 Ice Age 3 Dawn of the Dinosaurs [2009] [720p] ][ 133 2.035916 Leaving Las Vegas  720p ][ 135 3.904059 Minority Report [720p] ][ 136 2.551702 Spiderman 2   1080p ][ 143 5.919802 James Bond 18 - Tommorow Never Dies [1997] [720p] ][ 151 2.301733 Breach 1080p ][ 156 0.431646 Oceans.Twelve.2004.720p.HDDVD.x264-CDDHD ][ 160 4.267683 Body of Lies   720p ][ 162 8.101828 X-Men 1 - 1080p ][ 181 8.507179 Night Train   720p ]
[ 1 9.595947 James Bond 08 - Live and Let Die [1973] ][ 2 1.555097 007 Thunderball [1965]  [BluRay] [720p] [DTS] ][ 3 6.826702 Pearl Harbor ][ 9 9.814502 Batman Begins   1080p ][ 10 9.968459 The Tale Of Despereaux [720p] ][ 12 1.635500 Doomsday 720p ][ 18 7.610853 High school musical 2006    720p ][ 21 1.783518 Body of Lies   720p ][ 25 3.746128 Die Hard 3   720p ][ 26 6.039230 Beauty.And.The.Beast.1991.720p.HDTV.x264-hV ][ 28 7.669969 Basic Instinct 720p ][ 31 9.015584 SAW III   720p ][ 35 6.497402 Red Cliff    1080p ][ 40 7.565799 Shark Tale [2004] [1080p] ][ 46 6.105343 Pearl Harbor ][ 47 9.781596 Babel.720p ][ 49 5.917027 James Bond 18 - Tommorow Never Dies [1997] [720p] ][ 51 9.159332 Star Trek Collection 1-9    720p ][ 52 5.530985 Jurassic Park 1-3  1080p ][ 58 3.841358 Final Destination ][ 59 9.957196 Seven Pounds    720p ][ 61 5.405129 Rocky 4 [1985] [BluRay] [720p] [AC3] ][ 67 9.998702 8 Mile [2002] [720p] ][ 72 3.951489 Kingdom of Heaven [2005] [720p] ][ 73 1.844408 Batman Begins   1080p ][ 74 2.984476 Public Enemies [720p] ][ 77 3.191443 Fantastic Four, Rise Of The Silver Surfer    1080p ][ 79 4.387889 Top.Gun.1986.720p.HDDVD.x264-SEPTiC ][ 81 4.559130 Cloverfield   1080p ][ 90 7.882403 Ice Age 1 [2002] [720p] ][ 94 7.736019 Shutter   720p ][ 96 5.961816 The Matrix Reloaded   1080p ][ 98 3.843504 Drag Me To Hell [720p] ][ 100 6.583039 The Matrix [1999] [1080p] ][ 103 0.794840 Romeo And Juliet   720p ][ 104 3.160946 Shark Tale [2004] [1080p] ][ 105 7.296988 Superman Returns   720p ][ 107 6.163493 Harold & Kumar   720p ][ 108 7.170086 Lord Of The Ring  - The Fellowship Of The Ring   720p ][ 109 0.759828 X-Men 4 - Origins Wolverine (2009)  1080p ][ 113 3.705094 Oceans.Twelve.2004.720p.HDDVD.x264-CDDHD ][ 118 5.385775 Alien vs Predator 1-2  720p ][ 119 9.218200 Oxford Murders, The.720p ][ 120 5.056602 Alien At The Attic 720P ][ 122 5.717370 Hellboy 2     1080p ][ 123 6.807891 Babel.720p ][ 128 3.753002 The Butterfly Effect 3 Revelations 720p ][ 130 3.806531 James Bond 15 - The Living Daylights [1987] [720p] ][ 132 2.094963 Ice Age 3 Dawn of the Dinosaurs [2009] [720p] ][ 133 2.035916 Leaving Las Vegas  720p ][ 136 2.551702 Spiderman 2   1080p ][ 142 2.537744 Starship Troopers 2  720p ][ 143 5.919802 James Bond 18 - Tommorow Never Dies [1997] [720p] ][ 151 2.301733 Breach 1080p ][ 153 7.748750 Daredevil - 720p ][ 154 5.522412 9 [720p] ][ 156 0.431646 Oceans.Twelve.2004.720p.HDDVD.x264-CDDHD ][ 160 4.267683 Body of Lies   720p ][ 162 8.101828 X-Men 1 - 1080p ][ 170 8.343418 Invisible.Target.720p.Bluray.x264-SEPTiC ][ 181 8.507179 Night Train   720p ][ 188 9.033039 Epic Movie UNRATED (2007) 720p ][ 193 1.434912 007.1983.Never.Say.Never.Again.1080p.BluRay.x264-CiNEFiLE ][ 200 7.252290 contents.txt ]
[ 0 4.579330 Constantine 720p ][ 1 9.595947 James Bond 08 - Live and Let Die [1973] ][ 2 1.555097 007 Thunderball [1965]  [BluRay] [720p] [DTS] ][ 3 6.826702 Pearl Harbor ][ 9 9.814502 Batman Begins   1080p ][ 10 9.968459 The Tale Of Despereaux [720p] ][ 12 1.635500 Doomsday 720p ][ 18 7.610853 High school musical 2006    720p ][ 21 1.783518 Body of Lies   720p ][ 25 3.746128 Die Hard 3   720p ][ 26 6.039230 Beauty.And.The.Beast.1991.720p.HDTV.x264-hV ][ 28 7.669969 Basic Instinct 720p ][ 31 9.015584 SAW III   720p ][ 35 6.497402 Red Cliff    1080p ][ 40 7.565799 Shark Tale [2004] [1080p] ][ 41 2.391894 Crank 2, High Voltage   1080p ][ 46 6.105343 Pearl Harbor ][ 49 5.917027 James Bond 18 - Tommorow Never Dies [1997] [720p] ][ 50 2.215151 James Bond 16 - Licence to Kill [1989] ][ 52 5.530985 Jurassic Park 1-3  1080p ][ 53 9.271881 Jumper    1080p ][ 58 3.841358 Final Destination ][ 61 5.405129 Rocky 4 [1985] [BluRay] [720p] [AC3] ][ 64 4.482196 National Tressure 1 - 1080p ][ 67 9.998702 8 Mile [2002] [720p] ][ 72 3.951489 Kingdom of Heaven [2005] [720p] ][ 74 2.984476 Public Enemies [720p] ][ 77 3.191443 Fantastic Four, Rise Of The Silver Surfer    1080p ][ 79 4.387889 Top.Gun.1986.720p.HDDVD.x264-SEPTiC ][ 81 4.559130 Cloverfield   1080p ][ 90 7.882403 Ice Age 1 [2002] [720p] ][ 94 7.736019 Shutter   720p ][ 96 5.961816 The Matrix Reloaded   1080p ][ 98 3.843504 Drag Me To Hell [720p] ][ 100 6.583039 The Matrix [1999] [1080p] ][ 103 0.794840 Romeo And Juliet   720p ][ 105 7.296988 Superman Returns   720p ][ 107 6.163493 Harold & Kumar   720p ][ 109 0.759828 X-Men 4 - Origins Wolverine (2009)  1080p ][ 113 3.705094 Oceans.Twelve.2004.720p.HDDVD.x264-CDDHD ][ 116 6.081634 Oceans.Eleven.2001.720p.HDDVD.x264-SiNNERS ][ 118 5.385775 Alien vs Predator 1-2  720p ][ 119 9.218200 Oxford Murders, The.720p ][ 120 5.056602 Alien At The Attic 720P ][ 122 5.717370 Hellboy 2     1080p ][ 123 6.807891 Babel.720p ][ 128 3.753002 The Butterfly Effect 3 Revelations 720p ][ 129 8.619012 Max Payne    720p ][ 130 3.806531 James Bond 15 - The Living Daylights [1987] [720p] ][ 132 2.094963 Ice Age 3 Dawn of the Dinosaurs [2009] [720p] ][ 133 2.035916 Leaving Las Vegas  720p ][ 134 9.735689 Red Dragon    1080p ][ 136 2.551702 Spiderman 2   1080p ][ 140 6.468488 E.T   720p ][ 142 2.537744 Starship Troopers 2  720p ][ 143 5.919802 James Bond 18 - Tommorow Never Dies [1997] [720p] ][ 151 2.301733 Breach 1080p ][ 153 7.748750 Daredevil - 720p ][ 154 5.522412 9 [720p] ][ 155 0.216885 Ongbak 2003 720p ][ 156 0.431646 Oceans.Twelve.2004.720p.HDDVD.x264-CDDHD ][ 160 4.267683 Body of Lies   720p ][ 161 7.557286 iRobot  720p ][ 162 8.101828 X-Men 1 - 1080p ][ 170 8.343418 Invisible.Target.720p.Bluray.x264-SEPTiC ][ 171 9.109653 CJ7   720p ][ 176 4.721026 All About Steve 720P ][ 181 8.507179 Night Train   720p ][ 191 3.659953 Max Payne    720p ][ 193 1.434912 007.1983.Never.Say.Never.Again.1080p.BluRay.x264-CiNEFiLE ][ 200 7.252290 contents.txt ][ 202 1.198644 contents.txt ]
[ 1 9.595947 James Bond 08 - Live and Let Die [1973] ][ 2 1.555097 007 Thunderball [1965]  [BluRay] [720p] [DTS] ][ 3 6.826702 Pearl Harbor ][ 9 9.814502 Batman Begins   1080p ][ 10 9.968459 The Tale Of Despereaux [720p] ][ 12 1.635500 Doomsday 720p ][ 18 7.610853 High school musical 2006    720p ][ 21 1.783518 Body of Lies   720p ][ 25 3.746128 Die Hard 3   720p ][ 26 6.039230 Beauty.And.The.Beast.1991.720p.HDTV.x264-hV ][ 28 7.669969 Basic Instinct 720p ][ 31 9.015584 SAW III   720p ][ 35 6.497402 Red Cliff    1080p ][ 40 7.565799 Shark Tale [2004] [1080p] ][ 41 2.391894 Crank 2, High Voltage   1080p ][ 46 6.105343 Pearl Harbor ][ 49 5.917027 James Bond 18 - Tommorow Never Dies [1997] [720p] ][ 50 2.215151 James Bond 16 - Licence to Kill [1989] ][ 52 5.530985 Jurassic Park 1-3  1080p ][ 53 9.271881 Jumper    1080p ][ 58 3.841358 Final Destination ][ 61 5.405129 Rocky 4 [1985] [BluRay] [720p] [AC3] ][ 64 4.482196 National Tressure 1 - 1080p ][ 67 9.998702 8 Mile [2002] [720p] ][ 72 3.951489 Kingdom of Heaven [2005] [720p] ][ 74 2.984476 Public Enemies [720p] ][ 77 3.191443 Fantastic Four, Rise Of The Silver Surfer    1080p ][ 79 4.387889 Top.Gun.1986.720p.HDDVD.x264-SEPTiC ][ 81 4.559130 Cloverfield   1080p ][ 90 7.882403 Ice Age 1 [2002] [720p] ][ 94 7.736019 Shutter   720p ][ 96 5.961816 The Matrix Reloaded   1080p ][ 97 4.984155 Face.Off.1997.720p ][ 98 3.843504 Drag Me To Hell [720p] ][ 100 6.583039 The Matrix [1999] [1080p] ][ 103 0.794840 Romeo And Juliet   720p ][ 105 7.296988 Superman Returns   720p ][ 107 6.163493 Harold & Kumar   720p ][ 109 0.759828 X-Men 4 - Origins Wolverine (2009)  1080p ][ 113 3.705094 Oceans.Twelve.2004.720p.HDDVD.x264-CDDHD ][ 114 0.267346 Basic Instinct 720p ][ 116 6.081634 Oceans.Eleven.2001.720p.HDDVD.x264-SiNNERS ][ 118 5.385775 Alien vs Predator 1-2  720p ][ 119 9.218200 Oxford Murders, The.720p ][ 120 5.056602 Alien At The Attic 720P ][ 123 6.807891 Babel.720p ][ 129 8.619012 Max Payne    720p ][ 130 3.806531 James Bond 15 - The Living Daylights [1987] [720p] ][ 132 2.094963 Ice Age 3 Dawn of the Dinosaurs [2009] [720p] ][ 133 2.035916 Leaving Las Vegas  720p ][ 134 9.735689 Red Dragon    1080p ][ 136 2.551702 Spiderman 2   1080p ][ 140 6.468488 E.T   720p ][ 142 2.537744 Starship Troopers 2  720p ][ 143 5.919802 James Bond 18 - Tommorow Never Dies [1997] [720p] ][ 150 7.861096 Kung Fu Panda [2008]   720p ][ 151 2.301733 Breach 1080p ][ 153 7.748750 Daredevil - 720p ][ 154 5.522412 9 [720p] ][ 155 0.216885 Ongbak 2003 720p ][ 156 0.431646 Oceans.Twelve.2004.720p.HDDVD.x264-CDDHD ][ 160 4.267683 Body of Lies   720p ][ 161 7.557286 iRobot  720p ][ 162 8.101828 X-Men 1 - 1080p ][ 171 9.109653 CJ7   720p ][ 176 4.721026 All About Steve 720P ][ 181 8.507179 Night Train   720p ][ 182 8.160918 Paris.Je.T.Aime.2006.720p.BluRay.x264-CiNEFiLE ][ 183 5.901765 Spiderman 1   1080p ][ 185 4.887800 Twilight [2008]   720p ][ 186 1.735279 Hulk 2 - The Incredible Hulk - 720p ][ 191 3.659953 Max Payne    720p ][ 195 8.252168 Resident Evil Series    1080p ][ 196 0.057387 Spiderman 1   1080p ][ 200 7.252290 contents.txt ][ 202 1.198644 contents.txt ][ 210 0.914961 James Bond 09 - The Man with the Golden Gun [1974] ][ 213 3.289469 Die Hard 4   1080p ][ 215 9.570931 High school musical 2006    720p ][ 218 6.234186 007.1983.Never.Say.Never.Again.1080p.BluRay.x264-CiNEFiLE ][ 224 0.926525 A Bug's Life [720p] ]
[ 1 9.595947 James Bond 08 - Live and Let Die [1973] ][ 2 1.555097 007 Thunderball [1965]  [BluRay] [720p] [DTS] ][ 3 6.826702 Pearl Harbor ][ 9 9.814502 Batman Begins   1080p ][ 10 9.968459 The Tale Of Despereaux [720p] ][ 11 1.054068 Jerry Maguire    1080p ][ 12 1.635500 Doomsday 720p ][ 18 7.610853 High school musical 2006    720p ][ 25 3.746128 Die Hard 3   720p ][ 26 6.039230 Beauty.And.The.Beast.1991.720p.HDTV.x264-hV ][ 28 7.669969 Basic Instinct 720p ][ 35 6.497402 Red Cliff    1080p ][ 40 7.565799 Shark Tale [2004] [1080p] ][ 41 2.391894 Crank 2, High Voltage   1080p ][ 46 6.105343 Pearl Harbor ][ 50 2.215151 James Bond 16 - Licence to Kill [1989] ][ 52 5.530985 Jurassic Park 1-3  1080p ][ 53 9.271881 Jumper    1080p ][ 58 3.841358 Final Destination ][ 61 5.405129 Rocky 4 [1985] [BluRay] [720p] [AC3] ][ 64 4.482196 National Tressure 1 - 1080p ][ 67 9.998702 8 Mile [2002] [720p] ][ 69 5.558963 The Brave One 720P ][ 72 3.951489 Kingdom of Heaven [2005] [720p] ][ 74 2.984476 Public Enemies [720p] ][ 77 3.191443 Fantastic Four, Rise Of The Silver Surfer    1080p ][ 79 4.387889 Top.Gun.1986.720p.HDDVD.x264-SEPTiC ][ 81 4.559130 Cloverfield   1080p ][ 90 7.882403 Ice Age 1 [2002] [720p] ][ 94 7.736019 Shutter   720p ][ 96 5.961816 The Matrix Reloaded   1080p ][ 97 4.984155 Face.Off.1997.720p ][ 98 3.843504 Drag Me To Hell [720p] ][ 100 6.583039 The Matrix [1999] [1080p] ][ 103 0.794840 Romeo And Juliet   720p ][ 105 7.296988 Superman Returns   720p ][ 109 0.759828 X-Men 4 - Origins Wolverine (2009)  1080p ][ 111 6.310004 PIXAR Movie ][ 112 3.677517 War [720p] ][ 113 3.705094 Oceans.Twelve.2004.720p.HDDVD.x264-CDDHD ][ 114 0.267346 Basic Instinct 720p ][ 116 6.081634 Oceans.Eleven.2001.720p.HDDVD.x264-SiNNERS ][ 118 5.385775 Alien vs Predator 1-2  720p ][ 119 9.218200 Oxford Murders, The.720p ][ 123 6.807891 Babel.720p ][ 129 8.619012 Max Payne    720p ][ 130 3.806531 James Bond 15 - The Living Daylights [1987] [720p] ][ 133 2.035916 Leaving Las Vegas  720p ][ 134 9.735689 Red Dragon    1080p ][ 136 2.551702 Spiderman 2   1080p ][ 138 2.871650 Fifty Dead Men Walking   1080p ][ 140 6.468488 E.T   720p ][ 142 2.537744 Starship Troopers 2  720p ][ 143 5.919802 James Bond 18 - Tommorow Never Dies [1997] [720p] ][ 149 9.962174 Lust Caution   720p ][ 151 2.301733 Breach 1080p ][ 153 7.748750 Daredevil - 720p ][ 154 5.522412 9 [720p] ][ 155 0.216885 Ongbak 2003 720p ][ 158 4.940217 007 Series ][ 160 4.267683 Body of Lies   720p ][ 161 7.557286 iRobot  720p ][ 162 8.101828 X-Men 1 - 1080p ][ 165 1.374552 Jumper    1080p ][ 169 0.636827 Terminator Salvation Director's cut  ( 2009)    1080p ][ 171 9.109653 CJ7   720p ][ 172 2.594462 Beowulf   720p ][ 176 4.721026 All About Steve 720P ][ 180 7.033002 Meet The Parents    720p ][ 181 8.507179 Night Train   720p ][ 182 8.160918 Paris.Je.T.Aime.2006.720p.BluRay.x264-CiNEFiLE ][ 183 5.901765 Spiderman 1   1080p ][ 185 4.887800 Twilight [2008]   720p ][ 186 1.735279 Hulk 2 - The Incredible Hulk - 720p ][ 191 3.659953 Max Payne    720p ][ 195 8.252168 Resident Evil Series    1080p ][ 196 0.057387 Spiderman 1   1080p ][ 200 7.252290 contents.txt ][ 202 1.198644 contents.txt ][ 210 0.914961 James Bond 09 - The Man with the Golden Gun [1974] ][ 212 7.710760 G.I.Joe The Rise of Cobra [2009] [720p] ][ 213 3.289469 Die Hard 4   1080p ][ 214 6.035201 James Bond 20 - Die Another Day [2002] [720p] ][ 215 9.570931 High school musical 2006    720p ][ 218 6.234186 007.1983.Never.Say.Never.Again.1080p.BluRay.x264-CiNEFiLE ][ 223 5.052912 Star Trek [2009] [1080p] ][ 224 0.926525 A Bug's Life [720p] ][ 225 7.459934 Star Trek Collection 1-9    720p ][ 240 9.925845 The Final Destination 4 [2009] [720p] ][ 248 7.767372 X-Men 4 - Origins Wolverine (2009)  1080p ]
