[ 72 9.609590 Erin Brockovich 2000.720p ]
[ 72 9.609590 Erin Brockovich 2000.720p ][ 73 3.416744 Cars [2006] [720p] ]
[ 17 6.124189 Rocky 1 [1976]  [BluRay] [720p] [AC3] ][ 70 9.711251 Swordfish    720p ][ 73 3.416744 Cars [2006] [720p] ][ 85 2.342532 Van.Helsing  1080p ]
[ 13 4.416241 Fast and the Furious 4 - 1080p ][ 17 6.124189 Rocky 1 [1976]  [BluRay] [720p] [AC3] ][ 21 1.372423 The Empress and the Warriors [2008] [720p] ][ 32 6.948927 Dante's Peak   1080p ][ 73 3.416744 Cars [2006] [720p] ][ 85 2.342532 Van.Helsing  1080p ]
[ 6 8.714074 contents.txt ][ 11 9.208970 All About Steve 720P ][ 13 4.416241 Fast and the Furious 4 - 1080p ][ 21 1.372423 The Empress and the Warriors [2008] [720p] ][ 32 6.948927 Dante's Peak   1080p ][ 67 4.385258 Finding Nemo [2003] [720p] ][ 73 3.416744 Cars [2006] [720p] ][ 80 6.861981 Home    1080p ][ 85 2.342532 Van.Helsing  1080p ]
[ 6 8.714074 contents.txt ][ 11 9.208970 All About Steve 720P ][ 14 0.042837 Chocolate 720p ][ 20 3.211489 Burn E [720p] ][ 21 1.372423 The Empress and the Warriors [2008] [720p] ][ 27 9.683567 Fast and the Furious 2 - 1080p ][ 32 6.948927 Dante's Peak   1080p ][ 43 7.856857 Click   720p ][ 67 4.385258 Finding Nemo [2003] [720p] ][ 73 3.416744 Cars [2006] [720p] ][ 80 6.861981 Home    1080p ][ 85 2.342532 Van.Helsing  1080p ]
[ 3 0.519356 Face.Off.1997.720p ][ 6 8.714074 contents.txt ][ 9 8.307232 Rocky 5 [1990] [BluRay] [720p] [AC3] ][ 14 0.042837 Chocolate 720p ][ 20 3.211489 Burn E [720p] ][ 21 1.372423 The Empress and the Warriors [2008] [720p] ][ 22 7.195728 Pixar.Shorts.2009.720p.BluRay.AC3.x264-UNiT3D ][ 32 6.948927 Dante's Peak   1080p ][ 43 7.856857 Click   720p ][ 55 7.063877 The.Godfather.Part.III.1990.720p.BluRay.x264-SiNNERS_tehPARADOX.COM ][ 67 4.385258 Finding Nemo [2003] [720p] ][ 73 3.416744 Cars [2006] [720p] ][ 80 6.861981 Home    1080p ][ 85 2.342532 Van.Helsing  1080p ][ 96 1.141249 Species - The Awakening   720p ][ 97 8.325428 The Sniper 720p ]
[ 3 0.519356 Face.Off.1997.720p ][ 6 8.714074 contents.txt ][ 8 4.460105 Lord Of The Ring 1 - Fellowship of the Ring (ExtEd) [1080p] ][ 9 8.307232 Rocky 5 [1990] [BluRay] [720p] [AC3] ][ 14 0.042837 Chocolate 720p ][ 16 9.912717 The Tale Of Despereaux [720p] ][ 20 3.211489 Burn E [720p] ][ 21 1.372423 The Empress and the Warriors [2008] [720p] ][ 24 5.581715 Alexander - The Final Cut ][ 55 7.063877 The.Godfather.Part.III.1990.720p.BluRay.x264-SiNNERS_tehPARADOX.COM ][ 56 4.350770 Toy.Story.2.HD.720p.Hebrew.Dubbed.Also.English.x264-ALiS_20 ][ 57 5.484057 Final Destination 2 ][ 67 4.385258 Finding Nemo [2003] [720p] ][ 73 3.416744 Cars [2006] [720p] ][ 75 2.490070 Elite Squad 1080p ][ 80 6.861981 Home    1080p ][ 85 2.342532 Van.Helsing  1080p ][ 96 1.141249 Species - The Awakening   720p ][ 104 5.486061 The Butterfly Effect 3 Revelations 720p ][ 116 8.190158 Equilibrium 720p ]
[ 0 2.855669 Horton Hears a Who! [2008] [720p] ][ 3 0.519356 Face.Off.1997.720p ][ 6 8.714074 contents.txt ][ 8 4.460105 Lord Of The Ring 1 - Fellowship of the Ring (ExtEd) [1080p] ][ 9 8.307232 Rocky 5 [1990] [BluRay] [720p] [AC3] ][ 10 1.178392 Once.Upon.a.Time.in.China.1991.720p.BluRay.x264-BestHD ][ 14 0.042837 Chocolate 720p ][ 16 9.912717 The Tale Of Despereaux [720p] ][ 20 3.211489 Burn E [720p] ][ 21 1.372423 The Empress and the Warriors [2008] [720p] ][ 24 5.581715 Alexander - The Final Cut ][ 35 0.421526 Swordfish    720p ][ 50 1.863408 Swordfish    720p ][ 55 7.063877 The.Godfather.Part.III.1990.720p.BluRay.x264-SiNNERS_tehPARADOX.COM ][ 57 5.484057 Final Destination 2 ][ 67 4.385258 Finding Nemo [2003] [720p] ][ 73 3.416744 Cars [2006] [720p] ][ 75 2.490070 Elite Squad 1080p ][ 76 6.040295 Stardust   720p ][ 80 6.861981 Home    1080p ][ 83 8.176297 XxX.2002.BDRiP.720p.AC3.5.1.READnfo.x264-DEFiNiTiON ][ 85 2.342532 Van.Helsing  1080p ][ 96 1.141249 Species - The Awakening   720p ][ 104 5.486061 The Butterfly Effect 3 Revelations 720p ][ 116 8.190158 Equilibrium 720p ]
[ 0 2.855669 Horton Hears a Who! [2008] [720p] ][ 6 8.714074 contents.txt ][ 8 4.460105 Lord Of The Ring 1 - Fellowship of the Ring (ExtEd) [1080p] ][ 9 8.307232 Rocky 5 [1990] [BluRay] [720p] [AC3] ][ 10 1.178392 Once.Upon.a.Time.in.China.1991.720p.BluRay.x264-BestHD ][ 14 0.042837 Chocolate 720p ][ 16 9.912717 The Tale Of Despereaux [720p] ][ 20 3.211489 Burn E [720p] ][ 24 5.581715 Alexander - The Final Cut ][ 40 2.615732 Beauty And The Beast    720p ][ 50 1.863408 Swordfish    720p ][ 55 7.063877 The.Godfather.Part.III.1990.720p.BluRay.x264-SiNNERS_tehPARADOX.COM ][ 57 5.484057 Final Destination 2 ][ 59 2.207836 X-Men 2   1080p ][ 66 2.469861 Star Trek Collection 1-9    720p ][ 67 4.385258 Finding Nemo [2003] [720p] ][ 73 3.416744 Cars [2006] [720p] ][ 75 2.490070 Elite Squad 1080p ][ 76 6.040295 Stardust   720p ][ 78 9.670061 James Bond 01 - Dr. No [1962] [720p] ][ 80 6.861981 Home    1080p ][ 83 8.176297 XxX.2002.BDRiP.720p.AC3.5.1.READnfo.x264-DEFiNiTiON ][ 96 1.141249 Species - The Awakening   720p ][ 104 5.486061 The Butterfly Effect 3 Revelations 720p ][ 114 2.678689 Doomsday 720p ][ 116 8.190158 Equilibrium 720p ][ 118 1.514606 Batman Dark Knight   1080p ][ 131 4.323010 Kill Bill Vol 1 [2003]    720p ][ 133 9.196650 Gran Torino [2008] [720p] ][ 136 9.661304 The.Godfather.Part.II.1974.720p.BluRay.x264-ESiR_tehPARADOX.COM ]
[ 0 2.855669 Horton Hears a Who! [2008] [720p] ][ 8 4.460105 Lord Of The Ring 1 - Fellowship of the Ring (ExtEd) [1080p] ][ 9 8.307232 Rocky 5 [1990] [BluRay] [720p] [AC3] ][ 14 0.042837 Chocolate 720p ][ 16 9.912717 The Tale Of Despereaux [720p] ][ 19 0.703881 Meet The Parents    720p ][ 20 3.211489 Burn E [720p] ][ 26 7.560930 Behind Enemy Line 2001   720p ][ 40 2.615732 Beauty And The Beast    720p ][ 50 1.863408 Swordfish    720p ][ 54 0.867807 James Bond 12 - For Your Eyes Only [1981] ][ 55 7.063877 The.Godfather.Part.III.1990.720p.BluRay.x264-SiNNERS_tehPARADOX.COM ][ 57 5.484057 Final Destination 2 ][ 59 2.207836 X-Men 2   1080p ][ 66 2.469861 Star Trek Collection 1-9    720p ][ 68 7.056339 Fast and the Furious 1 - 1080p ][ 75 2.490070 Elite Squad 1080p ][ 76 6.040295 Stardust   720p ][ 78 9.670061 James Bond 01 - Dr. No [1962] [720p] ][ 80 6.861981 Home    1080p ][ 82 6.163273 Home    1080p ][ 83 8.176297 XxX.2002.BDRiP.720p.AC3.5.1.READnfo.x264-DEFiNiTiON ][ 94 3.767602 The Matrix   1080p ][ 96 1.141249 Species - The Awakening   720p ][ 98 4.598812 Bee Movie   720p ][ 99 9.732128 Species - The Awakening   720p ][ 100 6.782132 Alexander - The Final Cut ][ 104 5.486061 The Butterfly Effect 3 Revelations 720p ][ 108 0.053525 Black Hawk Down   1080p ][ 112 4.800611 National Tressure 1 - 1080p ][ 114 2.678689 Doomsday 720p ][ 116 8.190158 Equilibrium 720p ][ 118 1.514606 Batman Dark Knight   1080p ][ 131 4.323010 Kill Bill Vol 1 [2003]    720p ][ 133 9.196650 Gran Torino [2008] [720p] ][ 136 9.661304 The.Godfather.Part.II.1974.720p.BluRay.x264-ESiR_tehPARADOX.COM ]
[ 0 2.855669 Horton Hears a Who! [2008] [720p] ][ 1 5.222556 Bad Boy I [1995] [720p] ][ 7 5.171787 Hancock    1080p ][ 9 8.307232 Rocky 5 [1990] [BluRay] [720p] [AC3] ][ 16 9.912717 The Tale Of Despereaux [720p] ][ 19 0.703881 Meet The Parents    720p ][ 20 3.211489 Burn E [720p] ][ 26 7.560930 Behind Enemy Line 2001   720p ][ 42 2.929376 The Notebook [2004] [1080p] ][ 50 1.863408 Swordfish    720p ][ 54 0.867807 James Bond 12 - For Your Eyes Only [1981] ][ 55 7.063877 The.Godfather.Part.III.1990.720p.BluRay.x264-SiNNERS_tehPARADOX.COM ][ 57 5.484057 Final Destination 2 ][ 59 2.207836 X-Men 2   1080p ][ 61 6.040089 9 [720p] ][ 66 2.469861 Star Trek Collection 1-9    720p ][ 68 7.056339 Fast and the Furious 1 - 1080p ][ 76 6.040295 Stardust   720p ][ 78 9.670061 James Bond 01 - Dr. No [1962] [720p] ][ 80 6.861981 Home    1080p ][ 82 6.163273 Home    1080p ][ 83 8.176297 XxX.2002.BDRiP.720p.AC3.5.1.READnfo.x264-DEFiNiTiON ][ 88 9.764240 Taken 1080p ][ 94 3.767602 The Matrix   1080p ][ 96 1.141249 Species - The Awakening   720p ][ 98 4.598812 Bee Movie   720p ][ 99 9.732128 Species - The Awakening   720p ][ 100 6.782132 Alexander - The Final Cut ][ 106 5.764264 James Bond 16 - Licence to Kill [1989] ][ 108 0.053525 Black Hawk Down   1080p ][ 112 4.800611 National Tressure 1 - 1080p ][ 116 8.190158 Equilibrium 720p ][ 118 1.514606 Batman Dark Knight   1080p ][ 122 9.742805 Behind Enemy Line 2001   720p ][ 128 2.279384 300 [2006] ][ 131 4.323010 Kill Bill Vol 1 [2003]    720p ][ 132 1.922107 Romeo And Juliet   720p ][ 133 9.196650 Gran Torino [2008] [720p] ][ 136 9.661304 The.Godfather.Part.II.1974.720p.BluRay.x264-ESiR_tehPARADOX.COM ][ 148 6.218857 Hellboy 2     1080p ][ 150 2.597768 The Last Samurai [2004] [720p] ][ 153 6.750726 The Italian Job [2003] [720p] ]
[ 0 2.855669 Horton Hears a Who! [2008] [720p] ][ 1 5.222556 Bad Boy I [1995] [720p] ][ 7 5.171787 Hancock    1080p ][ 9 8.307232 Rocky 5 [1990] [BluRay] [720p] [AC3] ][ 16 9.912717 The Tale Of Despereaux [720p] ][ 20 3.211489 Burn E [720p] ][ 26 7.560930 Behind Enemy Line 2001   720p ][ 28 4.179412 Deep Sea ][ 41 7.970352 SAW III   720p ][ 42 2.929376 The Notebook [2004] [1080p] ][ 44 5.950784 Kung Fu Panda Secrets of the Furious Five    720p ][ 50 1.863408 Swordfish    720p ][ 52 5.811945 Exiled   720p ][ 54 0.867807 James Bond 12 - For Your Eyes Only [1981] ][ 55 7.063877 The.Godfather.Part.III.1990.720p.BluRay.x264-SiNNERS_tehPARADOX.COM ][ 59 2.207836 X-Men 2   1080p ][ 66 2.469861 Star Trek Collection 1-9    720p ][ 68 7.056339 Fast and the Furious 1 - 1080p ][ 76 6.040295 Stardust   720p ][ 78 9.670061 James Bond 01 - Dr. No [1962] [720p] ][ 80 6.861981 Home    1080p ][ 82 6.163273 Home    1080p ][ 83 8.176297 XxX.2002.BDRiP.720p.AC3.5.1.READnfo.x264-DEFiNiTiON ][ 86 7.711702 The Day After Tomorrow 1080p ][ 88 9.764240 Taken 1080p ][ 94 3.767602 The Matrix   1080p ][ 96 1.141249 Species - The Awakening   720p ][ 98 4.598812 Bee Movie   720p ][ 99 9.732128 Species - The Awakening   720p ][ 106 5.764264 James Bond 16 - Licence to Kill [1989] ][ 108 0.053525 Black Hawk Down   1080p ][ 110 5.424852 Toy.Story.2.HD.720p.Hebrew.Dubbed.Also.English.x264-ALiS_20 ][ 112 4.800611 National Tressure 1 - 1080p ][ 113 5.493578 Alvin And The Chipmunks [720p] ][ 118 1.514606 Batman Dark Knight   1080p ][ 122 9.742805 Behind Enemy Line 2001   720p ][ 127 1.038302 Deep Sea ][ 128 2.279384 300 [2006] ][ 131 4.323010 Kill Bill Vol 1 [2003]    720p ][ 132 1.922107 Romeo And Juliet   720p ][ 133 9.196650 Gran Torino [2008] [720p] ][ 136 9.661304 The.Godfather.Part.II.1974.720p.BluRay.x264-ESiR_tehPARADOX.COM ][ 148 6.218857 Hellboy 2     1080p ][ 149 9.582361 Blood.Diamond.2006.1080p.HDDVD.x264-DEFiNiTE ][ 150 2.597768 The Last Samurai [2004] [720p] ][ 153 6.750726 The Italian Job [2003] [720p] ][ 161 4.865682 The Mummy 1-2   1080p ][ 164 0.049204 Angels & Demons [2009] [1080p] ][ 167 1.248312 Baby on Board (2009)    720p ]
[ 0 2.855669 Horton Hears a Who! [2008] [720p] ][ 1 5.222556 Bad Boy I [1995] [720p] ][ 7 5.171787 Hancock    1080p ][ 9 8.307232 Rocky 5 [1990] [BluRay] [720p] [AC3] ][ 16 9.912717 The Tale Of Despereaux [720p] ][ 28 4.179412 Deep Sea ][ 36 6.233236 Jumper    1080p ][ 38 9.397878 Firewall 720p ][ 41 7.970352 SAW III   720p ][ 42 2.929376 The Notebook [2004] [1080p] ][ 44 5.950784 Kung Fu Panda Secrets of the Furious Five    720p ][ 50 1.863408 Swordfish    720p ][ 51 9.590187 The Mummy Tomb Of The Dragon Emperor   720p ][ 52 5.811945 Exiled   720p ][ 54 0.867807 James Bond 12 - For Your Eyes Only [1981] ][ 55 7.063877 The.Godfather.Part.III.1990.720p.BluRay.x264-SiNNERS_tehPARADOX.COM ][ 59 2.207836 X-Men 2   1080p ][ 66 2.469861 Star Trek Collection 1-9    720p ][ 68 7.056339 Fast and the Furious 1 - 1080p ][ 76 6.040295 Stardust   720p ][ 78 9.670061 James Bond 01 - Dr. No [1962] [720p] ][ 80 6.861981 Home    1080p ][ 82 6.163273 Home    1080p ][ 83 8.176297 XxX.2002.BDRiP.720p.AC3.5.1.READnfo.x264-DEFiNiTiON ][ 84 8.399572 Rocky 2 [1979] [BluRay] [720p] [AC3] ][ 86 7.711702 The Day After Tomorrow 1080p ][ 88 9.764240 Taken 1080p ][ 94 3.767602 The Matrix   1080p ][ 95 8.597231 Indiana Jones Trilogy   720p ][ 96 1.141249 Species - The Awakening   720p ][ 98 4.598812 Bee Movie   720p ][ 99 9.732128 Species - The Awakening   720p ][ 107 4.163628 CJ7   720p ][ 108 0.053525 Black Hawk Down   1080p ][ 110 5.424852 Toy.Story.2.HD.720p.Hebrew.Dubbed.Also.English.x264-ALiS_20 ][ 112 4.800611 National Tressure 1 - 1080p ][ 113 5.493578 Alvin And The Chipmunks [720p] ][ 118 1.514606 Batman Dark Knight   1080p ][ 122 9.742805 Behind Enemy Line 2001   720p ][ 127 1.038302 Deep Sea ][ 128 2.279384 300 [2006] ][ 132 1.922107 Romeo And Juliet   720p ][ 133 9.196650 Gran Torino [2008] [720p] ][ 136 9.661304 The.Godfather.Part.II.1974.720p.BluRay.x264-ESiR_tehPARADOX.COM ][ 139 5.263795 Bourne Identity   720p ][ 143 9.713470 Cars [2006] [720p] ][ 144 8.263114 Ice Age 3 Dawn of the Dinosaurs [2009] [720p] ][ 148 6.218857 Hellboy 2     1080p ][ 149 9.582361 Blood.Diamond.2006.1080p.HDDVD.x264-DEFiNiTE ][ 150 2.597768 The Last Samurai [2004] [720p] ][ 153 6.750726 The Italian Job [2003] [720p] ][ 161 4.865682 The Mummy 1-2   1080p ][ 164 0.049204 Angels & Demons [2009] [1080p] ][ 167 1.248312 Baby on Board (2009)    720p ][ 171 1.752776 Hero    1080p ][ 184 1.760775 Darko 720P ]
[ 1 5.222556 Bad Boy I [1995] [720p] ][ 7 5.171787 Hancock    1080p ][ 9 8.307232 Rocky 5 [1990] [BluRay] [720p] [AC3] ][ 16 9.912717 The Tale Of Despereaux [720p] ][ 18 1.551661 PBS ][ 28 4.179412 Deep Sea ][ 36 6.233236 Jumper    1080p ][ 38 9.397878 Firewall 720p ][ 41 7.970352 SAW III   720p ][ 42 2.929376 The Notebook [2004] [1080p] ][ 44 5.950784 Kung Fu Panda Secrets of the Furious Five    720p ][ 50 1.863408 Swordfish    720p ][ 51 9.590187 The Mummy Tomb Of The Dragon Emperor   720p ][ 52 5.811945 Exiled   720p ][ 54 0.867807 James Bond 12 - For Your Eyes Only [1981] ][ 55 7.063877 The.Godfather.Part.III.1990.720p.BluRay.x264-SiNNERS_tehPARADOX.COM ][ 59 2.207836 X-Men 2   1080p ][ 68 7.056339 Fast and the Furious 1 - 1080p ][ 71 6.087138 Watchmen [720p] ][ 76 6.040295 Stardust   720p ][ 78 9.670061 James Bond 01 - Dr. No [1962] [720p] ][ 80 6.861981 Home    1080p ][ 81 6.975022 Chicken Little 1080p ][ 83 8.176297 XxX.2002.BDRiP.720p.AC3.5.1.READnfo.x264-DEFiNiTiON ][ 84 8.399572 Rocky 2 [1979] [BluRay] [720p] [AC3] ][ 86 7.711702 The Day After Tomorrow 1080p ][ 88 9.764240 Taken 1080p ][ 93 3.592573 Fantastic Four   1080p ][ 94 3.767602 The Matrix   1080p ][ 95 8.597231 Indiana Jones Trilogy   720p ][ 96 1.141249 Species - The Awakening   720p ][ 98 4.598812 Bee Movie   720p ][ 99 9.732128 Species - The Awakening   720p ][ 107 4.163628 CJ7   720p ][ 108 0.053525 Black Hawk Down   1080p ][ 109 5.451035 James Bond 20 - Die Another Day [2002] [720p] ][ 110 5.424852 Toy.Story.2.HD.720p.Hebrew.Dubbed.Also.English.x264-ALiS_20 ][ 112 4.800611 National Tressure 1 - 1080p ][ 113 5.493578 Alvin And The Chipmunks [720p] ][ 118 1.514606 Batman Dark Knight   1080p ][ 122 9.742805 Behind Enemy Line 2001   720p ][ 125 6.872320 Fifty Dead Men Walking   1080p ][ 127 1.038302 Deep Sea ][ 128 2.279384 300 [2006] ][ 132 1.922107 Romeo And Juliet   720p ][ 136 9.661304 The.Godfather.Part.II.1974.720p.BluRay.x264-ESiR_tehPARADOX.COM ][ 139 5.263795 Bourne Identity   720p ][ 140 3.161645 Gone In 60 Seconds    1080p ][ 143 9.713470 Cars [2006] [720p] ][ 144 8.263114 Ice Age 3 Dawn of the Dinosaurs [2009] [720p] ][ 148 6.218857 Hellboy 2     1080p ][ 149 9.582361 Blood.Diamond.2006.1080p.HDDVD.x264-DEFiNiTE ][ 153 6.750726 The Italian Job [2003] [720p] ][ 161 4.865682 The Mummy 1-2   1080p ][ 164 0.049204 Angels & Demons [2009] [1080p] ][ 167 1.248312 Baby on Board (2009)    720p ][ 171 1.752776 Hero    1080p ][ 176 1.545345 Core   720p ][ 184 1.760775 Darko 720P ][ 185 6.637798 Iron Man    1080p ][ 186 6.698360 The Hangover [720p] ][ 195 0.417262 10,000 BC 720p ][ 201 5.512330 Rocky 5 [1990] [BluRay] [720p] [AC3] ][ 207 6.042984 Superman Batman Public Enemies 2009 720p ]
[ 1 5.222556 Bad Boy I [1995] [720p] ][ 7 5.171787 Hancock    1080p ][ 16 9.912717 The Tale Of Despereaux [720p] ][ 18 1.551661 PBS ][ 28 4.179412 Deep Sea ][ 30 9.468641 Beauty And The Beast    720p ][ 36 6.233236 Jumper    1080p ][ 38 9.397878 Firewall 720p ][ 41 7.970352 SAW III   720p ][ 42 2.929376 The Notebook [2004] [1080p] ][ 44 5.950784 Kung Fu Panda Secrets of the Furious Five    720p ][ 50 1.863408 Swordfish    720p ][ 51 9.590187 The Mummy Tomb Of The Dragon Emperor   720p ][ 52 5.811945 Exiled   720p ][ 54 0.867807 James Bond 12 - For Your Eyes Only [1981] ][ 55 7.063877 The.Godfather.Part.III.1990.720p.BluRay.x264-SiNNERS_tehPARADOX.COM ][ 58 6.811835 Apocalypto   720p ][ 59 2.207836 X-Men 2   1080p ][ 62 3.014967 Romeo And Juliet   720p ][ 68 7.056339 Fast and the Furious 1 - 1080p ][ 69 6.728285 Kung Fu Hustle   720p ][ 71 6.087138 Watchmen [720p] ][ 76 6.040295 Stardust   720p ][ 77 1.331628 Disaster Movie 2008   720p ][ 78 9.670061 James Bond 01 - Dr. No [1962] [720p] ][ 81 6.975022 Chicken Little 1080p ][ 83 8.176297 XxX.2002.BDRiP.720p.AC3.5.1.READnfo.x264-DEFiNiTiON ][ 84 8.399572 Rocky 2 [1979] [BluRay] [720p] [AC3] ][ 86 7.711702 The Day After Tomorrow 1080p ][ 88 9.764240 Taken 1080p ][ 89 5.666998 Toy.Story.2.HD.720p.Hebrew.Dubbed.Also.English.x264-ALiS_20 ][ 93 3.592573 Fantastic Four   1080p ][ 94 3.767602 The Matrix   1080p ][ 95 8.597231 Indiana Jones Trilogy   720p ][ 98 4.598812 Bee Movie   720p ][ 99 9.732128 Species - The Awakening   720p ][ 102 7.866986 Final Fantasy VII Advent Children [2005] [1080p] ][ 108 0.053525 Black Hawk Down   1080p ][ 109 5.451035 James Bond 20 - Die Another Day [2002] [720p] ][ 110 5.424852 Toy.Story.2.HD.720p.Hebrew.Dubbed.Also.English.x264-ALiS_20 ][ 112 4.800611 National Tressure 1 - 1080p ][ 113 5.493578 Alvin And The Chipmunks [720p] ][ 118 1.514606 Batman Dark Knight   1080p ][ 122 9.742805 Behind Enemy Line 2001   720p ][ 124 1.896735 Con Air   720p ][ 127 1.038302 Deep Sea ][ 128 2.279384 300 [2006] ][ 130 6.330569 911 Mysteries Demolition    720p ][ 132 1.922107 Romeo And Juliet   720p ][ 136 9.661304 The.Godfather.Part.II.1974.720p.BluRay.x264-ESiR_tehPARADOX.COM ][ 139 5.263795 Bourne Identity   720p ][ 140 3.161645 Gone In 60 Seconds    1080p ][ 143 9.713470 Cars [2006] [720p] ][ 144 8.263114 Ice Age 3 Dawn of the Dinosaurs [2009] [720p] ][ 148 6.218857 Hellboy 2     1080p ][ 149 9.582361 Blood.Diamond.2006.1080p.HDDVD.x264-DEFiNiTE ][ 153 6.750726 The Italian Job [2003] [720p] ][ 161 4.865682 The Mummy 1-2   1080p ][ 164 0.049204 Angels & Demons [2009] [1080p] ][ 176 1.545345 Core   720p ][ 183 3.816551 James Bond 22 - Quantum of Solace [2008] [720p] ][ 184 1.760775 Darko 720P ][ 185 6.637798 Iron Man    1080p ][ 186 6.698360 The Hangover [720p] ][ 194 2.988626 Kung Fu Panda (BluRay 720p) ][ 195 0.417262 10,000 BC 720p ][ 199 2.585274 Bronson.LIMITED.720p.BluRay.x264-iNFAMOUS ][ 201 5.512330 Rocky 5 [1990] [BluRay] [720p] [AC3] ][ 207 6.042984 Superman Batman Public Enemies 2009 720p ][ 211 6.019369 Dragon Wars   720p ][ 215 7.437738 Core   720p ][ 217 0.351233 Crank 2, High Voltage   1080p ]
[ 1 5.222556 Bad Boy I [1995] [720p] ][ 7 5.171787 Hancock    1080p ][ 16 9.912717 The Tale Of Despereaux [720p] ][ 18 1.551661 PBS ][ 28 4.179412 Deep Sea ][ 30 9.468641 Beauty And The Beast    720p ][ 36 6.233236 Jumper    1080p ][ 38 9.397878 Firewall 720p ][ 42 2.929376 The Notebook [2004] [1080p] ][ 44 5.950784 Kung Fu Panda Secrets of the Furious Five    720p ][ 47 6.482335 Meet The Parents    720p ][ 50 1.863408 Swordfish    720p ][ 51 9.590187 The Mummy Tomb Of The Dragon Emperor   720p ][ 52 5.811945 Exiled   720p ][ 55 7.063877 The.Godfather.Part.III.1990.720p.BluRay.x264-SiNNERS_tehPARADOX.COM ][ 58 6.811835 Apocalypto   720p ][ 68 7.056339 Fast and the Furious 1 - 1080p ][ 69 6.728285 Kung Fu Hustle   720p ][ 71 6.087138 Watchmen [720p] ][ 76 6.040295 Stardust   720p ][ 77 1.331628 Disaster Movie 2008   720p ][ 78 9.670061 James Bond 01 - Dr. No [1962] [720p] ][ 81 6.975022 Chicken Little 1080p ][ 83 8.176297 XxX.2002.BDRiP.720p.AC3.5.1.READnfo.x264-DEFiNiTiON ][ 84 8.399572 Rocky 2 [1979] [BluRay] [720p] [AC3] ][ 86 7.711702 The Day After Tomorrow 1080p ][ 88 9.764240 Taken 1080p ][ 89 5.666998 Toy.Story.2.HD.720p.Hebrew.Dubbed.Also.English.x264-ALiS_20 ][ 93 3.592573 Fantastic Four   1080p ][ 94 3.767602 The Matrix   1080p ][ 95 8.597231 Indiana Jones Trilogy   720p ][ 98 4.598812 Bee Movie   720p ][ 99 9.732128 Species - The Awakening   720p ][ 102 7.866986 Final Fantasy VII Advent Children [2005] [1080p] ][ 108 0.053525 Black Hawk Down   1080p ][ 109 5.451035 James Bond 20 - Die Another Day [2002] [720p] ][ 110 5.424852 Toy.Story.2.HD.720p.Hebrew.Dubbed.Also.English.x264-ALiS_20 ][ 112 4.800611 National Tressure 1 - 1080p ][ 113 5.493578 Alvin And The Chipmunks [720p] ][ 118 1.514606 Batman Dark Knight   1080p ][ 122 9.742805 Behind Enemy Line 2001   720p ][ 123 0.863653 Rambo 4 [2008] [720p] ][ 124 1.896735 Con Air   720p ][ 127 1.038302 Deep Sea ][ 128 2.279384 300 [2006] ][ 130 6.330569 911 Mysteries Demolition    720p ][ 136 9.661304 The.Godfather.Part.II.1974.720p.BluRay.x264-ESiR_tehPARADOX.COM ][ 138 1.732488 Meet The Parents    720p ][ 140 3.161645 Gone In 60 Seconds    1080p ][ 143 9.713470 Cars [2006] [720p] ][ 144 8.263114 Ice Age 3 Dawn of the Dinosaurs [2009] [720p] ][ 145 9.134520 SAW II   720p ][ 148 6.218857 Hellboy 2     1080p ][ 149 9.582361 Blood.Diamond.2006.1080p.HDDVD.x264-DEFiNiTE ][ 152 0.960515 X-Men 3    720p ][ 159 6.901751 James Bond 20 - Die Another Day [2002] [720p] ][ 161 4.865682 The Mummy 1-2   1080p ][ 162 3.687725 Blood.Diamond.2006.1080p.HDDVD.x264-DEFiNiTE ][ 164 0.049204 Angels & Demons [2009] [1080p] ][ 173 1.663621 A.Beautiful.Mind.2001.720p.HDTV.x264-S26 ][ 176 1.545345 Core   720p ][ 179 2.827290 Lord Of The Ring 2 - The Two Towers (ExtEd) [1080p] ][ 182 1.050855 New York I Love You 720p   720p ][ 183 3.816551 James Bond 22 - Quantum of Solace [2008] [720p] ][ 184 1.760775 Darko 720P ][ 185 6.637798 Iron Man    1080p ][ 186 6.698360 The Hangover [720p] ][ 190 7.737260 Beauty And The Beast    720p ][ 194 2.988626 Kung Fu Panda (BluRay 720p) ][ 195 0.417262 10,000 BC 720p ][ 198 3.007769 American Gangster    720p ][ 199 2.585274 Bronson.LIMITED.720p.BluRay.x264-iNFAMOUS ][ 201 5.512330 Rocky 5 [1990] [BluRay] [720p] [AC3] ][ 207 6.042984 Superman Batman Public Enemies 2009 720p ][ 211 6.019369 Dragon Wars   720p ][ 215 7.437738 Core   720p ][ 217 0.351233 Crank 2, High Voltage   1080p ][ 220 2.627235 Battlestar Galactica The Plan [720p] ][ 223 0.040273 G.I.Joe The Rise of Cobra [2009] [720p] ][ 225 8.904878 Twilight [2008]   720p ][ 228 9.482748 Disturbia    720p ]
[ 1 5.222556 Bad Boy I [1995] [720p] ][ 2 0.950114 Hellboy 2     1080p ][ 7 5.171787 Hancock    1080p ][ 18 1.551661 PBS ][ 28 4.179412 Deep Sea ][ 30 9.468641 Beauty And The Beast    720p ][ 36 6.233236 Jumper    1080p ][ 38 9.397878 Firewall 720p ][ 42 2.929376 The Notebook [2004] [1080p] ][ 44 5.950784 Kung Fu Panda Secrets of the Furious Five    720p ][ 47 6.482335 Meet The Parents    720p ][ 50 1.863408 Swordfish    720p ][ 55 7.063877 The.Godfather.Part.III.1990.720p.BluRay.x264-SiNNERS_tehPARADOX.COM ][ 58 6.811835 Apocalypto   720p ][ 68 7.056339 Fast and the Furious 1 - 1080p ][ 69 6.728285 Kung Fu Hustle   720p ][ 71 6.087138 Watchmen [720p] ][ 76 6.040295 Stardust   720p ][ 77 1.331628 Disaster Movie 2008   720p ][ 78 9.670061 James Bond 01 - Dr. No [1962] [720p] ][ 81 6.975022 Chicken Little 1080p ][ 83 8.176297 XxX.2002.BDRiP.720p.AC3.5.1.READnfo.x264-DEFiNiTiON ][ 84 8.399572 Rocky 2 [1979] [BluRay] [720p] [AC3] ][ 86 7.711702 The Day After Tomorrow 1080p ][ 88 9.764240 Taken 1080p ][ 89 5.666998 Toy.Story.2.HD.720p.Hebrew.Dubbed.Also.English.x264-ALiS_20 ][ 91 6.370130 Swordfish    720p ][ 93 3.592573 Fantastic Four   1080p ][ 94 3.767602 The Matrix   1080p ][ 95 8.597231 Indiana Jones Trilogy   720p ][ 98 4.598812 Bee Movie   720p ][ 99 9.732128 Species - The Awakening   720p ][ 102 7.866986 Final Fantasy VII Advent Children [2005] [1080p] ][ 108 0.053525 Black Hawk Down   1080p ][ 109 5.451035 James Bond 20 - Die Another Day [2002] [720p] ][ 110 5.424852 Toy.Story.2.HD.720p.Hebrew.Dubbed.Also.English.x264-ALiS_20 ][ 113 5.493578 Alvin And The Chipmunks [720p] ][ 118 1.514606 Batman Dark Knight   1080p ][ 120 5.250850 The.Godfather.Part.II.1974.720p.BluRay.x264-ESiR_tehPARADOX.COM ][ 123 0.863653 Rambo 4 [2008] [720p] ][ 124 1.896735 Con Air   720p ][ 127 1.038302 Deep Sea ][ 128 2.279384 300 [2006] ][ 130 6.330569 911 Mysteries Demolition    720p ][ 136 9.661304 The.Godfather.Part.II.1974.720p.BluRay.x264-ESiR_tehPARADOX.COM ][ 140 3.161645 Gone In 60 Seconds    1080p ][ 143 9.713470 Cars [2006] [720p] ][ 144 8.263114 Ice Age 3 Dawn of the Dinosaurs [2009] [720p] ][ 145 9.134520 SAW II   720p ][ 147 4.074158 007.1983.Octopussy.720p.hdtv.x264 ][ 148 6.218857 Hellboy 2     1080p ][ 149 9.582361 Blood.Diamond.2006.1080p.HDDVD.x264-DEFiNiTE ][ 152 0.960515 X-Men 3    720p ][ 159 6.901751 James Bond 20 - Die Another Day [2002] [720p] ][ 161 4.865682 The Mummy 1-2   1080p ][ 162 3.687725 Blood.Diamond.2006.1080p.HDDVD.x264-DEFiNiTE ][ 164 0.049204 Angels & Demons [2009] [1080p] ][ 165 4.588917 Beowulf   720p ][ 173 1.663621 A.Beautiful.Mind.2001.720p.HDTV.x264-S26 ][ 175 0.059320 Punisher 2   720p ][ 176 1.545345 Core   720p ][ 179 2.827290 Lord Of The Ring 2 - The Two Towers (ExtEd) [1080p] ][ 181 5.903724 Back to the Future Part I [1985] [BluRay] [720p] [AC3] [EN] ][ 182 1.050855 New York I Love You 720p   720p ][ 183 3.816551 James Bond 22 - Quantum of Solace [2008] [720p] ][ 184 1.760775 Darko 720P ][ 185 6.637798 Iron Man    1080p ][ 186 6.698360 The Hangover [720p] ][ 187 2.271902 The Incredibles [1080p] ][ 190 7.737260 Beauty And The Beast    720p ][ 193 3.199803 Robocop Collection   720p ][ 194 2.988626 Kung Fu Panda (BluRay 720p) ][ 195 0.417262 10,000 BC 720p ][ 198 3.007769 American Gangster    720p ][ 200 9.939555 Batman The Dark Knight   720p ][ 201 5.512330 Rocky 5 [1990] [BluRay] [720p] [AC3] ][ 207 6.042984 Superman Batman Public Enemies 2009 720p ][ 211 6.019369 Dragon Wars   720p ][ 215 7.437738 Core   720p ][ 216 2.255461 1408.2007.720p.BluRay.x264-SiNNERS ][ 217 0.351233 Crank 2, High Voltage   1080p ][ 219 4.574427 Dolphin    720p ][ 220 2.627235 Battlestar Galactica The Plan [720p] ][ 223 0.040273 G.I.Joe The Rise of Cobra [2009] [720p] ][ 225 8.904878 Twilight [2008]   720p ][ 228 9.482748 Disturbia    720p ][ 230 4.762065 The Last Samurai [2004] [720p] ][ 239 3.007916 Babel.720p ][ 241 3.185355 Poseidon   1080p ][ 255 7.715468 American Psycho   720p ]
