[ 21 9.234753 Eurotrip 720p ]
[ 17 2.501346 Finding Nemo [2003] [720p] ][ 21 9.234753 Eurotrip 720p ]
[ 17 2.501346 Finding Nemo [2003] [720p] ][ 22 1.450526 The Day After Tomorrow 1080p ][ 36 6.222484 The Day After Tomorrow 1080p ][ 58 5.818186 Bugs.A.Rainforest.Adventure.3D.HD.DVD.REMUX.1080p.VC-1-SEBUL ]
[ 17 2.501346 Finding Nemo [2003] [720p] ][ 20 5.094921 PBS ][ 28 4.008796 Afro samurai uncut 720p ][ 31 0.594302 Good Night And Good Luck   720p ][ 58 5.818186 Bugs.A.Rainforest.Adventure.3D.HD.DVD.REMUX.1080p.VC-1-SEBUL ][ 64 2.880533 Blade 3   720p ]
[ 17 2.501346 Finding Nemo [2003] [720p] ][ 20 5.094921 PBS ][ 28 4.008796 Afro samurai uncut 720p ][ 31 0.594302 Good Night And Good Luck   720p ][ 39 9.436598 James Bond 18 - Tommorow Never Dies [1997] [720p] ][ 64 2.880533 Blade 3   720p ][ 68 4.977713 The Tale Of Despereaux [720p] ][ 69 8.365697 Star Trek Collection 1-9    720p ][ 80 7.099712 Swordfish    720p ]
[ 0 2.244977 Apollo 13   1080p ][ 20 5.094921 PBS ][ 28 4.008796 Afro samurai uncut 720p ][ 31 0.594302 Good Night And Good Luck   720p ][ 39 9.436598 James Bond 18 - Tommorow Never Dies [1997] [720p] ][ 41 1.133733 Elektra 720p ][ 68 4.977713 The Tale Of Despereaux [720p] ][ 69 8.365697 Star Trek Collection 1-9    720p ][ 80 7.099712 Swordfish    720p ][ 99 8.681848 Batman Cartoon - Gotham Knight   720p ][ 102 3.404715 Jurassic Park 1-3  1080p ][ 107 3.987225 Crash    1080p ]
[ 0 2.244977 Apollo 13   1080p ][ 2 3.953116 Cars [2006] [720p] ][ 14 2.220569 Behind Enemy Line 2001   720p ][ 20 5.094921 PBS ][ 25 6.574378 Battle for Terra [2007] [1080p] ][ 28 4.008796 Afro samurai uncut 720p ][ 39 9.436598 James Bond 18 - Tommorow Never Dies [1997] [720p] ][ 53 6.478752 The Chronicle of Riddick 720p ][ 68 4.977713 The Tale Of Despereaux [720p] ][ 69 8.365697 Star Trek Collection 1-9    720p ][ 77 8.654767 Elite Squad 1080p ][ 80 7.099712 Swordfish    720p ][ 99 8.681848 Batman Cartoon - Gotham Knight   720p ][ 102 3.404715 Jurassic Park 1-3  1080p ][ 107 3.987225 Crash    1080p ][ 109 8.221574 Saving Private Ryan 720p ]
[ 0 2.244977 Apollo 13   1080p ][ 2 3.953116 Cars [2006] [720p] ][ 14 2.220569 Behind Enemy Line 2001   720p ][ 15 2.403210 Stargate.Continuum.2008.1080p.Bluray.DTS.x264-eVIAN ][ 18 2.811589 High school musical II 2007    720p ][ 20 5.094921 PBS ][ 25 6.574378 Battle for Terra [2007] [1080p] ][ 39 9.436598 James Bond 18 - Tommorow Never Dies [1997] [720p] ][ 40 8.826382 In The Electrical Mist   720p ][ 53 6.478752 The Chronicle of Riddick 720p ][ 55 7.870332 Fifty Dead Men Walking   1080p ][ 68 4.977713 The Tale Of Despereaux [720p] ][ 69 8.365697 Star Trek Collection 1-9    720p ][ 77 8.654767 Elite Squad 1080p ][ 78 5.822343 Lord Of The Ring 1 - Fellowship of the Ring (ExtEd) [1080p] ][ 80 7.099712 Swordfish    720p ][ 99 8.681848 Batman Cartoon - Gotham Knight   720p ][ 102 3.404715 Jurassic Park 1-3  1080p ][ 109 8.221574 Saving Private Ryan 720p ][ 123 4.400649 007 Thunderball [1965]  [BluRay] [720p] [DTS] ]
[ 0 2.244977 Apollo 13   1080p ][ 2 3.953116 Cars [2006] [720p] ][ 14 2.220569 Behind Enemy Line 2001   720p ][ 15 2.403210 Stargate.Continuum.2008.1080p.Bluray.DTS.x264-eVIAN ][ 18 2.811589 High school musical II 2007    720p ][ 20 5.094921 PBS ][ 25 6.574378 Battle for Terra [2007] [1080p] ][ 33 3.875080 13.Going.on.30.2004.720p.BluRay.x264-METiS_tehPARADOX.COM ][ 39 9.436598 James Bond 18 - Tommorow Never Dies [1997] [720p] ][ 40 8.826382 In The Electrical Mist   720p ][ 69 8.365697 Star Trek Collection 1-9    720p ][ 72 3.957690 The.Warlords.2007.720p.BluRay.DTS.x264-ESiR ][ 77 8.654767 Elite Squad 1080p ][ 78 5.822343 Lord Of The Ring 1 - Fellowship of the Ring (ExtEd) [1080p] ][ 80 7.099712 Swordfish    720p ][ 85 6.896685 The Godfather [1972] [720p] ][ 98 7.454047 Jumper    1080p ][ 99 8.681848 Batman Cartoon - Gotham Knight   720p ][ 102 3.404715 Jurassic Park 1-3  1080p ][ 105 9.055544 Underworld Series ][ 109 8.221574 Saving Private Ryan 720p ][ 115 1.611575 Rocky 2 [1979] [BluRay] [720p] [AC3] ][ 116 3.597806 Fast and the Furious 4 - 1080p ][ 118 1.364626 Blood - The Last Vampire [2009] [720p] ][ 123 4.400649 007 Thunderball [1965]  [BluRay] [720p] [DTS] ]
[ 0 2.244977 Apollo 13   1080p ][ 2 3.953116 Cars [2006] [720p] ][ 12 8.198494 X-Men 3    720p ][ 14 2.220569 Behind Enemy Line 2001   720p ][ 15 2.403210 Stargate.Continuum.2008.1080p.Bluray.DTS.x264-eVIAN ][ 18 2.811589 High school musical II 2007    720p ][ 19 9.527837 The Matrix Reloaded   1080p ][ 25 6.574378 Battle for Terra [2007] [1080p] ][ 33 3.875080 13.Going.on.30.2004.720p.BluRay.x264-METiS_tehPARADOX.COM ][ 39 9.436598 James Bond 18 - Tommorow Never Dies [1997] [720p] ][ 40 8.826382 In The Electrical Mist   720p ][ 54 5.448945 SAW II   720p ][ 69 8.365697 Star Trek Collection 1-9    720p ][ 72 3.957690 The.Warlords.2007.720p.BluRay.DTS.x264-ESiR ][ 77 8.654767 Elite Squad 1080p ][ 80 7.099712 Swordfish    720p ][ 85 6.896685 The Godfather [1972] [720p] ][ 88 1.854198 Infernal Affair 1-3   1080p ][ 98 7.454047 Jumper    1080p ][ 99 8.681848 Batman Cartoon - Gotham Knight   720p ][ 102 3.404715 Jurassic Park 1-3  1080p ][ 105 9.055544 Underworld Series ][ 109 8.221574 Saving Private Ryan 720p ][ 115 1.611575 Rocky 2 [1979] [BluRay] [720p] [AC3] ][ 118 1.364626 Blood - The Last Vampire [2009] [720p] ][ 123 4.400649 007 Thunderball [1965]  [BluRay] [720p] [DTS] ][ 130 6.966565 Wanted   1080p ][ 137 1.023129 Alien vs Predator 1-2  720p ][ 142 1.877817 Ip Man    1080p ][ 145 8.105072 Chocolate 720p ]
[ 0 2.244977 Apollo 13   1080p ][ 2 3.953116 Cars [2006] [720p] ][ 3 8.223530 Crash    1080p ][ 5 3.102746 War [720p] ][ 12 8.198494 X-Men 3    720p ][ 15 2.403210 Stargate.Continuum.2008.1080p.Bluray.DTS.x264-eVIAN ][ 18 2.811589 High school musical II 2007    720p ][ 19 9.527837 The Matrix Reloaded   1080p ][ 25 6.574378 Battle for Terra [2007] [1080p] ][ 27 8.395766 iRobot  720p ][ 33 3.875080 13.Going.on.30.2004.720p.BluRay.x264-METiS_tehPARADOX.COM ][ 39 9.436598 James Bond 18 - Tommorow Never Dies [1997] [720p] ][ 40 8.826382 In The Electrical Mist   720p ][ 54 5.448945 SAW II   720p ][ 59 4.319188 Dr Dolite 3    720p ][ 60 9.231507 Doomsday 720p ][ 69 8.365697 Star Trek Collection 1-9    720p ][ 72 3.957690 The.Warlords.2007.720p.BluRay.DTS.x264-ESiR ][ 77 8.654767 Elite Squad 1080p ][ 80 7.099712 Swordfish    720p ][ 88 1.854198 Infernal Affair 1-3   1080p ][ 91 2.676418 Connected   720p ][ 98 7.454047 Jumper    1080p ][ 102 3.404715 Jurassic Park 1-3  1080p ][ 103 6.913493 Infernal Affair 1-3   1080p ][ 104 9.979797 Sex drive   720p ][ 105 9.055544 Underworld Series ][ 108 4.581293 Lord Of The Ring 1 - Fellowship of the Ring (ExtEd) [1080p] ][ 115 1.611575 Rocky 2 [1979] [BluRay] [720p] [AC3] ][ 117 6.558250 The Secret of Moonarce [720p] ][ 118 1.364626 Blood - The Last Vampire [2009] [720p] ][ 123 4.400649 007 Thunderball [1965]  [BluRay] [720p] [DTS] ][ 130 6.966565 Wanted   1080p ][ 137 1.023129 Alien vs Predator 1-2  720p ][ 144 3.797034 Night At The Museum 2 [720p] ][ 145 8.105072 Chocolate 720p ]
[ 0 2.244977 Apollo 13   1080p ][ 1 1.574949 Lion King, The 720p ][ 2 3.953116 Cars [2006] [720p] ][ 3 8.223530 Crash    1080p ][ 5 3.102746 War [720p] ][ 6 7.983444 Sky.Captain.And.The.World.Of.Tomorrow[www.x1949x.com]    720p ][ 15 2.403210 Stargate.Continuum.2008.1080p.Bluray.DTS.x264-eVIAN ][ 18 2.811589 High school musical II 2007    720p ][ 19 9.527837 The Matrix Reloaded   1080p ][ 25 6.574378 Battle for Terra [2007] [1080p] ][ 27 8.395766 iRobot  720p ][ 39 9.436598 James Bond 18 - Tommorow Never Dies [1997] [720p] ][ 40 8.826382 In The Electrical Mist   720p ][ 45 0.714851 Home Alone 1 & 2   720p ][ 54 5.448945 SAW II   720p ][ 57 8.775117 Daredevil - 720p ][ 59 4.319188 Dr Dolite 3    720p ][ 60 9.231507 Doomsday 720p ][ 69 8.365697 Star Trek Collection 1-9    720p ][ 72 3.957690 The.Warlords.2007.720p.BluRay.DTS.x264-ESiR ][ 77 8.654767 Elite Squad 1080p ][ 80 7.099712 Swordfish    720p ][ 98 7.454047 Jumper    1080p ][ 101 1.707724 Defiance.1080p ][ 102 3.404715 Jurassic Park 1-3  1080p ][ 103 6.913493 Infernal Affair 1-3   1080p ][ 104 9.979797 Sex drive   720p ][ 105 9.055544 Underworld Series ][ 108 4.581293 Lord Of The Ring 1 - Fellowship of the Ring (ExtEd) [1080p] ][ 115 1.611575 Rocky 2 [1979] [BluRay] [720p] [AC3] ][ 117 6.558250 The Secret of Moonarce [720p] ][ 118 1.364626 Blood - The Last Vampire [2009] [720p] ][ 121 2.235565 Pixar.Short.Films.Collection.Volume.1.2007.m-HD.x264-TlN50p ][ 122 4.481199 contents.txt ][ 123 4.400649 007 Thunderball [1965]  [BluRay] [720p] [DTS] ][ 130 6.966565 Wanted   1080p ][ 137 1.023129 Alien vs Predator 1-2  720p ][ 144 3.797034 Night At The Museum 2 [720p] ][ 145 8.105072 Chocolate 720p ][ 147 5.411725 Breach 1080p ][ 153 3.362222 Get Smart (2008) 1080p ][ 164 6.087794 Kingdom of Heaven [2005] [720p] ]
[ 1 1.574949 Lion King, The 720p ][ 2 3.953116 Cars [2006] [720p] ][ 3 8.223530 Crash    1080p ][ 5 3.102746 War [720p] ][ 18 2.811589 High school musical II 2007    720p ][ 19 9.527837 The Matrix Reloaded   1080p ][ 25 6.574378 Battle for Terra [2007] [1080p] ][ 27 8.395766 iRobot  720p ][ 34 0.521284 Drag Me To Hell [720p] ][ 39 9.436598 James Bond 18 - Tommorow Never Dies [1997] [720p] ][ 40 8.826382 In The Electrical Mist   720p ][ 45 0.714851 Home Alone 1 & 2   720p ][ 54 5.448945 SAW II   720p ][ 57 8.775117 Daredevil - 720p ][ 59 4.319188 Dr Dolite 3    720p ][ 60 9.231507 Doomsday 720p ][ 69 8.365697 Star Trek Collection 1-9    720p ][ 72 3.957690 The.Warlords.2007.720p.BluRay.DTS.x264-ESiR ][ 77 8.654767 Elite Squad 1080p ][ 80 7.099712 Swordfish    720p ][ 87 3.392685 The Haunting In Connecticut [2009] [720p] ][ 93 1.864086 Race To Witch Mountain [1080p] ][ 98 7.454047 Jumper    1080p ][ 101 1.707724 Defiance.1080p ][ 102 3.404715 Jurassic Park 1-3  1080p ][ 103 6.913493 Infernal Affair 1-3   1080p ][ 105 9.055544 Underworld Series ][ 108 4.581293 Lord Of The Ring 1 - Fellowship of the Ring (ExtEd) [1080p] ][ 115 1.611575 Rocky 2 [1979] [BluRay] [720p] [AC3] ][ 117 6.558250 The Secret of Moonarce [720p] ][ 118 1.364626 Blood - The Last Vampire [2009] [720p] ][ 120 7.753861 Robots.WS.AC3.x264.BluRay-PTM   720p ][ 121 2.235565 Pixar.Short.Films.Collection.Volume.1.2007.m-HD.x264-TlN50p ][ 122 4.481199 contents.txt ][ 123 4.400649 007 Thunderball [1965]  [BluRay] [720p] [DTS] ][ 130 6.966565 Wanted   1080p ][ 134 5.650361 The Incredibles [1080p] ][ 137 1.023129 Alien vs Predator 1-2  720p ][ 140 8.740819 The.Godfather.Part.II.1974.720p.BluRay.x264-ESiR_tehPARADOX.COM ][ 141 5.679834 300   720p ][ 144 3.797034 Night At The Museum 2 [720p] ][ 145 8.105072 Chocolate 720p ][ 146 0.915155 X-Men 4 - Origins Wolverine (2009)  1080p ][ 147 5.411725 Breach 1080p ][ 152 8.530302 Push    1080p ][ 156 5.804474 Final Destination 3   1080p ][ 164 6.087794 Kingdom of Heaven [2005] [720p] ][ 165 5.234485 Push    1080p ][ 174 4.549918 X-Men Origin - Wolverine [2009] [1080p] ]
[ 1 1.574949 Lion King, The 720p ][ 3 8.223530 Crash    1080p ][ 5 3.102746 War [720p] ][ 10 1.533427 Beauty And The Beast    720p ][ 13 4.138345 SAW I   720p ][ 18 2.811589 High school musical II 2007    720p ][ 19 9.527837 The Matrix Reloaded   1080p ][ 25 6.574378 Battle for Terra [2007] [1080p] ][ 27 8.395766 iRobot  720p ][ 29 3.809656 Rocky 1 [1976]  [BluRay] [720p] [AC3] ][ 34 0.521284 Drag Me To Hell [720p] ][ 39 9.436598 James Bond 18 - Tommorow Never Dies [1997] [720p] ][ 40 8.826382 In The Electrical Mist   720p ][ 45 0.714851 Home Alone 1 & 2   720p ][ 50 4.954532 American Psycho   720p ][ 52 3.136872 Knowing 2009 720p ][ 54 5.448945 SAW II   720p ][ 57 8.775117 Daredevil - 720p ][ 59 4.319188 Dr Dolite 3    720p ][ 62 8.471276 911 Mysteries Demolition    720p ][ 69 8.365697 Star Trek Collection 1-9    720p ][ 74 7.303687 The Final Destination 4 [2009] [720p] ][ 76 4.840503 The Last Samurai [2004] [720p] ][ 77 8.654767 Elite Squad 1080p ][ 80 7.099712 Swordfish    720p ][ 81 3.919794 Tomb Raider Collection (1-2)    720p ][ 87 3.392685 The Haunting In Connecticut [2009] [720p] ][ 93 1.864086 Race To Witch Mountain [1080p] ][ 98 7.454047 Jumper    1080p ][ 101 1.707724 Defiance.1080p ][ 103 6.913493 Infernal Affair 1-3   1080p ][ 105 9.055544 Underworld Series ][ 108 4.581293 Lord Of The Ring 1 - Fellowship of the Ring (ExtEd) [1080p] ][ 115 1.611575 Rocky 2 [1979] [BluRay] [720p] [AC3] ][ 117 6.558250 The Secret of Moonarce [720p] ][ 118 1.364626 Blood - The Last Vampire [2009] [720p] ][ 120 7.753861 Robots.WS.AC3.x264.BluRay-PTM   720p ][ 121 2.235565 Pixar.Short.Films.Collection.Volume.1.2007.m-HD.x264-TlN50p ][ 122 4.481199 contents.txt ][ 123 4.400649 007 Thunderball [1965]  [BluRay] [720p] [DTS] ][ 130 6.966565 Wanted   1080p ][ 134 5.650361 The Incredibles [1080p] ][ 137 1.023129 Alien vs Predator 1-2  720p ][ 140 8.740819 The.Godfather.Part.II.1974.720p.BluRay.x264-ESiR_tehPARADOX.COM ][ 141 5.679834 300   720p ][ 144 3.797034 Night At The Museum 2 [720p] ][ 146 0.915155 X-Men 4 - Origins Wolverine (2009)  1080p ][ 147 5.411725 Breach 1080p ][ 152 8.530302 Push    1080p ][ 156 5.804474 Final Destination 3   1080p ][ 164 6.087794 Kingdom of Heaven [2005] [720p] ][ 165 5.234485 Push    1080p ][ 173 8.732737 Bourne Identity   720p ][ 174 4.549918 X-Men Origin - Wolverine [2009] [1080p] ][ 181 7.209024 The Orphan [720] ][ 183 8.997060 The Empress and the Warriors [2008] [720p] ]
[ 1 1.574949 Lion King, The 720p ][ 3 8.223530 Crash    1080p ][ 5 3.102746 War [720p] ][ 10 1.533427 Beauty And The Beast    720p ][ 13 4.138345 SAW I   720p ][ 18 2.811589 High school musical II 2007    720p ][ 25 6.574378 Battle for Terra [2007] [1080p] ][ 27 8.395766 iRobot  720p ][ 29 3.809656 Rocky 1 [1976]  [BluRay] [720p] [AC3] ][ 34 0.521284 Drag Me To Hell [720p] ][ 39 9.436598 James Bond 18 - Tommorow Never Dies [1997] [720p] ][ 40 8.826382 In The Electrical Mist   720p ][ 44 5.098786 Star Trek Collection 1-9    720p ][ 45 0.714851 Home Alone 1 & 2   720p ][ 49 3.100590 Fantastic Four   1080p ][ 50 4.954532 American Psycho   720p ][ 52 3.136872 Knowing 2009 720p ][ 54 5.448945 SAW II   720p ][ 61 7.929672 Duplicity 2009   720p ][ 62 8.471276 911 Mysteries Demolition    720p ][ 67 9.430300 Final Destination 4   1080p ][ 69 8.365697 Star Trek Collection 1-9    720p ][ 74 7.303687 The Final Destination 4 [2009] [720p] ][ 76 4.840503 The Last Samurai [2004] [720p] ][ 77 8.654767 Elite Squad 1080p ][ 80 7.099712 Swordfish    720p ][ 81 3.919794 Tomb Raider Collection (1-2)    720p ][ 83 8.460894 Stargate-The Ark of Truth 720p ][ 86 2.915189 The.Godfather.Part.III.1990.720p.BluRay.x264-SiNNERS_tehPARADOX.COM ][ 87 3.392685 The Haunting In Connecticut [2009] [720p] ][ 93 1.864086 Race To Witch Mountain [1080p] ][ 98 7.454047 Jumper    1080p ][ 101 1.707724 Defiance.1080p ][ 103 6.913493 Infernal Affair 1-3   1080p ][ 108 4.581293 Lord Of The Ring 1 - Fellowship of the Ring (ExtEd) [1080p] ][ 112 1.538564 Fantastic Four   1080p ][ 114 5.815379 This Is It [2009] [720p] ][ 115 1.611575 Rocky 2 [1979] [BluRay] [720p] [AC3] ][ 118 1.364626 Blood - The Last Vampire [2009] [720p] ][ 120 7.753861 Robots.WS.AC3.x264.BluRay-PTM   720p ][ 121 2.235565 Pixar.Short.Films.Collection.Volume.1.2007.m-HD.x264-TlN50p ][ 122 4.481199 contents.txt ][ 123 4.400649 007 Thunderball [1965]  [BluRay] [720p] [DTS] ][ 128 3.106581 X-Men 3    720p ][ 130 6.966565 Wanted   1080p ][ 134 5.650361 The Incredibles [1080p] ][ 136 3.746867 Black Hawk Down   1080p ][ 137 1.023129 Alien vs Predator 1-2  720p ][ 140 8.740819 The.Godfather.Part.II.1974.720p.BluRay.x264-ESiR_tehPARADOX.COM ][ 143 5.012642 Hellboy 2     1080p ][ 144 3.797034 Night At The Museum 2 [720p] ][ 146 0.915155 X-Men 4 - Origins Wolverine (2009)  1080p ][ 147 5.411725 Breach 1080p ][ 148 0.739928 Saving Private Ryan 720p ][ 152 8.530302 Push    1080p ][ 156 5.804474 Final Destination 3   1080p ][ 164 6.087794 Kingdom of Heaven [2005] [720p] ][ 165 5.234485 Push    1080p ][ 173 8.732737 Bourne Identity   720p ][ 174 4.549918 X-Men Origin - Wolverine [2009] [1080p] ][ 181 7.209024 The Orphan [720] ][ 183 8.997060 The Empress and the Warriors [2008] [720p] ][ 187 7.043365 Saving Private Ryan 720p ][ 189 6.810293 Monster Inc [2001] [720p] ]
[ 1 1.574949 Lion King, The 720p ][ 3 8.223530 Crash    1080p ][ 5 3.102746 War [720p] ][ 7 4.242711 Doomsday 720p ][ 8 0.957741 Seven Swords    1080p ][ 9 2.825139 Stargate-The Ark of Truth 720p ][ 10 1.533427 Beauty And The Beast    720p ][ 11 2.118492 Alone in the dark   720p ][ 18 2.811589 High school musical II 2007    720p ][ 23 0.679394 iRobot  720p ][ 25 6.574378 Battle for Terra [2007] [1080p] ][ 27 8.395766 iRobot  720p ][ 29 3.809656 Rocky 1 [1976]  [BluRay] [720p] [AC3] ][ 32 8.008024 Back.to.the.Future.Part.III ][ 34 0.521284 Drag Me To Hell [720p] ][ 39 9.436598 James Bond 18 - Tommorow Never Dies [1997] [720p] ][ 40 8.826382 In The Electrical Mist   720p ][ 43 2.142981 Orphanage 720p ][ 44 5.098786 Star Trek Collection 1-9    720p ][ 45 0.714851 Home Alone 1 & 2   720p ][ 46 0.317687 Stargate.Continuum.2008.1080p.Bluray.DTS.x264-eVIAN ][ 49 3.100590 Fantastic Four   1080p ][ 50 4.954532 American Psycho   720p ][ 52 3.136872 Knowing 2009 720p ][ 54 5.448945 SAW II   720p ][ 61 7.929672 Duplicity 2009   720p ][ 62 8.471276 911 Mysteries Demolition    720p ][ 67 9.430300 Final Destination 4   1080p ][ 74 7.303687 The Final Destination 4 [2009] [720p] ][ 76 4.840503 The Last Samurai [2004] [720p] ][ 77 8.654767 Elite Squad 1080p ][ 80 7.099712 Swordfish    720p ][ 81 3.919794 Tomb Raider Collection (1-2)    720p ][ 83 8.460894 Stargate-The Ark of Truth 720p ][ 87 3.392685 The Haunting In Connecticut [2009] [720p] ][ 98 7.454047 Jumper    1080p ][ 101 1.707724 Defiance.1080p ][ 103 6.913493 Infernal Affair 1-3   1080p ][ 106 3.093247 Punisher 2   720p ][ 110 3.094294 The Usual Suspect    720p ][ 112 1.538564 Fantastic Four   1080p ][ 114 5.815379 This Is It [2009] [720p] ][ 115 1.611575 Rocky 2 [1979] [BluRay] [720p] [AC3] ][ 118 1.364626 Blood - The Last Vampire [2009] [720p] ][ 123 4.400649 007 Thunderball [1965]  [BluRay] [720p] [DTS] ][ 125 9.413046 300 [2006] ][ 128 3.106581 X-Men 3    720p ][ 130 6.966565 Wanted   1080p ][ 134 5.650361 The Incredibles [1080p] ][ 136 3.746867 Black Hawk Down   1080p ][ 137 1.023129 Alien vs Predator 1-2  720p ][ 140 8.740819 The.Godfather.Part.II.1974.720p.BluRay.x264-ESiR_tehPARADOX.COM ][ 143 5.012642 Hellboy 2     1080p ][ 144 3.797034 Night At The Museum 2 [720p] ][ 146 0.915155 X-Men 4 - Origins Wolverine (2009)  1080p ][ 147 5.411725 Breach 1080p ][ 148 0.739928 Saving Private Ryan 720p ][ 152 8.530302 Push    1080p ][ 156 5.804474 Final Destination 3   1080p ][ 163 3.580262 G Force    720p ][ 164 6.087794 Kingdom of Heaven [2005] [720p] ][ 165 5.234485 Push    1080p ][ 166 3.286996 Ice Age 3 Dawn of the Dinosaurs [2009] [720p] ][ 173 8.732737 Bourne Identity   720p ][ 174 4.549918 X-Men Origin - Wolverine [2009] [1080p] ][ 181 7.209024 The Orphan [720] ][ 183 8.997060 The Empress and the Warriors [2008] [720p] ][ 187 7.043365 Saving Private Ryan 720p ][ 189 6.810293 Monster Inc [2001] [720p] ][ 195 6.041782 Deep Sea ][ 207 3.428823 contents.txt ][ 226 6.713265 Fight.Club.1999.720p.BluRay.DTS-ES.x264-DON ]
[ 1 1.574949 Lion King, The 720p ][ 3 8.223530 Crash    1080p ][ 5 3.102746 War [720p] ][ 7 4.242711 Doomsday 720p ][ 8 0.957741 Seven Swords    1080p ][ 9 2.825139 Stargate-The Ark of Truth 720p ][ 10 1.533427 Beauty And The Beast    720p ][ 11 2.118492 Alone in the dark   720p ][ 18 2.811589 High school musical II 2007    720p ][ 23 0.679394 iRobot  720p ][ 25 6.574378 Battle for Terra [2007] [1080p] ][ 27 8.395766 iRobot  720p ][ 29 3.809656 Rocky 1 [1976]  [BluRay] [720p] [AC3] ][ 34 0.521284 Drag Me To Hell [720p] ][ 39 9.436598 James Bond 18 - Tommorow Never Dies [1997] [720p] ][ 43 2.142981 Orphanage 720p ][ 44 5.098786 Star Trek Collection 1-9    720p ][ 45 0.714851 Home Alone 1 & 2   720p ][ 46 0.317687 Stargate.Continuum.2008.1080p.Bluray.DTS.x264-eVIAN ][ 47 1.191086 Afro samurai uncut 720p ][ 49 3.100590 Fantastic Four   1080p ][ 50 4.954532 American Psycho   720p ][ 52 3.136872 Knowing 2009 720p ][ 54 5.448945 SAW II   720p ][ 62 8.471276 911 Mysteries Demolition    720p ][ 67 9.430300 Final Destination 4   1080p ][ 74 7.303687 The Final Destination 4 [2009] [720p] ][ 76 4.840503 The Last Samurai [2004] [720p] ][ 77 8.654767 Elite Squad 1080p ][ 81 3.919794 Tomb Raider Collection (1-2)    720p ][ 83 8.460894 Stargate-The Ark of Truth 720p ][ 87 3.392685 The Haunting In Connecticut [2009] [720p] ][ 97 1.306131 Beowulf   720p ][ 98 7.454047 Jumper    1080p ][ 101 1.707724 Defiance.1080p ][ 103 6.913493 Infernal Affair 1-3   1080p ][ 106 3.093247 Punisher 2   720p ][ 110 3.094294 The Usual Suspect    720p ][ 112 1.538564 Fantastic Four   1080p ][ 114 5.815379 This Is It [2009] [720p] ][ 115 1.611575 Rocky 2 [1979] [BluRay] [720p] [AC3] ][ 118 1.364626 Blood - The Last Vampire [2009] [720p] ][ 123 4.400649 007 Thunderball [1965]  [BluRay] [720p] [DTS] ][ 124 3.064197 Lion King, The 720p ][ 125 9.413046 300 [2006] ][ 128 3.106581 X-Men 3    720p ][ 130 6.966565 Wanted   1080p ][ 134 5.650361 The Incredibles [1080p] ][ 135 2.143644 Blade 3   720p ][ 136 3.746867 Black Hawk Down   1080p ][ 137 1.023129 Alien vs Predator 1-2  720p ][ 140 8.740819 The.Godfather.Part.II.1974.720p.BluRay.x264-ESiR_tehPARADOX.COM ][ 143 5.012642 Hellboy 2     1080p ][ 144 3.797034 Night At The Museum 2 [720p] ][ 146 0.915155 X-Men 4 - Origins Wolverine (2009)  1080p ][ 147 5.411725 Breach 1080p ][ 148 0.739928 Saving Private Ryan 720p ][ 150 0.179946 Jeniffer's Body ( 2009)    1080p ][ 152 8.530302 Push    1080p ][ 161 6.561099 My Bloody Valentine 3D    1080p ][ 163 3.580262 G Force    720p ][ 164 6.087794 Kingdom of Heaven [2005] [720p] ][ 166 3.286996 Ice Age 3 Dawn of the Dinosaurs [2009] [720p] ][ 174 4.549918 X-Men Origin - Wolverine [2009] [1080p] ][ 178 6.301441 Lord Of The Ring 3 - The Return of the King (ExtEd) [1080p] ][ 180 3.941008 G Force    720p ][ 181 7.209024 The Orphan [720] ][ 183 8.997060 The Empress and the Warriors [2008] [720p] ][ 186 3.343674 Pinocchio [1940] [720p] ][ 187 7.043365 Saving Private Ryan 720p ][ 188 1.289241 Stargate-The Ark of Truth 720p ][ 189 6.810293 Monster Inc [2001] [720p] ][ 193 0.238643 Final Fantasy The Spirits Within    720p ][ 195 6.041782 Deep Sea ][ 198 9.867901 Starship Troopers 1  1080p ][ 207 3.428823 contents.txt ][ 214 3.271251 Stargate.Continuum.2008.1080p.Bluray.DTS.x264-eVIAN ][ 226 6.713265 Fight.Club.1999.720p.BluRay.DTS-ES.x264-DON ][ 228 6.417139 SWAT    720p ][ 235 1.968802 3_10 to Yuma   720p ][ 238 4.841078 X-Men 4 - Origins Wolverine (2009)  1080p ]
[ 1 1.574949 Lion King, The 720p ][ 3 8.223530 Crash    1080p ][ 5 3.102746 War [720p] ][ 7 4.242711 Doomsday 720p ][ 8 0.957741 Seven Swords    1080p ][ 9 2.825139 Stargate-The Ark of Truth 720p ][ 10 1.533427 Beauty And The Beast    720p ][ 11 2.118492 Alone in the dark   720p ][ 23 0.679394 iRobot  720p ][ 25 6.574378 Battle for Terra [2007] [1080p] ][ 27 8.395766 iRobot  720p ][ 29 3.809656 Rocky 1 [1976]  [BluRay] [720p] [AC3] ][ 34 0.521284 Drag Me To Hell [720p] ][ 39 9.436598 James Bond 18 - Tommorow Never Dies [1997] [720p] ][ 43 2.142981 Orphanage 720p ][ 45 0.714851 Home Alone 1 & 2   720p ][ 46 0.317687 Stargate.Continuum.2008.1080p.Bluray.DTS.x264-eVIAN ][ 47 1.191086 Afro samurai uncut 720p ][ 49 3.100590 Fantastic Four   1080p ][ 52 3.136872 Knowing 2009 720p ][ 54 5.448945 SAW II   720p ][ 62 8.471276 911 Mysteries Demolition    720p ][ 67 9.430300 Final Destination 4   1080p ][ 74 7.303687 The Final Destination 4 [2009] [720p] ][ 75 2.194560 Death Sentence   1080p ][ 76 4.840503 The Last Samurai [2004] [720p] ][ 77 8.654767 Elite Squad 1080p ][ 81 3.919794 Tomb Raider Collection (1-2)    720p ][ 83 8.460894 Stargate-The Ark of Truth 720p ][ 87 3.392685 The Haunting In Connecticut [2009] [720p] ][ 89 8.278486 Pitch Black [720p] ][ 97 1.306131 Beowulf   720p ][ 98 7.454047 Jumper    1080p ][ 101 1.707724 Defiance.1080p ][ 103 6.913493 Infernal Affair 1-3   1080p ][ 106 3.093247 Punisher 2   720p ][ 112 1.538564 Fantastic Four   1080p ][ 114 5.815379 This Is It [2009] [720p] ][ 115 1.611575 Rocky 2 [1979] [BluRay] [720p] [AC3] ][ 118 1.364626 Blood - The Last Vampire [2009] [720p] ][ 123 4.400649 007 Thunderball [1965]  [BluRay] [720p] [DTS] ][ 124 3.064197 Lion King, The 720p ][ 125 9.413046 300 [2006] ][ 127 0.341015 Babel.720p ][ 128 3.106581 X-Men 3    720p ][ 130 6.966565 Wanted   1080p ][ 134 5.650361 The Incredibles [1080p] ][ 135 2.143644 Blade 3   720p ][ 136 3.746867 Black Hawk Down   1080p ][ 137 1.023129 Alien vs Predator 1-2  720p ][ 140 8.740819 The.Godfather.Part.II.1974.720p.BluRay.x264-ESiR_tehPARADOX.COM ][ 143 5.012642 Hellboy 2     1080p ][ 146 0.915155 X-Men 4 - Origins Wolverine (2009)  1080p ][ 147 5.411725 Breach 1080p ][ 148 0.739928 Saving Private Ryan 720p ][ 150 0.179946 Jeniffer's Body ( 2009)    1080p ][ 152 8.530302 Push    1080p ][ 161 6.561099 My Bloody Valentine 3D    1080p ][ 163 3.580262 G Force    720p ][ 164 6.087794 Kingdom of Heaven [2005] [720p] ][ 166 3.286996 Ice Age 3 Dawn of the Dinosaurs [2009] [720p] ][ 167 1.704649 Babel.720p ][ 169 1.860190 Independence Day 1080p ][ 174 4.549918 X-Men Origin - Wolverine [2009] [1080p] ][ 175 9.240540 Ip Man    1080p ][ 178 6.301441 Lord Of The Ring 3 - The Return of the King (ExtEd) [1080p] ][ 180 3.941008 G Force    720p ][ 181 7.209024 The Orphan [720] ][ 183 8.997060 The Empress and the Warriors [2008] [720p] ][ 185 9.129295 Robocop Collection   720p ][ 186 3.343674 Pinocchio [1940] [720p] ][ 187 7.043365 Saving Private Ryan 720p ][ 188 1.289241 Stargate-The Ark of Truth 720p ][ 189 6.810293 Monster Inc [2001] [720p] ][ 193 0.238643 Final Fantasy The Spirits Within    720p ][ 198 9.867901 Starship Troopers 1  1080p ][ 199 0.351955 Gran Torino [2008] [720p] ][ 205 4.414726 Constantine HDDVD 1080p DTS x264 ][ 207 3.428823 contents.txt ][ 214 3.271251 Stargate.Continuum.2008.1080p.Bluray.DTS.x264-eVIAN ][ 215 9.650118 Scooby.Doo.The.Mystery.Begins.2009   720p ][ 219 7.752213 Juno 2007 720p ][ 226 6.713265 Fight.Club.1999.720p.BluRay.DTS-ES.x264-DON ][ 227 4.550508 Flash Point    720p ][ 228 6.417139 SWAT    720p ][ 235 1.968802 3_10 to Yuma   720p ][ 238 4.841078 X-Men 4 - Origins Wolverine (2009)  1080p ][ 245 7.368794 Braveheart 720p ][ 248 9.275344 Fantastic Four, Rise Of The Silver Surfer    1080p ][ 258 9.397947 Disturbia    720p ]
[ 1 1.574949 Lion King, The 720p ][ 3 8.223530 Crash    1080p ][ 7 4.242711 Doomsday 720p ][ 8 0.957741 Seven Swords    1080p ][ 9 2.825139 Stargate-The Ark of Truth 720p ][ 10 1.533427 Beauty And The Beast    720p ][ 11 2.118492 Alone in the dark   720p ][ 23 0.679394 iRobot  720p ][ 24 4.432336 How To Lose Friends & Alienate People   1080p ][ 25 6.574378 Battle for Terra [2007] [1080p] ][ 27 8.395766 iRobot  720p ][ 29 3.809656 Rocky 1 [1976]  [BluRay] [720p] [AC3] ][ 34 0.521284 Drag Me To Hell [720p] ][ 39 9.436598 James Bond 18 - Tommorow Never Dies [1997] [720p] ][ 43 2.142981 Orphanage 720p ][ 46 0.317687 Stargate.Continuum.2008.1080p.Bluray.DTS.x264-eVIAN ][ 47 1.191086 Afro samurai uncut 720p ][ 51 5.876869 Chocolate 720p ][ 52 3.136872 Knowing 2009 720p ][ 54 5.448945 SAW II   720p ][ 56 3.895116 Romeo And Juliet   720p ][ 62 8.471276 911 Mysteries Demolition    720p ][ 74 7.303687 The Final Destination 4 [2009] [720p] ][ 75 2.194560 Death Sentence   1080p ][ 76 4.840503 The Last Samurai [2004] [720p] ][ 77 8.654767 Elite Squad 1080p ][ 81 3.919794 Tomb Raider Collection (1-2)    720p ][ 83 8.460894 Stargate-The Ark of Truth 720p ][ 87 3.392685 The Haunting In Connecticut [2009] [720p] ][ 89 8.278486 Pitch Black [720p] ][ 98 7.454047 Jumper    1080p ][ 101 1.707724 Defiance.1080p ][ 103 6.913493 Infernal Affair 1-3   1080p ][ 106 3.093247 Punisher 2   720p ][ 112 1.538564 Fantastic Four   1080p ][ 114 5.815379 This Is It [2009] [720p] ][ 115 1.611575 Rocky 2 [1979] [BluRay] [720p] [AC3] ][ 118 1.364626 Blood - The Last Vampire [2009] [720p] ][ 123 4.400649 007 Thunderball [1965]  [BluRay] [720p] [DTS] ][ 124 3.064197 Lion King, The 720p ][ 125 9.413046 300 [2006] ][ 127 0.341015 Babel.720p ][ 128 3.106581 X-Men 3    720p ][ 129 9.732203 SAW III   720p ][ 130 6.966565 Wanted   1080p ][ 134 5.650361 The Incredibles [1080p] ][ 135 2.143644 Blade 3   720p ][ 136 3.746867 Black Hawk Down   1080p ][ 137 1.023129 Alien vs Predator 1-2  720p ][ 140 8.740819 The.Godfather.Part.II.1974.720p.BluRay.x264-ESiR_tehPARADOX.COM ][ 143 5.012642 Hellboy 2     1080p ][ 146 0.915155 X-Men 4 - Origins Wolverine (2009)  1080p ][ 147 5.411725 Breach 1080p ][ 148 0.739928 Saving Private Ryan 720p ][ 150 0.179946 Jeniffer's Body ( 2009)    1080p ][ 152 8.530302 Push    1080p ][ 155 7.421561 Fifty Dead Men Walking   1080p ][ 160 9.228854 Lucky.Number.Slevin.2006.720p.HDDVD.x264-ESiR ][ 161 6.561099 My Bloody Valentine 3D    1080p ][ 163 3.580262 G Force    720p ][ 164 6.087794 Kingdom of Heaven [2005] [720p] ][ 166 3.286996 Ice Age 3 Dawn of the Dinosaurs [2009] [720p] ][ 167 1.704649 Babel.720p ][ 169 1.860190 Independence Day 1080p ][ 170 9.986702 Afro samurai uncut 720p ][ 172 0.055965 Rocky 1 [1976]  [BluRay] [720p] [AC3] ][ 174 4.549918 X-Men Origin - Wolverine [2009] [1080p] ][ 175 9.240540 Ip Man    1080p ][ 180 3.941008 G Force    720p ][ 181 7.209024 The Orphan [720] ][ 183 8.997060 The Empress and the Warriors [2008] [720p] ][ 185 9.129295 Robocop Collection   720p ][ 186 3.343674 Pinocchio [1940] [720p] ][ 187 7.043365 Saving Private Ryan 720p ][ 188 1.289241 Stargate-The Ark of Truth 720p ][ 189 6.810293 Monster Inc [2001] [720p] ][ 193 0.238643 Final Fantasy The Spirits Within    720p ][ 198 9.867901 Starship Troopers 1  1080p ][ 199 0.351955 Gran Torino [2008] [720p] ][ 205 4.414726 Constantine HDDVD 1080p DTS x264 ][ 207 3.428823 contents.txt ][ 210 6.528031 Race To Witch Mountain [1080p] ][ 212 2.593702 The.Escape.2009.1080p.BluRay.x264-BestHD ][ 215 9.650118 Scooby.Doo.The.Mystery.Begins.2009   720p ][ 217 7.922738 Up [1080p] ][ 219 7.752213 Juno 2007 720p ][ 226 6.713265 Fight.Club.1999.720p.BluRay.DTS-ES.x264-DON ][ 228 6.417139 SWAT    720p ][ 233 0.783281 Fight.Club.1999.720p.BluRay.DTS-ES.x264-DON ][ 235 1.968802 3_10 to Yuma   720p ][ 238 4.841078 X-Men 4 - Origins Wolverine (2009)  1080p ][ 241 3.476430 Infernal Affair 1-3   1080p ][ 245 7.368794 Braveheart 720p ][ 247 3.610972 The Uninvited [2009] [720p] ][ 248 9.275344 Fantastic Four, Rise Of The Silver Surfer    1080p ][ 249 6.715598 James Bond 12 - For Your Eyes Only [1981] ][ 250 1.079869 Race To Witch Mountain [1080p] ][ 258 9.397947 Disturbia    720p ][ 266 2.813089 The Matrix   1080p ][ 275 4.278516 Click   720p ]
