[ 67 4.639320 Hitman    720p ]
[ 26 5.043029 Burn E [720p] ][ 67 4.639320 Hitman    720p ]
[ 26 5.043029 Burn E [720p] ][ 47 3.487908 Elite Squad 1080p ][ 67 4.639320 Hitman    720p ][ 83 1.126781 IMAX Ring of Fire [720p] [Documenter] ]
[ 26 5.043029 Burn E [720p] ][ 66 2.658846 The.Godfather.Part.II.1974.720p.BluRay.x264-ESiR_tehPARADOX.COM ][ 70 1.964322 Die Hard 4   1080p ][ 71 1.422728 Oceans.Thirteen.2007.720p.HDDVD.x264-SiNNERS ][ 83 1.126781 IMAX Ring of Fire [720p] [Documenter] ][ 93 1.313176 Twilight [2008]   720p ]
[ 17 9.982794 13.Going.on.30.2004.720p.BluRay.x264-METiS_tehPARADOX.COM ][ 26 5.043029 Burn E [720p] ][ 28 2.598643 IMAX Ring of Fire [720p] [Documenter] ][ 58 2.350875 Alien vs Predator 1-2  720p ][ 70 1.964322 Die Hard 4   1080p ][ 71 1.422728 Oceans.Thirteen.2007.720p.HDDVD.x264-SiNNERS ][ 77 0.234222 Species   720p ][ 83 1.126781 IMAX Ring of Fire [720p] [Documenter] ][ 93 1.313176 Twilight [2008]   720p ]
[ 17 9.982794 13.Going.on.30.2004.720p.BluRay.x264-METiS_tehPARADOX.COM ][ 26 5.043029 Burn E [720p] ][ 28 2.598643 IMAX Ring of Fire [720p] [Documenter] ][ 53 8.973943 James Bond 11 - MoonRaker [1979] ][ 56 8.451819 Final Destination 4   1080p ][ 58 2.350875 Alien vs Predator 1-2  720p ][ 71 1.422728 Oceans.Thirteen.2007.720p.HDDVD.x264-SiNNERS ][ 72 8.179544 Final Destination ][ 73 5.916554 Rocky 4 [1985] [BluRay] [720p] [AC3] ][ 77 0.234222 Species   720p ][ 92 0.549259 Pursuit_Of_Happyness[2006]   720p ][ 93 1.313176 Twilight [2008]   720p ]
[ 1 7.796611 Fantastic Four   1080p ][ 17 9.982794 13.Going.on.30.2004.720p.BluRay.x264-METiS_tehPARADOX.COM ][ 18 2.870536 Race To Witch Mountain [1080p] ][ 20 5.871639 Lust Caution   720p ][ 26 5.043029 Burn E [720p] ][ 28 2.598643 IMAX Ring of Fire [720p] [Documenter] ][ 29 7.603029 Pixar.Shorts.2009.720p.BluRay.AC3.x264-UNiT3D ][ 30 1.092618 Tomb Raider Collection (1-2)    720p ][ 53 8.973943 James Bond 11 - MoonRaker [1979] ][ 58 2.350875 Alien vs Predator 1-2  720p ][ 71 1.422728 Oceans.Thirteen.2007.720p.HDDVD.x264-SiNNERS ][ 72 8.179544 Final Destination ][ 77 0.234222 Species   720p ][ 84 7.765337 X-Men 3    720p ][ 92 0.549259 Pursuit_Of_Happyness[2006]   720p ][ 93 1.313176 Twilight [2008]   720p ]
[ 1 7.796611 Fantastic Four   1080p ][ 13 2.004469 Cleanwest 720p ][ 17 9.982794 13.Going.on.30.2004.720p.BluRay.x264-METiS_tehPARADOX.COM ][ 18 2.870536 Race To Witch Mountain [1080p] ][ 20 5.871639 Lust Caution   720p ][ 28 2.598643 IMAX Ring of Fire [720p] [Documenter] ][ 30 1.092618 Tomb Raider Collection (1-2)    720p ][ 37 5.555472 Sixth Sense   720p ][ 65 6.414419 Lucky.Number.Slevin.2006.720p.HDDVD.x264-ESiR ][ 68 4.861106 Lord Of The Ring  - Return Of The King   720p ][ 71 1.422728 Oceans.Thirteen.2007.720p.HDDVD.x264-SiNNERS ][ 72 8.179544 Final Destination ][ 77 0.234222 Species   720p ][ 78 5.694790 Godzilla 720p ][ 84 7.765337 X-Men 3    720p ][ 86 2.467094 The Last Samurai [2004] [720p] ][ 92 0.549259 Pursuit_Of_Happyness[2006]   720p ][ 93 1.313176 Twilight [2008]   720p ][ 100 1.269408 Apocalypto   720p ][ 117 4.299456 Minority Report [720p] ]
[ 1 7.796611 Fantastic Four   1080p ][ 8 0.524602 The Mummy Tomb Of The Dragon Emperor   720p ][ 17 9.982794 13.Going.on.30.2004.720p.BluRay.x264-METiS_tehPARADOX.COM ][ 18 2.870536 Race To Witch Mountain [1080p] ][ 20 5.871639 Lust Caution   720p ][ 28 2.598643 IMAX Ring of Fire [720p] [Documenter] ][ 30 1.092618 Tomb Raider Collection (1-2)    720p ][ 37 5.555472 Sixth Sense   720p ][ 44 4.529650 Get Smart (2008) 1080p ][ 52 9.257136 The Matrix Reloaded   1080p ][ 65 6.414419 Lucky.Number.Slevin.2006.720p.HDDVD.x264-ESiR ][ 68 4.861106 Lord Of The Ring  - Return Of The King   720p ][ 71 1.422728 Oceans.Thirteen.2007.720p.HDDVD.x264-SiNNERS ][ 77 0.234222 Species   720p ][ 78 5.694790 Godzilla 720p ][ 84 7.765337 X-Men 3    720p ][ 85 8.445439 Public Enemies [720p] ][ 86 2.467094 The Last Samurai [2004] [720p] ][ 92 0.549259 Pursuit_Of_Happyness[2006]   720p ][ 93 1.313176 Twilight [2008]   720p ][ 95 4.419821 Bolt [2008] [1080p] ][ 100 1.269408 Apocalypto   720p ][ 101 2.137855 Corpse Bride   720p ][ 117 4.299456 Minority Report [720p] ][ 129 4.386967 Up [1080p] ]
[ 1 7.796611 Fantastic Four   1080p ][ 5 8.480784 Terminator 3 Rise Of The Machine [2003]   720p ][ 8 0.524602 The Mummy Tomb Of The Dragon Emperor   720p ][ 17 9.982794 13.Going.on.30.2004.720p.BluRay.x264-METiS_tehPARADOX.COM ][ 20 5.871639 Lust Caution   720p ][ 28 2.598643 IMAX Ring of Fire [720p] [Documenter] ][ 30 1.092618 Tomb Raider Collection (1-2)    720p ][ 33 2.913131 James Bond 08 - Live and Let Die [1973] ][ 36 6.703500 X-Men 3    720p ][ 44 4.529650 Get Smart (2008) 1080p ][ 51 5.935568 Bronson.LIMITED.720p.BluRay.x264-iNFAMOUS ][ 52 9.257136 The Matrix Reloaded   1080p ][ 65 6.414419 Lucky.Number.Slevin.2006.720p.HDDVD.x264-ESiR ][ 68 4.861106 Lord Of The Ring  - Return Of The King   720p ][ 71 1.422728 Oceans.Thirteen.2007.720p.HDDVD.x264-SiNNERS ][ 77 0.234222 Species   720p ][ 78 5.694790 Godzilla 720p ][ 84 7.765337 X-Men 3    720p ][ 85 8.445439 Public Enemies [720p] ][ 86 2.467094 The Last Samurai [2004] [720p] ][ 91 4.858564 Hulk 2 - The Incredible Hulk - 720p ][ 92 0.549259 Pursuit_Of_Happyness[2006]   720p ][ 93 1.313176 Twilight [2008]   720p ][ 95 4.419821 Bolt [2008] [1080p] ][ 100 1.269408 Apocalypto   720p ][ 101 2.137855 Corpse Bride   720p ][ 115 1.026709 National Geographic - The Koran [720p] [Documenter] ][ 117 4.299456 Minority Report [720p] ][ 129 4.386967 Up [1080p] ][ 134 3.535099 Oceans.Eleven.2001.720p.HDDVD.x264-SiNNERS ]
[ 1 7.796611 Fantastic Four   1080p ][ 8 0.524602 The Mummy Tomb Of The Dragon Emperor   720p ][ 20 5.871639 Lust Caution   720p ][ 28 2.598643 IMAX Ring of Fire [720p] [Documenter] ][ 30 1.092618 Tomb Raider Collection (1-2)    720p ][ 36 6.703500 X-Men 3    720p ][ 38 1.819385 iRobot  720p ][ 43 3.632277 contents.txt ][ 44 4.529650 Get Smart (2008) 1080p ][ 50 2.533041 Con Air   720p ][ 51 5.935568 Bronson.LIMITED.720p.BluRay.x264-iNFAMOUS ][ 52 9.257136 The Matrix Reloaded   1080p ][ 65 6.414419 Lucky.Number.Slevin.2006.720p.HDDVD.x264-ESiR ][ 68 4.861106 Lord Of The Ring  - Return Of The King   720p ][ 71 1.422728 Oceans.Thirteen.2007.720p.HDDVD.x264-SiNNERS ][ 75 5.119996 IMAX Ring of Fire [720p] [Documenter] ][ 77 0.234222 Species   720p ][ 78 5.694790 Godzilla 720p ][ 84 7.765337 X-Men 3    720p ][ 86 2.467094 The Last Samurai [2004] [720p] ][ 91 4.858564 Hulk 2 - The Incredible Hulk - 720p ][ 92 0.549259 Pursuit_Of_Happyness[2006]   720p ][ 93 1.313176 Twilight [2008]   720p ][ 95 4.419821 Bolt [2008] [1080p] ][ 100 1.269408 Apocalypto   720p ][ 101 2.137855 Corpse Bride   720p ][ 103 7.694168 Batman Cartoon - Gotham Knight   720p ][ 106 9.464571 Hellboy 2     1080p ][ 114 8.509274 8 Mile [2002] [720p] ][ 115 1.026709 National Geographic - The Koran [720p] [Documenter] ][ 117 4.299456 Minority Report [720p] ][ 118 1.799651 Pixar.Short.Films.Collection.Volume.1.2007.m-HD.x264-TlN50p ][ 129 4.386967 Up [1080p] ][ 131 1.079974 Alvin And The Chipmunks [720p] ][ 134 3.535099 Oceans.Eleven.2001.720p.HDDVD.x264-SiNNERS ][ 144 0.397000 Up [1080p] ]
[ 1 7.796611 Fantastic Four   1080p ][ 8 0.524602 The Mummy Tomb Of The Dragon Emperor   720p ][ 14 4.446528 Inkheart [2008] [720p] ][ 16 8.001619 Bee Movie   720p ][ 27 2.458596 Madagascar 2 Escape 2 Africa [2008] [720p] ][ 28 2.598643 IMAX Ring of Fire [720p] [Documenter] ][ 30 1.092618 Tomb Raider Collection (1-2)    720p ][ 36 6.703500 X-Men 3    720p ][ 38 1.819385 iRobot  720p ][ 43 3.632277 contents.txt ][ 44 4.529650 Get Smart (2008) 1080p ][ 50 2.533041 Con Air   720p ][ 51 5.935568 Bronson.LIMITED.720p.BluRay.x264-iNFAMOUS ][ 52 9.257136 The Matrix Reloaded   1080p ][ 68 4.861106 Lord Of The Ring  - Return Of The King   720p ][ 71 1.422728 Oceans.Thirteen.2007.720p.HDDVD.x264-SiNNERS ][ 77 0.234222 Species   720p ][ 78 5.694790 Godzilla 720p ][ 79 4.452436 Disaster Movie 2008   720p ][ 84 7.765337 X-Men 3    720p ][ 86 2.467094 The Last Samurai [2004] [720p] ][ 89 7.219578 Angels & Demons [2009] [1080p] ][ 91 4.858564 Hulk 2 - The Incredible Hulk - 720p ][ 92 0.549259 Pursuit_Of_Happyness[2006]   720p ][ 93 1.313176 Twilight [2008]   720p ][ 100 1.269408 Apocalypto   720p ][ 101 2.137855 Corpse Bride   720p ][ 103 7.694168 Batman Cartoon - Gotham Knight   720p ][ 106 9.464571 Hellboy 2     1080p ][ 109 3.537735 Robocop Collection   720p ][ 113 3.046529 Land Of the Lost   720p ][ 114 8.509274 8 Mile [2002] [720p] ][ 117 4.299456 Minority Report [720p] ][ 118 1.799651 Pixar.Short.Films.Collection.Volume.1.2007.m-HD.x264-TlN50p ][ 129 4.386967 Up [1080p] ][ 131 1.079974 Alvin And The Chipmunks [720p] ][ 134 3.535099 Oceans.Eleven.2001.720p.HDDVD.x264-SiNNERS ][ 142 0.110384 Alone in the dark   720p ][ 143 3.332603 Paris.Je.T.Aime.2006.720p.BluRay.x264-CiNEFiLE ][ 145 7.875534 Top.Gun.1986.720p.HDDVD.x264-SEPTiC ][ 147 0.792015 Blade 2   720p ][ 163 7.382663 Big Nothing   720p ]
[ 1 7.796611 Fantastic Four   1080p ][ 3 4.129782 American Virgin 720P ][ 6 1.538366 Ju-on__The_Grudge_(2003)   720p ][ 8 0.524602 The Mummy Tomb Of The Dragon Emperor   720p ][ 14 4.446528 Inkheart [2008] [720p] ][ 16 8.001619 Bee Movie   720p ][ 24 0.378313 Alexander - The Final Cut ][ 27 2.458596 Madagascar 2 Escape 2 Africa [2008] [720p] ][ 28 2.598643 IMAX Ring of Fire [720p] [Documenter] ][ 30 1.092618 Tomb Raider Collection (1-2)    720p ][ 36 6.703500 X-Men 3    720p ][ 43 3.632277 contents.txt ][ 44 4.529650 Get Smart (2008) 1080p ][ 51 5.935568 Bronson.LIMITED.720p.BluRay.x264-iNFAMOUS ][ 54 0.765362 Sky.Captain.And.The.World.Of.Tomorrow[www.x1949x.com]    720p ][ 55 9.668784 Dante's Peak   1080p ][ 68 4.861106 Lord Of The Ring  - Return Of The King   720p ][ 71 1.422728 Oceans.Thirteen.2007.720p.HDDVD.x264-SiNNERS ][ 77 0.234222 Species   720p ][ 78 5.694790 Godzilla 720p ][ 79 4.452436 Disaster Movie 2008   720p ][ 82 1.859709 Final Destination 4   1080p ][ 84 7.765337 X-Men 3    720p ][ 86 2.467094 The Last Samurai [2004] [720p] ][ 89 7.219578 Angels & Demons [2009] [1080p] ][ 91 4.858564 Hulk 2 - The Incredible Hulk - 720p ][ 93 1.313176 Twilight [2008]   720p ][ 100 1.269408 Apocalypto   720p ][ 101 2.137855 Corpse Bride   720p ][ 103 7.694168 Batman Cartoon - Gotham Knight   720p ][ 106 9.464571 Hellboy 2     1080p ][ 109 3.537735 Robocop Collection   720p ][ 113 3.046529 Land Of the Lost   720p ][ 114 8.509274 8 Mile [2002] [720p] ][ 117 4.299456 Minority Report [720p] ][ 118 1.799651 Pixar.Short.Films.Collection.Volume.1.2007.m-HD.x264-TlN50p ][ 129 4.386967 Up [1080p] ][ 131 1.079974 Alvin And The Chipmunks [720p] ][ 134 3.535099 Oceans.Eleven.2001.720p.HDDVD.x264-SiNNERS ][ 137 2.075828 Mission Impossible Trilogy   720p ][ 142 0.110384 Alone in the dark   720p ][ 143 3.332603 Paris.Je.T.Aime.2006.720p.BluRay.x264-CiNEFiLE ][ 145 7.875534 Top.Gun.1986.720p.HDDVD.x264-SEPTiC ][ 147 0.792015 Blade 2   720p ][ 148 0.308770 Lawrence of Arabia   1080p ][ 163 7.382663 Big Nothing   720p ][ 167 3.025939 A Bug's Life [720p] ][ 174 4.417595 James Bond 21 - Casino Royale [2006] ][ 181 0.371910 X-Men 3    720p ]
[ 3 4.129782 American Virgin 720P ][ 6 1.538366 Ju-on__The_Grudge_(2003)   720p ][ 8 0.524602 The Mummy Tomb Of The Dragon Emperor   720p ][ 11 7.361762 James Bond 15 - The Living Daylights [1987] [720p] ][ 16 8.001619 Bee Movie   720p ][ 24 0.378313 Alexander - The Final Cut ][ 27 2.458596 Madagascar 2 Escape 2 Africa [2008] [720p] ][ 28 2.598643 IMAX Ring of Fire [720p] [Documenter] ][ 30 1.092618 Tomb Raider Collection (1-2)    720p ][ 36 6.703500 X-Men 3    720p ][ 43 3.632277 contents.txt ][ 44 4.529650 Get Smart (2008) 1080p ][ 48 8.233516 My Bloody Valentine 3D    1080p ][ 51 5.935568 Bronson.LIMITED.720p.BluRay.x264-iNFAMOUS ][ 54 0.765362 Sky.Captain.And.The.World.Of.Tomorrow[www.x1949x.com]    720p ][ 55 9.668784 Dante's Peak   1080p ][ 60 3.421095 G Force    720p ][ 68 4.861106 Lord Of The Ring  - Return Of The King   720p ][ 71 1.422728 Oceans.Thirteen.2007.720p.HDDVD.x264-SiNNERS ][ 77 0.234222 Species   720p ][ 78 5.694790 Godzilla 720p ][ 79 4.452436 Disaster Movie 2008   720p ][ 84 7.765337 X-Men 3    720p ][ 89 7.219578 Angels & Demons [2009] [1080p] ][ 91 4.858564 Hulk 2 - The Incredible Hulk - 720p ][ 93 1.313176 Twilight [2008]   720p ][ 97 0.116138 Madagascar 2 Escape 2 Africa [2008] [720p] ][ 100 1.269408 Apocalypto   720p ][ 101 2.137855 Corpse Bride   720p ][ 103 7.694168 Batman Cartoon - Gotham Knight   720p ][ 106 9.464571 Hellboy 2     1080p ][ 109 3.537735 Robocop Collection   720p ][ 113 3.046529 Land Of the Lost   720p ][ 114 8.509274 8 Mile [2002] [720p] ][ 116 2.360774 enemy at the gates    1080p ][ 117 4.299456 Minority Report [720p] ][ 118 1.799651 Pixar.Short.Films.Collection.Volume.1.2007.m-HD.x264-TlN50p ][ 126 3.946985 Blade 2   720p ][ 131 1.079974 Alvin And The Chipmunks [720p] ][ 137 2.075828 Mission Impossible Trilogy   720p ][ 141 5.654231 Shutter   720p ][ 142 0.110384 Alone in the dark   720p ][ 143 3.332603 Paris.Je.T.Aime.2006.720p.BluRay.x264-CiNEFiLE ][ 145 7.875534 Top.Gun.1986.720p.HDDVD.x264-SEPTiC ][ 147 0.792015 Blade 2   720p ][ 151 7.805677 Pixar.Shorts.2009.720p.BluRay.AC3.x264-UNiT3D ][ 158 0.420486 The Proposal [2009] [720p] ][ 159 7.448378 The Butterfly Effect [2004] [720p] ][ 163 7.382663 Big Nothing   720p ][ 167 3.025939 A Bug's Life [720p] ][ 169 0.329386 Afro samurai uncut 720p ][ 172 6.764688 Dumb and Dumber   720p ][ 174 4.417595 James Bond 21 - Casino Royale [2006] ][ 178 4.626725 Defiance.1080p ][ 180 5.107078 The Bank Job [720p] ][ 181 0.371910 X-Men 3    720p ]
[ 0 8.717901 Public Enemies [720p] ][ 3 4.129782 American Virgin 720P ][ 6 1.538366 Ju-on__The_Grudge_(2003)   720p ][ 8 0.524602 The Mummy Tomb Of The Dragon Emperor   720p ][ 11 7.361762 James Bond 15 - The Living Daylights [1987] [720p] ][ 16 8.001619 Bee Movie   720p ][ 22 5.600391 Eurotrip    720p ][ 24 0.378313 Alexander - The Final Cut ][ 27 2.458596 Madagascar 2 Escape 2 Africa [2008] [720p] ][ 28 2.598643 IMAX Ring of Fire [720p] [Documenter] ][ 30 1.092618 Tomb Raider Collection (1-2)    720p ][ 32 8.575975 Paris.Je.T.Aime.2006.720p.BluRay.x264-CiNEFiLE ][ 36 6.703500 X-Men 3    720p ][ 43 3.632277 contents.txt ][ 44 4.529650 Get Smart (2008) 1080p ][ 45 0.435132 Exiled   720p ][ 48 8.233516 My Bloody Valentine 3D    1080p ][ 54 0.765362 Sky.Captain.And.The.World.Of.Tomorrow[www.x1949x.com]    720p ][ 60 3.421095 G Force    720p ][ 69 7.030204 007 Licence to Kill [1989] [BluRay] [720p] [DTS] ][ 71 1.422728 Oceans.Thirteen.2007.720p.HDDVD.x264-SiNNERS ][ 77 0.234222 Species   720p ][ 78 5.694790 Godzilla 720p ][ 79 4.452436 Disaster Movie 2008   720p ][ 84 7.765337 X-Men 3    720p ][ 89 7.219578 Angels & Demons [2009] [1080p] ][ 91 4.858564 Hulk 2 - The Incredible Hulk - 720p ][ 93 1.313176 Twilight [2008]   720p ][ 97 0.116138 Madagascar 2 Escape 2 Africa [2008] [720p] ][ 100 1.269408 Apocalypto   720p ][ 101 2.137855 Corpse Bride   720p ][ 103 7.694168 Batman Cartoon - Gotham Knight   720p ][ 106 9.464571 Hellboy 2     1080p ][ 109 3.537735 Robocop Collection   720p ][ 113 3.046529 Land Of the Lost   720p ][ 114 8.509274 8 Mile [2002] [720p] ][ 116 2.360774 enemy at the gates    1080p ][ 117 4.299456 Minority Report [720p] ][ 118 1.799651 Pixar.Short.Films.Collection.Volume.1.2007.m-HD.x264-TlN50p ][ 119 5.237897 Body of Lies   720p ][ 124 5.164328 Defiance.1080p ][ 126 3.946985 Blade 2   720p ][ 131 1.079974 Alvin And The Chipmunks [720p] ][ 137 2.075828 Mission Impossible Trilogy   720p ][ 142 0.110384 Alone in the dark   720p ][ 143 3.332603 Paris.Je.T.Aime.2006.720p.BluRay.x264-CiNEFiLE ][ 145 7.875534 Top.Gun.1986.720p.HDDVD.x264-SEPTiC ][ 147 0.792015 Blade 2   720p ][ 150 2.810094 Lion King, The 720p ][ 151 7.805677 Pixar.Shorts.2009.720p.BluRay.AC3.x264-UNiT3D ][ 159 7.448378 The Butterfly Effect [2004] [720p] ][ 160 5.317132 Shark Tale [2004] [1080p] ][ 163 7.382663 Big Nothing   720p ][ 167 3.025939 A Bug's Life [720p] ][ 168 9.971912 Minority Report [720p] ][ 169 0.329386 Afro samurai uncut 720p ][ 172 6.764688 Dumb and Dumber   720p ][ 173 8.691673 Burn E [720p] ][ 174 4.417595 James Bond 21 - Casino Royale [2006] ][ 179 8.109677 Labor Pain   720p ][ 180 5.107078 The Bank Job [720p] ][ 181 0.371910 X-Men 3    720p ][ 184 0.161517 Casablana.1942.1080p.BluRay.x264.Codres ][ 201 3.369209 Doomsday 720p ]
[ 0 8.717901 Public Enemies [720p] ][ 6 1.538366 Ju-on__The_Grudge_(2003)   720p ][ 8 0.524602 The Mummy Tomb Of The Dragon Emperor   720p ][ 11 7.361762 James Bond 15 - The Living Daylights [1987] [720p] ][ 16 8.001619 Bee Movie   720p ][ 22 5.600391 Eurotrip    720p ][ 24 0.378313 Alexander - The Final Cut ][ 25 6.308858 The Secret of Moonarce [720p] ][ 27 2.458596 Madagascar 2 Escape 2 Africa [2008] [720p] ][ 28 2.598643 IMAX Ring of Fire [720p] [Documenter] ][ 30 1.092618 Tomb Raider Collection (1-2)    720p ][ 32 8.575975 Paris.Je.T.Aime.2006.720p.BluRay.x264-CiNEFiLE ][ 36 6.703500 X-Men 3    720p ][ 43 3.632277 contents.txt ][ 48 8.233516 My Bloody Valentine 3D    1080p ][ 54 0.765362 Sky.Captain.And.The.World.Of.Tomorrow[www.x1949x.com]    720p ][ 60 3.421095 G Force    720p ][ 69 7.030204 007 Licence to Kill [1989] [BluRay] [720p] [DTS] ][ 71 1.422728 Oceans.Thirteen.2007.720p.HDDVD.x264-SiNNERS ][ 77 0.234222 Species   720p ][ 78 5.694790 Godzilla 720p ][ 79 4.452436 Disaster Movie 2008   720p ][ 84 7.765337 X-Men 3    720p ][ 89 7.219578 Angels & Demons [2009] [1080p] ][ 90 7.386096 One Missed Call   720p ][ 93 1.313176 Twilight [2008]   720p ][ 97 0.116138 Madagascar 2 Escape 2 Africa [2008] [720p] ][ 100 1.269408 Apocalypto   720p ][ 102 0.636951 Ip Man [2009]    720p ][ 103 7.694168 Batman Cartoon - Gotham Knight   720p ][ 106 9.464571 Hellboy 2     1080p ][ 108 8.574318 Back.to.the.Future.Part.III ][ 109 3.537735 Robocop Collection   720p ][ 113 3.046529 Land Of the Lost   720p ][ 114 8.509274 8 Mile [2002] [720p] ][ 116 2.360774 enemy at the gates    1080p ][ 117 4.299456 Minority Report [720p] ][ 119 5.237897 Body of Lies   720p ][ 122 9.537186 Rocky 2 [1979] [BluRay] [720p] [AC3] ][ 124 5.164328 Defiance.1080p ][ 126 3.946985 Blade 2   720p ][ 127 5.394861 Bugs.A.Rainforest.Adventure.3D.HD.DVD.REMUX.1080p.VC-1-SEBUL ][ 130 4.654168 The Proposal [2009] [720p] ][ 131 1.079974 Alvin And The Chipmunks [720p] ][ 136 2.953211 Pitch Black [720p] ][ 142 0.110384 Alone in the dark   720p ][ 143 3.332603 Paris.Je.T.Aime.2006.720p.BluRay.x264-CiNEFiLE ][ 145 7.875534 Top.Gun.1986.720p.HDDVD.x264-SEPTiC ][ 147 0.792015 Blade 2   720p ][ 150 2.810094 Lion King, The 720p ][ 151 7.805677 Pixar.Shorts.2009.720p.BluRay.AC3.x264-UNiT3D ][ 152 2.005649 Demo (Sony, Sharp, THX and more) ][ 153 9.196279 Lord of war   720p ][ 159 7.448378 The Butterfly Effect [2004] [720p] ][ 160 5.317132 Shark Tale [2004] [1080p] ][ 162 1.881604 Van.Helsing  1080p ][ 163 7.382663 Big Nothing   720p ][ 167 3.025939 A Bug's Life [720p] ][ 168 9.971912 Minority Report [720p] ][ 169 0.329386 Afro samurai uncut 720p ][ 171 6.693166 The Mist   720p ][ 172 6.764688 Dumb and Dumber   720p ][ 173 8.691673 Burn E [720p] ][ 174 4.417595 James Bond 21 - Casino Royale [2006] ][ 176 5.992519 James Bond 09 - The Man with the Golden Gun [1974] ][ 179 8.109677 Labor Pain   720p ][ 180 5.107078 The Bank Job [720p] ][ 184 0.161517 Casablana.1942.1080p.BluRay.x264.Codres ][ 193 6.559234 3_10 to Yuma   720p ][ 201 3.369209 Doomsday 720p ][ 214 6.901717 Ratatouille [2007] ][ 218 6.111164 Fantastic Four   1080p ]
[ 0 8.717901 Public Enemies [720p] ][ 4 3.575733 Sky.Captain.And.The.World.Of.Tomorrow[www.x1949x.com]    720p ][ 6 1.538366 Ju-on__The_Grudge_(2003)   720p ][ 8 0.524602 The Mummy Tomb Of The Dragon Emperor   720p ][ 11 7.361762 James Bond 15 - The Living Daylights [1987] [720p] ][ 16 8.001619 Bee Movie   720p ][ 22 5.600391 Eurotrip    720p ][ 24 0.378313 Alexander - The Final Cut ][ 25 6.308858 The Secret of Moonarce [720p] ][ 27 2.458596 Madagascar 2 Escape 2 Africa [2008] [720p] ][ 28 2.598643 IMAX Ring of Fire [720p] [Documenter] ][ 32 8.575975 Paris.Je.T.Aime.2006.720p.BluRay.x264-CiNEFiLE ][ 35 0.781534 Before The Devil Knows, You're Dead   1080p ][ 36 6.703500 X-Men 3    720p ][ 39 7.075757 Lucky.Number.Slevin.2006.720p.HDDVD.x264-ESiR ][ 43 3.632277 contents.txt ][ 48 8.233516 My Bloody Valentine 3D    1080p ][ 54 0.765362 Sky.Captain.And.The.World.Of.Tomorrow[www.x1949x.com]    720p ][ 60 3.421095 G Force    720p ][ 62 2.059082 Spiderman 2   1080p ][ 69 7.030204 007 Licence to Kill [1989] [BluRay] [720p] [DTS] ][ 71 1.422728 Oceans.Thirteen.2007.720p.HDDVD.x264-SiNNERS ][ 77 0.234222 Species   720p ][ 78 5.694790 Godzilla 720p ][ 79 4.452436 Disaster Movie 2008   720p ][ 84 7.765337 X-Men 3    720p ][ 89 7.219578 Angels & Demons [2009] [1080p] ][ 90 7.386096 One Missed Call   720p ][ 93 1.313176 Twilight [2008]   720p ][ 97 0.116138 Madagascar 2 Escape 2 Africa [2008] [720p] ][ 100 1.269408 Apocalypto   720p ][ 102 0.636951 Ip Man [2009]    720p ][ 103 7.694168 Batman Cartoon - Gotham Knight   720p ][ 106 9.464571 Hellboy 2     1080p ][ 108 8.574318 Back.to.the.Future.Part.III ][ 109 3.537735 Robocop Collection   720p ][ 113 3.046529 Land Of the Lost   720p ][ 114 8.509274 8 Mile [2002] [720p] ][ 116 2.360774 enemy at the gates    1080p ][ 117 4.299456 Minority Report [720p] ][ 119 5.237897 Body of Lies   720p ][ 122 9.537186 Rocky 2 [1979] [BluRay] [720p] [AC3] ][ 124 5.164328 Defiance.1080p ][ 126 3.946985 Blade 2   720p ][ 127 5.394861 Bugs.A.Rainforest.Adventure.3D.HD.DVD.REMUX.1080p.VC-1-SEBUL ][ 131 1.079974 Alvin And The Chipmunks [720p] ][ 136 2.953211 Pitch Black [720p] ][ 143 3.332603 Paris.Je.T.Aime.2006.720p.BluRay.x264-CiNEFiLE ][ 145 7.875534 Top.Gun.1986.720p.HDDVD.x264-SEPTiC ][ 147 0.792015 Blade 2   720p ][ 150 2.810094 Lion King, The 720p ][ 151 7.805677 Pixar.Shorts.2009.720p.BluRay.AC3.x264-UNiT3D ][ 152 2.005649 Demo (Sony, Sharp, THX and more) ][ 153 9.196279 Lord of war   720p ][ 159 7.448378 The Butterfly Effect [2004] [720p] ][ 160 5.317132 Shark Tale [2004] [1080p] ][ 162 1.881604 Van.Helsing  1080p ][ 163 7.382663 Big Nothing   720p ][ 164 7.142098 High school musical 2006    720p ][ 165 1.536549 Indiana Jones Trilogy   720p ][ 167 3.025939 A Bug's Life [720p] ][ 168 9.971912 Minority Report [720p] ][ 169 0.329386 Afro samurai uncut 720p ][ 171 6.693166 The Mist   720p ][ 173 8.691673 Burn E [720p] ][ 176 5.992519 James Bond 09 - The Man with the Golden Gun [1974] ][ 177 4.025878 Top.Gun.1986.720p.HDDVD.x264-SEPTiC ][ 180 5.107078 The Bank Job [720p] ][ 184 0.161517 Casablana.1942.1080p.BluRay.x264.Codres ][ 191 4.798703 9 [720p] ][ 196 3.504102 National Tressure 1 - 1080p ][ 198 0.327285 Wanted   1080p ][ 200 9.307216 007 Thunderball [1965]  [BluRay] [720p] [DTS] ][ 201 3.369209 Doomsday 720p ][ 213 3.581744 Race To Witch Mountain [1080p] ][ 215 2.981033 Cloverfield   1080p ][ 218 6.111164 Fantastic Four   1080p ][ 222 6.132874 Casablana.1942.1080p.BluRay.x264.Codres ][ 224 3.213168 Inkheart [2008] [720p] ][ 230 9.432127 Green Lantern First Flight   720p ][ 237 2.153424 Spiderman 1   1080p ]
[ 0 8.717901 Public Enemies [720p] ][ 4 3.575733 Sky.Captain.And.The.World.Of.Tomorrow[www.x1949x.com]    720p ][ 8 0.524602 The Mummy Tomb Of The Dragon Emperor   720p ][ 11 7.361762 James Bond 15 - The Living Daylights [1987] [720p] ][ 16 8.001619 Bee Movie   720p ][ 22 5.600391 Eurotrip    720p ][ 24 0.378313 Alexander - The Final Cut ][ 25 6.308858 The Secret of Moonarce [720p] ][ 27 2.458596 Madagascar 2 Escape 2 Africa [2008] [720p] ][ 32 8.575975 Paris.Je.T.Aime.2006.720p.BluRay.x264-CiNEFiLE ][ 35 0.781534 Before The Devil Knows, You're Dead   1080p ][ 36 6.703500 X-Men 3    720p ][ 39 7.075757 Lucky.Number.Slevin.2006.720p.HDDVD.x264-ESiR ][ 43 3.632277 contents.txt ][ 48 8.233516 My Bloody Valentine 3D    1080p ][ 49 8.900838 The Orphan [720] ][ 60 3.421095 G Force    720p ][ 69 7.030204 007 Licence to Kill [1989] [BluRay] [720p] [DTS] ][ 71 1.422728 Oceans.Thirteen.2007.720p.HDDVD.x264-SiNNERS ][ 77 0.234222 Species   720p ][ 78 5.694790 Godzilla 720p ][ 79 4.452436 Disaster Movie 2008   720p ][ 84 7.765337 X-Men 3    720p ][ 89 7.219578 Angels & Demons [2009] [1080p] ][ 90 7.386096 One Missed Call   720p ][ 93 1.313176 Twilight [2008]   720p ][ 96 2.601158 Labor Pain   720p ][ 97 0.116138 Madagascar 2 Escape 2 Africa [2008] [720p] ][ 100 1.269408 Apocalypto   720p ][ 102 0.636951 Ip Man [2009]    720p ][ 103 7.694168 Batman Cartoon - Gotham Knight   720p ][ 104 6.027356 Duplicity 2009   720p ][ 106 9.464571 Hellboy 2     1080p ][ 108 8.574318 Back.to.the.Future.Part.III ][ 109 3.537735 Robocop Collection   720p ][ 110 1.616693 Street Fighter The Legend Of Chun Li 720P ][ 112 6.068093 Batman Dark Knight   1080p ][ 113 3.046529 Land Of the Lost   720p ][ 114 8.509274 8 Mile [2002] [720p] ][ 116 2.360774 enemy at the gates    1080p ][ 117 4.299456 Minority Report [720p] ][ 119 5.237897 Body of Lies   720p ][ 122 9.537186 Rocky 2 [1979] [BluRay] [720p] [AC3] ][ 124 5.164328 Defiance.1080p ][ 126 3.946985 Blade 2   720p ][ 127 5.394861 Bugs.A.Rainforest.Adventure.3D.HD.DVD.REMUX.1080p.VC-1-SEBUL ][ 131 1.079974 Alvin And The Chipmunks [720p] ][ 136 2.953211 Pitch Black [720p] ][ 143 3.332603 Paris.Je.T.Aime.2006.720p.BluRay.x264-CiNEFiLE ][ 145 7.875534 Top.Gun.1986.720p.HDDVD.x264-SEPTiC ][ 147 0.792015 Blade 2   720p ][ 150 2.810094 Lion King, The 720p ][ 151 7.805677 Pixar.Shorts.2009.720p.BluRay.AC3.x264-UNiT3D ][ 152 2.005649 Demo (Sony, Sharp, THX and more) ][ 153 9.196279 Lord of war   720p ][ 156 1.015150 Corpse Bride   720p ][ 159 7.448378 The Butterfly Effect [2004] [720p] ][ 160 5.317132 Shark Tale [2004] [1080p] ][ 162 1.881604 Van.Helsing  1080p ][ 163 7.382663 Big Nothing   720p ][ 164 7.142098 High school musical 2006    720p ][ 165 1.536549 Indiana Jones Trilogy   720p ][ 167 3.025939 A Bug's Life [720p] ][ 169 0.329386 Afro samurai uncut 720p ][ 171 6.693166 The Mist   720p ][ 173 8.691673 Burn E [720p] ][ 176 5.992519 James Bond 09 - The Man with the Golden Gun [1974] ][ 177 4.025878 Top.Gun.1986.720p.HDDVD.x264-SEPTiC ][ 180 5.107078 The Bank Job [720p] ][ 183 1.933148 Angels & Demons [2009] [1080p] ][ 186 7.514290 James Bond 22 - Quantum of Solace [2008] [720p] ][ 191 4.798703 9 [720p] ][ 192 5.666900 Pirates of Caribbean 1-2-3 Collection   1080p ][ 196 3.504102 National Tressure 1 - 1080p ][ 198 0.327285 Wanted   1080p ][ 200 9.307216 007 Thunderball [1965]  [BluRay] [720p] [DTS] ][ 201 3.369209 Doomsday 720p ][ 205 1.209833 Shinjuku Incident ][ 209 9.848810 Liar Liar    720p ][ 216 2.496389 Red Cliff    1080p ][ 218 6.111164 Fantastic Four   1080p ][ 219 7.231725 Apollo 13   1080p ][ 222 6.132874 Casablana.1942.1080p.BluRay.x264.Codres ][ 224 3.213168 Inkheart [2008] [720p] ][ 225 6.255127 One Missed Call   720p ][ 230 9.432127 Green Lantern First Flight   720p ][ 231 7.263828 Exiled   720p ][ 237 2.153424 Spiderman 1   1080p ][ 254 7.559608 La Vita e Bella    720p ][ 257 4.079558 Mission Impossible Trilogy   720p ]
[ 0 8.717901 Public Enemies [720p] ][ 8 0.524602 The Mummy Tomb Of The Dragon Emperor   720p ][ 11 7.361762 James Bond 15 - The Living Daylights [1987] [720p] ][ 16 8.001619 Bee Movie   720p ][ 22 5.600391 Eurotrip    720p ][ 24 0.378313 Alexander - The Final Cut ][ 25 6.308858 The Secret of Moonarce [720p] ][ 27 2.458596 Madagascar 2 Escape 2 Africa [2008] [720p] ][ 32 8.575975 Paris.Je.T.Aime.2006.720p.BluRay.x264-CiNEFiLE ][ 35 0.781534 Before The Devil Knows, You're Dead   1080p ][ 36 6.703500 X-Men 3    720p ][ 39 7.075757 Lucky.Number.Slevin.2006.720p.HDDVD.x264-ESiR ][ 43 3.632277 contents.txt ][ 46 6.502894 Disturbia    720p ][ 48 8.233516 My Bloody Valentine 3D    1080p ][ 60 3.421095 G Force    720p ][ 69 7.030204 007 Licence to Kill [1989] [BluRay] [720p] [DTS] ][ 77 0.234222 Species   720p ][ 79 4.452436 Disaster Movie 2008   720p ][ 80 5.834185 Jumanji [720p] ][ 84 7.765337 X-Men 3    720p ][ 89 7.219578 Angels & Demons [2009] [1080p] ][ 90 7.386096 One Missed Call   720p ][ 93 1.313176 Twilight [2008]   720p ][ 96 2.601158 Labor Pain   720p ][ 97 0.116138 Madagascar 2 Escape 2 Africa [2008] [720p] ][ 98 4.567991 The Dark Knight [2008]   1080p ][ 100 1.269408 Apocalypto   720p ][ 102 0.636951 Ip Man [2009]    720p ][ 103 7.694168 Batman Cartoon - Gotham Knight   720p ][ 104 6.027356 Duplicity 2009   720p ][ 106 9.464571 Hellboy 2     1080p ][ 108 8.574318 Back.to.the.Future.Part.III ][ 109 3.537735 Robocop Collection   720p ][ 110 1.616693 Street Fighter The Legend Of Chun Li 720P ][ 112 6.068093 Batman Dark Knight   1080p ][ 113 3.046529 Land Of the Lost   720p ][ 114 8.509274 8 Mile [2002] [720p] ][ 116 2.360774 enemy at the gates    1080p ][ 119 5.237897 Body of Lies   720p ][ 122 9.537186 Rocky 2 [1979] [BluRay] [720p] [AC3] ][ 124 5.164328 Defiance.1080p ][ 126 3.946985 Blade 2   720p ][ 127 5.394861 Bugs.A.Rainforest.Adventure.3D.HD.DVD.REMUX.1080p.VC-1-SEBUL ][ 131 1.079974 Alvin And The Chipmunks [720p] ][ 133 5.095620 Cleanwest 720p ][ 139 6.589808 Punisher Warzone [720p] ][ 143 3.332603 Paris.Je.T.Aime.2006.720p.BluRay.x264-CiNEFiLE ][ 145 7.875534 Top.Gun.1986.720p.HDDVD.x264-SEPTiC ][ 147 0.792015 Blade 2   720p ][ 150 2.810094 Lion King, The 720p ][ 151 7.805677 Pixar.Shorts.2009.720p.BluRay.AC3.x264-UNiT3D ][ 152 2.005649 Demo (Sony, Sharp, THX and more) ][ 153 9.196279 Lord of war   720p ][ 156 1.015150 Corpse Bride   720p ][ 159 7.448378 The Butterfly Effect [2004] [720p] ][ 160 5.317132 Shark Tale [2004] [1080p] ][ 162 1.881604 Van.Helsing  1080p ][ 163 7.382663 Big Nothing   720p ][ 164 7.142098 High school musical 2006    720p ][ 167 3.025939 A Bug's Life [720p] ][ 169 0.329386 Afro samurai uncut 720p ][ 171 6.693166 The Mist   720p ][ 173 8.691673 Burn E [720p] ][ 176 5.992519 James Bond 09 - The Man with the Golden Gun [1974] ][ 177 4.025878 Top.Gun.1986.720p.HDDVD.x264-SEPTiC ][ 180 5.107078 The Bank Job [720p] ][ 183 1.933148 Angels & Demons [2009] [1080p] ][ 186 7.514290 James Bond 22 - Quantum of Solace [2008] [720p] ][ 191 4.798703 9 [720p] ][ 192 5.666900 Pirates of Caribbean 1-2-3 Collection   1080p ][ 196 3.504102 National Tressure 1 - 1080p ][ 198 0.327285 Wanted   1080p ][ 200 9.307216 007 Thunderball [1965]  [BluRay] [720p] [DTS] ][ 201 3.369209 Doomsday 720p ][ 202 1.360139 Firewall 720p ][ 203 3.512587 The Messenger [720p] ][ 205 1.209833 Shinjuku Incident ][ 207 4.560651 The Haunting In Connecticut [2009] [720p] ][ 209 9.848810 Liar Liar    720p ][ 216 2.496389 Red Cliff    1080p ][ 218 6.111164 Fantastic Four   1080p ][ 219 7.231725 Apollo 13   1080p ][ 222 6.132874 Casablana.1942.1080p.BluRay.x264.Codres ][ 225 6.255127 One Missed Call   720p ][ 230 9.432127 Green Lantern First Flight   720p ][ 231 7.263828 Exiled   720p ][ 235 5.104741 Seven Pounds    720p ][ 237 2.153424 Spiderman 1   1080p ][ 240 8.666015 Aeon Flux   720p ][ 244 9.952572 Braveheart 720p ][ 253 1.571593 SAW III   720p ][ 254 7.559608 La Vita e Bella    720p ][ 257 4.079558 Mission Impossible Trilogy   720p ][ 266 8.209777 Gran Torino [2008] [720p] ][ 268 6.531652 Paris.Je.T.Aime.2006.720p.BluRay.x264-CiNEFiLE ][ 271 2.357963 Constantine 720p ][ 272 1.860095 Disturbia    720p ][ 274 2.277668 Species   720p ][ 276 1.240863 Star Trek [2009] [1080p] ]
