[ 85 3.388864 Ong.Bak.2.2008.BluRay.x264-BestHD   720p ]
[ 11 6.360288 James Bond 18 - Tommorow Never Dies [1997] [720p] ][ 47 3.030765 The Incredibles [1080p] ]
[ 11 6.360288 James Bond 18 - Tommorow Never Dies [1997] [720p] ][ 35 4.647255 Push    1080p ][ 36 2.716480 Click   720p ][ 47 3.030765 The Incredibles [1080p] ]
[ 11 6.360288 James Bond 18 - Tommorow Never Dies [1997] [720p] ][ 24 5.165209 Indiana Jones Trilogy   720p ][ 35 4.647255 Push    1080p ][ 36 2.716480 Click   720p ][ 39 7.260933 007 The Man With the Golden Gun [1974] [BluRay] [720p] [DTS] ][ 60 1.355658 007 Series ]
[ 11 6.360288 James Bond 18 - Tommorow Never Dies [1997] [720p] ][ 35 4.647255 Push    1080p ][ 36 2.716480 Click   720p ][ 37 5.335743 The Mist   720p ][ 38 2.319771 Equilibrium 720p ][ 41 9.940194 Black Hawk Down   1080p ][ 60 1.355658 007 Series ][ 75 3.816243 contents.txt ][ 78 0.350591 3_10 to Yuma   720p ]
[ 11 6.360288 James Bond 18 - Tommorow Never Dies [1997] [720p] ][ 31 6.428386 High school musical II 2007    720p ][ 35 4.647255 Push    1080p ][ 36 2.716480 Click   720p ][ 38 2.319771 Equilibrium 720p ][ 59 5.390270 Danny the Dog   1080p ][ 64 5.690565 Charlie and the Chocolate Factory   720p ][ 75 3.816243 contents.txt ][ 78 0.350591 3_10 to Yuma   720p ][ 91 3.945992 Ip Man [2009]    720p ][ 97 9.755375 The Italian Job [2003] [720p] ][ 113 5.314502 Batman The Dark Knight   720p ]
[ 17 1.889831 Pursuit_Of_Happyness[2006]   720p ][ 25 7.212006 Labor Pain   720p ][ 31 6.428386 High school musical II 2007    720p ][ 35 4.647255 Push    1080p ][ 36 2.716480 Click   720p ][ 38 2.319771 Equilibrium 720p ][ 59 5.390270 Danny the Dog   1080p ][ 64 5.690565 Charlie and the Chocolate Factory   720p ][ 65 1.223198 War [720p] ][ 75 3.816243 contents.txt ][ 78 0.350591 3_10 to Yuma   720p ][ 82 4.372494 Eurotrip    720p ][ 92 7.332488 The Last Samurai [2004] [720p] ][ 97 9.755375 The Italian Job [2003] [720p] ][ 112 4.332654 The.Escape.2009.1080p.BluRay.x264-BestHD ][ 113 5.314502 Batman The Dark Knight   720p ]
[ 12 4.287003 007 Thunderball [1965]  [BluRay] [720p] [DTS] ][ 15 3.950425 Back.to.the.Future.Part.II.1989.720p.HDTV.x264 ][ 17 1.889831 Pursuit_Of_Happyness[2006]   720p ][ 21 4.527817 All About Steve 720P ][ 22 3.064168 SAW III   720p ][ 25 7.212006 Labor Pain   720p ][ 26 3.665497 The Notebook [2004] [1080p] ][ 31 6.428386 High school musical II 2007    720p ][ 35 4.647255 Push    1080p ][ 36 2.716480 Click   720p ][ 38 2.319771 Equilibrium 720p ][ 64 5.690565 Charlie and the Chocolate Factory   720p ][ 75 3.816243 contents.txt ][ 82 4.372494 Eurotrip    720p ][ 89 1.262136 Street Kings   720p ][ 92 7.332488 The Last Samurai [2004] [720p] ][ 97 9.755375 The Italian Job [2003] [720p] ][ 103 1.392236 Memento    1080p ][ 112 4.332654 The.Escape.2009.1080p.BluRay.x264-BestHD ][ 113 5.314502 Batman The Dark Knight   720p ]
[ 2 5.576199 Bad Boy I [1995] [720p] ][ 12 4.287003 007 Thunderball [1965]  [BluRay] [720p] [DTS] ][ 22 3.064168 SAW III   720p ][ 25 7.212006 Labor Pain   720p ][ 26 3.665497 The Notebook [2004] [1080p] ][ 31 6.428386 High school musical II 2007    720p ][ 35 4.647255 Push    1080p ][ 36 2.716480 Click   720p ][ 38 2.319771 Equilibrium 720p ][ 46 9.815119 3_10 to Yuma   720p ][ 57 0.448076 X-Men 1 - 1080p ][ 64 5.690565 Charlie and the Chocolate Factory   720p ][ 75 3.816243 contents.txt ][ 82 4.372494 Eurotrip    720p ][ 86 4.077627 Oxford Murders, The.720p ][ 89 1.262136 Street Kings   720p ][ 92 7.332488 The Last Samurai [2004] [720p] ][ 97 9.755375 The Italian Job [2003] [720p] ][ 103 1.392236 Memento    1080p ][ 110 7.771379 Labor Pain   720p ][ 112 4.332654 The.Escape.2009.1080p.BluRay.x264-BestHD ][ 113 5.314502 Batman The Dark Knight   720p ][ 115 5.847131 The Proposal [2009] [720p] ][ 119 7.757469 G Force    720p ][ 129 5.566044 Doomsday 720p ]
[ 2 5.576199 Bad Boy I [1995] [720p] ][ 10 3.108837 contents.txt ][ 12 4.287003 007 Thunderball [1965]  [BluRay] [720p] [DTS] ][ 13 5.860682 Battlestar Galactica The Plan [720p] ][ 22 3.064168 SAW III   720p ][ 25 7.212006 Labor Pain   720p ][ 26 3.665497 The Notebook [2004] [1080p] ][ 31 6.428386 High school musical II 2007    720p ][ 36 2.716480 Click   720p ][ 38 2.319771 Equilibrium 720p ][ 44 3.000070 Die Hard 2   720p ][ 46 9.815119 3_10 to Yuma   720p ][ 54 6.471179 How To Lose Friends & Alienate People   1080p ][ 57 0.448076 X-Men 1 - 1080p ][ 61 3.219508 Punisher Warzone [720p] ][ 63 8.045858 Face.Off.1997.720p ][ 66 8.362656 Bugs.A.Rainforest.Adventure.3D.HD.DVD.REMUX.1080p.VC-1-SEBUL ][ 75 3.816243 contents.txt ][ 82 4.372494 Eurotrip    720p ][ 86 4.077627 Oxford Murders, The.720p ][ 89 1.262136 Street Kings   720p ][ 97 9.755375 The Italian Job [2003] [720p] ][ 101 8.262048 Chocolate 720p ][ 103 1.392236 Memento    1080p ][ 112 4.332654 The.Escape.2009.1080p.BluRay.x264-BestHD ][ 113 5.314502 Batman The Dark Knight   720p ][ 115 5.847131 The Proposal [2009] [720p] ][ 119 7.757469 G Force    720p ][ 129 5.566044 Doomsday 720p ][ 135 2.712563 Meet The Fockers    720p ]
[ 2 5.576199 Bad Boy I [1995] [720p] ][ 10 3.108837 contents.txt ][ 13 5.860682 Battlestar Galactica The Plan [720p] ][ 22 3.064168 SAW III   720p ][ 25 7.212006 Labor Pain   720p ][ 26 3.665497 The Notebook [2004] [1080p] ][ 27 1.581656 Finding Nemo [2003] [720p] ][ 28 1.162220 Black.Mask.Blu-ray.720p.x264.DTS-HDC.AfterFX@SiLUHD ][ 31 6.428386 High school musical II 2007    720p ][ 36 2.716480 Click   720p ][ 38 2.319771 Equilibrium 720p ][ 46 9.815119 3_10 to Yuma   720p ][ 50 5.568886 Sixth Sense   720p ][ 54 6.471179 How To Lose Friends & Alienate People   1080p ][ 57 0.448076 X-Men 1 - 1080p ][ 63 8.045858 Face.Off.1997.720p ][ 66 8.362656 Bugs.A.Rainforest.Adventure.3D.HD.DVD.REMUX.1080p.VC-1-SEBUL ][ 73 9.426695 Godzilla 720p ][ 74 3.909898 Wanted   1080p ][ 75 3.816243 contents.txt ][ 79 0.712838 Darko 720P ][ 82 4.372494 Eurotrip    720p ][ 86 4.077627 Oxford Murders, The.720p ][ 89 1.262136 Street Kings   720p ][ 97 9.755375 The Italian Job [2003] [720p] ][ 101 8.262048 Chocolate 720p ][ 103 1.392236 Memento    1080p ][ 112 4.332654 The.Escape.2009.1080p.BluRay.x264-BestHD ][ 113 5.314502 Batman The Dark Knight   720p ][ 115 5.847131 The Proposal [2009] [720p] ][ 119 7.757469 G Force    720p ][ 124 5.016739 Back to the Future Part I [1985] [BluRay] [720p] [AC3] [EN] ][ 129 5.566044 Doomsday 720p ][ 141 9.535622 Initial D [720p] ][ 147 2.937289 Back.to.the.Future.Part.III ][ 153 2.201430 Disturbia    720p ]
[ 2 5.576199 Bad Boy I [1995] [720p] ][ 10 3.108837 contents.txt ][ 13 5.860682 Battlestar Galactica The Plan [720p] ][ 22 3.064168 SAW III   720p ][ 25 7.212006 Labor Pain   720p ][ 26 3.665497 The Notebook [2004] [1080p] ][ 27 1.581656 Finding Nemo [2003] [720p] ][ 28 1.162220 Black.Mask.Blu-ray.720p.x264.DTS-HDC.AfterFX@SiLUHD ][ 31 6.428386 High school musical II 2007    720p ][ 36 2.716480 Click   720p ][ 46 9.815119 3_10 to Yuma   720p ][ 48 5.332458 The Empress and the Warriors [2008] [720p] ][ 50 5.568886 Sixth Sense   720p ][ 52 7.074129 Public Enemies [720p] ][ 57 0.448076 X-Men 1 - 1080p ][ 63 8.045858 Face.Off.1997.720p ][ 66 8.362656 Bugs.A.Rainforest.Adventure.3D.HD.DVD.REMUX.1080p.VC-1-SEBUL ][ 67 7.103456 Four Christmases 720P ][ 73 9.426695 Godzilla 720p ][ 74 3.909898 Wanted   1080p ][ 75 3.816243 contents.txt ][ 79 0.712838 Darko 720P ][ 82 4.372494 Eurotrip    720p ][ 86 4.077627 Oxford Murders, The.720p ][ 89 1.262136 Street Kings   720p ][ 97 9.755375 The Italian Job [2003] [720p] ][ 101 8.262048 Chocolate 720p ][ 112 4.332654 The.Escape.2009.1080p.BluRay.x264-BestHD ][ 113 5.314502 Batman The Dark Knight   720p ][ 119 7.757469 G Force    720p ][ 120 0.420005 Twilight [2008]   720p ][ 124 5.016739 Back to the Future Part I [1985] [BluRay] [720p] [AC3] [EN] ][ 129 5.566044 Doomsday 720p ][ 130 1.446199 Kung Fu Panda Secrets of the Furious Five    720p ][ 134 6.288030 Hero    1080p ][ 138 3.523590 Underworld Series ][ 141 9.535622 Initial D [720p] ][ 143 4.615533 Robots.WS.AC3.x264.BluRay-PTM   720p ][ 147 2.937289 Back.to.the.Future.Part.III ][ 152 8.375739 Bride Wars   720p ][ 155 7.170165 Sex drive   720p ][ 167 1.528219 Dr Dolite 3    720p ]
[ 2 5.576199 Bad Boy I [1995] [720p] ][ 10 3.108837 contents.txt ][ 13 5.860682 Battlestar Galactica The Plan [720p] ][ 22 3.064168 SAW III   720p ][ 25 7.212006 Labor Pain   720p ][ 26 3.665497 The Notebook [2004] [1080p] ][ 27 1.581656 Finding Nemo [2003] [720p] ][ 28 1.162220 Black.Mask.Blu-ray.720p.x264.DTS-HDC.AfterFX@SiLUHD ][ 30 5.984841 Darko 720P ][ 31 6.428386 High school musical II 2007    720p ][ 42 8.104783 Independence Day 1080p ][ 45 3.178617 X-Men 3   1080p ][ 46 9.815119 3_10 to Yuma   720p ][ 52 7.074129 Public Enemies [720p] ][ 57 0.448076 X-Men 1 - 1080p ][ 63 8.045858 Face.Off.1997.720p ][ 66 8.362656 Bugs.A.Rainforest.Adventure.3D.HD.DVD.REMUX.1080p.VC-1-SEBUL ][ 67 7.103456 Four Christmases 720P ][ 73 9.426695 Godzilla 720p ][ 74 3.909898 Wanted   1080p ][ 75 3.816243 contents.txt ][ 79 0.712838 Darko 720P ][ 86 4.077627 Oxford Murders, The.720p ][ 89 1.262136 Street Kings   720p ][ 93 5.457052 Click   720p ][ 97 9.755375 The Italian Job [2003] [720p] ][ 107 1.374633 The Sniper 720p ][ 108 1.947616 The.Warlords.2007.720p.BluRay.DTS.x264-ESiR ][ 111 7.401006 James Bond 11 - MoonRaker [1979] ][ 112 4.332654 The.Escape.2009.1080p.BluRay.x264-BestHD ][ 113 5.314502 Batman The Dark Knight   720p ][ 119 7.757469 G Force    720p ][ 120 0.420005 Twilight [2008]   720p ][ 124 5.016739 Back to the Future Part I [1985] [BluRay] [720p] [AC3] [EN] ][ 129 5.566044 Doomsday 720p ][ 130 1.446199 Kung Fu Panda Secrets of the Furious Five    720p ][ 134 6.288030 Hero    1080p ][ 138 3.523590 Underworld Series ][ 141 9.535622 Initial D [720p] ][ 142 0.082040 Starship Troopers 1  1080p ][ 143 4.615533 Robots.WS.AC3.x264.BluRay-PTM   720p ][ 147 2.937289 Back.to.the.Future.Part.III ][ 149 5.528362 Dumb and Dumber   720p ][ 152 8.375739 Bride Wars   720p ][ 156 9.123220 Kill Bill Vol 1 [2003]    720p ][ 160 5.597192 Star Wars Saga  Collection 720p ][ 167 1.528219 Dr Dolite 3    720p ][ 168 8.920092 contents.txt ][ 169 7.280389 Miami Vice 720p ]
[ 2 5.576199 Bad Boy I [1995] [720p] ][ 5 0.892664 Green Lantern First Flight   720p ][ 9 1.140658 Blood River 720P ][ 10 3.108837 contents.txt ][ 13 5.860682 Battlestar Galactica The Plan [720p] ][ 25 7.212006 Labor Pain   720p ][ 26 3.665497 The Notebook [2004] [1080p] ][ 27 1.581656 Finding Nemo [2003] [720p] ][ 30 5.984841 Darko 720P ][ 31 6.428386 High school musical II 2007    720p ][ 33 7.724270 Bugs.A.Rainforest.Adventure.3D.HD.DVD.REMUX.1080p.VC-1-SEBUL ][ 42 8.104783 Independence Day 1080p ][ 45 3.178617 X-Men 3   1080p ][ 46 9.815119 3_10 to Yuma   720p ][ 52 7.074129 Public Enemies [720p] ][ 53 2.164040 Butterfly on a Wheel.2007   720p ][ 55 5.601823 Batman Dark Knight   1080p ][ 57 0.448076 X-Men 1 - 1080p ][ 58 9.436741 American Pie Book Of Love   720p ][ 66 8.362656 Bugs.A.Rainforest.Adventure.3D.HD.DVD.REMUX.1080p.VC-1-SEBUL ][ 67 7.103456 Four Christmases 720P ][ 73 9.426695 Godzilla 720p ][ 74 3.909898 Wanted   1080p ][ 76 3.148435 The Matrix Revolution   1080p ][ 79 0.712838 Darko 720P ][ 86 4.077627 Oxford Murders, The.720p ][ 89 1.262136 Street Kings   720p ][ 93 5.457052 Click   720p ][ 97 9.755375 The Italian Job [2003] [720p] ][ 98 3.459183 Blade 3   720p ][ 104 2.355995 Golden Compass   720p ][ 107 1.374633 The Sniper 720p ][ 108 1.947616 The.Warlords.2007.720p.BluRay.DTS.x264-ESiR ][ 111 7.401006 James Bond 11 - MoonRaker [1979] ][ 112 4.332654 The.Escape.2009.1080p.BluRay.x264-BestHD ][ 113 5.314502 Batman The Dark Knight   720p ][ 119 7.757469 G Force    720p ][ 120 0.420005 Twilight [2008]   720p ][ 124 5.016739 Back to the Future Part I [1985] [BluRay] [720p] [AC3] [EN] ][ 125 6.787451 Assassination of a High School President 720p ][ 129 5.566044 Doomsday 720p ][ 134 6.288030 Hero    1080p ][ 138 3.523590 Underworld Series ][ 141 9.535622 Initial D [720p] ][ 143 4.615533 Robots.WS.AC3.x264.BluRay-PTM   720p ][ 146 1.362189 Punisher Warzone [720p] ][ 147 2.937289 Back.to.the.Future.Part.III ][ 149 5.528362 Dumb and Dumber   720p ][ 152 8.375739 Bride Wars   720p ][ 160 5.597192 Star Wars Saga  Collection 720p ][ 167 1.528219 Dr Dolite 3    720p ][ 168 8.920092 contents.txt ][ 169 7.280389 Miami Vice 720p ][ 181 5.098126 Dr Dolite 3    720p ][ 187 0.830644 Terminator Salvation Director's cut  ( 2009)    1080p ][ 189 4.504142 Bride Wars   720p ]
[ 2 5.576199 Bad Boy I [1995] [720p] ][ 5 0.892664 Green Lantern First Flight   720p ][ 9 1.140658 Blood River 720P ][ 10 3.108837 contents.txt ][ 13 5.860682 Battlestar Galactica The Plan [720p] ][ 18 6.968669 Die Hard 4   1080p ][ 25 7.212006 Labor Pain   720p ][ 26 3.665497 The Notebook [2004] [1080p] ][ 27 1.581656 Finding Nemo [2003] [720p] ][ 30 5.984841 Darko 720P ][ 31 6.428386 High school musical II 2007    720p ][ 33 7.724270 Bugs.A.Rainforest.Adventure.3D.HD.DVD.REMUX.1080p.VC-1-SEBUL ][ 34 2.053356 Big Buck Bunny [1080p] ][ 42 8.104783 Independence Day 1080p ][ 45 3.178617 X-Men 3   1080p ][ 46 9.815119 3_10 to Yuma   720p ][ 52 7.074129 Public Enemies [720p] ][ 53 2.164040 Butterfly on a Wheel.2007   720p ][ 55 5.601823 Batman Dark Knight   1080p ][ 56 1.434912 Doomsday 720p ][ 57 0.448076 X-Men 1 - 1080p ][ 58 9.436741 American Pie Book Of Love   720p ][ 67 7.103456 Four Christmases 720P ][ 73 9.426695 Godzilla 720p ][ 74 3.909898 Wanted   1080p ][ 76 3.148435 The Matrix Revolution   1080p ][ 79 0.712838 Darko 720P ][ 86 4.077627 Oxford Murders, The.720p ][ 89 1.262136 Street Kings   720p ][ 93 5.457052 Click   720p ][ 98 3.459183 Blade 3   720p ][ 104 2.355995 Golden Compass   720p ][ 105 3.460799 Bourne Identity   720p ][ 107 1.374633 The Sniper 720p ][ 108 1.947616 The.Warlords.2007.720p.BluRay.DTS.x264-ESiR ][ 112 4.332654 The.Escape.2009.1080p.BluRay.x264-BestHD ][ 113 5.314502 Batman The Dark Knight   720p ][ 117 0.761823 James Bond 16 - Licence to Kill [1989] ][ 118 8.375123 Burn E [720p] ][ 119 7.757469 G Force    720p ][ 120 0.420005 Twilight [2008]   720p ][ 124 5.016739 Back to the Future Part I [1985] [BluRay] [720p] [AC3] [EN] ][ 125 6.787451 Assassination of a High School President 720p ][ 129 5.566044 Doomsday 720p ][ 133 9.232721 Babylon A.D    720p ][ 134 6.288030 Hero    1080p ][ 138 3.523590 Underworld Series ][ 141 9.535622 Initial D [720p] ][ 143 4.615533 Robots.WS.AC3.x264.BluRay-PTM   720p ][ 146 1.362189 Punisher Warzone [720p] ][ 147 2.937289 Back.to.the.Future.Part.III ][ 152 8.375739 Bride Wars   720p ][ 158 6.888795 Rocky 4 [1985] [BluRay] [720p] [AC3] ][ 159 8.344928 The Empress and the Warriors [2008] [720p] ][ 160 5.597192 Star Wars Saga  Collection 720p ][ 167 1.528219 Dr Dolite 3    720p ][ 168 8.920092 contents.txt ][ 169 7.280389 Miami Vice 720p ][ 171 9.397511 Banlieue 13 - Ultimatum [720p] ][ 185 6.718719 Starship Troopers 1  1080p ][ 187 0.830644 Terminator Salvation Director's cut  ( 2009)    1080p ][ 189 4.504142 Bride Wars   720p ][ 194 0.271296 Rocky 5 [1990] [BluRay] [720p] [AC3] ][ 203 1.214469 Rocky 1 [1976]  [BluRay] [720p] [AC3] ]
[ 0 2.698553 contents.txt ][ 5 0.892664 Green Lantern First Flight   720p ][ 6 1.479776 300   720p ][ 9 1.140658 Blood River 720P ][ 10 3.108837 contents.txt ][ 13 5.860682 Battlestar Galactica The Plan [720p] ][ 18 6.968669 Die Hard 4   1080p ][ 26 3.665497 The Notebook [2004] [1080p] ][ 27 1.581656 Finding Nemo [2003] [720p] ][ 30 5.984841 Darko 720P ][ 31 6.428386 High school musical II 2007    720p ][ 33 7.724270 Bugs.A.Rainforest.Adventure.3D.HD.DVD.REMUX.1080p.VC-1-SEBUL ][ 34 2.053356 Big Buck Bunny [1080p] ][ 42 8.104783 Independence Day 1080p ][ 45 3.178617 X-Men 3   1080p ][ 46 9.815119 3_10 to Yuma   720p ][ 52 7.074129 Public Enemies [720p] ][ 53 2.164040 Butterfly on a Wheel.2007   720p ][ 55 5.601823 Batman Dark Knight   1080p ][ 56 1.434912 Doomsday 720p ][ 57 0.448076 X-Men 1 - 1080p ][ 58 9.436741 American Pie Book Of Love   720p ][ 67 7.103456 Four Christmases 720P ][ 68 5.644230 Braveheart 720p ][ 73 9.426695 Godzilla 720p ][ 74 3.909898 Wanted   1080p ][ 76 3.148435 The Matrix Revolution   1080p ][ 79 0.712838 Darko 720P ][ 93 5.457052 Click   720p ][ 98 3.459183 Blade 3   720p ][ 104 2.355995 Golden Compass   720p ][ 105 3.460799 Bourne Identity   720p ][ 106 9.310217 Deep Sea ][ 107 1.374633 The Sniper 720p ][ 108 1.947616 The.Warlords.2007.720p.BluRay.DTS.x264-ESiR ][ 112 4.332654 The.Escape.2009.1080p.BluRay.x264-BestHD ][ 113 5.314502 Batman The Dark Knight   720p ][ 114 8.253946 Con Air   720p ][ 117 0.761823 James Bond 16 - Licence to Kill [1989] ][ 118 8.375123 Burn E [720p] ][ 119 7.757469 G Force    720p ][ 124 5.016739 Back to the Future Part I [1985] [BluRay] [720p] [AC3] [EN] ][ 125 6.787451 Assassination of a High School President 720p ][ 126 9.028233 Wanted   1080p ][ 129 5.566044 Doomsday 720p ][ 133 9.232721 Babylon A.D    720p ][ 134 6.288030 Hero    1080p ][ 138 3.523590 Underworld Series ][ 140 1.578757 Public Enemies [720p] ][ 141 9.535622 Initial D [720p] ][ 143 4.615533 Robots.WS.AC3.x264.BluRay-PTM   720p ][ 146 1.362189 Punisher Warzone [720p] ][ 147 2.937289 Back.to.the.Future.Part.III ][ 152 8.375739 Bride Wars   720p ][ 158 6.888795 Rocky 4 [1985] [BluRay] [720p] [AC3] ][ 159 8.344928 The Empress and the Warriors [2008] [720p] ][ 160 5.597192 Star Wars Saga  Collection 720p ][ 167 1.528219 Dr Dolite 3    720p ][ 168 8.920092 contents.txt ][ 169 7.280389 Miami Vice 720p ][ 171 9.397511 Banlieue 13 - Ultimatum [720p] ][ 182 4.453394 Bee Movie   720p ][ 185 6.718719 Starship Troopers 1  1080p ][ 189 4.504142 Bride Wars   720p ][ 194 0.271296 Rocky 5 [1990] [BluRay] [720p] [AC3] ][ 196 6.746616 Face.Off.1997.720p ][ 203 1.214469 Rocky 1 [1976]  [BluRay] [720p] [AC3] ][ 206 7.833581 Land Of the Lost   720p ][ 207 4.058696 Disaster Movie 2008   720p ][ 213 7.952399 Taken 1080p ][ 215 7.248097 21   1080p ][ 217 8.974244 Battlestar Galactica The Plan [720p] ]
[ 0 2.698553 contents.txt ][ 1 9.225481 Assassination of a High School President 720p ][ 5 0.892664 Green Lantern First Flight   720p ][ 6 1.479776 300   720p ][ 9 1.140658 Blood River 720P ][ 10 3.108837 contents.txt ][ 13 5.860682 Battlestar Galactica The Plan [720p] ][ 14 3.408918 Eragon 720p ][ 18 6.968669 Die Hard 4   1080p ][ 26 3.665497 The Notebook [2004] [1080p] ][ 30 5.984841 Darko 720P ][ 33 7.724270 Bugs.A.Rainforest.Adventure.3D.HD.DVD.REMUX.1080p.VC-1-SEBUL ][ 34 2.053356 Big Buck Bunny [1080p] ][ 42 8.104783 Independence Day 1080p ][ 45 3.178617 X-Men 3   1080p ][ 46 9.815119 3_10 to Yuma   720p ][ 52 7.074129 Public Enemies [720p] ][ 53 2.164040 Butterfly on a Wheel.2007   720p ][ 55 5.601823 Batman Dark Knight   1080p ][ 56 1.434912 Doomsday 720p ][ 57 0.448076 X-Men 1 - 1080p ][ 58 9.436741 American Pie Book Of Love   720p ][ 67 7.103456 Four Christmases 720P ][ 68 5.644230 Braveheart 720p ][ 71 1.353721 Ice Age 2 The Meltdown [2006] [720p] ][ 73 9.426695 Godzilla 720p ][ 74 3.909898 Wanted   1080p ][ 76 3.148435 The Matrix Revolution   1080p ][ 79 0.712838 Darko 720P ][ 94 6.277071 Seven Swords    1080p ][ 104 2.355995 Golden Compass   720p ][ 105 3.460799 Bourne Identity   720p ][ 106 9.310217 Deep Sea ][ 107 1.374633 The Sniper 720p ][ 108 1.947616 The.Warlords.2007.720p.BluRay.DTS.x264-ESiR ][ 112 4.332654 The.Escape.2009.1080p.BluRay.x264-BestHD ][ 114 8.253946 Con Air   720p ][ 117 0.761823 James Bond 16 - Licence to Kill [1989] ][ 118 8.375123 Burn E [720p] ][ 119 7.757469 G Force    720p ][ 124 5.016739 Back to the Future Part I [1985] [BluRay] [720p] [AC3] [EN] ][ 125 6.787451 Assassination of a High School President 720p ][ 126 9.028233 Wanted   1080p ][ 127 8.843167 Indiana Jones Trilogy   720p ][ 129 5.566044 Doomsday 720p ][ 134 6.288030 Hero    1080p ][ 138 3.523590 Underworld Series ][ 140 1.578757 Public Enemies [720p] ][ 141 9.535622 Initial D [720p] ][ 146 1.362189 Punisher Warzone [720p] ][ 147 2.937289 Back.to.the.Future.Part.III ][ 152 8.375739 Bride Wars   720p ][ 158 6.888795 Rocky 4 [1985] [BluRay] [720p] [AC3] ][ 159 8.344928 The Empress and the Warriors [2008] [720p] ][ 160 5.597192 Star Wars Saga  Collection 720p ][ 166 7.635335 Chocolate 720p ][ 167 1.528219 Dr Dolite 3    720p ][ 168 8.920092 contents.txt ][ 169 7.280389 Miami Vice 720p ][ 171 9.397511 Banlieue 13 - Ultimatum [720p] ][ 173 5.201502 300   720p ][ 182 4.453394 Bee Movie   720p ][ 185 6.718719 Starship Troopers 1  1080p ][ 189 4.504142 Bride Wars   720p ][ 192 3.552431 Kingdom of Heaven [2005] [720p] ][ 194 0.271296 Rocky 5 [1990] [BluRay] [720p] [AC3] ][ 196 6.746616 Face.Off.1997.720p ][ 203 1.214469 Rocky 1 [1976]  [BluRay] [720p] [AC3] ][ 206 7.833581 Land Of the Lost   720p ][ 207 4.058696 Disaster Movie 2008   720p ][ 210 4.408293 American Virgin 720P ][ 212 8.671993 E.T   720p ][ 213 7.952399 Taken 1080p ][ 215 7.248097 21   1080p ][ 217 8.974244 Battlestar Galactica The Plan [720p] ][ 220 0.166209 Alien At The Attic 720P ][ 222 5.280455 Madagascar 2 Escape 2 Africa [2008] [720p] ][ 224 2.452084 Firewall 720p ][ 230 8.222842 007 Thunderball [1965]  [BluRay] [720p] [DTS] ][ 233 6.003844 Basic Instinct 720p ][ 236 2.260088 Rocky 4 [1985] [BluRay] [720p] [AC3] ]
[ 0 2.698553 contents.txt ][ 1 9.225481 Assassination of a High School President 720p ][ 5 0.892664 Green Lantern First Flight   720p ][ 6 1.479776 300   720p ][ 9 1.140658 Blood River 720P ][ 10 3.108837 contents.txt ][ 14 3.408918 Eragon 720p ][ 18 6.968669 Die Hard 4   1080p ][ 26 3.665497 The Notebook [2004] [1080p] ][ 30 5.984841 Darko 720P ][ 33 7.724270 Bugs.A.Rainforest.Adventure.3D.HD.DVD.REMUX.1080p.VC-1-SEBUL ][ 34 2.053356 Big Buck Bunny [1080p] ][ 42 8.104783 Independence Day 1080p ][ 45 3.178617 X-Men 3   1080p ][ 52 7.074129 Public Enemies [720p] ][ 53 2.164040 Butterfly on a Wheel.2007   720p ][ 55 5.601823 Batman Dark Knight   1080p ][ 56 1.434912 Doomsday 720p ][ 57 0.448076 X-Men 1 - 1080p ][ 67 7.103456 Four Christmases 720P ][ 68 5.644230 Braveheart 720p ][ 71 1.353721 Ice Age 2 The Meltdown [2006] [720p] ][ 73 9.426695 Godzilla 720p ][ 74 3.909898 Wanted   1080p ][ 76 3.148435 The Matrix Revolution   1080p ][ 79 0.712838 Darko 720P ][ 84 0.449286 One Missed Call   720p ][ 94 6.277071 Seven Swords    1080p ][ 104 2.355995 Golden Compass   720p ][ 106 9.310217 Deep Sea ][ 107 1.374633 The Sniper 720p ][ 108 1.947616 The.Warlords.2007.720p.BluRay.DTS.x264-ESiR ][ 109 7.813630 The Chronicle of Riddick 720p ][ 112 4.332654 The.Escape.2009.1080p.BluRay.x264-BestHD ][ 114 8.253946 Con Air   720p ][ 117 0.761823 James Bond 16 - Licence to Kill [1989] ][ 118 8.375123 Burn E [720p] ][ 119 7.757469 G Force    720p ][ 123 8.463405 Starship Troopers 2  720p ][ 124 5.016739 Back to the Future Part I [1985] [BluRay] [720p] [AC3] [EN] ][ 125 6.787451 Assassination of a High School President 720p ][ 126 9.028233 Wanted   1080p ][ 127 8.843167 Indiana Jones Trilogy   720p ][ 129 5.566044 Doomsday 720p ][ 131 6.393810 The Extreme Movie 720P ][ 134 6.288030 Hero    1080p ][ 138 3.523590 Underworld Series ][ 140 1.578757 Public Enemies [720p] ][ 141 9.535622 Initial D [720p] ][ 146 1.362189 Punisher Warzone [720p] ][ 147 2.937289 Back.to.the.Future.Part.III ][ 151 1.190776 Die Hard 4   1080p ][ 152 8.375739 Bride Wars   720p ][ 158 6.888795 Rocky 4 [1985] [BluRay] [720p] [AC3] ][ 159 8.344928 The Empress and the Warriors [2008] [720p] ][ 160 5.597192 Star Wars Saga  Collection 720p ][ 166 7.635335 Chocolate 720p ][ 167 1.528219 Dr Dolite 3    720p ][ 168 8.920092 contents.txt ][ 169 7.280389 Miami Vice 720p ][ 170 2.962033 Final Destination 2 ][ 171 9.397511 Banlieue 13 - Ultimatum [720p] ][ 173 5.201502 300   720p ][ 176 9.039096 007 The Man With the Golden Gun [1974] [BluRay] [720p] [DTS] ][ 182 4.453394 Bee Movie   720p ][ 185 6.718719 Starship Troopers 1  1080p ][ 189 4.504142 Bride Wars   720p ][ 192 3.552431 Kingdom of Heaven [2005] [720p] ][ 196 6.746616 Face.Off.1997.720p ][ 197 6.947638 Elektra 720p ][ 203 1.214469 Rocky 1 [1976]  [BluRay] [720p] [AC3] ][ 204 1.913806 Star Trek Collection 1-9    720p ][ 207 4.058696 Disaster Movie 2008   720p ][ 210 4.408293 American Virgin 720P ][ 211 3.111454 James Bond 17 - Golden Eye [1995] ][ 212 8.671993 E.T   720p ][ 213 7.952399 Taken 1080p ][ 214 2.613991 Infernal Affair 1-3   1080p ][ 215 7.248097 21   1080p ][ 217 8.974244 Battlestar Galactica The Plan [720p] ][ 220 0.166209 Alien At The Attic 720P ][ 222 5.280455 Madagascar 2 Escape 2 Africa [2008] [720p] ][ 224 2.452084 Firewall 720p ][ 230 8.222842 007 Thunderball [1965]  [BluRay] [720p] [DTS] ][ 231 9.410364 Die Hard 3   720p ][ 233 6.003844 Basic Instinct 720p ][ 236 2.260088 Rocky 4 [1985] [BluRay] [720p] [AC3] ][ 246 4.821043 Shinjuku Incident ][ 248 6.012364 Behind Enemy Line 2001   720p ][ 261 6.960731 James Bond 17 - Golden Eye [1995] ]
[ 0 2.698553 contents.txt ][ 1 9.225481 Assassination of a High School President 720p ][ 6 1.479776 300   720p ][ 7 9.706840 Blood - The Last Vampire [2009] [720p] ][ 9 1.140658 Blood River 720P ][ 10 3.108837 contents.txt ][ 14 3.408918 Eragon 720p ][ 18 6.968669 Die Hard 4   1080p ][ 26 3.665497 The Notebook [2004] [1080p] ][ 30 5.984841 Darko 720P ][ 34 2.053356 Big Buck Bunny [1080p] ][ 42 8.104783 Independence Day 1080p ][ 45 3.178617 X-Men 3   1080p ][ 49 4.473992 Pearl Harbor ][ 52 7.074129 Public Enemies [720p] ][ 53 2.164040 Butterfly on a Wheel.2007   720p ][ 55 5.601823 Batman Dark Knight   1080p ][ 56 1.434912 Doomsday 720p ][ 57 0.448076 X-Men 1 - 1080p ][ 67 7.103456 Four Christmases 720P ][ 68 5.644230 Braveheart 720p ][ 70 7.218171 21   1080p ][ 71 1.353721 Ice Age 2 The Meltdown [2006] [720p] ][ 73 9.426695 Godzilla 720p ][ 74 3.909898 Wanted   1080p ][ 76 3.148435 The Matrix Revolution   1080p ][ 79 0.712838 Darko 720P ][ 83 6.317336 Alexander - The Final Cut ][ 84 0.449286 One Missed Call   720p ][ 94 6.277071 Seven Swords    1080p ][ 95 8.021889 A Bug's Life [720p] ][ 104 2.355995 Golden Compass   720p ][ 106 9.310217 Deep Sea ][ 107 1.374633 The Sniper 720p ][ 108 1.947616 The.Warlords.2007.720p.BluRay.DTS.x264-ESiR ][ 109 7.813630 The Chronicle of Riddick 720p ][ 112 4.332654 The.Escape.2009.1080p.BluRay.x264-BestHD ][ 114 8.253946 Con Air   720p ][ 117 0.761823 James Bond 16 - Licence to Kill [1989] ][ 118 8.375123 Burn E [720p] ][ 119 7.757469 G Force    720p ][ 123 8.463405 Starship Troopers 2  720p ][ 124 5.016739 Back to the Future Part I [1985] [BluRay] [720p] [AC3] [EN] ][ 125 6.787451 Assassination of a High School President 720p ][ 127 8.843167 Indiana Jones Trilogy   720p ][ 129 5.566044 Doomsday 720p ][ 131 6.393810 The Extreme Movie 720P ][ 134 6.288030 Hero    1080p ][ 138 3.523590 Underworld Series ][ 140 1.578757 Public Enemies [720p] ][ 141 9.535622 Initial D [720p] ][ 146 1.362189 Punisher Warzone [720p] ][ 147 2.937289 Back.to.the.Future.Part.III ][ 150 7.487969 Into The Blue 720P ][ 151 1.190776 Die Hard 4   1080p ][ 152 8.375739 Bride Wars   720p ][ 154 4.940345 Hero    1080p ][ 158 6.888795 Rocky 4 [1985] [BluRay] [720p] [AC3] ][ 159 8.344928 The Empress and the Warriors [2008] [720p] ][ 160 5.597192 Star Wars Saga  Collection 720p ][ 165 2.146340 National Geographic - The Koran [720p] [Documenter] ][ 166 7.635335 Chocolate 720p ][ 168 8.920092 contents.txt ][ 169 7.280389 Miami Vice 720p ][ 170 2.962033 Final Destination 2 ][ 171 9.397511 Banlieue 13 - Ultimatum [720p] ][ 173 5.201502 300   720p ][ 174 2.418255 Final Fantasy VII Advent Children [2005] [1080p] ][ 175 3.623228 City of Embers    720p ][ 176 9.039096 007 The Man With the Golden Gun [1974] [BluRay] [720p] [DTS] ][ 182 4.453394 Bee Movie   720p ][ 185 6.718719 Starship Troopers 1  1080p ][ 189 4.504142 Bride Wars   720p ][ 192 3.552431 Kingdom of Heaven [2005] [720p] ][ 193 3.546555 Lion King, The 720p ][ 196 6.746616 Face.Off.1997.720p ][ 203 1.214469 Rocky 1 [1976]  [BluRay] [720p] [AC3] ][ 204 1.913806 Star Trek Collection 1-9    720p ][ 210 4.408293 American Virgin 720P ][ 211 3.111454 James Bond 17 - Golden Eye [1995] ][ 212 8.671993 E.T   720p ][ 214 2.613991 Infernal Affair 1-3   1080p ][ 217 8.974244 Battlestar Galactica The Plan [720p] ][ 218 5.137140 Rocky 4 [1985] [BluRay] [720p] [AC3] ][ 220 0.166209 Alien At The Attic 720P ][ 222 5.280455 Madagascar 2 Escape 2 Africa [2008] [720p] ][ 223 5.966386 Wanted   1080p ][ 224 2.452084 Firewall 720p ][ 226 2.442437 Before The Devil Knows, You're Dead   1080p ][ 230 8.222842 007 Thunderball [1965]  [BluRay] [720p] [DTS] ][ 231 9.410364 Die Hard 3   720p ][ 233 6.003844 Basic Instinct 720p ][ 236 2.260088 Rocky 4 [1985] [BluRay] [720p] [AC3] ][ 246 4.821043 Shinjuku Incident ][ 248 6.012364 Behind Enemy Line 2001   720p ][ 257 0.182363 Punisher Warzone [720p] ][ 258 9.443748 Star Trek Collection 1-9    720p ][ 261 6.960731 James Bond 17 - Golden Eye [1995] ][ 271 3.005530 American Virgin 720P ][ 279 7.583260 One Missed Call   720p ]
