[ 32 1.083283 Green Lantern First Flight   720p ]
[ 37 5.192823 Afro samurai uncut 720p ][ 67 8.488253 Banlieue 13 - Ultimatum [720p] ]
[ 37 5.192823 Afro samurai uncut 720p ][ 43 5.812862 300   720p ][ 67 8.488253 Banlieue 13 - Ultimatum [720p] ][ 94 6.782659 Cleanwest 720p ]
[ 27 2.157243 Elite Squad 1080p ][ 43 5.812862 300   720p ][ 50 5.892293 Resident Evil Series    1080p ][ 51 5.947883 The Extreme Movie 720P ][ 67 8.488253 Banlieue 13 - Ultimatum [720p] ][ 94 6.782659 Cleanwest 720p ]
[ 27 2.157243 Elite Squad 1080p ][ 36 7.551778 Terminator 2 Judgement Day Directors Cut [1991]   1080p ][ 43 5.812862 300   720p ][ 48 6.030095 WALL-E.720p.BluRay.x264-iNFAMOUS ][ 50 5.892293 Resident Evil Series    1080p ][ 51 5.947883 The Extreme Movie 720P ][ 67 8.488253 Banlieue 13 - Ultimatum [720p] ][ 74 5.281008 Home    1080p ][ 94 6.782659 Cleanwest 720p ]
[ 3 9.098583 The.Terminal.2004.720p.HDTV.x264-ESiR ][ 5 9.671465 James Bond 05 - You Only Live Twice [1967] ][ 24 4.675506 Eragon 720p ][ 43 5.812862 300   720p ][ 48 6.030095 WALL-E.720p.BluRay.x264-iNFAMOUS ][ 50 5.892293 Resident Evil Series    1080p ][ 51 5.947883 The Extreme Movie 720P ][ 67 8.488253 Banlieue 13 - Ultimatum [720p] ][ 74 5.281008 Home    1080p ][ 76 9.255408 Drag Me To Hell [720p] ][ 86 4.413415 The Final Destination 4 [2009] [720p] ][ 112 6.783445 Music.And.Lyrics.720p.HDDVD.x264-REVEiLLE ]
[ 5 9.671465 James Bond 05 - You Only Live Twice [1967] ][ 13 6.526471 Scooby.Doo.The.Mystery.Begins.2009   720p ][ 19 7.042863 Street Kings   720p ][ 20 1.018105 Before The Devil Knows, You're Dead   1080p ][ 24 4.675506 Eragon 720p ][ 26 0.322194 Leon_The Professional.HD   720p ][ 43 5.812862 300   720p ][ 48 6.030095 WALL-E.720p.BluRay.x264-iNFAMOUS ][ 50 5.892293 Resident Evil Series    1080p ][ 67 8.488253 Banlieue 13 - Ultimatum [720p] ][ 74 5.281008 Home    1080p ][ 75 1.972382 All About Steve 720P ][ 76 9.255408 Drag Me To Hell [720p] ][ 81 2.231424 Alvin And The Chipmunks [720p] ][ 86 4.413415 The Final Destination 4 [2009] [720p] ][ 110 1.356404 Die Hard 4   1080p ]
[ 5 9.671465 James Bond 05 - You Only Live Twice [1967] ][ 9 6.709182 Breach 1080p ][ 13 6.526471 Scooby.Doo.The.Mystery.Begins.2009   720p ][ 19 7.042863 Street Kings   720p ][ 20 1.018105 Before The Devil Knows, You're Dead   1080p ][ 21 6.480400 Iron Man    1080p ][ 25 5.486259 Beowulf   720p ][ 26 0.322194 Leon_The Professional.HD   720p ][ 28 8.094493 Top.Gun.1986.720p.HDDVD.x264-SEPTiC ][ 43 5.812862 300   720p ][ 47 3.863627 Alexander - The Final Cut ][ 48 6.030095 WALL-E.720p.BluRay.x264-iNFAMOUS ][ 50 5.892293 Resident Evil Series    1080p ][ 62 8.005438 Punisher Warzone [720p] ][ 67 8.488253 Banlieue 13 - Ultimatum [720p] ][ 72 4.619229 Godzilla 720p ][ 76 9.255408 Drag Me To Hell [720p] ][ 81 2.231424 Alvin And The Chipmunks [720p] ][ 86 4.413415 The Final Destination 4 [2009] [720p] ][ 110 1.356404 Die Hard 4   1080p ]
[ 5 9.671465 James Bond 05 - You Only Live Twice [1967] ][ 9 6.709182 Breach 1080p ][ 13 6.526471 Scooby.Doo.The.Mystery.Begins.2009   720p ][ 15 5.320188 Jerry Maguire    1080p ][ 17 1.753428 Inkheart [2008] [720p] ][ 19 7.042863 Street Kings   720p ][ 20 1.018105 Before The Devil Knows, You're Dead   1080p ][ 25 5.486259 Beowulf   720p ][ 26 0.322194 Leon_The Professional.HD   720p ][ 28 8.094493 Top.Gun.1986.720p.HDDVD.x264-SEPTiC ][ 40 7.640299 Bangkok Dangerous 720p ][ 47 3.863627 Alexander - The Final Cut ][ 48 6.030095 WALL-E.720p.BluRay.x264-iNFAMOUS ][ 50 5.892293 Resident Evil Series    1080p ][ 57 1.192648 Meet The Fockers    720p ][ 59 7.447322 Rocky 2 [1979] [BluRay] [720p] [AC3] ][ 62 8.005438 Punisher Warzone [720p] ][ 67 8.488253 Banlieue 13 - Ultimatum [720p] ][ 72 4.619229 Godzilla 720p ][ 76 9.255408 Drag Me To Hell [720p] ][ 81 2.231424 Alvin And The Chipmunks [720p] ][ 92 9.556939 G.I.Joe The Rise of Cobra [2009] [720p] ][ 101 3.385478 Oxford Murders, The.720p ][ 110 1.356404 Die Hard 4   1080p ][ 113 7.424452 contents.txt ]
[ 5 9.671465 James Bond 05 - You Only Live Twice [1967] ][ 13 6.526471 Scooby.Doo.The.Mystery.Begins.2009   720p ][ 15 5.320188 Jerry Maguire    1080p ][ 17 1.753428 Inkheart [2008] [720p] ][ 19 7.042863 Street Kings   720p ][ 20 1.018105 Before The Devil Knows, You're Dead   1080p ][ 25 5.486259 Beowulf   720p ][ 26 0.322194 Leon_The Professional.HD   720p ][ 28 8.094493 Top.Gun.1986.720p.HDDVD.x264-SEPTiC ][ 33 1.765536 Fearless - 720p ][ 41 5.589827 In The Electrical Mist   720p ][ 45 9.487409 Counterfeiters.LIMITED.720p.Bluray.x264-SEPTiC ][ 47 3.863627 Alexander - The Final Cut ][ 48 6.030095 WALL-E.720p.BluRay.x264-iNFAMOUS ][ 50 5.892293 Resident Evil Series    1080p ][ 57 1.192648 Meet The Fockers    720p ][ 59 7.447322 Rocky 2 [1979] [BluRay] [720p] [AC3] ][ 67 8.488253 Banlieue 13 - Ultimatum [720p] ][ 72 4.619229 Godzilla 720p ][ 73 7.281385 Minority Report [720p] ][ 76 9.255408 Drag Me To Hell [720p] ][ 81 2.231424 Alvin And The Chipmunks [720p] ][ 89 0.715948 3_10 to Yuma   720p ][ 101 3.385478 Oxford Murders, The.720p ][ 110 1.356404 Die Hard 4   1080p ][ 113 7.424452 contents.txt ][ 115 9.565348 Species - The Awakening   720p ][ 136 9.060488 James Bond 15 - The Living Daylights [1987] [720p] ][ 142 1.410278 Labor Pain   720p ][ 147 2.537679 X-Men 3   1080p ]
[ 5 9.671465 James Bond 05 - You Only Live Twice [1967] ][ 10 6.409855 Death Race   720p ][ 13 6.526471 Scooby.Doo.The.Mystery.Begins.2009   720p ][ 15 5.320188 Jerry Maguire    1080p ][ 16 1.109838 Lord Of The Ring 3 - The Return of the King (ExtEd) [1080p] ][ 19 7.042863 Street Kings   720p ][ 20 1.018105 Before The Devil Knows, You're Dead   1080p ][ 25 5.486259 Beowulf   720p ][ 26 0.322194 Leon_The Professional.HD   720p ][ 28 8.094493 Top.Gun.1986.720p.HDDVD.x264-SEPTiC ][ 33 1.765536 Fearless - 720p ][ 41 5.589827 In The Electrical Mist   720p ][ 45 9.487409 Counterfeiters.LIMITED.720p.Bluray.x264-SEPTiC ][ 47 3.863627 Alexander - The Final Cut ][ 49 4.403506 007.1983.Never.Say.Never.Again.1080p.BluRay.x264-CiNEFiLE ][ 50 5.892293 Resident Evil Series    1080p ][ 57 1.192648 Meet The Fockers    720p ][ 59 7.447322 Rocky 2 [1979] [BluRay] [720p] [AC3] ][ 60 9.543406 War [720p] ][ 70 5.261051 Saving Private Ryan 720p ][ 72 4.619229 Godzilla 720p ][ 73 7.281385 Minority Report [720p] ][ 76 9.255408 Drag Me To Hell [720p] ][ 81 2.231424 Alvin And The Chipmunks [720p] ][ 89 0.715948 3_10 to Yuma   720p ][ 101 3.385478 Oxford Murders, The.720p ][ 110 1.356404 Die Hard 4   1080p ][ 113 7.424452 contents.txt ][ 115 9.565348 Species - The Awakening   720p ][ 119 3.636293 Meet The Parents    720p ][ 127 2.127674 Starship Troopers 2  720p ][ 136 9.060488 James Bond 15 - The Living Daylights [1987] [720p] ][ 137 9.269814 James Bond 08 - Live and Let Die [1973] ][ 142 1.410278 Labor Pain   720p ][ 143 2.091559 Danny the Dog   1080p ][ 147 2.537679 X-Men 3   1080p ]
[ 0 4.988659 Equilibrium 720p ][ 5 9.671465 James Bond 05 - You Only Live Twice [1967] ][ 10 6.409855 Death Race   720p ][ 15 5.320188 Jerry Maguire    1080p ][ 16 1.109838 Lord Of The Ring 3 - The Return of the King (ExtEd) [1080p] ][ 18 3.824169 Ongbak 2003 720p ][ 19 7.042863 Street Kings   720p ][ 23 6.074216 The Extreme Movie 720P ][ 25 5.486259 Beowulf   720p ][ 26 0.322194 Leon_The Professional.HD   720p ][ 28 8.094493 Top.Gun.1986.720p.HDDVD.x264-SEPTiC ][ 33 1.765536 Fearless - 720p ][ 41 5.589827 In The Electrical Mist   720p ][ 47 3.863627 Alexander - The Final Cut ][ 49 4.403506 007.1983.Never.Say.Never.Again.1080p.BluRay.x264-CiNEFiLE ][ 50 5.892293 Resident Evil Series    1080p ][ 57 1.192648 Meet The Fockers    720p ][ 59 7.447322 Rocky 2 [1979] [BluRay] [720p] [AC3] ][ 60 9.543406 War [720p] ][ 70 5.261051 Saving Private Ryan 720p ][ 72 4.619229 Godzilla 720p ][ 73 7.281385 Minority Report [720p] ][ 76 9.255408 Drag Me To Hell [720p] ][ 81 2.231424 Alvin And The Chipmunks [720p] ][ 89 0.715948 3_10 to Yuma   720p ][ 99 0.166040 My Bloody Valentine 3D    1080p ][ 101 3.385478 Oxford Murders, The.720p ][ 110 1.356404 Die Hard 4   1080p ][ 113 7.424452 contents.txt ][ 115 9.565348 Species - The Awakening   720p ][ 119 3.636293 Meet The Parents    720p ][ 120 3.307503 Deep Sea ][ 127 2.127674 Starship Troopers 2  720p ][ 137 9.269814 James Bond 08 - Live and Let Die [1973] ][ 139 2.103978 contents.txt ][ 141 1.215297 Dragonball Evolution [2009] [720p] ][ 142 1.410278 Labor Pain   720p ][ 143 2.091559 Danny the Dog   1080p ][ 144 7.592749 Defiance.1080p ][ 145 5.088762 Punisher Warzone [720p] ][ 147 2.537679 X-Men 3   1080p ][ 150 2.538606 Species - The Awakening   720p ]
[ 5 9.671465 James Bond 05 - You Only Live Twice [1967] ][ 10 6.409855 Death Race   720p ][ 11 2.411895 Superman Batman Public Enemies 2009 720p ][ 15 5.320188 Jerry Maguire    1080p ][ 18 3.824169 Ongbak 2003 720p ][ 19 7.042863 Street Kings   720p ][ 23 6.074216 The Extreme Movie 720P ][ 25 5.486259 Beowulf   720p ][ 26 0.322194 Leon_The Professional.HD   720p ][ 28 8.094493 Top.Gun.1986.720p.HDDVD.x264-SEPTiC ][ 33 1.765536 Fearless - 720p ][ 41 5.589827 In The Electrical Mist   720p ][ 47 3.863627 Alexander - The Final Cut ][ 49 4.403506 007.1983.Never.Say.Never.Again.1080p.BluRay.x264-CiNEFiLE ][ 50 5.892293 Resident Evil Series    1080p ][ 59 7.447322 Rocky 2 [1979] [BluRay] [720p] [AC3] ][ 60 9.543406 War [720p] ][ 64 1.582832 Doomsday 720p ][ 70 5.261051 Saving Private Ryan 720p ][ 72 4.619229 Godzilla 720p ][ 73 7.281385 Minority Report [720p] ][ 76 9.255408 Drag Me To Hell [720p] ][ 80 1.501708 Leon_The Professional.HD   720p ][ 81 2.231424 Alvin And The Chipmunks [720p] ][ 89 0.715948 3_10 to Yuma   720p ][ 99 0.166040 My Bloody Valentine 3D    1080p ][ 101 3.385478 Oxford Murders, The.720p ][ 110 1.356404 Die Hard 4   1080p ][ 115 9.565348 Species - The Awakening   720p ][ 119 3.636293 Meet The Parents    720p ][ 120 3.307503 Deep Sea ][ 121 3.736650 Surrogates [2009] [720p] ][ 127 2.127674 Starship Troopers 2  720p ][ 129 4.008975 Alvin And The Chipmunks [720p] ][ 131 6.183403 Monsters vs Aliens - Mutant Pumpkins from Outer Space [2009] [720p] ][ 135 3.939714 SAW V ][ 137 9.269814 James Bond 08 - Live and Let Die [1973] ][ 139 2.103978 contents.txt ][ 141 1.215297 Dragonball Evolution [2009] [720p] ][ 142 1.410278 Labor Pain   720p ][ 143 2.091559 Danny the Dog   1080p ][ 144 7.592749 Defiance.1080p ][ 145 5.088762 Punisher Warzone [720p] ][ 149 0.330076 New York I Love You 720p   720p ][ 150 2.538606 Species - The Awakening   720p ][ 152 0.919246 Sex drive   720p ][ 165 9.301906 G Force    720p ][ 173 5.801785 The Italian Job [2003] [720p] ][ 175 3.169665 Red Cliff    1080p ]
[ 5 9.671465 James Bond 05 - You Only Live Twice [1967] ][ 6 5.455274 My Bloody Valentine 3D    1080p ][ 10 6.409855 Death Race   720p ][ 15 5.320188 Jerry Maguire    1080p ][ 18 3.824169 Ongbak 2003 720p ][ 19 7.042863 Street Kings   720p ][ 25 5.486259 Beowulf   720p ][ 26 0.322194 Leon_The Professional.HD   720p ][ 28 8.094493 Top.Gun.1986.720p.HDDVD.x264-SEPTiC ][ 34 8.421935 Kill Shot   720p ][ 47 3.863627 Alexander - The Final Cut ][ 49 4.403506 007.1983.Never.Say.Never.Again.1080p.BluRay.x264-CiNEFiLE ][ 59 7.447322 Rocky 2 [1979] [BluRay] [720p] [AC3] ][ 60 9.543406 War [720p] ][ 70 5.261051 Saving Private Ryan 720p ][ 72 4.619229 Godzilla 720p ][ 73 7.281385 Minority Report [720p] ][ 76 9.255408 Drag Me To Hell [720p] ][ 78 9.720240 X-Men 2   1080p ][ 80 1.501708 Leon_The Professional.HD   720p ][ 81 2.231424 Alvin And The Chipmunks [720p] ][ 84 1.066020 The Orphan [720] ][ 89 0.715948 3_10 to Yuma   720p ][ 99 0.166040 My Bloody Valentine 3D    1080p ][ 101 3.385478 Oxford Murders, The.720p ][ 107 9.818231 Red Cliff    1080p ][ 110 1.356404 Die Hard 4   1080p ][ 115 9.565348 Species - The Awakening   720p ][ 117 1.081368 Fast and the Furious 3 -  Tokyo Drift - 1080p ][ 119 3.636293 Meet The Parents    720p ][ 120 3.307503 Deep Sea ][ 121 3.736650 Surrogates [2009] [720p] ][ 127 2.127674 Starship Troopers 2  720p ][ 129 4.008975 Alvin And The Chipmunks [720p] ][ 131 6.183403 Monsters vs Aliens - Mutant Pumpkins from Outer Space [2009] [720p] ][ 135 3.939714 SAW V ][ 137 9.269814 James Bond 08 - Live and Let Die [1973] ][ 139 2.103978 contents.txt ][ 141 1.215297 Dragonball Evolution [2009] [720p] ][ 142 1.410278 Labor Pain   720p ][ 143 2.091559 Danny the Dog   1080p ][ 144 7.592749 Defiance.1080p ][ 145 5.088762 Punisher Warzone [720p] ][ 146 1.513706 The Butterfly Effect [2004] [720p] ][ 148 3.118279 contents.txt ][ 149 0.330076 New York I Love You 720p   720p ][ 150 2.538606 Species - The Awakening   720p ][ 152 0.919246 Sex drive   720p ][ 158 2.857415 Mission Impossible Trilogy   720p ][ 165 9.301906 G Force    720p ][ 168 4.989875 Dr Dolite 3    720p ][ 171 9.068455 Ip Man [2009]    720p ][ 173 5.801785 The Italian Job [2003] [720p] ][ 175 3.169665 Red Cliff    1080p ][ 177 9.824771 James Bond 22 - Quantum of Solace [2008] [720p] ][ 187 9.465277 Lymelife [720p] ]
[ 5 9.671465 James Bond 05 - You Only Live Twice [1967] ][ 6 5.455274 My Bloody Valentine 3D    1080p ][ 10 6.409855 Death Race   720p ][ 15 5.320188 Jerry Maguire    1080p ][ 18 3.824169 Ongbak 2003 720p ][ 19 7.042863 Street Kings   720p ][ 26 0.322194 Leon_The Professional.HD   720p ][ 28 8.094493 Top.Gun.1986.720p.HDDVD.x264-SEPTiC ][ 30 8.250561 Dragon Wars   720p ][ 34 8.421935 Kill Shot   720p ][ 47 3.863627 Alexander - The Final Cut ][ 49 4.403506 007.1983.Never.Say.Never.Again.1080p.BluRay.x264-CiNEFiLE ][ 55 0.345611 Good Night And Good Luck   720p ][ 59 7.447322 Rocky 2 [1979] [BluRay] [720p] [AC3] ][ 60 9.543406 War [720p] ][ 70 5.261051 Saving Private Ryan 720p ][ 72 4.619229 Godzilla 720p ][ 73 7.281385 Minority Report [720p] ][ 76 9.255408 Drag Me To Hell [720p] ][ 78 9.720240 X-Men 2   1080p ][ 80 1.501708 Leon_The Professional.HD   720p ][ 81 2.231424 Alvin And The Chipmunks [720p] ][ 84 1.066020 The Orphan [720] ][ 89 0.715948 3_10 to Yuma   720p ][ 90 3.236321 Bugs.A.Rainforest.Adventure.3D.HD.DVD.REMUX.1080p.VC-1-SEBUL ][ 99 0.166040 My Bloody Valentine 3D    1080p ][ 101 3.385478 Oxford Murders, The.720p ][ 106 1.394986 Street Kings   720p ][ 107 9.818231 Red Cliff    1080p ][ 110 1.356404 Die Hard 4   1080p ][ 115 9.565348 Species - The Awakening   720p ][ 117 1.081368 Fast and the Furious 3 -  Tokyo Drift - 1080p ][ 119 3.636293 Meet The Parents    720p ][ 121 3.736650 Surrogates [2009] [720p] ][ 123 9.270528 The Bank Job [720p] ][ 127 2.127674 Starship Troopers 2  720p ][ 129 4.008975 Alvin And The Chipmunks [720p] ][ 131 6.183403 Monsters vs Aliens - Mutant Pumpkins from Outer Space [2009] [720p] ][ 135 3.939714 SAW V ][ 137 9.269814 James Bond 08 - Live and Let Die [1973] ][ 140 2.057573 Spiderman 1   1080p ][ 141 1.215297 Dragonball Evolution [2009] [720p] ][ 142 1.410278 Labor Pain   720p ][ 143 2.091559 Danny the Dog   1080p ][ 144 7.592749 Defiance.1080p ][ 145 5.088762 Punisher Warzone [720p] ][ 146 1.513706 The Butterfly Effect [2004] [720p] ][ 148 3.118279 contents.txt ][ 149 0.330076 New York I Love You 720p   720p ][ 150 2.538606 Species - The Awakening   720p ][ 152 0.919246 Sex drive   720p ][ 158 2.857415 Mission Impossible Trilogy   720p ][ 165 9.301906 G Force    720p ][ 168 4.989875 Dr Dolite 3    720p ][ 171 9.068455 Ip Man [2009]    720p ][ 173 5.801785 The Italian Job [2003] [720p] ][ 175 3.169665 Red Cliff    1080p ][ 177 9.824771 James Bond 22 - Quantum of Solace [2008] [720p] ][ 184 2.764292 Epic Movie UNRATED (2007) 720p ][ 187 9.465277 Lymelife [720p] ][ 192 5.185898 The Haunting In Connecticut [2009] [720p] ][ 194 1.381169 Fifty Dead Men Walking   1080p ][ 202 4.201083 Ip Man    1080p ][ 206 5.826997 SAW V ]
[ 5 9.671465 James Bond 05 - You Only Live Twice [1967] ][ 6 5.455274 My Bloody Valentine 3D    1080p ][ 10 6.409855 Death Race   720p ][ 15 5.320188 Jerry Maguire    1080p ][ 18 3.824169 Ongbak 2003 720p ][ 19 7.042863 Street Kings   720p ][ 26 0.322194 Leon_The Professional.HD   720p ][ 28 8.094493 Top.Gun.1986.720p.HDDVD.x264-SEPTiC ][ 30 8.250561 Dragon Wars   720p ][ 34 8.421935 Kill Shot   720p ][ 47 3.863627 Alexander - The Final Cut ][ 49 4.403506 007.1983.Never.Say.Never.Again.1080p.BluRay.x264-CiNEFiLE ][ 55 0.345611 Good Night And Good Luck   720p ][ 59 7.447322 Rocky 2 [1979] [BluRay] [720p] [AC3] ][ 60 9.543406 War [720p] ][ 68 1.770436 Duplicity 2009   720p ][ 70 5.261051 Saving Private Ryan 720p ][ 72 4.619229 Godzilla 720p ][ 77 1.234007 Scooby.Doo.The.Mystery.Begins.2009   720p ][ 78 9.720240 X-Men 2   1080p ][ 80 1.501708 Leon_The Professional.HD   720p ][ 81 2.231424 Alvin And The Chipmunks [720p] ][ 82 7.909713 Counterfeiters.LIMITED.720p.Bluray.x264-SEPTiC ][ 84 1.066020 The Orphan [720] ][ 87 8.036917 The Mist   720p ][ 89 0.715948 3_10 to Yuma   720p ][ 90 3.236321 Bugs.A.Rainforest.Adventure.3D.HD.DVD.REMUX.1080p.VC-1-SEBUL ][ 95 5.921767 Cars [2006] [720p] ][ 98 0.941608 Shrek The Third [2007] [720p] ][ 99 0.166040 My Bloody Valentine 3D    1080p ][ 100 6.169129 Big Buck Bunny [1080p] ][ 101 3.385478 Oxford Murders, The.720p ][ 106 1.394986 Street Kings   720p ][ 107 9.818231 Red Cliff    1080p ][ 110 1.356404 Die Hard 4   1080p ][ 115 9.565348 Species - The Awakening   720p ][ 117 1.081368 Fast and the Furious 3 -  Tokyo Drift - 1080p ][ 118 0.956657 James Bond 09 - The Man with the Golden Gun [1974] ][ 119 3.636293 Meet The Parents    720p ][ 121 3.736650 Surrogates [2009] [720p] ][ 123 9.270528 The Bank Job [720p] ][ 129 4.008975 Alvin And The Chipmunks [720p] ][ 131 6.183403 Monsters vs Aliens - Mutant Pumpkins from Outer Space [2009] [720p] ][ 135 3.939714 SAW V ][ 137 9.269814 James Bond 08 - Live and Let Die [1973] ][ 140 2.057573 Spiderman 1   1080p ][ 141 1.215297 Dragonball Evolution [2009] [720p] ][ 143 2.091559 Danny the Dog   1080p ][ 144 7.592749 Defiance.1080p ][ 146 1.513706 The Butterfly Effect [2004] [720p] ][ 148 3.118279 contents.txt ][ 149 0.330076 New York I Love You 720p   720p ][ 150 2.538606 Species - The Awakening   720p ][ 152 0.919246 Sex drive   720p ][ 158 2.857415 Mission Impossible Trilogy   720p ][ 159 2.617709 James Bond 21 - Casino Royale [2006] ][ 161 3.721119 PIXAR Movie ][ 165 9.301906 G Force    720p ][ 171 9.068455 Ip Man [2009]    720p ][ 173 5.801785 The Italian Job [2003] [720p] ][ 174 0.669961 The Matrix [1999] [1080p] ][ 175 3.169665 Red Cliff    1080p ][ 177 9.824771 James Bond 22 - Quantum of Solace [2008] [720p] ][ 181 3.407973 Back.to.the.Future.Part.III ][ 184 2.764292 Epic Movie UNRATED (2007) 720p ][ 187 9.465277 Lymelife [720p] ][ 192 5.185898 The Haunting In Connecticut [2009] [720p] ][ 194 1.381169 Fifty Dead Men Walking   1080p ][ 199 0.559750 Pirates of Caribbean 1-2-3 Collection   1080p ][ 202 4.201083 Ip Man    1080p ][ 206 5.826997 SAW V ][ 211 5.472231 The Godfather [1972] [720p] ]
[ 1 9.317369 SAW III   720p ][ 5 9.671465 James Bond 05 - You Only Live Twice [1967] ][ 6 5.455274 My Bloody Valentine 3D    1080p ][ 10 6.409855 Death Race   720p ][ 15 5.320188 Jerry Maguire    1080p ][ 18 3.824169 Ongbak 2003 720p ][ 19 7.042863 Street Kings   720p ][ 26 0.322194 Leon_The Professional.HD   720p ][ 28 8.094493 Top.Gun.1986.720p.HDDVD.x264-SEPTiC ][ 30 8.250561 Dragon Wars   720p ][ 34 8.421935 Kill Shot   720p ][ 47 3.863627 Alexander - The Final Cut ][ 49 4.403506 007.1983.Never.Say.Never.Again.1080p.BluRay.x264-CiNEFiLE ][ 55 0.345611 Good Night And Good Luck   720p ][ 59 7.447322 Rocky 2 [1979] [BluRay] [720p] [AC3] ][ 60 9.543406 War [720p] ][ 68 1.770436 Duplicity 2009   720p ][ 72 4.619229 Godzilla 720p ][ 77 1.234007 Scooby.Doo.The.Mystery.Begins.2009   720p ][ 78 9.720240 X-Men 2   1080p ][ 80 1.501708 Leon_The Professional.HD   720p ][ 81 2.231424 Alvin And The Chipmunks [720p] ][ 84 1.066020 The Orphan [720] ][ 87 8.036917 The Mist   720p ][ 89 0.715948 3_10 to Yuma   720p ][ 90 3.236321 Bugs.A.Rainforest.Adventure.3D.HD.DVD.REMUX.1080p.VC-1-SEBUL ][ 95 5.921767 Cars [2006] [720p] ][ 98 0.941608 Shrek The Third [2007] [720p] ][ 99 0.166040 My Bloody Valentine 3D    1080p ][ 100 6.169129 Big Buck Bunny [1080p] ][ 101 3.385478 Oxford Murders, The.720p ][ 106 1.394986 Street Kings   720p ][ 107 9.818231 Red Cliff    1080p ][ 108 6.529520 Punisher 2   720p ][ 110 1.356404 Die Hard 4   1080p ][ 111 9.518238 Dr Dolite 3    720p ][ 115 9.565348 Species - The Awakening   720p ][ 117 1.081368 Fast and the Furious 3 -  Tokyo Drift - 1080p ][ 118 0.956657 James Bond 09 - The Man with the Golden Gun [1974] ][ 119 3.636293 Meet The Parents    720p ][ 121 3.736650 Surrogates [2009] [720p] ][ 123 9.270528 The Bank Job [720p] ][ 129 4.008975 Alvin And The Chipmunks [720p] ][ 131 6.183403 Monsters vs Aliens - Mutant Pumpkins from Outer Space [2009] [720p] ][ 135 3.939714 SAW V ][ 137 9.269814 James Bond 08 - Live and Let Die [1973] ][ 138 1.599535 Stargate.Continuum.2008.1080p.Bluray.DTS.x264-eVIAN ][ 140 2.057573 Spiderman 1   1080p ][ 141 1.215297 Dragonball Evolution [2009] [720p] ][ 143 2.091559 Danny the Dog   1080p ][ 144 7.592749 Defiance.1080p ][ 146 1.513706 The Butterfly Effect [2004] [720p] ][ 148 3.118279 contents.txt ][ 149 0.330076 New York I Love You 720p   720p ][ 152 0.919246 Sex drive   720p ][ 158 2.857415 Mission Impossible Trilogy   720p ][ 159 2.617709 James Bond 21 - Casino Royale [2006] ][ 161 3.721119 PIXAR Movie ][ 165 9.301906 G Force    720p ][ 166 8.082241 Battle for Terra [2007] [1080p] ][ 167 5.695411 Charlie and the Chocolate Factory   720p ][ 170 5.762180 Bangkok Dangerous 720p ][ 171 9.068455 Ip Man [2009]    720p ][ 174 0.669961 The Matrix [1999] [1080p] ][ 175 3.169665 Red Cliff    1080p ][ 176 8.516622 007 Series ][ 181 3.407973 Back.to.the.Future.Part.III ][ 184 2.764292 Epic Movie UNRATED (2007) 720p ][ 187 9.465277 Lymelife [720p] ][ 192 5.185898 The Haunting In Connecticut [2009] [720p] ][ 194 1.381169 Fifty Dead Men Walking   1080p ][ 198 9.150591 Bourne Identity   720p ][ 199 0.559750 Pirates of Caribbean 1-2-3 Collection   1080p ][ 201 1.216613 Doomsday 720p ][ 202 4.201083 Ip Man    1080p ][ 204 5.034412 James Bond 09 - The Man with the Golden Gun [1974] ][ 206 5.826997 SAW V ][ 211 5.472231 The Godfather [1972] [720p] ][ 215 3.042178 WALL-E.720p.BluRay.x264-iNFAMOUS ][ 226 7.161145 Die Hard 2   720p ][ 227 2.096127 Spiderman 1   1080p ]
[ 1 9.317369 SAW III   720p ][ 5 9.671465 James Bond 05 - You Only Live Twice [1967] ][ 6 5.455274 My Bloody Valentine 3D    1080p ][ 10 6.409855 Death Race   720p ][ 15 5.320188 Jerry Maguire    1080p ][ 18 3.824169 Ongbak 2003 720p ][ 19 7.042863 Street Kings   720p ][ 26 0.322194 Leon_The Professional.HD   720p ][ 29 0.339767 Liar Liar    720p ][ 30 8.250561 Dragon Wars   720p ][ 31 9.235618 The Empress and the Warriors [2008] [720p] ][ 34 8.421935 Kill Shot   720p ][ 47 3.863627 Alexander - The Final Cut ][ 49 4.403506 007.1983.Never.Say.Never.Again.1080p.BluRay.x264-CiNEFiLE ][ 55 0.345611 Good Night And Good Luck   720p ][ 56 1.772030 Shrek The Third [2007] [720p] ][ 59 7.447322 Rocky 2 [1979] [BluRay] [720p] [AC3] ][ 60 9.543406 War [720p] ][ 66 8.798657 Max Payne    720p ][ 68 1.770436 Duplicity 2009   720p ][ 72 4.619229 Godzilla 720p ][ 77 1.234007 Scooby.Doo.The.Mystery.Begins.2009   720p ][ 78 9.720240 X-Men 2   1080p ][ 80 1.501708 Leon_The Professional.HD   720p ][ 81 2.231424 Alvin And The Chipmunks [720p] ][ 84 1.066020 The Orphan [720] ][ 87 8.036917 The Mist   720p ][ 89 0.715948 3_10 to Yuma   720p ][ 90 3.236321 Bugs.A.Rainforest.Adventure.3D.HD.DVD.REMUX.1080p.VC-1-SEBUL ][ 93 7.419062 Black Hawk Down   1080p ][ 95 5.921767 Cars [2006] [720p] ][ 98 0.941608 Shrek The Third [2007] [720p] ][ 99 0.166040 My Bloody Valentine 3D    1080p ][ 100 6.169129 Big Buck Bunny [1080p] ][ 101 3.385478 Oxford Murders, The.720p ][ 106 1.394986 Street Kings   720p ][ 107 9.818231 Red Cliff    1080p ][ 108 6.529520 Punisher 2   720p ][ 109 0.444649 Pursuit_Of_Happyness[2006]   720p ][ 110 1.356404 Die Hard 4   1080p ][ 111 9.518238 Dr Dolite 3    720p ][ 115 9.565348 Species - The Awakening   720p ][ 116 4.529935 Bugs.A.Rainforest.Adventure.3D.HD.DVD.REMUX.1080p.VC-1-SEBUL ][ 117 1.081368 Fast and the Furious 3 -  Tokyo Drift - 1080p ][ 118 0.956657 James Bond 09 - The Man with the Golden Gun [1974] ][ 119 3.636293 Meet The Parents    720p ][ 121 3.736650 Surrogates [2009] [720p] ][ 124 9.403830 Assassination of a High School President 720p ][ 129 4.008975 Alvin And The Chipmunks [720p] ][ 131 6.183403 Monsters vs Aliens - Mutant Pumpkins from Outer Space [2009] [720p] ][ 135 3.939714 SAW V ][ 137 9.269814 James Bond 08 - Live and Let Die [1973] ][ 140 2.057573 Spiderman 1   1080p ][ 141 1.215297 Dragonball Evolution [2009] [720p] ][ 144 7.592749 Defiance.1080p ][ 146 1.513706 The Butterfly Effect [2004] [720p] ][ 148 3.118279 contents.txt ][ 149 0.330076 New York I Love You 720p   720p ][ 152 0.919246 Sex drive   720p ][ 158 2.857415 Mission Impossible Trilogy   720p ][ 159 2.617709 James Bond 21 - Casino Royale [2006] ][ 163 8.676771 The.Escape.2009.1080p.BluRay.x264-BestHD ][ 165 9.301906 G Force    720p ][ 166 8.082241 Battle for Terra [2007] [1080p] ][ 167 5.695411 Charlie and the Chocolate Factory   720p ][ 170 5.762180 Bangkok Dangerous 720p ][ 171 9.068455 Ip Man [2009]    720p ][ 174 0.669961 The Matrix [1999] [1080p] ][ 175 3.169665 Red Cliff    1080p ][ 176 8.516622 007 Series ][ 181 3.407973 Back.to.the.Future.Part.III ][ 186 5.012500 American Beauty   720p ][ 187 9.465277 Lymelife [720p] ][ 191 8.732151 Doomsday 720p ][ 192 5.185898 The Haunting In Connecticut [2009] [720p] ][ 194 1.381169 Fifty Dead Men Walking   1080p ][ 198 9.150591 Bourne Identity   720p ][ 199 0.559750 Pirates of Caribbean 1-2-3 Collection   1080p ][ 201 1.216613 Doomsday 720p ][ 202 4.201083 Ip Man    1080p ][ 204 5.034412 James Bond 09 - The Man with the Golden Gun [1974] ][ 206 5.826997 SAW V ][ 211 5.472231 The Godfather [1972] [720p] ][ 217 7.727956 James Bond 22 - Quantum of Solace [2008] [720p] ][ 223 8.466016 Terminator Salvation Director's cut  ( 2009)    1080p ][ 226 7.161145 Die Hard 2   720p ][ 230 1.731733 Final Fantasy VII Advent Children [2005] [1080p] ][ 239 0.316285 Corpse Bride   720p ][ 250 2.254454 Fast and the Furious 2 - 1080p ][ 265 0.427558 Daredevil - 720p ]
[ 1 9.317369 SAW III   720p ][ 4 2.508145 The Sniper 720p ][ 5 9.671465 James Bond 05 - You Only Live Twice [1967] ][ 6 5.455274 My Bloody Valentine 3D    1080p ][ 10 6.409855 Death Race   720p ][ 15 5.320188 Jerry Maguire    1080p ][ 18 3.824169 Ongbak 2003 720p ][ 19 7.042863 Street Kings   720p ][ 26 0.322194 Leon_The Professional.HD   720p ][ 29 0.339767 Liar Liar    720p ][ 30 8.250561 Dragon Wars   720p ][ 31 9.235618 The Empress and the Warriors [2008] [720p] ][ 34 8.421935 Kill Shot   720p ][ 47 3.863627 Alexander - The Final Cut ][ 49 4.403506 007.1983.Never.Say.Never.Again.1080p.BluRay.x264-CiNEFiLE ][ 55 0.345611 Good Night And Good Luck   720p ][ 56 1.772030 Shrek The Third [2007] [720p] ][ 59 7.447322 Rocky 2 [1979] [BluRay] [720p] [AC3] ][ 60 9.543406 War [720p] ][ 66 8.798657 Max Payne    720p ][ 68 1.770436 Duplicity 2009   720p ][ 72 4.619229 Godzilla 720p ][ 78 9.720240 X-Men 2   1080p ][ 80 1.501708 Leon_The Professional.HD   720p ][ 81 2.231424 Alvin And The Chipmunks [720p] ][ 84 1.066020 The Orphan [720] ][ 88 7.621848 Danny the Dog   1080p ][ 89 0.715948 3_10 to Yuma   720p ][ 90 3.236321 Bugs.A.Rainforest.Adventure.3D.HD.DVD.REMUX.1080p.VC-1-SEBUL ][ 93 7.419062 Black Hawk Down   1080p ][ 95 5.921767 Cars [2006] [720p] ][ 98 0.941608 Shrek The Third [2007] [720p] ][ 99 0.166040 My Bloody Valentine 3D    1080p ][ 100 6.169129 Big Buck Bunny [1080p] ][ 101 3.385478 Oxford Murders, The.720p ][ 102 4.740791 Star Trek Collection 1-9    720p ][ 106 1.394986 Street Kings   720p ][ 107 9.818231 Red Cliff    1080p ][ 108 6.529520 Punisher 2   720p ][ 109 0.444649 Pursuit_Of_Happyness[2006]   720p ][ 110 1.356404 Die Hard 4   1080p ][ 111 9.518238 Dr Dolite 3    720p ][ 115 9.565348 Species - The Awakening   720p ][ 116 4.529935 Bugs.A.Rainforest.Adventure.3D.HD.DVD.REMUX.1080p.VC-1-SEBUL ][ 118 0.956657 James Bond 09 - The Man with the Golden Gun [1974] ][ 119 3.636293 Meet The Parents    720p ][ 121 3.736650 Surrogates [2009] [720p] ][ 124 9.403830 Assassination of a High School President 720p ][ 128 2.053119 The Messenger [720p] ][ 129 4.008975 Alvin And The Chipmunks [720p] ][ 131 6.183403 Monsters vs Aliens - Mutant Pumpkins from Outer Space [2009] [720p] ][ 134 4.382716 300   720p ][ 140 2.057573 Spiderman 1   1080p ][ 141 1.215297 Dragonball Evolution [2009] [720p] ][ 144 7.592749 Defiance.1080p ][ 146 1.513706 The Butterfly Effect [2004] [720p] ][ 148 3.118279 contents.txt ][ 149 0.330076 New York I Love You 720p   720p ][ 152 0.919246 Sex drive   720p ][ 154 0.064002 Fantastic Four, Rise Of The Silver Surfer    1080p ][ 158 2.857415 Mission Impossible Trilogy   720p ][ 159 2.617709 James Bond 21 - Casino Royale [2006] ][ 163 8.676771 The.Escape.2009.1080p.BluRay.x264-BestHD ][ 165 9.301906 G Force    720p ][ 166 8.082241 Battle for Terra [2007] [1080p] ][ 167 5.695411 Charlie and the Chocolate Factory   720p ][ 170 5.762180 Bangkok Dangerous 720p ][ 171 9.068455 Ip Man [2009]    720p ][ 174 0.669961 The Matrix [1999] [1080p] ][ 175 3.169665 Red Cliff    1080p ][ 176 8.516622 007 Series ][ 181 3.407973 Back.to.the.Future.Part.III ][ 186 5.012500 American Beauty   720p ][ 187 9.465277 Lymelife [720p] ][ 191 8.732151 Doomsday 720p ][ 192 5.185898 The Haunting In Connecticut [2009] [720p] ][ 194 1.381169 Fifty Dead Men Walking   1080p ][ 198 9.150591 Bourne Identity   720p ][ 199 0.559750 Pirates of Caribbean 1-2-3 Collection   1080p ][ 200 8.912272 Rocky 1 [1976]  [BluRay] [720p] [AC3] ][ 201 1.216613 Doomsday 720p ][ 202 4.201083 Ip Man    1080p ][ 204 5.034412 James Bond 09 - The Man with the Golden Gun [1974] ][ 206 5.826997 SAW V ][ 207 1.216572 Cars [2006] [720p] ][ 208 4.372235 Oceans.Eleven.2001.720p.HDDVD.x264-SiNNERS ][ 211 5.472231 The Godfather [1972] [720p] ][ 213 0.052220 contents.txt ][ 217 7.727956 James Bond 22 - Quantum of Solace [2008] [720p] ][ 223 8.466016 Terminator Salvation Director's cut  ( 2009)    1080p ][ 224 0.145816 Chocolate 720p ][ 226 7.161145 Die Hard 2   720p ][ 230 1.731733 Final Fantasy VII Advent Children [2005] [1080p] ][ 232 5.893132 City of Embers    720p ][ 235 5.157695 Dragonball Evolution [2009] [720p] ][ 239 0.316285 Corpse Bride   720p ][ 254 7.605429 Equilibrium 720p ][ 256 0.523008 contents.txt ][ 271 6.568461 The.Escape.2009.1080p.BluRay.x264-BestHD ][ 273 2.831436 X-Men Origin - Wolverine [2009] [1080p] ]
