[ 1 9.606566 Lord Of The Ring  - Return Of The King   720p ]
