[ 3 1.543721 300   720p ]
[ 1 1.864911 The Tale Of Despereaux [720p] ][ 3 1.543721 300   720p ]
[ 0 9.370354 Pitch Black [720p] ][ 1 1.864911 The Tale Of Despereaux [720p] ][ 3 1.543721 300   720p ][ 6 9.281027 Into The Blue 720P ]
