[ 1 5.738542 007 Thunderball [1965]  [BluRay] [720p] [DTS] ]
[ 5 4.943962 Four Christmases 720P ][ 7 2.899607 Miss March [720p] ]
[ 0 4.428666 Lion King, The 720p ][ 5 4.943962 Four Christmases 720P ][ 6 8.890145 Disaster Movie 2008   720p ][ 7 2.899607 Miss March [720p] ]
[ 3 5.655262 Pirates of Caribbean 1-2-3 Collection   1080p ][ 5 4.943962 Four Christmases 720P ][ 6 8.890145 Disaster Movie 2008   720p ][ 9 7.948685 Hitman    720p ][ 10 8.947343 Hancock    1080p ][ 12 3.415222 The Matrix [1999] [1080p] ]
