[ 5 6.225873 Bee Movie   720p ]
[ 4 5.833890 Firewall 720p ][ 5 6.225873 Bee Movie   720p ]
[ 0 6.078422 Chicken Little 1080p ][ 4 5.833890 Firewall 720p ][ 6 1.630146 Juno 2007 720p ][ 10 8.231944 XxX.2002.BDRiP.720p.AC3.5.1.READnfo.x264-DEFiNiTiON ]
[ 0 6.078422 Chicken Little 1080p ][ 3 9.659047 Dark.knight, The.2008.720p.bluray.x264-sinners ][ 4 5.833890 Firewall 720p ][ 10 8.231944 XxX.2002.BDRiP.720p.AC3.5.1.READnfo.x264-DEFiNiTiON ][ 11 4.164875 La Vita e Bella    720p ][ 12 1.150531 Sky.Captain.And.The.World.Of.Tomorrow[www.x1949x.com]    720p ]
[ 0 6.078422 Chicken Little 1080p ][ 1 1.010638 Die Hard 3   720p ][ 2 4.950225 contents.txt ][ 3 9.659047 Dark.knight, The.2008.720p.bluray.x264-sinners ][ 4 5.833890 Firewall 720p ][ 9 3.367086 contents.txt ][ 10 8.231944 XxX.2002.BDRiP.720p.AC3.5.1.READnfo.x264-DEFiNiTiON ][ 11 4.164875 La Vita e Bella    720p ][ 19 5.164733 Star Trek [2009] [1080p] ]
