[ 4 8.539182 contents.txt ]
[ 4 8.539182 contents.txt ][ 14 5.875318 Gladiator 1080p ]
[ 0 6.983815 Lord Of The Ring  - The Fellowship Of The Ring   720p ][ 4 8.539182 contents.txt ][ 11 0.405498 The Incredibles [1080p] ][ 19 8.824716 Pursuit_Of_Happyness[2006]   720p ]
[ 0 6.983815 Lord Of The Ring  - The Fellowship Of The Ring   720p ][ 4 8.539182 contents.txt ][ 5 1.975624 WALL-E.720p.BluRay.x264-iNFAMOUS ][ 9 9.093397 Black Hawk Down   1080p ][ 17 4.114729 Moulin Rouge   720p ][ 19 8.824716 Pursuit_Of_Happyness[2006]   720p ]
[ 0 6.983815 Lord Of The Ring  - The Fellowship Of The Ring   720p ][ 2 0.097703 Knowing 2009 720p ][ 4 8.539182 contents.txt ][ 5 1.975624 WALL-E.720p.BluRay.x264-iNFAMOUS ][ 9 9.093397 Black Hawk Down   1080p ][ 17 4.114729 Moulin Rouge   720p ][ 19 8.824716 Pursuit_Of_Happyness[2006]   720p ][ 23 2.975991 Die Hard 2   720p ][ 27 3.237417 Hero    1080p ]
[ 0 6.983815 Lord Of The Ring  - The Fellowship Of The Ring   720p ][ 2 0.097703 Knowing 2009 720p ][ 3 1.462215 Lord Of The Ring 1 - Fellowship of the Ring (ExtEd) [1080p] ][ 4 8.539182 contents.txt ][ 7 6.309351 Jumper    1080p ][ 9 9.093397 Black Hawk Down   1080p ][ 10 0.389497 Spiderman 2   1080p ][ 17 4.114729 Moulin Rouge   720p ][ 18 8.333838 Jurassic Park 1-3  1080p ][ 19 8.824716 Pursuit_Of_Happyness[2006]   720p ][ 23 2.975991 Die Hard 2   720p ][ 27 3.237417 Hero    1080p ]
[ 0 6.983815 Lord Of The Ring  - The Fellowship Of The Ring   720p ][ 2 0.097703 Knowing 2009 720p ][ 3 1.462215 Lord Of The Ring 1 - Fellowship of the Ring (ExtEd) [1080p] ][ 4 8.539182 contents.txt ][ 6 0.520901 007.Die Another Day.avi ][ 7 6.309351 Jumper    1080p ][ 9 9.093397 Black Hawk Down   1080p ][ 10 0.389497 Spiderman 2   1080p ][ 15 2.266680 James Bond 18 - Tommorow Never Dies [1997] [720p] ][ 18 8.333838 Jurassic Park 1-3  1080p ][ 19 8.824716 Pursuit_Of_Happyness[2006]   720p ][ 27 3.237417 Hero    1080p ][ 28 5.586019 The Extreme Movie 720P ][ 31 8.925885 Darko 720P ][ 32 5.666249 The Mummy 1-2   1080p ][ 36 5.865450 Apocalypto   720p ]
