[ 1 9.643683 Rush Hour 1-3   720p ]
[ 9 9.339110 Bourne Identity   720p ][ 21 0.611584 Swordfish    720p ]
[ 9 9.339110 Bourne Identity   720p ][ 21 0.611584 Swordfish    720p ][ 22 4.272161 Push    1080p ][ 24 5.709103 Kung Fu Hustle   720p ]
[ 5 4.951778 American Gangster    720p ][ 16 4.524706 Cleanwest 720p ][ 17 1.008711 Banlieue 13 - Ultimatum [720p] ][ 19 6.523044 Battle for Terra [2007] [1080p] ][ 22 4.272161 Push    1080p ][ 24 5.709103 Kung Fu Hustle   720p ]
[ 4 0.531018 Ip Man    1080p ][ 5 4.951778 American Gangster    720p ][ 8 4.374168 James Bond 22 - Quantum of Solace [2008] [720p] ][ 14 2.757117 Alone in the dark   720p ][ 17 1.008711 Banlieue 13 - Ultimatum [720p] ][ 19 6.523044 Battle for Terra [2007] [1080p] ][ 22 4.272161 Push    1080p ][ 24 5.709103 Kung Fu Hustle   720p ][ 28 0.897415 Alien At The Attic 720P ]
[ 5 4.951778 American Gangster    720p ][ 6 6.388893 911 Mysteries Demolition    720p ][ 8 4.374168 James Bond 22 - Quantum of Solace [2008] [720p] ][ 14 2.757117 Alone in the dark   720p ][ 17 1.008711 Banlieue 13 - Ultimatum [720p] ][ 19 6.523044 Battle for Terra [2007] [1080p] ][ 20 0.715283 Cleanwest 720p ][ 22 4.272161 Push    1080p ][ 24 5.709103 Kung Fu Hustle   720p ][ 28 0.897415 Alien At The Attic 720P ][ 32 2.123150 Juno 2007 720p ][ 33 8.815074 Blade 2   720p ]
[ 3 9.059150 13.Going.on.30.2004.720p.BluRay.x264-METiS_tehPARADOX.COM ][ 5 4.951778 American Gangster    720p ][ 6 6.388893 911 Mysteries Demolition    720p ][ 8 4.374168 James Bond 22 - Quantum of Solace [2008] [720p] ][ 10 6.290637 Aladdin [1992] [720p] ][ 13 1.750723 Taken 1080p ][ 14 2.757117 Alone in the dark   720p ][ 17 1.008711 Banlieue 13 - Ultimatum [720p] ][ 19 6.523044 Battle for Terra [2007] [1080p] ][ 22 4.272161 Push    1080p ][ 24 5.709103 Kung Fu Hustle   720p ][ 26 8.062675 Lord Of The Ring  - The Fellowship Of The Ring   720p ][ 28 0.897415 Alien At The Attic 720P ][ 33 8.815074 Blade 2   720p ][ 34 6.740319 Rocky 4 [1985] [BluRay] [720p] [AC3] ][ 46 0.027487 I Am Legend    720p ]
[ 3 9.059150 13.Going.on.30.2004.720p.BluRay.x264-METiS_tehPARADOX.COM ][ 5 4.951778 American Gangster    720p ][ 6 6.388893 911 Mysteries Demolition    720p ][ 7 3.381696 Swordfish    720p ][ 8 4.374168 James Bond 22 - Quantum of Solace [2008] [720p] ][ 10 6.290637 Aladdin [1992] [720p] ][ 11 1.113747 007 The Man With the Golden Gun [1974] [BluRay] [720p] [DTS] ][ 13 1.750723 Taken 1080p ][ 17 1.008711 Banlieue 13 - Ultimatum [720p] ][ 19 6.523044 Battle for Terra [2007] [1080p] ][ 22 4.272161 Push    1080p ][ 28 0.897415 Alien At The Attic 720P ][ 33 8.815074 Blade 2   720p ][ 34 6.740319 Rocky 4 [1985] [BluRay] [720p] [AC3] ][ 38 8.071814 Indiana.Jones.and.the.Kingdom.of.the.Crystal.Skull    1080p ][ 39 7.576799 Monster Inc [2001] [720p] ][ 42 7.314683 Dr Dolite 3    720p ][ 45 5.217972 Cars [2006] [720p] ][ 46 0.027487 I Am Legend    720p ][ 53 1.351783 Blade 2   720p ]
